============================================================
Step1. Federated Learning Settings 
 We use dataset: cifar10 for our Federated Unlearning experiment.

We are going to forget  1 client
============================================================
Step2. Client data loaded, testing data loaded!!!
       Initial Model loaded!!!
Files already downloaded and verified
Files already downloaded and verified
User 0 has 2 batches in train_loader.
User 1 has 2 batches in train_loader.
User 2 has 2 batches in train_loader.
User 3 has 2 batches in train_loader.
User 4 has 2 batches in train_loader.
User 5 has 2 batches in train_loader.
User 6 has 2 batches in train_loader.
User 7 has 2 batches in train_loader.
User 8 has 2 batches in train_loader.
User 9 has 2 batches in train_loader.
User_test_loader 10 <class 'dict'> <class 'torch.utils.data.dataloader.DataLoader'>
opt in [0, 1, 2, 3, 4, 5, 6, 7, 8, 9]
client_loaders len 10
============================================================
Step3. Fedearated Learning and Unlearning Training...
len of selected client loader, 10
Round   0
FedAvg client 0
0.0
0.0
0.0
FedAvg client 1
0.0
0.0
0.0
FedAvg client 2
0.0
0.0
0.0
FedAvg client 3
41.5
46.5
48.0
FedAvg client 4
0.0
0.0
0.0
FedAvg client 5
0.0
0.0
0.0
FedAvg client 6
20.5
22.0
27.5
FedAvg client 7
0.0
0.0
0.0
FedAvg client 8
0.0
0.0
0.0
FedAvg client 9
0.0
0.0
0.0
saving
fedAvg_train_loss, fedAvg_val_loss, fedAvg_val_acc 2.3226034879684447 2.3298901069164275 tensor(5.)
Round   1
FedAvg client 0
0.0
0.0
0.0
FedAvg client 1
0.0
0.0
0.0
FedAvg client 2
0.0
0.0
0.0
FedAvg client 3
46.5
48.5
50.0
FedAvg client 4
0.0
0.0
0.0
FedAvg client 5
0.0
0.0
0.0
FedAvg client 6
7.5
11.0
16.0
FedAvg client 7
0.0
0.0
0.0
FedAvg client 8
0.0
0.0
0.0
FedAvg client 9
0.0
0.0
0.0
fedAvg_train_loss, fedAvg_val_loss, fedAvg_val_acc 2.316651165485382 2.3298901069164275 tensor(5.)
Round   2
FedAvg client 0
0.0
0.0
0.0
FedAvg client 1
0.0
0.0
0.0
FedAvg client 2
0.0
0.0
0.0
FedAvg client 3
49.0
50.0
50.0
FedAvg client 4
0.0
0.0
0.0
FedAvg client 5
0.0
0.0
0.0
FedAvg client 6
2.0
2.5
5.0
FedAvg client 7
0.0
0.0
0.0
FedAvg client 8
0.0
0.0
0.0
FedAvg client 9
0.0
0.0
0.0
fedAvg_train_loss, fedAvg_val_loss, fedAvg_val_acc 2.3120771527290342 2.3298901069164275 tensor(5.)
Round   3
FedAvg client 0
0.0
0.0
0.0
FedAvg client 1
0.0
0.0
0.0
FedAvg client 2
0.0
0.0
0.0
FedAvg client 3
50.0
50.0
50.0
FedAvg client 4
0.0
0.0
0.0
FedAvg client 5
0.0
0.0
0.0
FedAvg client 6
0.0
0.0
1.0
FedAvg client 7
0.0
0.0
0.0
FedAvg client 8
0.0
0.0
0.0
FedAvg client 9
0.0
0.0
0.0
fedAvg_train_loss, fedAvg_val_loss, fedAvg_val_acc 2.3056702494621275 2.3298901069164275 tensor(5.)
Round   4
FedAvg client 0
0.0
0.0
0.0
FedAvg client 1
0.0
0.0
0.0
FedAvg client 2
0.0
0.0
0.0
FedAvg client 3
50.0
50.0
50.0
FedAvg client 4
0.0
0.0
0.0
FedAvg client 5
0.0
0.0
0.0
FedAvg client 6
0.0
0.0
0.0
FedAvg client 7
0.0
0.0
0.0
FedAvg client 8
0.0
0.0
0.0
FedAvg client 9
0.0
0.0
0.0
saving
fedAvg_train_loss, fedAvg_val_loss, fedAvg_val_acc 2.3009090065956115 2.3071178765296936 tensor(5.)
Round   5
FedAvg client 0
0.0
0.0
0.0
FedAvg client 1
0.0
0.0
0.0
FedAvg client 2
0.0
0.0
0.0
FedAvg client 3
50.0
50.0
50.0
FedAvg client 4
0.0
0.0
0.0
FedAvg client 5
0.0
0.0
0.0
FedAvg client 6
0.0
0.0
0.0
FedAvg client 7
0.0
0.0
0.0
FedAvg client 8
0.0
0.0
0.0
FedAvg client 9
0.0
0.0
0.0
fedAvg_train_loss, fedAvg_val_loss, fedAvg_val_acc 2.2949543952941895 2.3071178765296936 tensor(5.)
Round   6
FedAvg client 0
0.0
0.0
0.0
FedAvg client 1
0.0
0.0
0.0
FedAvg client 2
0.0
0.0
0.0
FedAvg client 3
50.0
50.0
50.0
FedAvg client 4
0.0
0.0
0.0
FedAvg client 5
0.0
0.0
0.0
FedAvg client 6
0.0
0.0
0.0
FedAvg client 7
0.0
0.0
0.0
FedAvg client 8
0.0
0.0
0.0
FedAvg client 9
0.0
0.0
0.0
fedAvg_train_loss, fedAvg_val_loss, fedAvg_val_acc 2.288616991043091 2.3071178765296936 tensor(5.)
Round   7
FedAvg client 0
0.0
0.0
0.5
FedAvg client 1
0.0
0.0
0.0
FedAvg client 2
0.0
0.0
0.0
FedAvg client 3
50.0
50.0
50.0
FedAvg client 4
0.0
0.0
0.0
FedAvg client 5
0.0
0.0
0.0
FedAvg client 6
0.0
0.0
0.0
FedAvg client 7
0.0
0.0
0.0
FedAvg client 8
0.0
0.0
0.5
FedAvg client 9
0.0
0.0
0.0
fedAvg_train_loss, fedAvg_val_loss, fedAvg_val_acc 2.281388485431671 2.3071178765296936 tensor(5.)
Round   8
FedAvg client 0
0.5
2.5
4.5
FedAvg client 1
0.0
0.0
0.5
FedAvg client 2
0.0
0.0
0.5
FedAvg client 3
50.0
50.0
50.0
FedAvg client 4
0.5
0.5
2.5
FedAvg client 5
0.0
0.0
2.0
FedAvg client 6
0.0
0.5
1.5
FedAvg client 7
0.0
0.5
0.5
FedAvg client 8
1.0
2.0
3.5
FedAvg client 9
0.0
0.0
0.5
saving
fedAvg_train_loss, fedAvg_val_loss, fedAvg_val_acc 2.274715709686279 2.2800586229562763 tensor(5.)
Round   9
FedAvg client 0
5.0
8.5
23.5
FedAvg client 1
1.0
2.5
4.0
FedAvg client 2
2.0
4.5
7.0
FedAvg client 3
53.0
54.5
55.5
FedAvg client 4
3.0
5.5
8.0
FedAvg client 5
4.0
6.0
7.5
FedAvg client 6
3.0
4.0
5.5
FedAvg client 7
2.0
4.5
6.0
FedAvg client 8
4.0
5.0
8.0
FedAvg client 9
2.5
4.5
9.5
fedAvg_train_loss, fedAvg_val_loss, fedAvg_val_acc 2.2645615100860597 2.2800586229562763 tensor(5.)
Round  10
FedAvg client 0
24.5
34.5
49.5
FedAvg client 1
7.0
11.0
15.5
FedAvg client 2
10.5
14.0
18.0
FedAvg client 3
54.5
59.0
61.0
FedAvg client 4
12.5
17.0
19.0
FedAvg client 5
10.0
14.0
18.5
FedAvg client 6
10.0
13.5
18.0
FedAvg client 7
9.5
15.0
20.0
FedAvg client 8
11.5
15.5
18.5
FedAvg client 9
11.5
16.5
18.0
fedAvg_train_loss, fedAvg_val_loss, fedAvg_val_acc 2.2560355424880982 2.2800586229562763 tensor(5.)
Round  11
FedAvg client 0
54.0
65.5
76.5
FedAvg client 1
22.5
27.0
31.0
FedAvg client 2
22.5
30.0
34.5
FedAvg client 3
61.0
62.5
60.5
FedAvg client 4
23.0
28.5
35.0
FedAvg client 5
23.0
28.5
33.0
FedAvg client 6
26.5
30.5
32.0
FedAvg client 7
23.5
28.5
35.0
FedAvg client 8
23.5
30.0
35.0
FedAvg client 9
23.5
28.0
33.0
fedAvg_train_loss, fedAvg_val_loss, fedAvg_val_acc 2.244129812717438 2.2800586229562763 tensor(5.)
Round  12
FedAvg client 0
79.5
87.5
92.5
FedAvg client 1
37.0
40.5
41.5
FedAvg client 2
37.0
40.5
44.0
FedAvg client 3
60.5
61.0
61.0
FedAvg client 4
38.0
42.0
44.0
FedAvg client 5
35.5
39.0
43.5
FedAvg client 6
36.5
41.0
44.5
FedAvg client 7
41.0
43.0
44.0
FedAvg client 8
38.5
42.5
45.0
FedAvg client 9
37.0
40.5
43.0
saving
fedAvg_train_loss, fedAvg_val_loss, fedAvg_val_acc 2.229826557636261 2.2410903300046923 tensor(40.)
Round  13
FedAvg client 0
93.5
95.5
96.5
FedAvg client 1
46.0
47.5
49.5
FedAvg client 2
46.5
48.0
48.5
FedAvg client 3
55.5
54.5
53.5
FedAvg client 4
46.0
48.0
49.5
FedAvg client 5
46.0
47.0
48.5
FedAvg client 6
49.0
49.5
50.0
FedAvg client 7
46.0
46.5
46.5
FedAvg client 8
47.0
48.0
48.0
FedAvg client 9
44.5
46.0
47.5
fedAvg_train_loss, fedAvg_val_loss, fedAvg_val_acc 2.2201772928237915 2.2410903300046923 tensor(40.)
Round  14
FedAvg client 0
97.5
98.0
98.5
FedAvg client 1
50.0
50.0
50.0
FedAvg client 2
48.5
49.0
49.5
FedAvg client 3
51.5
51.0
51.0
FedAvg client 4
49.5
50.0
50.0
FedAvg client 5
48.5
48.5
49.5
FedAvg client 6
50.0
50.0
50.0
FedAvg client 7
48.0
49.5
50.0
FedAvg client 8
48.5
50.0
50.0
FedAvg client 9
48.0
48.5
49.0
fedAvg_train_loss, fedAvg_val_loss, fedAvg_val_acc 2.200244736671448 2.2410903300046923 tensor(40.)
Round  15
FedAvg client 0
99.0
99.5
99.5
FedAvg client 1
50.0
50.0
50.0
FedAvg client 2
49.5
49.5
50.0
FedAvg client 3
50.0
50.5
51.0
FedAvg client 4
50.0
50.0
50.0
FedAvg client 5
49.5
49.5
49.5
FedAvg client 6
50.0
50.0
50.0
FedAvg client 7
50.0
50.0
50.0
FedAvg client 8
50.0
50.0
50.0
FedAvg client 9
50.0
50.0
50.0
fedAvg_train_loss, fedAvg_val_loss, fedAvg_val_acc 2.184726357460022 2.2410903300046923 tensor(40.)
Round  16
FedAvg client 0
100.0
100.0
100.0
FedAvg client 1
50.0
50.0
50.0
FedAvg client 2
50.0
50.0
50.0
FedAvg client 3
50.5
50.0
50.0
FedAvg client 4
50.0
50.0
50.0
FedAvg client 5
49.5
50.0
50.0
FedAvg client 6
50.0
50.0
50.0
FedAvg client 7
50.0
50.0
50.0
FedAvg client 8
50.0
50.0
50.0
FedAvg client 9
50.0
50.0
50.0
saving
fedAvg_train_loss, fedAvg_val_loss, fedAvg_val_acc 2.1650816440582275 2.179944673836231 tensor(54.9500)
Round  17
FedAvg client 0
100.0
100.0
100.0
FedAvg client 1
50.0
50.0
50.0
FedAvg client 2
50.0
50.0
50.0
FedAvg client 3
50.0
50.0
50.0
FedAvg client 4
50.0
50.0
50.0
FedAvg client 5
50.0
50.0
50.0
FedAvg client 6
50.0
50.0
50.0
FedAvg client 7
50.0
50.0
50.0
FedAvg client 8
50.0
50.0
50.0
FedAvg client 9
50.0
50.0
50.0
fedAvg_train_loss, fedAvg_val_loss, fedAvg_val_acc 2.1502097487449645 2.179944673836231 tensor(54.9500)
Round  18
FedAvg client 0
100.0
100.0
100.0
FedAvg client 1
50.0
50.0
50.0
FedAvg client 2
50.0
50.0
50.0
FedAvg client 3
50.0
50.0
50.0
FedAvg client 4
50.0
50.0
50.0
FedAvg client 5
50.0
50.0
50.0
FedAvg client 6
50.0
50.0
50.0
FedAvg client 7
50.0
50.0
50.0
FedAvg client 8
50.0
50.0
50.0
FedAvg client 9
50.0
50.0
50.0
fedAvg_train_loss, fedAvg_val_loss, fedAvg_val_acc 2.1210191667079927 2.179944673836231 tensor(54.9500)
Round  19
FedAvg client 0
100.0
100.0
100.0
FedAvg client 1
50.0
50.0
50.0
FedAvg client 2
50.0
50.0
50.0
FedAvg client 3
50.0
50.0
50.0
FedAvg client 4
50.0
50.0
50.0
FedAvg client 5
50.0
50.0
50.0
FedAvg client 6
50.0
50.0
50.0
FedAvg client 7
50.0
50.0
50.0
FedAvg client 8
50.0
50.0
50.0
FedAvg client 9
50.0
50.0
50.0
fedAvg_train_loss, fedAvg_val_loss, fedAvg_val_acc 2.0952799141407015 2.179944673836231 tensor(54.9500)
Round  20
FedAvg client 0
100.0
100.0
100.0
FedAvg client 1
50.0
50.0
50.0
FedAvg client 2
50.0
50.0
50.0
FedAvg client 3
50.0
50.0
50.0
FedAvg client 4
50.0
50.0
50.0
FedAvg client 5
50.0
50.0
50.0
FedAvg client 6
50.0
50.0
50.0
FedAvg client 7
50.0
50.0
50.0
FedAvg client 8
50.0
50.0
50.0
FedAvg client 9
50.0
50.0
50.0
saving
fedAvg_train_loss, fedAvg_val_loss, fedAvg_val_acc 2.071528273820877 2.0902550086975094 tensor(55.)
Round  21
FedAvg client 0
100.0
100.0
100.0
FedAvg client 1
50.0
50.0
50.0
FedAvg client 2
50.0
50.0
50.0
FedAvg client 3
50.0
50.0
50.0
FedAvg client 4
50.0
50.0
50.0
FedAvg client 5
50.0
50.0
50.0
FedAvg client 6
50.0
50.0
50.0
FedAvg client 7
50.0
50.0
50.0
FedAvg client 8
50.0
50.0
50.0
FedAvg client 9
50.0
50.0
50.0
fedAvg_train_loss, fedAvg_val_loss, fedAvg_val_acc 2.0383033752441406 2.0902550086975094 tensor(55.)
Round  22
FedAvg client 0
100.0
100.0
100.0
FedAvg client 1
50.0
50.0
50.0
FedAvg client 2
50.0
50.0
50.0
FedAvg client 3
50.0
50.0
50.0
FedAvg client 4
50.0
50.0
50.0
FedAvg client 5
50.0
50.0
50.0
FedAvg client 6
50.0
50.0
50.0
FedAvg client 7
50.0
50.0
50.0
FedAvg client 8
50.0
50.0
50.0
FedAvg client 9
50.0
50.0
50.0
fedAvg_train_loss, fedAvg_val_loss, fedAvg_val_acc 2.011520004272461 2.0902550086975094 tensor(55.)
Round  23
FedAvg client 0
100.0
100.0
100.0
FedAvg client 1
50.0
50.0
50.0
FedAvg client 2
50.0
50.0
50.0
FedAvg client 3
50.0
50.0
50.0
FedAvg client 4
50.0
50.0
50.0
FedAvg client 5
50.0
50.0
50.0
FedAvg client 6
50.0
50.0
50.0
FedAvg client 7
50.0
50.0
50.0
FedAvg client 8
50.0
50.0
50.0
FedAvg client 9
50.0
50.0
50.0
fedAvg_train_loss, fedAvg_val_loss, fedAvg_val_acc 1.9759275019168854 2.0902550086975094 tensor(55.)
Round  24
FedAvg client 0
100.0
100.0
100.0
FedAvg client 1
50.0
50.0
50.0
FedAvg client 2
50.0
50.0
50.0
FedAvg client 3
50.0
50.0
50.0
FedAvg client 4
50.0
50.0
50.0
FedAvg client 5
50.0
50.0
50.0
FedAvg client 6
50.0
50.0
50.0
FedAvg client 7
50.0
50.0
50.0
FedAvg client 8
50.0
50.0
50.0
FedAvg client 9
50.0
50.0
50.0
saving
fedAvg_train_loss, fedAvg_val_loss, fedAvg_val_acc 1.9428174316883087 1.9689710229635238 tensor(55.)
Round  25
FedAvg client 0
100.0
100.0
100.0
FedAvg client 1
50.0
50.0
50.0
FedAvg client 2
50.0
50.0
50.0
FedAvg client 3
50.0
50.0
50.0
FedAvg client 4
50.0
50.0
50.0
FedAvg client 5
50.0
50.0
50.0
FedAvg client 6
50.0
50.0
50.0
FedAvg client 7
50.0
50.0
50.0
FedAvg client 8
50.0
50.0
50.0
FedAvg client 9
50.0
50.0
50.0
fedAvg_train_loss, fedAvg_val_loss, fedAvg_val_acc 1.9187853813171387 1.9689710229635238 tensor(55.)
Round  26
FedAvg client 0
100.0
100.0
100.0
FedAvg client 1
50.0
50.0
50.0
FedAvg client 2
50.0
50.0
50.0
FedAvg client 3
50.0
50.0
50.0
FedAvg client 4
50.0
50.0
50.0
FedAvg client 5
50.0
50.0
50.0
FedAvg client 6
50.0
50.0
50.0
FedAvg client 7
50.0
50.0
50.0
FedAvg client 8
50.0
50.0
50.0
FedAvg client 9
50.0
50.0
50.0
fedAvg_train_loss, fedAvg_val_loss, fedAvg_val_acc 1.8674176514148713 1.9689710229635238 tensor(55.)
Round  27
FedAvg client 0
100.0
100.0
100.0
FedAvg client 1
50.0
50.0
50.0
FedAvg client 2
50.0
50.0
50.0
FedAvg client 3
50.0
50.0
50.0
FedAvg client 4
50.0
50.0
50.0
FedAvg client 5
50.0
50.0
50.0
FedAvg client 6
50.0
50.0
50.0
FedAvg client 7
50.0
50.0
50.0
FedAvg client 8
50.0
50.0
50.0
FedAvg client 9
50.0
50.0
50.0
fedAvg_train_loss, fedAvg_val_loss, fedAvg_val_acc 1.8400217652320863 1.9689710229635238 tensor(55.)
Round  28
FedAvg client 0
100.0
100.0
100.0
FedAvg client 1
50.0
50.0
50.0
FedAvg client 2
50.0
50.0
50.0
FedAvg client 3
50.0
50.0
50.0
FedAvg client 4
50.0
50.0
50.0
FedAvg client 5
50.0
50.0
50.0
FedAvg client 6
50.0
50.0
50.0
FedAvg client 7
50.0
50.0
50.0
FedAvg client 8
50.0
50.0
50.0
FedAvg client 9
50.0
50.0
50.0
saving
fedAvg_train_loss, fedAvg_val_loss, fedAvg_val_acc 1.799403727054596 1.8281568664312364 tensor(55.)
Round  29
FedAvg client 0
100.0
100.0
100.0
FedAvg client 1
50.0
50.0
50.0
FedAvg client 2
50.0
50.0
50.0
FedAvg client 3
50.0
50.0
50.0
FedAvg client 4
50.0
50.0
50.0
FedAvg client 5
50.0
50.0
50.0
FedAvg client 6
50.0
50.0
50.0
FedAvg client 7
50.0
50.0
50.0
FedAvg client 8
50.0
50.0
50.0
FedAvg client 9
50.0
50.0
50.0
fedAvg_train_loss, fedAvg_val_loss, fedAvg_val_acc 1.7581989765167236 1.8281568664312364 tensor(55.)
Round  30
FedAvg client 0
100.0
100.0
100.0
FedAvg client 1
50.0
50.0
50.0
FedAvg client 2
50.0
50.0
50.0
FedAvg client 3
50.0
50.0
50.0
FedAvg client 4
50.0
50.0
50.0
FedAvg client 5
50.0
50.0
50.0
FedAvg client 6
50.0
50.0
50.0
FedAvg client 7
50.0
50.0
50.0
FedAvg client 8
50.0
50.0
50.0
FedAvg client 9
50.0
50.0
50.0
fedAvg_train_loss, fedAvg_val_loss, fedAvg_val_acc 1.7369190812110902 1.8281568664312364 tensor(55.)
Round  31
FedAvg client 0
100.0
100.0
100.0
FedAvg client 1
50.0
50.0
50.0
FedAvg client 2
50.0
50.0
50.0
FedAvg client 3
50.0
50.0
50.0
FedAvg client 4
50.0
50.0
50.0
FedAvg client 5
50.0
50.0
50.0
FedAvg client 6
50.0
50.0
50.0
FedAvg client 7
50.0
50.0
50.0
FedAvg client 8
50.0
50.0
50.0
FedAvg client 9
50.0
50.0
50.0
fedAvg_train_loss, fedAvg_val_loss, fedAvg_val_acc 1.707025980949402 1.8281568664312364 tensor(55.)
Round  32
FedAvg client 0
100.0
100.0
100.0
FedAvg client 1
50.0
50.0
50.0
FedAvg client 2
50.0
50.0
50.0
FedAvg client 3
50.0
50.0
50.0
FedAvg client 4
50.0
50.0
50.0
FedAvg client 5
50.0
50.0
50.0
FedAvg client 6
50.0
50.0
50.0
FedAvg client 7
50.0
50.0
50.0
FedAvg client 8
50.0
50.0
50.0
FedAvg client 9
50.0
50.0
50.0
saving
fedAvg_train_loss, fedAvg_val_loss, fedAvg_val_acc 1.6881077975034713 1.7077944159880283 tensor(55.)
Round  33
FedAvg client 0
100.0
100.0
100.0
FedAvg client 1
50.0
50.0
50.0
FedAvg client 2
50.0
50.0
50.0
FedAvg client 3
50.0
50.0
50.0
FedAvg client 4
50.0
50.0
50.0
FedAvg client 5
50.0
50.0
50.0
FedAvg client 6
50.0
50.0
50.0
FedAvg client 7
50.0
50.0
50.0
FedAvg client 8
50.0
50.0
50.0
FedAvg client 9
50.0
50.0
50.0
fedAvg_train_loss, fedAvg_val_loss, fedAvg_val_acc 1.6675818622112275 1.7077944159880283 tensor(55.)
Round  34
FedAvg client 0
100.0
100.0
100.0
FedAvg client 1
50.0
50.0
50.0
FedAvg client 2
50.0
50.0
50.0
FedAvg client 3
50.0
50.0
50.0
FedAvg client 4
50.0
50.0
50.0
FedAvg client 5
50.0
50.0
50.0
FedAvg client 6
50.0
50.0
50.0
FedAvg client 7
50.0
50.0
50.0
FedAvg client 8
50.0
50.0
50.0
FedAvg client 9
50.0
50.0
50.0
fedAvg_train_loss, fedAvg_val_loss, fedAvg_val_acc 1.6542104214429856 1.7077944159880283 tensor(55.)
Round  35
FedAvg client 0
100.0
100.0
100.0
FedAvg client 1
50.0
50.0
50.0
FedAvg client 2
50.0
50.0
50.0
FedAvg client 3
50.0
50.0
50.0
FedAvg client 4
50.0
50.0
50.0
FedAvg client 5
50.0
50.0
50.0
FedAvg client 6
50.0
50.0
50.0
FedAvg client 7
50.0
50.0
50.0
FedAvg client 8
50.0
50.0
50.0
FedAvg client 9
50.0
50.0
50.0
fedAvg_train_loss, fedAvg_val_loss, fedAvg_val_acc 1.6396901518106461 1.7077944159880283 tensor(55.)
Round  36
FedAvg client 0
100.0
100.0
100.0
FedAvg client 1
50.0
50.0
50.0
FedAvg client 2
50.0
50.0
50.0
FedAvg client 3
50.0
50.0
50.0
FedAvg client 4
50.0
50.0
50.0
FedAvg client 5
50.0
50.0
50.0
FedAvg client 6
50.0
50.0
50.0
FedAvg client 7
50.0
50.0
50.0
FedAvg client 8
50.0
50.0
50.0
FedAvg client 9
50.0
50.0
50.0
saving
fedAvg_train_loss, fedAvg_val_loss, fedAvg_val_acc 1.6356201261281966 1.6526010453291236 tensor(55.)
Round  37
FedAvg client 0
100.0
100.0
100.0
FedAvg client 1
50.0
50.0
50.0
FedAvg client 2
50.0
50.0
50.0
FedAvg client 3
50.0
50.0
50.0
FedAvg client 4
50.0
50.0
50.0
FedAvg client 5
50.0
50.0
50.0
FedAvg client 6
50.0
50.0
50.0
FedAvg client 7
50.0
50.0
50.0
FedAvg client 8
50.0
50.0
50.0
FedAvg client 9
50.0
50.0
50.0
fedAvg_train_loss, fedAvg_val_loss, fedAvg_val_acc 1.6386562675237655 1.6526010453291236 tensor(55.)
Round  38
FedAvg client 0
100.0
100.0
100.0
FedAvg client 1
50.0
50.0
50.0
FedAvg client 2
50.0
50.0
50.0
FedAvg client 3
50.0
50.0
50.0
FedAvg client 4
50.0
50.0
50.0
FedAvg client 5
50.0
50.0
50.0
FedAvg client 6
50.0
50.0
50.0
FedAvg client 7
50.0
50.0
50.0
FedAvg client 8
50.0
50.0
50.0
FedAvg client 9
50.0
50.0
50.0
fedAvg_train_loss, fedAvg_val_loss, fedAvg_val_acc 1.6474694788455964 1.6526010453291236 tensor(55.)
Round  39
FedAvg client 0
100.0
100.0
100.0
FedAvg client 1
50.0
50.0
50.0
FedAvg client 2
50.0
50.0
50.0
FedAvg client 3
50.0
50.0
50.0
FedAvg client 4
50.0
50.0
50.0
FedAvg client 5
50.0
50.0
50.0
FedAvg client 6
50.0
50.0
50.0
FedAvg client 7
50.0
50.0
50.0
FedAvg client 8
50.0
50.0
50.0
FedAvg client 9
50.0
50.0
50.0
fedAvg_train_loss, fedAvg_val_loss, fedAvg_val_acc 1.6468445837497712 1.6526010453291236 tensor(55.)
Round  40
FedAvg client 0
100.0
100.0
100.0
FedAvg client 1
50.0
50.0
50.0
FedAvg client 2
50.0
50.0
50.0
FedAvg client 3
50.0
50.0
50.0
FedAvg client 4
50.0
50.0
50.0
FedAvg client 5
50.0
50.0
50.0
FedAvg client 6
50.0
50.0
50.0
FedAvg client 7
50.0
50.0
50.0
FedAvg client 8
50.0
50.0
50.0
FedAvg client 9
50.0
50.0
50.0
saving
fedAvg_train_loss, fedAvg_val_loss, fedAvg_val_acc 1.6392684578895569 1.6359954736400393 tensor(55.)
Round  41
FedAvg client 0
100.0
100.0
100.0
FedAvg client 1
50.0
50.0
50.0
FedAvg client 2
50.0
50.0
50.0
FedAvg client 3
50.0
50.0
50.0
FedAvg client 4
50.0
50.0
50.0
FedAvg client 5
50.0
50.0
50.0
FedAvg client 6
50.0
50.0
50.0
FedAvg client 7
50.0
50.0
50.0
FedAvg client 8
50.0
50.0
50.0
FedAvg client 9
50.0
50.0
50.0
fedAvg_train_loss, fedAvg_val_loss, fedAvg_val_acc 1.6174065113067626 1.6359954736400393 tensor(55.)
Round  42
FedAvg client 0
100.0
100.0
100.0
FedAvg client 1
50.0
50.0
50.0
FedAvg client 2
50.0
50.0
50.0
FedAvg client 3
50.0
50.0
50.0
FedAvg client 4
50.0
50.0
50.0
FedAvg client 5
50.0
50.0
50.0
FedAvg client 6
50.0
50.0
50.0
FedAvg client 7
50.0
50.0
50.0
FedAvg client 8
50.0
50.0
50.0
FedAvg client 9
50.0
50.0
50.0
fedAvg_train_loss, fedAvg_val_loss, fedAvg_val_acc 1.6137895971536635 1.6359954736400393 tensor(55.)
Round  43
FedAvg client 0
100.0
100.0
100.0
FedAvg client 1
50.0
50.0
50.0
FedAvg client 2
50.0
50.0
50.0
FedAvg client 3
50.0
50.0
50.0
FedAvg client 4
50.0
50.0
50.0
FedAvg client 5
50.0
50.0
50.0
FedAvg client 6
50.0
50.0
50.0
FedAvg client 7
50.0
50.0
50.0
FedAvg client 8
50.0
50.0
50.0
FedAvg client 9
50.0
50.0
50.0
fedAvg_train_loss, fedAvg_val_loss, fedAvg_val_acc 1.6182173132896422 1.6359954736400393 tensor(55.)
Round  44
FedAvg client 0
100.0
100.0
100.0
FedAvg client 1
50.0
50.0
50.0
FedAvg client 2
50.0
50.0
50.0
FedAvg client 3
50.0
50.0
50.0
FedAvg client 4
50.0
50.0
50.0
FedAvg client 5
50.0
50.0
50.0
FedAvg client 6
50.0
50.0
50.0
FedAvg client 7
50.0
50.0
50.0
FedAvg client 8
50.0
50.0
50.0
FedAvg client 9
50.0
50.0
50.0
saving
fedAvg_train_loss, fedAvg_val_loss, fedAvg_val_acc 1.6159971684217453 1.6278195211719724 tensor(55.)
Round  45
FedAvg client 0
100.0
100.0
100.0
FedAvg client 1
50.0
50.0
50.0
FedAvg client 2
50.0
50.0
50.0
FedAvg client 3
50.0
50.0
50.0
FedAvg client 4
50.0
50.0
50.0
FedAvg client 5
50.0
50.0
50.0
FedAvg client 6
50.0
50.0
50.0
FedAvg client 7
50.0
50.0
50.0
FedAvg client 8
50.0
50.0
50.0
FedAvg client 9
50.0
50.0
50.0
fedAvg_train_loss, fedAvg_val_loss, fedAvg_val_acc 1.6201060861349106 1.6278195211719724 tensor(55.)
Round  46
FedAvg client 0
100.0
100.0
100.0
FedAvg client 1
50.0
50.0
50.0
FedAvg client 2
50.0
50.0
50.0
FedAvg client 3
50.0
50.0
50.0
FedAvg client 4
50.0
50.0
50.0
FedAvg client 5
50.0
50.0
50.0
FedAvg client 6
50.0
50.0
50.0
FedAvg client 7
50.0
50.0
50.0
FedAvg client 8
50.0
50.0
50.0
FedAvg client 9
50.0
50.0
50.0
fedAvg_train_loss, fedAvg_val_loss, fedAvg_val_acc 1.619264504313469 1.6278195211719724 tensor(55.)
Round  47
FedAvg client 0
100.0
100.0
100.0
FedAvg client 1
50.0
50.0
50.0
FedAvg client 2
50.0
50.0
50.0
FedAvg client 3
50.0
50.0
50.0
FedAvg client 4
50.0
50.0
50.0
FedAvg client 5
50.0
50.0
50.0
FedAvg client 6
50.0
50.0
50.0
FedAvg client 7
50.0
50.0
50.0
FedAvg client 8
50.0
50.0
50.0
FedAvg client 9
50.0
50.0
50.0
fedAvg_train_loss, fedAvg_val_loss, fedAvg_val_acc 1.6095318019390106 1.6278195211719724 tensor(55.)
Round  48
FedAvg client 0
100.0
100.0
100.0
FedAvg client 1
50.0
50.0
50.0
FedAvg client 2
50.0
50.0
50.0
FedAvg client 3
50.0
50.0
50.0
FedAvg client 4
50.0
50.0
50.0
FedAvg client 5
50.0
50.0
50.0
FedAvg client 6
50.0
50.0
50.0
FedAvg client 7
50.0
50.0
50.0
FedAvg client 8
50.0
50.0
50.0
FedAvg client 9
50.0
50.0
50.0
saving
fedAvg_train_loss, fedAvg_val_loss, fedAvg_val_acc 1.608599066734314 1.6218164477478711 tensor(55.)
Round  49
FedAvg client 0
100.0
100.0
100.0
FedAvg client 1
50.0
50.0
50.0
FedAvg client 2
50.0
50.0
50.0
FedAvg client 3
50.0
50.0
50.0
FedAvg client 4
50.0
50.0
50.0
FedAvg client 5
50.0
50.0
50.0
FedAvg client 6
50.0
50.0
50.0
FedAvg client 7
50.0
50.0
50.0
FedAvg client 8
50.0
50.0
50.0
FedAvg client 9
50.0
50.0
50.0
fedAvg_train_loss, fedAvg_val_loss, fedAvg_val_acc 1.6180661976337434 1.6218164477478711 tensor(55.)
Round  50
FedAvg client 0
100.0
100.0
100.0
FedAvg client 1
50.0
50.0
50.0
FedAvg client 2
50.0
50.0
50.0
FedAvg client 3
50.0
50.0
50.0
FedAvg client 4
50.0
50.0
50.0
FedAvg client 5
50.0
50.0
50.0
FedAvg client 6
50.0
50.0
50.0
FedAvg client 7
50.0
50.0
50.0
FedAvg client 8
50.0
50.0
50.0
FedAvg client 9
50.0
50.0
50.0
fedAvg_train_loss, fedAvg_val_loss, fedAvg_val_acc 1.5901965647935867 1.6218164477478711 tensor(55.)
Round  51
FedAvg client 0
100.0
100.0
100.0
FedAvg client 1
50.0
50.0
50.0
FedAvg client 2
50.0
50.0
50.0
FedAvg client 3
50.0
50.0
50.0
FedAvg client 4
50.0
50.0
50.0
FedAvg client 5
50.0
50.0
50.0
FedAvg client 6
50.0
50.0
50.0
FedAvg client 7
50.0
50.0
50.0
FedAvg client 8
50.0
50.0
50.0
FedAvg client 9
50.0
50.0
50.0
fedAvg_train_loss, fedAvg_val_loss, fedAvg_val_acc 1.6153106391429901 1.6218164477478711 tensor(55.)
Round  52
FedAvg client 0
100.0
100.0
100.0
FedAvg client 1
50.0
50.0
50.0
FedAvg client 2
50.0
50.0
50.0
FedAvg client 3
50.0
50.0
50.0
FedAvg client 4
50.0
50.0
50.0
FedAvg client 5
50.0
50.0
50.0
FedAvg client 6
50.0
50.0
50.0
FedAvg client 7
50.0
50.0
50.0
FedAvg client 8
50.0
50.0
50.0
FedAvg client 9
50.0
50.0
50.0
saving
fedAvg_train_loss, fedAvg_val_loss, fedAvg_val_acc 1.5970470547676086 1.6167342158220706 tensor(55.)
Round  53
FedAvg client 0
100.0
100.0
100.0
FedAvg client 1
50.0
50.0
50.0
FedAvg client 2
50.0
50.0
50.0
FedAvg client 3
50.0
50.0
50.0
FedAvg client 4
50.0
50.0
50.0
FedAvg client 5
50.0
50.0
50.0
FedAvg client 6
50.0
50.0
50.0
FedAvg client 7
50.0
50.0
50.0
FedAvg client 8
50.0
50.0
50.0
FedAvg client 9
50.0
50.0
50.0
fedAvg_train_loss, fedAvg_val_loss, fedAvg_val_acc 1.6140831798315047 1.6167342158220706 tensor(55.)
Round  54
FedAvg client 0
100.0
100.0
100.0
FedAvg client 1
50.0
50.0
50.0
FedAvg client 2
50.0
50.0
50.0
FedAvg client 3
50.0
50.0
50.0
FedAvg client 4
50.0
50.0
50.0
FedAvg client 5
50.0
50.0
50.0
FedAvg client 6
50.0
50.0
50.0
FedAvg client 7
50.0
50.0
50.0
FedAvg client 8
50.0
50.0
50.0
FedAvg client 9
50.0
50.0
50.0
fedAvg_train_loss, fedAvg_val_loss, fedAvg_val_acc 1.6044347405433654 1.6167342158220706 tensor(55.)
Round  55
FedAvg client 0
100.0
100.0
100.0
FedAvg client 1
50.0
50.0
50.0
FedAvg client 2
50.0
50.0
50.0
FedAvg client 3
50.0
50.0
50.0
FedAvg client 4
50.0
50.0
50.0
FedAvg client 5
50.0
50.0
50.0
FedAvg client 6
50.0
50.0
50.0
FedAvg client 7
50.0
50.0
50.0
FedAvg client 8
50.0
50.0
50.0
FedAvg client 9
50.0
50.0
50.0
fedAvg_train_loss, fedAvg_val_loss, fedAvg_val_acc 1.5955641955137252 1.6167342158220706 tensor(55.)
Round  56
FedAvg client 0
100.0
100.0
100.0
FedAvg client 1
50.0
50.0
50.0
FedAvg client 2
50.0
50.0
50.0
FedAvg client 3
50.0
50.0
50.0
FedAvg client 4
50.0
50.0
50.0
FedAvg client 5
50.0
50.0
50.0
FedAvg client 6
50.0
50.0
50.0
FedAvg client 7
50.0
50.0
50.0
FedAvg client 8
50.0
50.0
50.0
FedAvg client 9
50.0
50.0
50.0
saving
fedAvg_train_loss, fedAvg_val_loss, fedAvg_val_acc 1.6159343242645263 1.611577707134187 tensor(55.)
Round  57
FedAvg client 0
100.0
100.0
100.0
FedAvg client 1
50.0
50.0
50.0
FedAvg client 2
50.0
50.0
50.0
FedAvg client 3
50.0
50.0
50.0
FedAvg client 4
50.0
50.0
50.0
FedAvg client 5
50.0
50.0
50.0
FedAvg client 6
50.0
50.0
50.0
FedAvg client 7
50.0
50.0
50.0
FedAvg client 8
50.0
50.0
50.0
FedAvg client 9
50.0
50.0
50.0
fedAvg_train_loss, fedAvg_val_loss, fedAvg_val_acc 1.5922449842095374 1.611577707134187 tensor(55.)
Round  58
FedAvg client 0
100.0
100.0
100.0
FedAvg client 1
50.0
50.0
50.0
FedAvg client 2
50.0
50.0
50.0
FedAvg client 3
50.0
50.0
50.0
FedAvg client 4
50.0
50.0
50.0
FedAvg client 5
50.0
50.0
50.0
FedAvg client 6
50.0
50.0
50.0
FedAvg client 7
50.0
50.0
50.0
FedAvg client 8
50.0
50.0
50.0
FedAvg client 9
50.0
50.0
50.0
fedAvg_train_loss, fedAvg_val_loss, fedAvg_val_acc 1.6223693639039993 1.611577707134187 tensor(55.)
Round  59
FedAvg client 0
100.0
100.0
100.0
FedAvg client 1
50.0
50.0
50.0
FedAvg client 2
50.0
50.0
50.0
FedAvg client 3
50.0
50.0
50.0
FedAvg client 4
50.0
50.0
50.0
FedAvg client 5
50.0
50.0
50.0
FedAvg client 6
50.0
50.0
50.0
FedAvg client 7
50.0
50.0
50.0
FedAvg client 8
50.0
50.0
50.0
FedAvg client 9
50.0
50.0
50.0
fedAvg_train_loss, fedAvg_val_loss, fedAvg_val_acc 1.5756217136979103 1.611577707134187 tensor(55.)
Round  60
FedAvg client 0
100.0
100.0
100.0
FedAvg client 1
50.0
50.0
50.0
FedAvg client 2
50.0
50.0
50.0
FedAvg client 3
50.0
50.0
50.0
FedAvg client 4
50.0
50.0
50.0
FedAvg client 5
50.0
50.0
50.0
FedAvg client 6
50.0
50.0
50.0
FedAvg client 7
50.0
50.0
50.0
FedAvg client 8
50.0
50.0
50.0
FedAvg client 9
50.0
50.0
50.0
saving
fedAvg_train_loss, fedAvg_val_loss, fedAvg_val_acc 1.5947808504104615 1.6066893608812243 tensor(55.)
Round  61
FedAvg client 0
100.0
100.0
100.0
FedAvg client 1
50.0
50.0
50.0
FedAvg client 2
50.0
50.0
50.0
FedAvg client 3
50.0
50.0
50.0
FedAvg client 4
50.0
50.0
50.0
FedAvg client 5
50.0
50.0
50.0
FedAvg client 6
50.0
50.0
50.0
FedAvg client 7
50.0
50.0
50.0
FedAvg client 8
50.0
50.0
50.0
FedAvg client 9
50.0
50.0
50.0
fedAvg_train_loss, fedAvg_val_loss, fedAvg_val_acc 1.5919978320598602 1.6066893608812243 tensor(55.)
Round  62
FedAvg client 0
100.0
100.0
100.0
FedAvg client 1
50.0
50.0
50.0
FedAvg client 2
50.0
50.0
50.0
FedAvg client 3
50.0
50.0
50.0
FedAvg client 4
50.0
50.0
50.0
FedAvg client 5
50.0
50.0
50.0
FedAvg client 6
50.0
50.0
50.0
FedAvg client 7
50.0
50.0
50.0
FedAvg client 8
50.0
50.0
50.0
FedAvg client 9
50.0
50.0
50.0
fedAvg_train_loss, fedAvg_val_loss, fedAvg_val_acc 1.5866084694862366 1.6066893608812243 tensor(55.)
Round  63
FedAvg client 0
100.0
100.0
100.0
FedAvg client 1
50.0
50.0
50.0
FedAvg client 2
50.0
50.0
50.0
FedAvg client 3
50.0
50.0
50.0
FedAvg client 4
50.0
50.0
50.0
FedAvg client 5
50.0
50.0
50.0
FedAvg client 6
50.0
50.0
50.0
FedAvg client 7
50.0
50.0
50.0
FedAvg client 8
50.0
50.0
50.0
FedAvg client 9
50.0
50.0
50.0
fedAvg_train_loss, fedAvg_val_loss, fedAvg_val_acc 1.5751591920852661 1.6066893608812243 tensor(55.)
Round  64
FedAvg client 0
100.0
100.0
100.0
FedAvg client 1
50.0
50.0
50.0
FedAvg client 2
50.0
50.0
50.0
FedAvg client 3
50.0
50.0
50.0
FedAvg client 4
50.0
50.0
50.0
FedAvg client 5
50.0
50.0
50.0
FedAvg client 6
50.0
50.0
50.0
FedAvg client 7
50.0
50.0
50.0
FedAvg client 8
50.0
50.0
50.0
FedAvg client 9
50.0
50.0
50.0
saving
fedAvg_train_loss, fedAvg_val_loss, fedAvg_val_acc 1.5853607773780822 1.6019820686914028 tensor(55.)
Round  65
FedAvg client 0
100.0
100.0
100.0
FedAvg client 1
50.0
50.0
50.0
FedAvg client 2
50.0
50.0
50.0
FedAvg client 3
50.0
50.0
50.0
FedAvg client 4
50.0
50.0
50.0
FedAvg client 5
50.0
50.0
50.0
FedAvg client 6
50.0
50.0
50.0
FedAvg client 7
50.0
50.0
50.0
FedAvg client 8
50.0
50.0
50.0
FedAvg client 9
50.0
50.0
50.0
fedAvg_train_loss, fedAvg_val_loss, fedAvg_val_acc 1.5932213470339776 1.6019820686914028 tensor(55.)
Round  66
FedAvg client 0
100.0
100.0
100.0
FedAvg client 1
50.0
50.0
50.0
FedAvg client 2
50.0
50.0
50.0
FedAvg client 3
50.0
50.0
50.0
FedAvg client 4
50.0
50.0
50.0
FedAvg client 5
50.0
50.0
50.0
FedAvg client 6
50.0
50.0
50.0
FedAvg client 7
50.0
50.0
50.0
FedAvg client 8
50.0
50.0
50.0
FedAvg client 9
50.0
50.0
50.0
fedAvg_train_loss, fedAvg_val_loss, fedAvg_val_acc 1.5913418352603912 1.6019820686914028 tensor(55.)
Round  67
FedAvg client 0
100.0
100.0
100.0
FedAvg client 1
50.0
50.0
50.0
FedAvg client 2
50.0
50.0
50.0
FedAvg client 3
50.0
50.0
50.0
FedAvg client 4
50.0
50.0
50.0
FedAvg client 5
50.0
50.0
50.0
FedAvg client 6
50.0
50.0
50.0
FedAvg client 7
50.0
50.0
50.0
FedAvg client 8
50.0
50.0
50.0
FedAvg client 9
50.0
50.0
50.0
fedAvg_train_loss, fedAvg_val_loss, fedAvg_val_acc 1.582436740398407 1.6019820686914028 tensor(55.)
Round  68
FedAvg client 0
100.0
100.0
100.0
FedAvg client 1
50.0
50.0
50.0
FedAvg client 2
50.0
50.0
50.0
FedAvg client 3
50.0
50.0
50.0
FedAvg client 4
50.0
50.0
50.0
FedAvg client 5
50.0
50.0
50.0
FedAvg client 6
50.0
50.0
50.0
FedAvg client 7
50.0
50.0
50.0
FedAvg client 8
50.0
50.0
50.0
FedAvg client 9
50.0
50.0
50.0
saving
fedAvg_train_loss, fedAvg_val_loss, fedAvg_val_acc 1.5784588992595672 1.5976241331547498 tensor(55.)
Round  69
FedAvg client 0
100.0
100.0
100.0
FedAvg client 1
50.0
50.0
50.0
FedAvg client 2
50.0
50.0
50.0
FedAvg client 3
50.0
50.0
50.0
FedAvg client 4
50.0
50.0
50.0
FedAvg client 5
50.0
50.0
50.0
FedAvg client 6
50.0
50.0
50.0
FedAvg client 7
50.0
50.0
50.0
FedAvg client 8
50.0
50.0
50.0
FedAvg client 9
50.0
50.0
50.0
fedAvg_train_loss, fedAvg_val_loss, fedAvg_val_acc 1.5917417049407958 1.5976241331547498 tensor(55.)
Round  70
FedAvg client 0
100.0
100.0
100.0
FedAvg client 1
50.0
50.0
50.0
FedAvg client 2
50.0
50.0
50.0
FedAvg client 3
50.0
50.0
50.0
FedAvg client 4
50.0
50.0
50.0
FedAvg client 5
50.0
50.0
50.0
FedAvg client 6
50.0
50.0
50.0
FedAvg client 7
50.0
50.0
50.0
FedAvg client 8
50.0
50.0
50.0
FedAvg client 9
50.0
50.0
50.0
fedAvg_train_loss, fedAvg_val_loss, fedAvg_val_acc 1.5952114328742026 1.5976241331547498 tensor(55.)
Round  71
FedAvg client 0
100.0
100.0
100.0
FedAvg client 1
50.0
50.0
50.0
FedAvg client 2
50.0
50.0
50.0
FedAvg client 3
50.0
50.0
50.0
FedAvg client 4
50.0
50.0
50.0
FedAvg client 5
50.0
50.0
50.0
FedAvg client 6
50.0
50.0
50.0
FedAvg client 7
50.0
50.0
50.0
FedAvg client 8
50.0
50.0
50.0
FedAvg client 9
50.0
50.0
50.0
fedAvg_train_loss, fedAvg_val_loss, fedAvg_val_acc 1.591415959596634 1.5976241331547498 tensor(55.)
Round  72
FedAvg client 0
100.0
100.0
100.0
FedAvg client 1
50.0
50.0
50.0
FedAvg client 2
50.0
50.0
50.0
FedAvg client 3
50.0
50.0
50.0
FedAvg client 4
50.0
50.0
50.0
FedAvg client 5
50.0
50.0
50.0
FedAvg client 6
50.0
50.0
50.0
FedAvg client 7
50.0
50.0
50.0
FedAvg client 8
50.0
50.0
50.0
FedAvg client 9
50.0
50.0
50.0
saving
fedAvg_train_loss, fedAvg_val_loss, fedAvg_val_acc 1.5867849230766295 1.5931767578143625 tensor(55.)
Round  73
FedAvg client 0
100.0
100.0
100.0
FedAvg client 1
50.0
50.0
50.0
FedAvg client 2
50.0
50.0
50.0
FedAvg client 3
50.0
50.0
50.0
FedAvg client 4
50.0
50.0
50.0
FedAvg client 5
50.0
50.0
50.0
FedAvg client 6
50.0
50.0
50.0
FedAvg client 7
50.0
50.0
50.0
FedAvg client 8
50.0
50.0
50.0
FedAvg client 9
50.0
50.0
50.0
fedAvg_train_loss, fedAvg_val_loss, fedAvg_val_acc 1.599982997775078 1.5931767578143625 tensor(55.)
Round  74
FedAvg client 0
100.0
100.0
100.0
FedAvg client 1
50.0
50.0
50.0
FedAvg client 2
50.0
50.0
50.0
FedAvg client 3
50.0
50.0
50.0
FedAvg client 4
50.0
50.0
50.0
FedAvg client 5
50.0
50.0
50.0
FedAvg client 6
50.0
50.0
50.0
FedAvg client 7
50.0
50.0
50.0
FedAvg client 8
50.0
50.0
50.0
FedAvg client 9
50.0
50.0
50.0
fedAvg_train_loss, fedAvg_val_loss, fedAvg_val_acc 1.5802091911435128 1.5931767578143625 tensor(55.)
Round  75
FedAvg client 0
100.0
100.0
100.0
FedAvg client 1
50.0
50.0
50.0
FedAvg client 2
50.0
50.0
50.0
FedAvg client 3
50.0
50.0
50.0
FedAvg client 4
50.0
50.0
50.0
FedAvg client 5
50.0
50.0
50.0
FedAvg client 6
50.0
50.0
50.0
FedAvg client 7
50.0
50.0
50.0
FedAvg client 8
50.0
50.0
50.0
FedAvg client 9
50.0
50.0
50.0
fedAvg_train_loss, fedAvg_val_loss, fedAvg_val_acc 1.5880293369293212 1.5931767578143625 tensor(55.)
Round  76
FedAvg client 0
100.0
100.0
100.0
FedAvg client 1
50.0
50.0
50.0
FedAvg client 2
50.0
50.0
50.0
FedAvg client 3
50.0
50.0
50.0
FedAvg client 4
50.0
50.0
50.0
FedAvg client 5
50.0
50.0
50.0
FedAvg client 6
50.0
50.0
50.0
FedAvg client 7
50.0
50.0
50.0
FedAvg client 8
50.0
50.0
50.0
FedAvg client 9
50.0
50.0
50.0
saving
fedAvg_train_loss, fedAvg_val_loss, fedAvg_val_acc 1.5823984190821647 1.5891317802425473 tensor(55.)
Round  77
FedAvg client 0
100.0
100.0
100.0
FedAvg client 1
50.0
50.0
50.0
FedAvg client 2
50.0
50.0
50.0
FedAvg client 3
50.0
50.0
50.0
FedAvg client 4
50.0
50.0
50.0
FedAvg client 5
50.0
50.0
50.0
FedAvg client 6
50.0
50.0
50.0
FedAvg client 7
50.0
50.0
50.0
FedAvg client 8
50.0
50.0
50.0
FedAvg client 9
50.0
50.0
50.0
fedAvg_train_loss, fedAvg_val_loss, fedAvg_val_acc 1.5925072997808456 1.5891317802425473 tensor(55.)
Round  78
FedAvg client 0
100.0
100.0
100.0
FedAvg client 1
50.0
50.0
50.0
FedAvg client 2
50.0
50.0
50.0
FedAvg client 3
50.0
50.0
50.0
FedAvg client 4
50.0
50.0
50.0
FedAvg client 5
50.0
50.0
50.0
FedAvg client 6
50.0
50.0
50.0
FedAvg client 7
50.0
50.0
50.0
FedAvg client 8
50.0
50.0
50.0
FedAvg client 9
50.0
50.0
50.0
fedAvg_train_loss, fedAvg_val_loss, fedAvg_val_acc 1.57424326390028 1.5891317802425473 tensor(55.)
Round  79
FedAvg client 0
100.0
100.0
100.0
FedAvg client 1
50.0
50.0
50.0
FedAvg client 2
50.0
50.0
50.0
FedAvg client 3
50.0
50.0
50.0
FedAvg client 4
50.0
50.0
50.0
FedAvg client 5
50.0
50.0
50.0
FedAvg client 6
50.0
50.0
50.0
FedAvg client 7
50.0
50.0
50.0
FedAvg client 8
50.0
50.0
50.0
FedAvg client 9
50.0
50.0
50.0
fedAvg_train_loss, fedAvg_val_loss, fedAvg_val_acc 1.5740851327776908 1.5891317802425473 tensor(55.)
Round  80
FedAvg client 0
100.0
100.0
100.0
FedAvg client 1
50.0
50.0
50.0
FedAvg client 2
50.0
50.0
50.0
FedAvg client 3
50.0
50.0
50.0
FedAvg client 4
50.0
50.0
50.0
FedAvg client 5
50.0
50.0
50.0
FedAvg client 6
50.0
50.0
50.0
FedAvg client 7
50.0
50.0
50.0
FedAvg client 8
50.0
50.0
50.0
FedAvg client 9
50.0
50.0
50.0
saving
fedAvg_train_loss, fedAvg_val_loss, fedAvg_val_acc 1.5736275970935822 1.585298178326339 tensor(55.)
Round  81
FedAvg client 0
100.0
100.0
100.0
FedAvg client 1
50.0
50.0
50.0
FedAvg client 2
50.0
50.0
50.0
FedAvg client 3
50.0
50.0
50.0
FedAvg client 4
50.0
50.0
50.0
FedAvg client 5
50.0
50.0
50.0
FedAvg client 6
50.0
50.0
50.0
FedAvg client 7
50.0
50.0
50.0
FedAvg client 8
50.0
50.0
50.0
FedAvg client 9
50.0
50.0
50.0
fedAvg_train_loss, fedAvg_val_loss, fedAvg_val_acc 1.5759655386209488 1.585298178326339 tensor(55.)
Round  82
FedAvg client 0
100.0
100.0
100.0
FedAvg client 1
50.0
50.0
50.0
FedAvg client 2
50.0
50.0
50.0
FedAvg client 3
50.0
50.0
50.0
FedAvg client 4
50.0
50.0
50.0
FedAvg client 5
50.0
50.0
50.0
FedAvg client 6
50.0
50.0
50.0
FedAvg client 7
50.0
50.0
50.0
FedAvg client 8
50.0
50.0
50.0
FedAvg client 9
50.0
50.0
50.0
fedAvg_train_loss, fedAvg_val_loss, fedAvg_val_acc 1.5767792537808418 1.585298178326339 tensor(55.)
Round  83
FedAvg client 0
100.0
100.0
100.0
FedAvg client 1
50.0
50.0
50.0
FedAvg client 2
50.0
50.0
50.0
FedAvg client 3
50.0
50.0
50.0
FedAvg client 4
50.0
50.0
50.0
FedAvg client 5
50.0
50.0
50.0
FedAvg client 6
50.0
50.0
50.0
FedAvg client 7
50.0
50.0
50.0
FedAvg client 8
50.0
50.0
50.0
FedAvg client 9
50.0
50.0
50.0
fedAvg_train_loss, fedAvg_val_loss, fedAvg_val_acc 1.5769419610500335 1.585298178326339 tensor(55.)
Round  84
FedAvg client 0
100.0
100.0
100.0
FedAvg client 1
50.0
50.0
50.0
FedAvg client 2
50.0
50.0
50.0
FedAvg client 3
50.0
50.0
50.0
FedAvg client 4
50.0
50.0
50.0
FedAvg client 5
50.0
50.0
50.0
FedAvg client 6
50.0
50.0
50.0
FedAvg client 7
50.0
50.0
50.0
FedAvg client 8
50.0
50.0
50.0
FedAvg client 9
50.0
50.0
50.0
saving
fedAvg_train_loss, fedAvg_val_loss, fedAvg_val_acc 1.5875792294740676 1.5815669408217072 tensor(55.)
Round  85
FedAvg client 0
100.0
100.0
100.0
FedAvg client 1
50.0
50.0
50.0
FedAvg client 2
50.0
50.0
50.0
FedAvg client 3
50.0
50.0
50.0
FedAvg client 4
50.0
50.0
50.0
FedAvg client 5
50.0
50.0
50.0
FedAvg client 6
50.0
50.0
50.0
FedAvg client 7
50.0
50.0
50.0
FedAvg client 8
50.0
50.0
50.0
FedAvg client 9
50.0
50.0
50.0
fedAvg_train_loss, fedAvg_val_loss, fedAvg_val_acc 1.5559523805975914 1.5815669408217072 tensor(55.)
Round  86
FedAvg client 0
100.0
100.0
100.0
FedAvg client 1
50.0
50.0
50.0
FedAvg client 2
50.0
50.0
50.0
FedAvg client 3
50.0
50.0
50.0
FedAvg client 4
50.0
50.0
50.0
FedAvg client 5
50.0
50.0
50.0
FedAvg client 6
50.0
50.0
50.0
FedAvg client 7
50.0
50.0
50.0
FedAvg client 8
50.0
50.0
50.0
FedAvg client 9
50.0
50.0
50.0
fedAvg_train_loss, fedAvg_val_loss, fedAvg_val_acc 1.5905401960015297 1.5815669408217072 tensor(55.)
Round  87
FedAvg client 0
100.0
100.0
100.0
FedAvg client 1
50.0
50.0
50.0
FedAvg client 2
50.0
50.0
50.0
FedAvg client 3
50.0
50.0
50.0
FedAvg client 4
50.0
50.0
50.0
FedAvg client 5
50.0
50.0
50.0
FedAvg client 6
50.0
50.0
50.0
FedAvg client 7
50.0
50.0
50.0
FedAvg client 8
50.0
50.0
50.0
FedAvg client 9
50.0
50.0
50.0
fedAvg_train_loss, fedAvg_val_loss, fedAvg_val_acc 1.5831053674221038 1.5815669408217072 tensor(55.)
Round  88
FedAvg client 0
100.0
100.0
100.0
FedAvg client 1
50.0
50.0
50.0
FedAvg client 2
50.0
50.0
50.0
FedAvg client 3
50.0
50.0
50.0
FedAvg client 4
50.0
50.0
50.0
FedAvg client 5
50.0
50.0
50.0
FedAvg client 6
50.0
50.0
50.0
FedAvg client 7
50.0
50.0
50.0
FedAvg client 8
50.0
50.0
50.0
FedAvg client 9
50.0
50.0
50.0
saving
fedAvg_train_loss, fedAvg_val_loss, fedAvg_val_acc 1.5599380403757095 1.5780820332514123 tensor(55.)
Round  89
FedAvg client 0
100.0
100.0
100.0
FedAvg client 1
50.0
50.0
50.0
FedAvg client 2
50.0
50.0
50.0
FedAvg client 3
50.0
50.0
50.0
FedAvg client 4
50.0
50.0
50.0
FedAvg client 5
50.0
50.0
50.0
FedAvg client 6
50.0
50.0
50.0
FedAvg client 7
50.0
50.0
50.0
FedAvg client 8
50.0
50.0
50.0
FedAvg client 9
50.0
50.0
50.0
fedAvg_train_loss, fedAvg_val_loss, fedAvg_val_acc 1.5747702836990356 1.5780820332514123 tensor(55.)
Round  90
FedAvg client 0
100.0
100.0
100.0
FedAvg client 1
50.0
50.0
50.0
FedAvg client 2
50.0
50.0
50.0
FedAvg client 3
50.0
50.0
50.0
FedAvg client 4
50.0
50.0
50.0
FedAvg client 5
50.0
50.0
50.0
FedAvg client 6
50.0
50.0
50.0
FedAvg client 7
50.0
50.0
50.0
FedAvg client 8
50.0
50.0
50.0
FedAvg client 9
50.0
50.0
50.0
fedAvg_train_loss, fedAvg_val_loss, fedAvg_val_acc 1.5741132885217666 1.5780820332514123 tensor(55.)
Round  91
FedAvg client 0
100.0
100.0
100.0
FedAvg client 1
50.0
50.0
50.0
FedAvg client 2
50.0
50.0
50.0
FedAvg client 3
50.0
50.0
50.0
FedAvg client 4
50.0
50.0
50.0
FedAvg client 5
50.0
50.0
50.0
FedAvg client 6
50.0
50.0
50.0
FedAvg client 7
50.0
50.0
50.0
FedAvg client 8
50.0
50.0
50.0
FedAvg client 9
50.0
50.0
50.0
fedAvg_train_loss, fedAvg_val_loss, fedAvg_val_acc 1.5705276012420655 1.5780820332514123 tensor(55.)
Round  92
FedAvg client 0
100.0
100.0
100.0
FedAvg client 1
50.0
50.0
50.0
FedAvg client 2
50.0
50.0
50.0
FedAvg client 3
50.0
50.0
50.0
FedAvg client 4
50.0
50.0
50.0
FedAvg client 5
50.0
50.0
50.0
FedAvg client 6
50.0
50.0
50.0
FedAvg client 7
50.0
50.0
50.0
FedAvg client 8
50.0
50.0
50.0
FedAvg client 9
50.0
50.0
50.0
saving
fedAvg_train_loss, fedAvg_val_loss, fedAvg_val_acc 1.5805577844381333 1.5748673566114157 tensor(55.)
Round  93
FedAvg client 0
100.0
100.0
100.0
FedAvg client 1
50.0
50.0
50.0
FedAvg client 2
50.0
50.0
50.0
FedAvg client 3
50.0
50.0
50.0
FedAvg client 4
50.0
50.0
50.0
FedAvg client 5
50.0
50.0
50.0
FedAvg client 6
50.0
50.0
50.0
FedAvg client 7
50.0
50.0
50.0
FedAvg client 8
50.0
50.0
50.0
FedAvg client 9
50.0
50.0
50.0
fedAvg_train_loss, fedAvg_val_loss, fedAvg_val_acc 1.582361702620983 1.5748673566114157 tensor(55.)
Round  94
FedAvg client 0
100.0
100.0
100.0
FedAvg client 1
50.0
50.0
50.0
FedAvg client 2
50.0
50.0
50.0
FedAvg client 3
50.0
50.0
50.0
FedAvg client 4
50.0
50.0
50.0
FedAvg client 5
50.0
50.0
50.0
FedAvg client 6
50.0
50.0
50.0
FedAvg client 7
50.0
50.0
50.0
FedAvg client 8
50.0
50.0
50.0
FedAvg client 9
50.0
50.0
50.0
fedAvg_train_loss, fedAvg_val_loss, fedAvg_val_acc 1.582770448923111 1.5748673566114157 tensor(55.)
Round  95
FedAvg client 0
100.0
100.0
100.0
FedAvg client 1
50.0
50.0
50.0
FedAvg client 2
50.0
50.0
50.0
FedAvg client 3
50.0
50.0
50.0
FedAvg client 4
50.0
50.0
50.0
FedAvg client 5
50.0
50.0
50.0
FedAvg client 6
50.0
50.0
50.0
FedAvg client 7
50.0
50.0
50.0
FedAvg client 8
50.0
50.0
50.0
FedAvg client 9
50.0
50.0
50.0
fedAvg_train_loss, fedAvg_val_loss, fedAvg_val_acc 1.5696370586752892 1.5748673566114157 tensor(55.)
Round  96
FedAvg client 0
100.0
100.0
100.0
FedAvg client 1
50.0
50.0
50.0
FedAvg client 2
50.0
50.0
50.0
FedAvg client 3
50.0
50.0
50.0
FedAvg client 4
50.0
50.0
50.0
FedAvg client 5
50.0
50.0
50.0
FedAvg client 6
50.0
50.0
50.0
FedAvg client 7
50.0
50.0
50.0
FedAvg client 8
50.0
50.0
50.0
FedAvg client 9
50.0
50.0
50.0
saving
fedAvg_train_loss, fedAvg_val_loss, fedAvg_val_acc 1.575754514336586 1.5718404888743536 tensor(55.)
Round  97
FedAvg client 0
100.0
100.0
100.0
FedAvg client 1
50.0
50.0
50.0
FedAvg client 2
50.0
50.0
50.0
FedAvg client 3
50.0
50.0
50.0
FedAvg client 4
50.0
50.0
50.0
FedAvg client 5
50.0
50.0
50.0
FedAvg client 6
50.0
50.0
50.0
FedAvg client 7
50.0
50.0
50.0
FedAvg client 8
50.0
50.0
50.0
FedAvg client 9
50.0
50.0
50.0
fedAvg_train_loss, fedAvg_val_loss, fedAvg_val_acc 1.5657974049448966 1.5718404888743536 tensor(55.)
Round  98
FedAvg client 0
100.0
100.0
100.0
FedAvg client 1
50.0
50.0
50.0
FedAvg client 2
50.0
50.0
50.0
FedAvg client 3
50.0
50.0
50.0
FedAvg client 4
50.0
50.0
50.0
FedAvg client 5
50.0
50.0
50.0
FedAvg client 6
50.0
50.0
50.0
FedAvg client 7
50.0
50.0
50.0
FedAvg client 8
50.0
50.0
50.0
FedAvg client 9
50.0
50.0
50.0
fedAvg_train_loss, fedAvg_val_loss, fedAvg_val_acc 1.54328995347023 1.5718404888743536 tensor(55.)
Round  99
FedAvg client 0
100.0
100.0
100.0
FedAvg client 1
50.0
50.0
50.0
FedAvg client 2
50.0
50.0
50.0
FedAvg client 3
50.0
50.0
50.0
FedAvg client 4
50.0
50.0
50.0
FedAvg client 5
50.0
50.0
50.0
FedAvg client 6
50.0
50.0
50.0
FedAvg client 7
50.0
50.0
50.0
FedAvg client 8
50.0
50.0
50.0
FedAvg client 9
50.0
50.0
50.0
fedAvg_train_loss, fedAvg_val_loss, fedAvg_val_acc 1.5722616136074066 1.5718404888743536 tensor(55.)
Round 100
FedAvg client 0
100.0
100.0
100.0
FedAvg client 1
50.0
50.0
50.0
FedAvg client 2
50.0
50.0
50.0
FedAvg client 3
50.0
50.0
50.0
FedAvg client 4
50.0
50.0
50.0
FedAvg client 5
50.0
50.0
50.0
FedAvg client 6
50.0
50.0
50.0
FedAvg client 7
50.0
50.0
50.0
FedAvg client 8
50.0
50.0
50.0
FedAvg client 9
50.0
50.0
50.0
saving
fedAvg_train_loss, fedAvg_val_loss, fedAvg_val_acc 1.5392382442951202 1.5690869375644252 tensor(55.)
Round 101
FedAvg client 0
100.0
100.0
100.0
FedAvg client 1
50.0
50.0
50.0
FedAvg client 2
50.0
50.0
50.0
FedAvg client 3
50.0
50.0
50.0
FedAvg client 4
50.0
50.0
50.0
FedAvg client 5
50.0
50.0
50.0
FedAvg client 6
50.0
50.0
50.0
FedAvg client 7
50.0
50.0
50.0
FedAvg client 8
50.0
50.0
50.0
FedAvg client 9
50.0
50.0
50.0
fedAvg_train_loss, fedAvg_val_loss, fedAvg_val_acc 1.5543306648731232 1.5690869375644252 tensor(55.)
Round 102
FedAvg client 0
100.0
100.0
100.0
FedAvg client 1
50.0
50.0
50.0
FedAvg client 2
50.0
50.0
50.0
FedAvg client 3
50.0
50.0
50.0
FedAvg client 4
50.0
50.0
50.0
FedAvg client 5
50.0
50.0
50.0
FedAvg client 6
50.0
50.0
50.0
FedAvg client 7
50.0
50.0
50.0
FedAvg client 8
50.0
50.0
50.0
FedAvg client 9
50.0
50.0
50.0
fedAvg_train_loss, fedAvg_val_loss, fedAvg_val_acc 1.5788529917597771 1.5690869375644252 tensor(55.)
Round 103
FedAvg client 0
100.0
100.0
100.0
FedAvg client 1
50.0
50.0
50.0
FedAvg client 2
50.0
50.0
50.0
FedAvg client 3
50.0
50.0
50.0
FedAvg client 4
50.0
50.0
50.0
FedAvg client 5
50.0
50.0
50.0
FedAvg client 6
50.0
50.0
50.0
FedAvg client 7
50.0
50.0
50.0
FedAvg client 8
50.0
50.0
50.0
FedAvg client 9
50.0
50.0
50.0
fedAvg_train_loss, fedAvg_val_loss, fedAvg_val_acc 1.5559149757027626 1.5690869375644252 tensor(55.)
Round 104
FedAvg client 0
100.0
100.0
100.0
FedAvg client 1
50.0
50.0
50.0
FedAvg client 2
50.0
50.0
50.0
FedAvg client 3
50.0
50.0
50.0
FedAvg client 4
50.0
50.0
50.0
FedAvg client 5
50.0
50.0
50.0
FedAvg client 6
50.0
50.0
50.0
FedAvg client 7
50.0
50.0
50.0
FedAvg client 8
50.0
50.0
50.0
FedAvg client 9
50.0
50.0
50.0
saving
fedAvg_train_loss, fedAvg_val_loss, fedAvg_val_acc 1.5569841340184212 1.5664431706727482 tensor(55.)
Round 105
FedAvg client 0
100.0
100.0
100.0
FedAvg client 1
50.0
50.0
50.0
FedAvg client 2
50.0
50.0
50.0
FedAvg client 3
50.0
50.0
50.0
FedAvg client 4
50.0
50.0
50.0
FedAvg client 5
50.0
50.0
50.0
FedAvg client 6
50.0
50.0
50.0
FedAvg client 7
50.0
50.0
50.0
FedAvg client 8
50.0
50.0
50.0
FedAvg client 9
50.0
50.0
50.0
fedAvg_train_loss, fedAvg_val_loss, fedAvg_val_acc 1.5585685163736342 1.5664431706727482 tensor(55.)
Round 106
FedAvg client 0
100.0
100.0
100.0
FedAvg client 1
50.0
50.0
50.0
FedAvg client 2
50.0
50.0
50.0
FedAvg client 3
50.0
50.0
50.0
FedAvg client 4
50.0
50.0
50.0
FedAvg client 5
50.0
50.0
50.0
FedAvg client 6
50.0
50.0
50.0
FedAvg client 7
50.0
50.0
50.0
FedAvg client 8
50.0
50.0
50.0
FedAvg client 9
50.0
50.0
50.0
fedAvg_train_loss, fedAvg_val_loss, fedAvg_val_acc 1.5762274041771889 1.5664431706727482 tensor(55.)
Round 107
FedAvg client 0
100.0
100.0
100.0
FedAvg client 1
50.0
50.0
50.0
FedAvg client 2
50.0
50.0
50.0
FedAvg client 3
50.0
50.0
50.0
FedAvg client 4
50.0
50.0
50.0
FedAvg client 5
50.0
50.0
50.0
FedAvg client 6
50.0
50.0
50.0
FedAvg client 7
50.0
50.0
50.0
FedAvg client 8
50.0
50.0
50.0
FedAvg client 9
50.0
50.0
50.0
fedAvg_train_loss, fedAvg_val_loss, fedAvg_val_acc 1.554847663640976 1.5664431706727482 tensor(55.)
Round 108
FedAvg client 0
100.0
100.0
100.0
FedAvg client 1
50.0
50.0
50.0
FedAvg client 2
50.0
50.0
50.0
FedAvg client 3
50.0
50.0
50.0
FedAvg client 4
50.0
50.0
50.0
FedAvg client 5
50.0
50.0
50.0
FedAvg client 6
50.0
50.0
50.0
FedAvg client 7
50.0
50.0
50.0
FedAvg client 8
50.0
50.0
50.0
FedAvg client 9
50.0
50.0
50.0
saving
fedAvg_train_loss, fedAvg_val_loss, fedAvg_val_acc 1.5266109570860862 1.564208529876545 tensor(55.)
Round 109
FedAvg client 0
100.0
100.0
100.0
FedAvg client 1
50.0
50.0
50.0
FedAvg client 2
50.0
50.0
50.0
FedAvg client 3
50.0
50.0
50.0
FedAvg client 4
50.0
50.0
50.0
FedAvg client 5
50.0
50.0
50.0
FedAvg client 6
50.0
50.0
50.0
FedAvg client 7
50.0
50.0
50.0
FedAvg client 8
50.0
50.0
50.0
FedAvg client 9
50.0
50.0
50.0
fedAvg_train_loss, fedAvg_val_loss, fedAvg_val_acc 1.5486889615654946 1.564208529876545 tensor(55.)
Round 110
FedAvg client 0
100.0
100.0
100.0
FedAvg client 1
50.0
50.0
50.0
FedAvg client 2
50.0
50.0
50.0
FedAvg client 3
50.0
50.0
50.0
FedAvg client 4
50.0
50.0
50.0
FedAvg client 5
50.0
50.0
50.0
FedAvg client 6
50.0
50.0
50.0
FedAvg client 7
50.0
50.0
50.0
FedAvg client 8
50.0
50.0
50.0
FedAvg client 9
50.0
50.0
50.0
fedAvg_train_loss, fedAvg_val_loss, fedAvg_val_acc 1.5705221518874168 1.564208529876545 tensor(55.)
Round 111
FedAvg client 0
100.0
100.0
100.0
FedAvg client 1
50.0
50.0
50.0
FedAvg client 2
50.0
50.0
50.0
FedAvg client 3
50.0
50.0
50.0
FedAvg client 4
50.0
50.0
50.0
FedAvg client 5
50.0
50.0
50.0
FedAvg client 6
50.0
50.0
50.0
FedAvg client 7
50.0
50.0
50.0
FedAvg client 8
50.0
50.0
50.0
FedAvg client 9
50.0
50.0
50.0
fedAvg_train_loss, fedAvg_val_loss, fedAvg_val_acc 1.5650842949748038 1.564208529876545 tensor(55.)
Round 112
FedAvg client 0
100.0
100.0
100.0
FedAvg client 1
50.0
50.0
50.0
FedAvg client 2
50.0
50.0
50.0
FedAvg client 3
50.0
50.0
50.0
FedAvg client 4
50.0
50.0
50.0
FedAvg client 5
50.0
50.0
50.0
FedAvg client 6
50.0
50.0
50.0
FedAvg client 7
50.0
50.0
50.0
FedAvg client 8
50.0
50.0
50.0
FedAvg client 9
50.0
50.0
50.0
saving
fedAvg_train_loss, fedAvg_val_loss, fedAvg_val_acc 1.5586663991212846 1.5621251757936552 tensor(55.)
Round 113
FedAvg client 0
100.0
100.0
100.0
FedAvg client 1
50.0
50.0
50.0
FedAvg client 2
50.0
50.0
50.0
FedAvg client 3
50.0
50.0
50.0
FedAvg client 4
50.0
50.0
50.0
FedAvg client 5
50.0
50.0
50.0
FedAvg client 6
50.0
50.0
50.0
FedAvg client 7
50.0
50.0
50.0
FedAvg client 8
50.0
50.0
50.0
FedAvg client 9
50.0
50.0
50.0
fedAvg_train_loss, fedAvg_val_loss, fedAvg_val_acc