============================================================
Step1. Federated Learning Settings 
 We use dataset: cifar10 for our Federated Unlearning experiment.

We set rouc =  0.3 , K =  2  and M =  2000  with  20 epochs fine tuning 
We are going to forget  1 client
============================================================
Step2. Client data loaded, testing data loaded!!!
       Initial Model loaded!!!
Files already downloaded and verified
Files already downloaded and verified
User_test_loader 10 <class 'dict'> <class 'torch.utils.data.dataloader.DataLoader'>
init_global_model CNNCifar(
  (conv1): Conv2d(3, 6, kernel_size=(5, 5), stride=(1, 1))
  (bn1): BatchNorm2d(6, eps=1e-05, momentum=0.1, affine=True, track_running_stats=True)
  (pool): MaxPool2d(kernel_size=2, stride=2, padding=0, dilation=1, ceil_mode=False)
  (conv2): Conv2d(6, 16, kernel_size=(5, 5), stride=(1, 1))
  (bn2): BatchNorm2d(16, eps=1e-05, momentum=0.1, affine=True, track_running_stats=True)
  (conv2_drop): Dropout2d(p=0.5, inplace=False)
  (fc1): Linear(in_features=400, out_features=120, bias=True)
  (bn3): BatchNorm1d(120, eps=1e-05, momentum=0.1, affine=True, track_running_stats=True)
  (dropout): Dropout(p=0.5, inplace=False)
  (fc2): Linear(in_features=120, out_features=84, bias=True)
  (bn4): BatchNorm1d(84, eps=1e-05, momentum=0.1, affine=True, track_running_stats=True)
  (fc3): Linear(in_features=84, out_features=10, bias=True)
  (activation): LogSoftmax(dim=1)
) <class 'Models.CNNCifar'>
opt in [0, 1, 2, 3, 4, 5, 6, 7, 8, 9]
client_loaders len 10
============================================================
Step3. Fedearated Learning and Unlearning Training...
len of selected client loader, 10
Round   0
FedAvg client 1
Traceback (most recent call last):
  File "/Users/wangjiayi/Desktop/fededgepruneeraser/fedEdgePruneEraser/FedPruneEraser/Fed_Unlearn_main.py", line 527, in <module>
    Federated_Unlearning()
  File "/Users/wangjiayi/Desktop/fededgepruneeraser/fedEdgePruneEraser/FedPruneEraser/Fed_Unlearn_main.py", line 284, in Federated_Unlearning
    net_glob_fedAvg = mix_Train(opt_in, dataset_train, dataset_test, dict_users, dict_users_val, dict_users_test,
  File "/Users/wangjiayi/Desktop/fededgepruneeraser/fedEdgePruneEraser/FedPruneEraser/FL_base.py", line 83, in mix_Train
    w_glob_fedAvg = FedAvg(w_fedAvg, alpha)
  File "/Users/wangjiayi/Desktop/fededgepruneeraser/fedEdgePruneEraser/FedPruneEraser/FederatedAveraging.py", line 25, in FedAvg
    w_avg[layer] += alpha[k]*w[k][layer]
RuntimeError: result type Float can't be cast to the desired output type Long
