Files already downloaded and verified
============================================================
Step1. Federated Learning Settings 
 We use dataset: cifar10 for our Federated Unlearning experiment.

============================================================
Step2. Client data loaded, testing data loaded!!!
       Initial Model loaded!!!
Files already downloaded and verified
Files already downloaded and verified
============================================================
Step3. Fedearated Learning and Unlearning Training...
len of selected client loader, 12
#####  Federated Learning Start#####
Global Federated Learning epoch = 0
Global Federated Learning epoch = 1
Global Federated Learning epoch = 2
Global Federated Learning epoch = 3
Global Federated Learning epoch = 4
Global Federated Learning epoch = 5
Global Federated Learning epoch = 6
Global Federated Learning epoch = 7
Global Federated Learning epoch = 8
Global Federated Learning epoch = 9
Global Federated Learning epoch = 10
Global Federated Learning epoch = 11
Global Federated Learning epoch = 12
Global Federated Learning epoch = 13
Global Federated Learning epoch = 14
Global Federated Learning epoch = 15
Global Federated Learning epoch = 16
Global Federated Learning epoch = 17
Global Federated Learning epoch = 18
Global Federated Learning epoch = 19
#####  Federated Learning End#####


#####  Federated Unlearning Start  #####
#### Client-level Unlearning ####
Federated Unlearning Global Epoch  = 1
Federated Unlearning Global Epoch  = 2
Federated Unlearning Global Epoch  = 3
Federated Unlearning Global Epoch  = 4
Federated Unlearning Global Epoch  = 5
Federated Unlearning Global Epoch  = 6
Federated Unlearning Global Epoch  = 7
Federated Unlearning Global Epoch  = 8
Federated Unlearning Global Epoch  = 9
Federated Unlearning Global Epoch  = 10
Federated Unlearning Global Epoch  = 11
Federated Unlearning Global Epoch  = 12
Federated Unlearning Global Epoch  = 13
Federated Unlearning Global Epoch  = 14
Federated Unlearning Global Epoch  = 15
Federated Unlearning Global Epoch  = 16
Federated Unlearning Global Epoch  = 17
Federated Unlearning Global Epoch  = 18
Federated Unlearning Global Epoch  = 19
split_clients [array([0, 1])]
Files already downloaded and verified
Files already downloaded and verified
batch_idx 0
Classes indices:  [ 8  0  5 14 11 10  1  4  7  3]
tf_idf {'conv1': tensor([0.1408, 0.1413, 0.0583, 0.0609, 0.1014, 0.1417]), 'conv2': tensor([0.0286, 0.0618, 0.0021, 0.1254, 0.0818, 0.0293, 0.0002, 0.1252, 0.0212,
        0.0000, 0.0363, 0.0323, 0.0113, 0.0009, 0.0305, 0.0026])}
tf_idf_array.shape:  torch.Size([16])
threshold 0.00017571852367836982
all_classes ['airplane', 'automobile', 'bird', 'cat', 'deer', 'dog', 'frog', 'horse', 'ship', 'truck']
Class to be removed:  ['cat']
#Remain classes:  9
Pruned sample index here: 3
Updated global <class 'list'> 1 <class 'model_initiation.Net_cifar10'>
#####  Federated Unlearning End  #####


#####  Federated Unlearning without Calibration Start  #####
FL_params.forget_client_idx:  3
Federated Unlearning without Clibration Global Epoch  = 0
Federated Unlearning without Clibration Global Epoch  = 1
Federated Unlearning without Clibration Global Epoch  = 2
Federated Unlearning without Clibration Global Epoch  = 3
Federated Unlearning without Clibration Global Epoch  = 4
Federated Unlearning without Clibration Global Epoch  = 5
Federated Unlearning without Clibration Global Epoch  = 6
Federated Unlearning without Clibration Global Epoch  = 7
Federated Unlearning without Clibration Global Epoch  = 8
Federated Unlearning without Clibration Global Epoch  = 9
Federated Unlearning without Clibration Global Epoch  = 10
Federated Unlearning without Clibration Global Epoch  = 11
Federated Unlearning without Clibration Global Epoch  = 12
Federated Unlearning without Clibration Global Epoch  = 13
Federated Unlearning without Clibration Global Epoch  = 14
Federated Unlearning without Clibration Global Epoch  = 15
Federated Unlearning without Clibration Global Epoch  = 16
Federated Unlearning without Clibration Global Epoch  = 17
Federated Unlearning without Clibration Global Epoch  = 18
Federated Unlearning without Clibration Global Epoch  = 19
Federated Unlearning Global Epoch  = 1
Federated Unlearning Global Epoch  = 2
Federated Unlearning Global Epoch  = 3
Federated Unlearning Global Epoch  = 4
Federated Unlearning Global Epoch  = 5
Federated Unlearning Global Epoch  = 6
Federated Unlearning Global Epoch  = 7
Federated Unlearning Global Epoch  = 8
Federated Unlearning Global Epoch  = 9
Federated Unlearning Global Epoch  = 10
Federated Unlearning Global Epoch  = 11
Federated Unlearning Global Epoch  = 12
Federated Unlearning Global Epoch  = 13
Federated Unlearning Global Epoch  = 14
Federated Unlearning Global Epoch  = 15
Federated Unlearning Global Epoch  = 16
Federated Unlearning Global Epoch  = 17
Federated Unlearning Global Epoch  = 18
Federated Unlearning Global Epoch  = 19
#####  Federated Unlearning without Calibration End  #####
 Learning time consuming = 57.78696393966675 secods
 Unlearning time consuming = 2.109528064727783 secods
 Unlearning no Cali time consuming = 0.05195426940917969 secods


#####  【Federated Retraining Start】  #####
here了吧
Global Federated Learning epoch = 0
Test Loss=0.0147, Test accuracy=0.1047
here了吧
Global Federated Learning epoch = 1
Test Loss=0.0147, Test accuracy=0.1076
here了吧
Global Federated Learning epoch = 2
Test Loss=0.0147, Test accuracy=0.1111
here了吧
Global Federated Learning epoch = 3
Test Loss=0.0146, Test accuracy=0.1146
here了吧
Global Federated Learning epoch = 4
Test Loss=0.0146, Test accuracy=0.1226
here了吧
Global Federated Learning epoch = 5
Test Loss=0.0146, Test accuracy=0.1403
here了吧
Global Federated Learning epoch = 6
Test Loss=0.0146, Test accuracy=0.1762
here了吧
Global Federated Learning epoch = 7
Test Loss=0.0146, Test accuracy=0.1978
here了吧
Global Federated Learning epoch = 8
Test Loss=0.0145, Test accuracy=0.1909
here了吧
Global Federated Learning epoch = 9
Test Loss=0.0145, Test accuracy=0.1807
here了吧
Global Federated Learning epoch = 10
Test Loss=0.0144, Test accuracy=0.1714
here了吧
Global Federated Learning epoch = 11
Test Loss=0.0143, Test accuracy=0.1688
here了吧
Global Federated Learning epoch = 12
Test Loss=0.0142, Test accuracy=0.1820
here了吧
Global Federated Learning epoch = 13
Test Loss=0.0141, Test accuracy=0.2009
here了吧
Global Federated Learning epoch = 14
Test Loss=0.0140, Test accuracy=0.2114
here了吧
Global Federated Learning epoch = 15
Test Loss=0.0138, Test accuracy=0.2237
here了吧
Global Federated Learning epoch = 16
Test Loss=0.0137, Test accuracy=0.2350
here了吧
Global Federated Learning epoch = 17
Test Loss=0.0136, Test accuracy=0.2383
here了吧
Global Federated Learning epoch = 18
Test Loss=0.0134, Test accuracy=0.2481
here了吧
Global Federated Learning epoch = 19
Test Loss=0.0132, Test accuracy=0.2519
#####  Federated Retraining End  #####
Retrain Time using = 65.9346661567688 seconds 3
Test Loss=0.0135, Test accuracy=0.2472
Test Loss=0.0136, Test accuracy=0.2282
Test Loss=0.0132, Test accuracy=0.2516
Test Loss=0.0136, Test accuracy=0.2404
FL_params.unlearn_client:  3
Test Loss=0.2684, Test accuracy=0.2124
Test Loss=0.2704, Test accuracy=0.1929
Test Loss=0.2607, Test accuracy=0.2320
Test Loss=0.2641, Test accuracy=0.2133
*****  Result Summary  *****
[FedEraser] Test set: Average loss = 2.14127081, Average acc = 0.2404
[FedAccum] Test set: Average loss = 2.13768878, Average acc = 0.2282
[FedRetrain] Test set: Average loss = 2.07939281, Average acc = 0.2516
[FedAvg] Test set: Average loss = 2.11848297, Average acc = 0.2472


[FedEraser] Target set: Average loss = 2.14700732, Average acc = 0.2124
[FedAccum] Target set: Average loss = 2.16324791, Average acc = 0.1929
[FedRetrain] Target set: Average loss = 2.08551535, Average acc = 0.2320
[FedAvg] Target set: Average loss = 2.11316809, Average acc = 0.2133
============================================================
Step4. Membership Inference Attack aganist GM...

Epoch  = -1
Attacking against FL Standard  
MIA Attacker accuracy = 0.6840
MIA Attacker precision = 0.9259
MIA Attacker recall = 0.4000
Attacking against FL Retrain  
MIA Attacker accuracy = 0.5050
MIA Attacker precision = 0.5081
MIA Attacker recall = 0.3140
Attacking against FL Unlearn  
MIA Attacker accuracy = 0.5340
MIA Attacker precision = 0.5669
MIA Attacker recall = 0.2880
Attacking against FL Unlearn without calibration  
MIA Attacker accuracy = 0.4990
MIA Attacker precision = 0.4982
MIA Attacker recall = 0.2700
