Files already downloaded and verified
============================================================
Step1. Federated Learning Settings 
 We use dataset: cifar10 for our Federated Unlearning experiment.

============================================================
Step2. Client data loaded, testing data loaded!!!
       Initial Model loaded!!!
Files already downloaded and verified
Files already downloaded and verified
============================================================
Step3. Fedearated Learning and Unlearning Training...
len of selected client loader, 12
#####  Federated Learning Start#####
Global Federated Learning epoch = 0
Global Federated Learning epoch = 1
Global Federated Learning epoch = 2
Global Federated Learning epoch = 3
Global Federated Learning epoch = 4
Global Federated Learning epoch = 5
Global Federated Learning epoch = 6
Global Federated Learning epoch = 7
Global Federated Learning epoch = 8
Global Federated Learning epoch = 9
Global Federated Learning epoch = 10
Global Federated Learning epoch = 11
Global Federated Learning epoch = 12
Global Federated Learning epoch = 13
Global Federated Learning epoch = 14
Global Federated Learning epoch = 15
Global Federated Learning epoch = 16
Global Federated Learning epoch = 17
Global Federated Learning epoch = 18
Global Federated Learning epoch = 19
#####  Federated Learning End#####


#####  Federated Unlearning Start  #####
#### Sample-level Unlearning ####
split_clients [array([0, 1]), array([2, 3]), array([4, 5]), array([6, 7]), array([8, 9])]
Files already downloaded and verified
Files already downloaded and verified
batch_idx 0
Classes indices:  [ 1 10  0  5  8 14 11  4  3  7]
tf_idf {'conv1': tensor([0.1282, 0.1306, 0.0785, 0.0578, 0.1190, 0.1283]), 'conv2': tensor([0.0240, 0.0140, 0.0014, 0.1204, 0.0647, 0.0284, 0.0001, 0.1265, 0.0289,
        0.0000, 0.0220, 0.0407, 0.0048, 0.0002, 0.0349, 0.0044])}
tf_idf_array.shape:  torch.Size([16])
threshold 0.0001404416689183563
all_classes ['airplane', 'automobile', 'bird', 'cat', 'deer', 'dog', 'frog', 'horse', 'ship', 'truck']
Class to be removed:  ['dog']
#Remain classes:  9
Pruned sample index here: 5
K client_models [Net_cifar10(
  (conv1): Conv2d(3, 6, kernel_size=(5, 5), stride=(1, 1))
  (pool): MaxPool2d(kernel_size=2, stride=2, padding=0, dilation=1, ceil_mode=False)
  (conv2): Conv2d(6, 16, kernel_size=(5, 5), stride=(1, 1))
  (fc1): Linear(in_features=400, out_features=120, bias=True)
  (fc2): Linear(in_features=120, out_features=84, bias=True)
  (fc3): Linear(in_features=84, out_features=10, bias=True)
)]
K client_models [Net_cifar10(
  (conv1): Conv2d(3, 6, kernel_size=(5, 5), stride=(1, 1))
  (pool): MaxPool2d(kernel_size=2, stride=2, padding=0, dilation=1, ceil_mode=False)
  (conv2): Conv2d(6, 16, kernel_size=(5, 5), stride=(1, 1))
  (fc1): Linear(in_features=400, out_features=120, bias=True)
  (fc2): Linear(in_features=120, out_features=84, bias=True)
  (fc3): Linear(in_features=84, out_features=10, bias=True)
), Net_cifar10(
  (conv1): Conv2d(3, 6, kernel_size=(5, 5), stride=(1, 1))
  (pool): MaxPool2d(kernel_size=2, stride=2, padding=0, dilation=1, ceil_mode=False)
  (conv2): Conv2d(6, 16, kernel_size=(5, 5), stride=(1, 1))
  (fc1): Linear(in_features=400, out_features=120, bias=True)
  (fc2): Linear(in_features=120, out_features=84, bias=True)
  (fc3): Linear(in_features=84, out_features=10, bias=True)
)]
here
here
#####  Federated Unlearning End  #####


#####  Federated Unlearning without Calibration Start  #####
FL_params.forget_client_idx:  5
Federated Unlearning without Clibration Global Epoch  = 0
Federated Unlearning without Clibration Global Epoch  = 1
Federated Unlearning without Clibration Global Epoch  = 2
Federated Unlearning without Clibration Global Epoch  = 3
Federated Unlearning without Clibration Global Epoch  = 4
Federated Unlearning without Clibration Global Epoch  = 5
Federated Unlearning without Clibration Global Epoch  = 6
Federated Unlearning without Clibration Global Epoch  = 7
Federated Unlearning without Clibration Global Epoch  = 8
Federated Unlearning without Clibration Global Epoch  = 9
Federated Unlearning without Clibration Global Epoch  = 10
Federated Unlearning without Clibration Global Epoch  = 11
Federated Unlearning without Clibration Global Epoch  = 12
Federated Unlearning without Clibration Global Epoch  = 13
Federated Unlearning without Clibration Global Epoch  = 14
Federated Unlearning without Clibration Global Epoch  = 15
Federated Unlearning without Clibration Global Epoch  = 16
Federated Unlearning without Clibration Global Epoch  = 17
Federated Unlearning without Clibration Global Epoch  = 18
Federated Unlearning without Clibration Global Epoch  = 19
Federated Unlearning Global Epoch  = 1
Federated Unlearning Global Epoch  = 2
Federated Unlearning Global Epoch  = 3
Federated Unlearning Global Epoch  = 4
Federated Unlearning Global Epoch  = 5
Federated Unlearning Global Epoch  = 6
Federated Unlearning Global Epoch  = 7
Federated Unlearning Global Epoch  = 8
Federated Unlearning Global Epoch  = 9
Federated Unlearning Global Epoch  = 10
Federated Unlearning Global Epoch  = 11
Federated Unlearning Global Epoch  = 12
Federated Unlearning Global Epoch  = 13
Federated Unlearning Global Epoch  = 14
Federated Unlearning Global Epoch  = 15
Federated Unlearning Global Epoch  = 16
Federated Unlearning Global Epoch  = 17
Federated Unlearning Global Epoch  = 18
Federated Unlearning Global Epoch  = 19
#####  Federated Unlearning without Calibration End  #####
 Learning time consuming = 58.73320031166077 secods
 Unlearning time consuming = 1.8989880084991455 secods
 Unlearning no Cali time consuming = 0.06601595878601074 secods


#####  【Federated Retraining Start】  #####
Global Federated Learning epoch = 0
Test Loss=0.0147, Test accuracy=0.1055
Global Federated Learning epoch = 1
Test Loss=0.0147, Test accuracy=0.1056
Global Federated Learning epoch = 2
Test Loss=0.0147, Test accuracy=0.1036
Global Federated Learning epoch = 3
Test Loss=0.0147, Test accuracy=0.1018
Global Federated Learning epoch = 4
Test Loss=0.0147, Test accuracy=0.1010
Global Federated Learning epoch = 5
Test Loss=0.0147, Test accuracy=0.1010
Global Federated Learning epoch = 6
Test Loss=0.0147, Test accuracy=0.1004
Global Federated Learning epoch = 7
Test Loss=0.0147, Test accuracy=0.1003
Global Federated Learning epoch = 8
Test Loss=0.0147, Test accuracy=0.0996
Global Federated Learning epoch = 9
Test Loss=0.0147, Test accuracy=0.0996
Global Federated Learning epoch = 10
Test Loss=0.0147, Test accuracy=0.1004
Global Federated Learning epoch = 11
Test Loss=0.0147, Test accuracy=0.1001
Global Federated Learning epoch = 12
Test Loss=0.0147, Test accuracy=0.0998
Global Federated Learning epoch = 13
Test Loss=0.0147, Test accuracy=0.1004
Global Federated Learning epoch = 14
Test Loss=0.0147, Test accuracy=0.0998
Global Federated Learning epoch = 15
Test Loss=0.0147, Test accuracy=0.0998
Global Federated Learning epoch = 16
Test Loss=0.0147, Test accuracy=0.1004
Global Federated Learning epoch = 17
Test Loss=0.0147, Test accuracy=0.0995
Global Federated Learning epoch = 18
Test Loss=0.0147, Test accuracy=0.1004
Global Federated Learning epoch = 19
Test Loss=0.0147, Test accuracy=0.1001
#####  Federated Retraining End  #####
Retrain Time using = 86.9273829460144 seconds 3
Test Loss=0.0134, Test accuracy=0.2472
Test Loss=0.0135, Test accuracy=0.2235
Test Loss=0.0147, Test accuracy=0.0995
Test Loss=0.0135, Test accuracy=0.2348
target loader 5
SAMPLE-Client loader: [<torch.utils.data.dataloader.DataLoader object at 0x29659e310>, <torch.utils.data.dataloader.DataLoader object at 0x296595fa0>, <torch.utils.data.dataloader.DataLoader object at 0x296595cd0>, <torch.utils.data.dataloader.DataLoader object at 0x2965a1070>, <torch.utils.data.dataloader.DataLoader object at 0x296599ee0>, <torch.utils.data.dataloader.DataLoader object at 0x296599a30>, <torch.utils.data.dataloader.DataLoader object at 0x29659bf10>, <torch.utils.data.dataloader.DataLoader object at 0x296599490>, <torch.utils.data.dataloader.DataLoader object at 0x2965a1610>, <torch.utils.data.dataloader.DataLoader object at 0x296599850>, <torch.utils.data.dataloader.DataLoader object at 0x2965993a0>, <torch.utils.data.dataloader.DataLoader object at 0x2965a1ac0>]
Traceback (most recent call last):
  File "/Users/wangjiayi/Desktop/FedEraser-Code/Fed_Unlearn_main.py", line 224, in <module>
    Federated_Unlearning()
  File "/Users/wangjiayi/Desktop/FedEraser-Code/Fed_Unlearn_main.py", line 162, in Federated_Unlearning
    federaser_target_acc, federaser_target_loss = test(unlearn_GMs[-1], target_loader)
  File "/Users/wangjiayi/Desktop/FedEraser-Code/FL_base.py", line 330, in test
    for batch_idx, (inputs, targets) in enumerate(testloader):
ValueError: too many values to unpack (expected 2)
