Files already downloaded and verified
============================================================
Step1. Federated Learning Settings 
 We use dataset: cifar10 for our Federated Unlearning experiment.

============================================================
Step2. Client data loaded, testing data loaded!!!
       Initial Model loaded!!!
Files already downloaded and verified
Files already downloaded and verified
============================================================
Step3. Fedearated Learning and Unlearning Training...
len of selected client loader, 12
#####  Federated Learning Start#####
Global Federated Learning epoch = 0
Global Federated Learning epoch = 1
Global Federated Learning epoch = 2
Global Federated Learning epoch = 3
Global Federated Learning epoch = 4
Global Federated Learning epoch = 5
Global Federated Learning epoch = 6
Global Federated Learning epoch = 7
Global Federated Learning epoch = 8
Global Federated Learning epoch = 9
Global Federated Learning epoch = 10
Global Federated Learning epoch = 11
Global Federated Learning epoch = 12
Global Federated Learning epoch = 13
Global Federated Learning epoch = 14
Global Federated Learning epoch = 15
Global Federated Learning epoch = 16
Global Federated Learning epoch = 17
Global Federated Learning epoch = 18
Global Federated Learning epoch = 19
#####  Federated Learning End#####


#####  Federated Unlearning Start  #####
#### Client-level Unlearning ####
k_u:  2
client_index_temp: <class 'numpy.ndarray'> 10 60
Files already downloaded and verified
Files already downloaded and verified
batch_idx 0
Feature: conv1, Importance: tensor([0.0796, 0.1075, 0.0747, 0.1782, 0.0329, 0.0620])
Feature: conv2, Importance: tensor([0.0543, 0.0638, 0.0199, 0.0352, 0.0301, 0.0664, 0.0130, 0.0390, 0.0110,
        0.0386, 0.0117, 0.0020, 0.0583, 0.0335, 0.0299, 0.0483])
Classes indices:  [ 4 13  3  9  7 15  0 12  1  5]
tf_idf {'conv1': tensor([0.0796, 0.1075, 0.0747, 0.1782, 0.0329, 0.0620]), 'conv2': tensor([0.0543, 0.0638, 0.0199, 0.0352, 0.0301, 0.0664, 0.0130, 0.0390, 0.0110,
        0.0386, 0.0117, 0.0020, 0.0583, 0.0335, 0.0299, 0.0483])}
tf_idf_array.shape:  torch.Size([16])
threshold 0.01101731788367033
all_classes ['airplane', 'automobile', 'bird', 'cat', 'deer', 'dog', 'frog', 'horse', 'ship', 'truck']
Class to be removed:  ['dog']
#Remain classes:  9
<class 'list'> unlearn_testset
<class 'list'> rest_trainset
*****testing in unlearn_data************
Test Loss=1.1407, Test accuracy=0.0000
****************************************
*****testing in rest_data***************
Test Loss=1.1488, Test accuracy=0.1200
****************************************
#####  Federated Unlearning End  #####


#####  Federated Unlearning without Calibration Start  #####
FL_params.forget_client_idx:  5
uncali_global_models:  [Net_cifar10(
  (conv1): Conv2d(3, 6, kernel_size=(5, 5), stride=(1, 1))
  (pool): MaxPool2d(kernel_size=2, stride=2, padding=0, dilation=1, ceil_mode=False)
  (conv2): Conv2d(6, 16, kernel_size=(5, 5), stride=(1, 1))
  (fc1): Linear(in_features=400, out_features=120, bias=True)
  (fc2): Linear(in_features=120, out_features=84, bias=True)
  (fc3): Linear(in_features=84, out_features=10, bias=True)
), Net_cifar10(
  (conv1): Conv2d(3, 6, kernel_size=(5, 5), stride=(1, 1))
  (pool): MaxPool2d(kernel_size=2, stride=2, padding=0, dilation=1, ceil_mode=False)
  (conv2): Conv2d(6, 16, kernel_size=(5, 5), stride=(1, 1))
  (fc1): Linear(in_features=400, out_features=120, bias=True)
  (fc2): Linear(in_features=120, out_features=84, bias=True)
  (fc3): Linear(in_features=84, out_features=10, bias=True)
)]
Federated Unlearning without Clibration Global Epoch  = 0
Federated Unlearning Global Epoch  = 1
Files already downloaded and verified
Files already downloaded and verified
batch_idx 0
Feature: conv1, Importance: tensor([0.1137, 0.1571, 0.0782, 0.0685, 0.0880, 0.0259])
Feature: conv2, Importance: tensor([0.0471, 0.0207, 0.0023, 0.0024, 0.0306, 0.0007, 0.0760, 0.0324, 0.0192,
        0.0057, 0.0298, 0.0044, 0.0950, 0.0341, 0.0401, 0.0028])
Classes indices:  [ 8  1 10  4  7 13 14  0  6 12]
tf_idf {'conv1': tensor([0.1137, 0.1571, 0.0782, 0.0685, 0.0880, 0.0259]), 'conv2': tensor([0.0471, 0.0207, 0.0023, 0.0024, 0.0306, 0.0007, 0.0760, 0.0324, 0.0192,
        0.0057, 0.0298, 0.0044, 0.0950, 0.0341, 0.0401, 0.0028])}
tf_idf_array.shape:  torch.Size([16])
threshold 0.002296822378411889
all_classes ['airplane', 'automobile', 'bird', 'cat', 'deer', 'dog', 'frog', 'horse', 'ship', 'truck']
Class to be removed:  ['frog']
#Remain classes:  9
<class 'list'> unlearn_testset
<class 'list'> rest_trainset
*****testing in unlearn_data************
Test Loss=1.1909, Test accuracy=0.0000
****************************************
*****testing in rest_data***************
Test Loss=1.1462, Test accuracy=0.1400
****************************************
#####  Federated Unlearning without Calibration End  #####
 Learning time consuming = 55.132718086242676 secods
 Unlearning time consuming = 6.335998058319092 secods
 Unlearning no Cali time consuming = 6.447626113891602 secods


#####  【Federated Retraining Start】  #####
Global Federated Learning epoch = 0
Test Loss=0.0147, Test accuracy=0.1016
save path /Users/wangjiayi/Desktop/FedEraser-Code/ckpt/retrained/seed_acc230.2_epoch0_2024-04-13 12-52-55.pth
#####  Federated Retraining End  #####
Retrain Time using = 3.7697699069976807 seconds 3
unlearned GMs:  <class 'model_initiation.Net_cifar10'> Net_cifar10(
  (conv1): Conv2d(3, 6, kernel_size=(5, 5), stride=(1, 1))
  (pool): MaxPool2d(kernel_size=2, stride=2, padding=0, dilation=1, ceil_mode=False)
  (conv2): Conv2d(6, 16, kernel_size=(5, 5), stride=(1, 1))
  (fc1): Linear(in_features=400, out_features=120, bias=True)
  (fc2): Linear(in_features=120, out_features=84, bias=True)
  (fc3): Linear(in_features=84, out_features=10, bias=True)
)
unlearn_uncali <class 'model_initiation.Net_cifar10'> Net_cifar10(
  (conv1): Conv2d(3, 6, kernel_size=(5, 5), stride=(1, 1))
  (pool): MaxPool2d(kernel_size=2, stride=2, padding=0, dilation=1, ceil_mode=False)
  (conv2): Conv2d(6, 16, kernel_size=(5, 5), stride=(1, 1))
  (fc1): Linear(in_features=400, out_features=120, bias=True)
  (fc2): Linear(in_features=120, out_features=84, bias=True)
  (fc3): Linear(in_features=84, out_features=10, bias=True)
)
Test Loss=0.0133, Test accuracy=0.2487
Test Loss=0.0147, Test accuracy=0.1044
Test Loss=0.0147, Test accuracy=0.1016
Test Loss=0.0147, Test accuracy=0.1074
FL_params.unlearn_client:  6
Test Loss=0.2881, Test accuracy=0.0880
Test Loss=0.2879, Test accuracy=0.1040
Test Loss=0.2880, Test accuracy=0.0960
Test Loss=0.2627, Test accuracy=0.2140
*****  Result Summary  *****
[FedEraser] Test set: Average loss = 2.30481325, Average acc = 0.1074
[FedAccum] Test set: Average loss = 2.30350017, Average acc = 0.1044
[FedRetrain] Test set: Average loss = 2.30258180, Average acc = 0.1016
[FedAvg] Test set: Average loss = 2.09436703, Average acc = 0.2487


[FedEraser] Target set: Average loss = 2.30478761, Average acc = 0.0880
[FedAccum] Target set: Average loss = 2.30321038, Average acc = 0.1040
[FedRetrain] Target set: Average loss = 2.30412540, Average acc = 0.0960
[FedAvg] Target set: Average loss = 2.10198185, Average acc = 0.2140
============================================================
Step4. Membership Inference Attack aganist GM...

Epoch  = -1
Attacking against FL Standard  
MIA Attacker accuracy = 0.6790
MIA Attacker precision = 0.9282
MIA Attacker recall = 0.3880
Attacking against FL Retrain  
MIA Attacker accuracy = 0.5330
MIA Attacker precision = 0.6602
MIA Attacker recall = 0.1360
Attacking against FL Unlearn  
MIA Attacker accuracy = 0.5250
MIA Attacker precision = 0.5839
MIA Attacker recall = 0.1740
Attacking against FL Unlearn without calibration  
MIA Attacker accuracy = 0.4990
MIA Attacker precision = 0.4000
MIA Attacker recall = 0.0040
