Files already downloaded and verified
============================================================
Step1. Federated Learning Settings 
 We use dataset: cifar10 for our Federated Unlearning experiment.

============================================================
Step2. Client data loaded, testing data loaded!!!
       Initial Model loaded!!!
Files already downloaded and verified
Files already downloaded and verified
============================================================
Step3. Fedearated Learning and Unlearning Training...
len of selected client loader, 12
#####  Federated Learning Start#####
Global Federated Learning epoch = 0
Global Federated Learning epoch = 1
Global Federated Learning epoch = 2
Global Federated Learning epoch = 3
Global Federated Learning epoch = 4
Global Federated Learning epoch = 5
Global Federated Learning epoch = 6
Global Federated Learning epoch = 7
Global Federated Learning epoch = 8
Global Federated Learning epoch = 9
Global Federated Learning epoch = 10
Global Federated Learning epoch = 11
Global Federated Learning epoch = 12
Global Federated Learning epoch = 13
Global Federated Learning epoch = 14
Global Federated Learning epoch = 15
Global Federated Learning epoch = 16
Global Federated Learning epoch = 17
Global Federated Learning epoch = 18
Global Federated Learning epoch = 19
#####  Federated Learning End#####


#####  Federated Unlearning Start  #####
#### Client-level Unlearning ####
k_u:  2
client_index_temp: <class 'numpy.ndarray'> 10 81
Federated Unlearning Global Epoch  = 1
Federated Unlearning Global Epoch  = 2
Federated Unlearning Global Epoch  = 3
Federated Unlearning Global Epoch  = 4
Federated Unlearning Global Epoch  = 5
Federated Unlearning Global Epoch  = 6
Federated Unlearning Global Epoch  = 7
Federated Unlearning Global Epoch  = 8
Federated Unlearning Global Epoch  = 9
Federated Unlearning Global Epoch  = 10
Federated Unlearning Global Epoch  = 11
Federated Unlearning Global Epoch  = 12
Federated Unlearning Global Epoch  = 13
Federated Unlearning Global Epoch  = 14
Federated Unlearning Global Epoch  = 15
Federated Unlearning Global Epoch  = 16
Federated Unlearning Global Epoch  = 17
Federated Unlearning Global Epoch  = 18
Federated Unlearning Global Epoch  = 19
N, =#datapoint 16
Traceback (most recent call last):
  File "/Users/wangjiayi/Desktop/FedEraser-Code/Fed_Unlearn_main.py", line 232, in <module>
    Federated_Unlearning()
  File "/Users/wangjiayi/Desktop/FedEraser-Code/Fed_Unlearn_main.py", line 128, in Federated_Unlearning
    old_GMs, unlearn_GMs, uncali_unlearn_GMs, _ = federated_learning_unlearning(init_global_model,
  File "/Users/wangjiayi/Desktop/FedEraser-Code/Fed_Unlearn_base.py", line 217, in federated_learning_unlearning
    unlearn_GMs = total_variance.client_level_unlearning(old_GMs, old_CMs, client_loaders, 3, k_u, FL_params)
  File "/Users/wangjiayi/Desktop/FedEraser-Code/total_variance.py", line 227, in client_level_unlearning
    updated_global_model_i = fats_algorithm(global_model, old_client_models, new_client_data_loaders, FL_params,
  File "/Users/wangjiayi/Desktop/FedEraser-Code/total_variance.py", line 71, in fats_algorithm
    FL_params.rous = (FL_params.b * FL_params.K * FL_params.global_epoch) / (FL_params.N * FL_params.N_total_client)
AttributeError: 'Arguments' object has no attribute 'N'
