Files already downloaded and verified
============================================================
Step1. Federated Learning Settings 
 We use dataset: cifar10 for our Federated Unlearning experiment.

============================================================
Step2. Client data loaded, testing data loaded!!!
       Initial Model loaded!!!
Files already downloaded and verified
Files already downloaded and verified
============================================================
Step3. Fedearated Learning and Unlearning Training...
#####  Federated Learning Start#####
Global Federated Learning epoch = 0
Global Federated Learning epoch = 1
Global Federated Learning epoch = 2
Global Federated Learning epoch = 3
Global Federated Learning epoch = 4
Global Federated Learning epoch = 5
Global Federated Learning epoch = 6
Global Federated Learning epoch = 7
Global Federated Learning epoch = 8
Global Federated Learning epoch = 9
Global Federated Learning epoch = 10
Global Federated Learning epoch = 11
Global Federated Learning epoch = 12
Global Federated Learning epoch = 13
Global Federated Learning epoch = 14
Global Federated Learning epoch = 15
Global Federated Learning epoch = 16
Global Federated Learning epoch = 17
Global Federated Learning epoch = 18
Global Federated Learning epoch = 19
#####  Federated Learning End#####


#####  Federated Unlearning Start  #####
#### Sample-level Unlearning ####
selected_clients2 [9, 1, 6, 5, 8]
P:  [9, 1, 6, 5, 8]
X_u <torch.utils.data.dataloader.DataLoader object at 0x28a427a00>
data_loader_ku <torch.utils.data.dataloader.DataLoader object at 0x28a427a00>
here
client_data_loaders:  <torch.utils.data.dataloader.DataLoader object at 0x2e8150670>
Federated Unlearning Global Epoch  = 1
Federated Unlearning Global Epoch  = 2
Federated Unlearning Global Epoch  = 3
Federated Unlearning Global Epoch  = 4
Federated Unlearning Global Epoch  = 5
Federated Unlearning Global Epoch  = 6
Federated Unlearning Global Epoch  = 7
Federated Unlearning Global Epoch  = 8
Federated Unlearning Global Epoch  = 9
Federated Unlearning Global Epoch  = 10
Federated Unlearning Global Epoch  = 11
Federated Unlearning Global Epoch  = 12
Federated Unlearning Global Epoch  = 13
Federated Unlearning Global Epoch  = 14
Federated Unlearning Global Epoch  = 15
Federated Unlearning Global Epoch  = 16
Federated Unlearning Global Epoch  = 17
Federated Unlearning Global Epoch  = 18
Federated Unlearning Global Epoch  = 19
N, =#dataset [9, 1, 6, 5, 8]
rouc:  2.0  rous:  62.5
IE:  {1, 2, 3, 4, 5, 6, 7, 8, 9, 10, 11, 12, 13, 14, 15, 16, 17, 18, 19}
tr:  5
selected_clients:      [3 4 2 8 7 6 2 4 4 3]
client_models 10
selected_clients:      [2 1 4 4 1 1 1 9 7 9]
client_models 10
selected_clients:      [7 2 3 5 2 7 7 1 1 2]
client_models 10
selected_clients:      [1 7 5 0 2 0 2 9 2 9]
client_models 10
selected_clients:      [8 7 2 7 0 2 3 2 8 3]
client_models 10
selected_clients:      [2 7 7 5 7 0 8 5 8 7]
client_models 10
selected_clients:      [3 8 7 7 0 0 4 8 7 9]
client_models 10
selected_clients:      [6 9 9 5 6 6 0 6 0 9]
client_models 10
selected_clients:      [7 2 5 8 8 2 0 1 3 9]
client_models 10
selected_clients:      [1 1 1 2 8 4 9 2 2 1]
client_models 10
selected_clients:      [4 5 1 3 8 6 5 0 8 6]
client_models 10
selected_clients:      [1 6 7 8 4 3 8 6 9 2]
client_models 10
selected_clients:      [1 2 7 5 2 7 6 1 0 8]
client_models 10
selected_clients:      [6 8 7 6 5 4 1 9 1 3]
client_models 10
selected_clients:      [5 3 7 5 3 0 1 7 7 3]
client_models 10
GGGlobal <class 'model_initiation.Net_cifar10'>
Files already downloaded and verified
Files already downloaded and verified
batch_idx 0
Feature: conv1, Importance: tensor([[0.0625, 0.1039, 0.0283, 0.1231, 0.1914, 0.0228],
        [0.0379, 0.1181, 0.0474, 0.1305, 0.1778, 0.0131],
        [0.0270, 0.0679, 0.0427, 0.1647, 0.2007, 0.0099],
        [0.0282, 0.1001, 0.0421, 0.1411, 0.1996, 0.0108],
        [0.1010, 0.2071, 0.0218, 0.0770, 0.1357, 0.0180]])
Feature: conv2, Importance: tensor([[0.0263, 0.0205, 0.0184, 0.0095, 0.0264, 0.0024, 0.0252, 0.0300, 0.0123,
         0.0989, 0.0408, 0.0610, 0.0605, 0.0108, 0.0275, 0.0266],
        [0.0305, 0.0262, 0.0230, 0.0152, 0.0156, 0.0020, 0.0147, 0.0391, 0.0085,
         0.1156, 0.0418, 0.0599, 0.0537, 0.0103, 0.0214, 0.0207],
        [0.0258, 0.0142, 0.0228, 0.0186, 0.0178, 0.0013, 0.0170, 0.0234, 0.0109,
         0.1139, 0.0599, 0.0588, 0.0534, 0.0078, 0.0223, 0.0140],
        [0.0301, 0.0148, 0.0248, 0.0132, 0.0156, 0.0014, 0.0139, 0.0387, 0.0078,
         0.1080, 0.0588, 0.0538, 0.0557, 0.0179, 0.0221, 0.0113],
        [0.0146, 0.0289, 0.0045, 0.0107, 0.0341, 0.0012, 0.0213, 0.0357, 0.0239,
         0.0880, 0.0096, 0.0915, 0.0702, 0.0028, 0.0201, 0.0587]])
Classes indices:  [[ 5  3 13  8  2  1  6  0  4 15 14  7 10 12 11  9]
 [ 5  8 13  6  3  4 15 14  2  1  0  7 10 12 11  9]
 [ 5 13  8 15  1  6  4  3 14  2  7  0 12 11 10  9]
 [ 5  8 15  3  6  1  4 13 14  2  0  7 11 12 10  9]
 [ 5 13  2 10  3  0 14  6  8  1  4  7 15 12  9 11]]
tf_idf {'conv1': tensor([[0.0625, 0.1039, 0.0283, 0.1231, 0.1914, 0.0228],
        [0.0379, 0.1181, 0.0474, 0.1305, 0.1778, 0.0131],
        [0.0270, 0.0679, 0.0427, 0.1647, 0.2007, 0.0099],
        [0.0282, 0.1001, 0.0421, 0.1411, 0.1996, 0.0108],
        [0.1010, 0.2071, 0.0218, 0.0770, 0.1357, 0.0180]]), 'conv2': tensor([[0.0263, 0.0205, 0.0184, 0.0095, 0.0264, 0.0024, 0.0252, 0.0300, 0.0123,
         0.0989, 0.0408, 0.0610, 0.0605, 0.0108, 0.0275, 0.0266],
        [0.0305, 0.0262, 0.0230, 0.0152, 0.0156, 0.0020, 0.0147, 0.0391, 0.0085,
         0.1156, 0.0418, 0.0599, 0.0537, 0.0103, 0.0214, 0.0207],
        [0.0258, 0.0142, 0.0228, 0.0186, 0.0178, 0.0013, 0.0170, 0.0234, 0.0109,
         0.1139, 0.0599, 0.0588, 0.0534, 0.0078, 0.0223, 0.0140],
        [0.0301, 0.0148, 0.0248, 0.0132, 0.0156, 0.0014, 0.0139, 0.0387, 0.0078,
         0.1080, 0.0588, 0.0538, 0.0557, 0.0179, 0.0221, 0.0113],
        [0.0146, 0.0289, 0.0045, 0.0107, 0.0341, 0.0012, 0.0213, 0.0357, 0.0239,
         0.0880, 0.0096, 0.0915, 0.0702, 0.0028, 0.0201, 0.0587]])}
tf_idf_array.shape:  torch.Size([5, 16])
threshold 0.0023740048054605722
all_classes ['airplane', 'automobile', 'bird', 'cat', 'deer', 'dog', 'frog', 'horse', 'ship', 'truck']
Class to be removed:  ['truck']
#Remain classes:  9
<class 'list'> unlearn_testset
<class 'list'> rest_trainset
*****testing in unlearn_data************
Test Loss=1.1762, Test accuracy=0.0000
****************************************
*****testing in rest_data***************
Test Loss=1.1495, Test accuracy=0.0800
****************************************
#####  Federated Unlearning End  #####


#####  Federated Unlearning without Calibration Start  #####
FL_params.forget_client_idx:  9
Federated Unlearning without Clibration Global Epoch  = 0
Federated Unlearning Global Epoch  = 1
Files already downloaded and verified
Files already downloaded and verified
batch_idx 0
Feature: conv1, Importance: tensor([0.1367, 0.2131, 0.0835, 0.1062, 0.0706, 0.0283])
Feature: conv2, Importance: tensor([0.0103, 0.0976, 0.0450, 0.1283, 0.0146, 0.0609, 0.0254, 0.0019, 0.0169,
        0.0111, 0.0758, 0.0655, 0.0099, 0.0107, 0.0187, 0.0486])
Classes indices:  [ 8 14  6  2 15  5 11 10  1  3]
tf_idf {'conv1': tensor([0.1367, 0.2131, 0.0835, 0.1062, 0.0706, 0.0283]), 'conv2': tensor([0.0103, 0.0976, 0.0450, 0.1283, 0.0146, 0.0609, 0.0254, 0.0019, 0.0169,
        0.0111, 0.0758, 0.0655, 0.0099, 0.0107, 0.0187, 0.0486])}
tf_idf_array.shape:  torch.Size([16])
threshold 0.009930282831192017
all_classes ['airplane', 'automobile', 'bird', 'cat', 'deer', 'dog', 'frog', 'horse', 'ship', 'truck']
Class to be removed:  ['deer']
#Remain classes:  9
<class 'list'> unlearn_testset
<class 'list'> rest_trainset
*****testing in unlearn_data************
Test Loss=1.1727, Test accuracy=0.0000
****************************************
*****testing in rest_data***************
Test Loss=1.1531, Test accuracy=0.0800
****************************************
#####  Federated Unlearning without Calibration End  #####
 Learning time consuming = 19.29514789581299 secods
 Unlearning time consuming = 24.554686784744263 secods
 Unlearning no Cali time consuming = 2.5813941955566406 secods


#####  【Federated Retraining Start】  #####
Global Federated Learning epoch = 0
Test Loss=0.0147, Test accuracy=0.0957
save path /Users/wangjiayi/Desktop/FedEraser-Code/ckpt/retrained/resnet32/seed_acc230.3_epoch0_2024-04-09 12-21-28.pth
#####  Federated Retraining End  #####
Retrain Time using = 1.9591100215911865 seconds
unlearned GMs:  <class 'model_initiation.Net_cifar10'> Net_cifar10(
  (conv1): Conv2d(3, 6, kernel_size=(5, 5), stride=(1, 1))
  (pool): MaxPool2d(kernel_size=2, stride=2, padding=0, dilation=1, ceil_mode=False)
  (conv2): Conv2d(6, 16, kernel_size=(5, 5), stride=(1, 1))
  (fc1): Linear(in_features=400, out_features=120, bias=True)
  (fc2): Linear(in_features=120, out_features=84, bias=True)
  (fc3): Linear(in_features=84, out_features=10, bias=True)
)
Test Loss=0.0147, Test accuracy=0.1006
Test Loss=0.0147, Test accuracy=0.1000
Test Loss=0.0147, Test accuracy=0.0957
Test Loss=0.0147, Test accuracy=0.1002
test olader 4
[<torch.utils.data.dataloader.DataLoader object at 0x28a425d90>, <torch.utils.data.dataloader.DataLoader object at 0x28a427af0>, <torch.utils.data.dataloader.DataLoader object at 0x28a42da60>, <torch.utils.data.dataloader.DataLoader object at 0x28a4215e0>, <torch.utils.data.dataloader.DataLoader object at 0x28a427550>, <torch.utils.data.dataloader.DataLoader object at 0x28a427910>, <torch.utils.data.dataloader.DataLoader object at 0x28a421e50>, <torch.utils.data.dataloader.DataLoader object at 0x28a42a3a0>, <torch.utils.data.dataloader.DataLoader object at 0x28a42dd30>, <torch.utils.data.dataloader.DataLoader object at 0x28a427a00>]
Test Loss=0.2880, Test accuracy=0.1280
Test Loss=0.2876, Test accuracy=0.1120
Test Loss=0.2883, Test accuracy=0.0760
Test Loss=0.2879, Test accuracy=0.1080
*****  Result Summary  *****
[FedEraser] Test set: Average loss = 2.30458224, Average acc = 0.1002
[FedAccum] Test set: Average loss = 2.30431413, Average acc = 0.1000
[FedRetrain] Test set: Average loss = 2.30360564, Average acc = 0.0957
[FedAvg] Test set: Average loss = 2.30145625, Average acc = 0.1006


[FedEraser] Target set: Average loss = 2.30398145, Average acc = 0.1280
[FedAccum] Target set: Average loss = 2.30642185, Average acc = 0.0760
[FedRetrain] Target set: Average loss = 2.30285248, Average acc = 0.1080
[FedAvg] Target set: Average loss = 2.30041531, Average acc = 0.1120
============================================================
Step4. Membership Inference Attack aganist GM...

Epoch  = -1
Attacking against FL Standard  
MIA Attacker accuracy = 0.9510
MIA Attacker precision = 0.9669
MIA Attacker recall = 0.9340
Attacking against FL Retrain  
MIA Attacker accuracy = 0.5040
MIA Attacker precision = 0.5213
MIA Attacker recall = 0.0980
Attacking against FL Unlearn  
MIA Attacker accuracy = 0.5010
MIA Attacker precision = 0.5008
MIA Attacker recall = 0.6660
Attacking against FL Unlearn without calibration  
MIA Attacker accuracy = 0.5070
MIA Attacker precision = 0.5686
MIA Attacker recall = 0.0580
