Files already downloaded and verified
============================================================
Step1. Federated Learning Settings 
 We use dataset: cifar10 for our Federated Unlearning experiment.

============================================================
Step2. Client data loaded, testing data loaded!!!
       Initial Model loaded!!!
Files already downloaded and verified
Files already downloaded and verified
============================================================
Step3. Fedearated Learning and Unlearning Training...
#####  Federated Learning Start#####
Global Federated Learning epoch = 0
Global Federated Learning epoch = 1
Global Federated Learning epoch = 2
Global Federated Learning epoch = 3
Global Federated Learning epoch = 4
Global Federated Learning epoch = 5
Global Federated Learning epoch = 6
Global Federated Learning epoch = 7
Global Federated Learning epoch = 8
Global Federated Learning epoch = 9
Global Federated Learning epoch = 10
Global Federated Learning epoch = 11
Global Federated Learning epoch = 12
Global Federated Learning epoch = 13
Global Federated Learning epoch = 14
Global Federated Learning epoch = 15
Global Federated Learning epoch = 16
Global Federated Learning epoch = 17
Global Federated Learning epoch = 18
Global Federated Learning epoch = 19
#####  Federated Learning End#####


#####  Federated Unlearning Start  #####
#### Sample-level Unlearning ####
selected_clients2 [8, 2, 3, 2, 0]
P:  [8, 2, 3, 2, 0]
X_u <torch.utils.data.dataloader.DataLoader object at 0x292e86130>
data_loader_ku <torch.utils.data.dataloader.DataLoader object at 0x292e86130>
here
client_data_loaders:  <torch.utils.data.dataloader.DataLoader object at 0x2a3ddc550>
Federated Unlearning Global Epoch  = 1
Federated Unlearning Global Epoch  = 2
Federated Unlearning Global Epoch  = 3
Federated Unlearning Global Epoch  = 4
Federated Unlearning Global Epoch  = 5
Federated Unlearning Global Epoch  = 6
Federated Unlearning Global Epoch  = 7
Federated Unlearning Global Epoch  = 8
Federated Unlearning Global Epoch  = 9
Federated Unlearning Global Epoch  = 10
Federated Unlearning Global Epoch  = 11
Federated Unlearning Global Epoch  = 12
Federated Unlearning Global Epoch  = 13
Federated Unlearning Global Epoch  = 14
Federated Unlearning Global Epoch  = 15
Federated Unlearning Global Epoch  = 16
Federated Unlearning Global Epoch  = 17
Federated Unlearning Global Epoch  = 18
Federated Unlearning Global Epoch  = 19
N, =#dataset [8, 2, 3, 2, 0]
rouc:  2.0  rous:  0.5
IE:  {1, 2, 3, 4, 5, 6, 7, 8, 9, 10, 11, 12, 13, 14, 15, 16, 17, 18, 19}
tr:  5
selected_clients:      [5 5 4 0 3 9 6 4 5 2]
client_models 10
selected_clients:      [3 1 2 3 7 6 3 3 9 5]
client_models 10
selected_clients:      [4 2 0 5 8 2 5 8 1 7]
client_models 10
selected_clients:      [0 2 4 7 6 3 1 0 6 1]
client_models 10
selected_clients:      [5 3 6 1 5 3 7 8 1 0]
client_models 10
selected_clients:      [3 7 2 8 9 7 9 2 5 2]
client_models 10
selected_clients:      [0 7 6 1 8 0 4 4 6 4]
client_models 10
selected_clients:      [7 3 3 9 9 6 8 2 7 0]
client_models 10
selected_clients:      [2 8 2 0 0 6 5 9 3 6]
client_models 10
selected_clients:      [1 3 2 1 0 3 8 3 3 3]
client_models 10
selected_clients:      [7 3 2 3 4 2 7 1 6 7]
client_models 10
selected_clients:      [8 0 3 5 9 4 4 1 0 5]
client_models 10
selected_clients:      [1 8 8 5 7 9 5 9 1 1]
client_models 10
selected_clients:      [4 0 8 1 5 6 7 0 9 5]
client_models 10
selected_clients:      [6 0 0 2 2 0 6 9 8 4]
client_models 10
GGGlobal <class 'model_initiation.Net_cifar10'>
Files already downloaded and verified
Files already downloaded and verified
batch_idx 0
Feature: conv1, Importance: tensor([[0.1010, 0.2071, 0.0218, 0.0770, 0.1357, 0.0180],
        [0.0415, 0.0992, 0.0245, 0.1385, 0.2066, 0.0219],
        [0.0303, 0.1090, 0.0537, 0.1293, 0.1859, 0.0110],
        [0.0415, 0.0992, 0.0245, 0.1385, 0.2066, 0.0219],
        [0.0711, 0.0797, 0.0510, 0.1379, 0.1396, 0.0414]])
Feature: conv2, Importance: tensor([[0.0146, 0.0289, 0.0045, 0.0107, 0.0341, 0.0012, 0.0213, 0.0357, 0.0239,
         0.0880, 0.0096, 0.0915, 0.0702, 0.0028, 0.0201, 0.0587],
        [0.0244, 0.0174, 0.0198, 0.0121, 0.0245, 0.0022, 0.0195, 0.0338, 0.0102,
         0.1006, 0.0507, 0.0613, 0.0547, 0.0120, 0.0242, 0.0244],
        [0.0295, 0.0157, 0.0222, 0.0141, 0.0182, 0.0010, 0.0205, 0.0287, 0.0132,
         0.1050, 0.0536, 0.0558, 0.0546, 0.0127, 0.0199, 0.0254],
        [0.0244, 0.0174, 0.0198, 0.0121, 0.0245, 0.0022, 0.0195, 0.0338, 0.0102,
         0.1006, 0.0507, 0.0613, 0.0547, 0.0120, 0.0242, 0.0244],
        [0.0277, 0.0204, 0.0250, 0.0161, 0.0220, 0.0040, 0.0236, 0.0327, 0.0113,
         0.1041, 0.0414, 0.0592, 0.0475, 0.0132, 0.0234, 0.0246]])
Classes indices:  [[ 5 13  2 10  3  0 14  6  8  1  4  7 15 12  9 11]
 [ 5  8 13  3  1  6  2 14  0 15  4  7 10 12 11  9]
 [ 5 13  8  3  1  4 14  6  2 15  7  0 10 12 11  9]
 [ 5  8 13  3  1  6  2 14  0 15  4  7 10 12 11  9]
 [ 5  8 13  3  1  4 14  6 15  2  0  7 10 12 11  9]]
tf_idf {'conv1': tensor([[0.1010, 0.2071, 0.0218, 0.0770, 0.1357, 0.0180],
        [0.0415, 0.0992, 0.0245, 0.1385, 0.2066, 0.0219],
        [0.0303, 0.1090, 0.0537, 0.1293, 0.1859, 0.0110],
        [0.0415, 0.0992, 0.0245, 0.1385, 0.2066, 0.0219],
        [0.0711, 0.0797, 0.0510, 0.1379, 0.1396, 0.0414]]), 'conv2': tensor([[0.0146, 0.0289, 0.0045, 0.0107, 0.0341, 0.0012, 0.0213, 0.0357, 0.0239,
         0.0880, 0.0096, 0.0915, 0.0702, 0.0028, 0.0201, 0.0587],
        [0.0244, 0.0174, 0.0198, 0.0121, 0.0245, 0.0022, 0.0195, 0.0338, 0.0102,
         0.1006, 0.0507, 0.0613, 0.0547, 0.0120, 0.0242, 0.0244],
        [0.0295, 0.0157, 0.0222, 0.0141, 0.0182, 0.0010, 0.0205, 0.0287, 0.0132,
         0.1050, 0.0536, 0.0558, 0.0546, 0.0127, 0.0199, 0.0254],
        [0.0244, 0.0174, 0.0198, 0.0121, 0.0245, 0.0022, 0.0195, 0.0338, 0.0102,
         0.1006, 0.0507, 0.0613, 0.0547, 0.0120, 0.0242, 0.0244],
        [0.0277, 0.0204, 0.0250, 0.0161, 0.0220, 0.0040, 0.0236, 0.0327, 0.0113,
         0.1041, 0.0414, 0.0592, 0.0475, 0.0132, 0.0234, 0.0246]])}
tf_idf_array.shape:  torch.Size([5, 16])
threshold 0.0028176147025078535
all_classes ['airplane', 'automobile', 'bird', 'cat', 'deer', 'dog', 'frog', 'horse', 'ship', 'truck']
Traceback (most recent call last):
  File "/Users/wangjiayi/Desktop/FedEraser-Code/Fed_Unlearn_main.py", line 230, in <module>
    Federated_Unlearning()
  File "/Users/wangjiayi/Desktop/FedEraser-Code/Fed_Unlearn_main.py", line 124, in Federated_Unlearning
    old_GMs, unlearn_GMs, uncali_unlearn_GMs, _ = federated_learning_unlearning(init_global_model,
  File "/Users/wangjiayi/Desktop/FedEraser-Code/Fed_Unlearn_base.py", line 226, in federated_learning_unlearning
    _,unlearn_GMs=Class_pruner(unlearn_GMs, FL_params)
  File "/Users/wangjiayi/Desktop/FedEraser-Code/Fed_Unlearn_base.py", line 114, in Class_pruner
    redundant_classes = [all_classes[max_index]]
IndexError: list index out of range
