Files already downloaded and verified
============================================================
Step1. Federated Learning Settings 
 We use dataset: cifar10 for our Federated Unlearning experiment.

============================================================
Step2. Client data loaded, testing data loaded!!!
       Initial Model loaded!!!
Files already downloaded and verified
Files already downloaded and verified
============================================================
Step3. Fedearated Learning and Unlearning Training...
len of selected client loader, 12
#####  Federated Learning Start#####
Global Federated Learning epoch = 0
Global Federated Learning epoch = 1
Global Federated Learning epoch = 2
Global Federated Learning epoch = 3
Global Federated Learning epoch = 4
Global Federated Learning epoch = 5
Global Federated Learning epoch = 6
Global Federated Learning epoch = 7
Global Federated Learning epoch = 8
Global Federated Learning epoch = 9
Global Federated Learning epoch = 10
Global Federated Learning epoch = 11
Global Federated Learning epoch = 12
Global Federated Learning epoch = 13
Global Federated Learning epoch = 14
Global Federated Learning epoch = 15
Global Federated Learning epoch = 16
Global Federated Learning epoch = 17
Global Federated Learning epoch = 18
Global Federated Learning epoch = 19
#####  Federated Learning End#####


#####  Federated Unlearning Start  #####
#### Client-level Unlearning ####
k_u:  2
client_index_temp: <class 'numpy.ndarray'> 10 80
k_u:  2
client_index_temp: <class 'numpy.ndarray'> 10 53
Files already downloaded and verified
Files already downloaded and verified
batch_idx 0
Feature: conv1, Importance: tensor([0.0796, 0.1075, 0.0747, 0.1782, 0.0329, 0.0620])
Feature: conv2, Importance: tensor([0.0543, 0.0638, 0.0199, 0.0352, 0.0301, 0.0664, 0.0130, 0.0390, 0.0110,
        0.0386, 0.0117, 0.0020, 0.0583, 0.0335, 0.0299, 0.0483])
Classes indices:  [ 4 13  3  9  7 15  0 12  1  5]
tf_idf {'conv1': tensor([0.0796, 0.1075, 0.0747, 0.1782, 0.0329, 0.0620]), 'conv2': tensor([0.0543, 0.0638, 0.0199, 0.0352, 0.0301, 0.0664, 0.0130, 0.0390, 0.0110,
        0.0386, 0.0117, 0.0020, 0.0583, 0.0335, 0.0299, 0.0483])}
tf_idf_array.shape:  torch.Size([16])
threshold 0.01101731788367033
all_classes ['airplane', 'automobile', 'bird', 'cat', 'deer', 'dog', 'frog', 'horse', 'ship', 'truck']
Class to be removed:  ['dog']
#Remain classes:  9
<class 'list'> unlearn_testset
<class 'list'> rest_trainset
*****testing in unlearn_data************
Test Loss=1.1404, Test accuracy=0.0000
****************************************
*****testing in rest_data***************
Test Loss=1.1585, Test accuracy=0.0700
****************************************
#####  Federated Unlearning End  #####


#####  Federated Unlearning without Calibration Start  #####
FL_params.forget_client_idx:  5
uncali_global_models:  2
Federated Unlearning without Clibration Global Epoch  = 0
Federated Unlearning Global Epoch  = 1
Files already downloaded and verified
Files already downloaded and verified
batch_idx 0
Feature: conv1, Importance: tensor([0.0708, 0.0595, 0.0258, 0.0279, 0.1948, 0.1712])
Feature: conv2, Importance: tensor([0.0237, 0.0375, 0.0308, 0.0765, 0.0090, 0.0089, 0.0242, 0.0795, 0.0521,
        0.0008, 0.0046, 0.0175, 0.0214, 0.0022, 0.0243, 0.0366])
Classes indices:  [12  0  6 14  2 15  1  8  3  7]
tf_idf {'conv1': tensor([0.0708, 0.0595, 0.0258, 0.0279, 0.1948, 0.1712]), 'conv2': tensor([0.0237, 0.0375, 0.0308, 0.0765, 0.0090, 0.0089, 0.0242, 0.0795, 0.0521,
        0.0008, 0.0046, 0.0175, 0.0214, 0.0022, 0.0243, 0.0366])}
tf_idf_array.shape:  torch.Size([16])
threshold 0.002192213898524642
all_classes ['airplane', 'automobile', 'bird', 'cat', 'deer', 'dog', 'frog', 'horse', 'ship', 'truck']
Class to be removed:  ['dog']
#Remain classes:  9
<class 'list'> unlearn_testset
<class 'list'> rest_trainset
*****testing in unlearn_data************
Test Loss=1.1601, Test accuracy=0.0000
****************************************
*****testing in rest_data***************
Test Loss=1.1554, Test accuracy=0.1100
****************************************
#####  Federated Unlearning without Calibration End  #####
 Learning time consuming = 45.67982482910156 secods
 Unlearning time consuming = 2.728154182434082 secods
 Unlearning no Cali time consuming = 2.81807804107666 secods


#####  【Federated Retraining Start】  #####
Global Federated Learning epoch = 0
Test Loss=0.0147, Test accuracy=0.1043
Global Federated Learning epoch = 1
Test Loss=0.0147, Test accuracy=0.1110
Global Federated Learning epoch = 2
Test Loss=0.0147, Test accuracy=0.1221
Global Federated Learning epoch = 3
Test Loss=0.0146, Test accuracy=0.1264
Global Federated Learning epoch = 4
Test Loss=0.0146, Test accuracy=0.1266
Global Federated Learning epoch = 5
Test Loss=0.0146, Test accuracy=0.1214
Global Federated Learning epoch = 6
Test Loss=0.0146, Test accuracy=0.1195
Global Federated Learning epoch = 7
Test Loss=0.0146, Test accuracy=0.1349
Global Federated Learning epoch = 8
Test Loss=0.0145, Test accuracy=0.1506
Global Federated Learning epoch = 9
Test Loss=0.0145, Test accuracy=0.1589
Global Federated Learning epoch = 10
Test Loss=0.0144, Test accuracy=0.1585
Global Federated Learning epoch = 11
Test Loss=0.0143, Test accuracy=0.1603
Global Federated Learning epoch = 12
Test Loss=0.0142, Test accuracy=0.1728
Global Federated Learning epoch = 13
Test Loss=0.0141, Test accuracy=0.1855
Global Federated Learning epoch = 14
Test Loss=0.0139, Test accuracy=0.1998
Global Federated Learning epoch = 15
Test Loss=0.0138, Test accuracy=0.2148
Global Federated Learning epoch = 16
Test Loss=0.0136, Test accuracy=0.2179
Global Federated Learning epoch = 17
Test Loss=0.0134, Test accuracy=0.2261
Global Federated Learning epoch = 18
Test Loss=0.0132, Test accuracy=0.2490
Global Federated Learning epoch = 19
Test Loss=0.0131, Test accuracy=0.2645
#####  Federated Retraining End  #####
Retrain Time using = 66.74985480308533 seconds 3
unlearned GMs:  <class 'model_initiation.Net_cifar10'> Net_cifar10(
  (conv1): Conv2d(3, 6, kernel_size=(5, 5), stride=(1, 1))
  (pool): MaxPool2d(kernel_size=2, stride=2, padding=0, dilation=1, ceil_mode=False)
  (conv2): Conv2d(6, 16, kernel_size=(5, 5), stride=(1, 1))
  (fc1): Linear(in_features=400, out_features=120, bias=True)
  (fc2): Linear(in_features=120, out_features=84, bias=True)
  (fc3): Linear(in_features=84, out_features=10, bias=True)
)
unlearn_uncali <class 'model_initiation.Net_cifar10'> Net_cifar10(
  (conv1): Conv2d(3, 6, kernel_size=(5, 5), stride=(1, 1))
  (pool): MaxPool2d(kernel_size=2, stride=2, padding=0, dilation=1, ceil_mode=False)
  (conv2): Conv2d(6, 16, kernel_size=(5, 5), stride=(1, 1))
  (fc1): Linear(in_features=400, out_features=120, bias=True)
  (fc2): Linear(in_features=120, out_features=84, bias=True)
  (fc3): Linear(in_features=84, out_features=10, bias=True)
)
Test Loss=0.0134, Test accuracy=0.2399
Test Loss=0.0147, Test accuracy=0.1052
Test Loss=0.0131, Test accuracy=0.2645
Test Loss=0.0147, Test accuracy=0.1074
FL_params.unlearn_client:  5
Test Loss=0.2881, Test accuracy=0.0920
Test Loss=0.2883, Test accuracy=0.1080
Test Loss=0.2614, Test accuracy=0.2580
Test Loss=0.2680, Test accuracy=0.2220
*****  Result Summary  *****
[FedEraser] Test set: Average loss = 2.30483143, Average acc = 0.1074
[FedAccum] Test set: Average loss = 2.30976947, Average acc = 0.1052
[FedRetrain] Test set: Average loss = 2.05110716, Average acc = 0.2645
[FedAvg] Test set: Average loss = 2.10301477, Average acc = 0.2399


[FedEraser] Target set: Average loss = 2.30509391, Average acc = 0.0920
[FedAccum] Target set: Average loss = 2.30679780, Average acc = 0.1080
[FedRetrain] Target set: Average loss = 2.09126836, Average acc = 0.2580
[FedAvg] Target set: Average loss = 2.14366031, Average acc = 0.2220
============================================================
Step4. Membership Inference Attack aganist GM...

Epoch  = -1
Attacking against FL Standard  
MIA Attacker accuracy = 0.6630
MIA Attacker precision = 0.9267
MIA Attacker recall = 0.3540
Attacking against FL Retrain  
MIA Attacker accuracy = 0.5080
MIA Attacker precision = 0.5090
MIA Attacker recall = 0.4500
Attacking against FL Unlearn  
MIA Attacker accuracy = 0.5020
MIA Attacker precision = 0.5031
MIA Attacker recall = 0.3260
Attacking against FL Unlearn without calibration  
MIA Attacker accuracy = 0.4990
MIA Attacker precision = 0.4828
MIA Attacker recall = 0.0280
