Files already downloaded and verified
============================================================
Step1. Federated Learning Settings 
 We use dataset: cifar10 for our Federated Unlearning experiment.

============================================================
Step2. Client data loaded, testing data loaded!!!
       Initial Model loaded!!!
Files already downloaded and verified
Files already downloaded and verified
============================================================
Step3. Fedearated Learning and Unlearning Training...
#####  Federated Learning Start#####
Global Federated Learning epoch = 0
Global Federated Learning epoch = 1
Global Federated Learning epoch = 2
Global Federated Learning epoch = 3
Global Federated Learning epoch = 4
Global Federated Learning epoch = 5
Global Federated Learning epoch = 6
Global Federated Learning epoch = 7
Global Federated Learning epoch = 8
Global Federated Learning epoch = 9
Global Federated Learning epoch = 10
Global Federated Learning epoch = 11
Global Federated Learning epoch = 12
Global Federated Learning epoch = 13
Global Federated Learning epoch = 14
Global Federated Learning epoch = 15
Global Federated Learning epoch = 16
Global Federated Learning epoch = 17
Global Federated Learning epoch = 18
Global Federated Learning epoch = 19
#####  Federated Learning End#####


#####  Federated Unlearning Start  #####
#### Client-level Unlearning ####
Federated Unlearning Global Epoch  = 0
Local Calibration Training epoch = 1
Federated Unlearning Global Epoch  = 1
Federated Unlearning Global Epoch  = 2
Federated Unlearning Global Epoch  = 3
Federated Unlearning Global Epoch  = 4
Federated Unlearning Global Epoch  = 5
Federated Unlearning Global Epoch  = 6
Federated Unlearning Global Epoch  = 7
Federated Unlearning Global Epoch  = 8
Federated Unlearning Global Epoch  = 9
Federated Unlearning Global Epoch  = 10
Federated Unlearning Global Epoch  = 11
Federated Unlearning Global Epoch  = 12
Federated Unlearning Global Epoch  = 13
Federated Unlearning Global Epoch  = 14
Federated Unlearning Global Epoch  = 15
Federated Unlearning Global Epoch  = 16
Files already downloaded and verified
Files already downloaded and verified
batch_idx 0
Feature: conv1, Importance: tensor([0.0889, 0.1149, 0.1452, 0.0541, 0.0425, 0.1147])
Feature: conv2, Importance: tensor([0.0020, 0.0893, 0.0064, 0.0705, 0.0309, 0.0664, 0.0199, 0.0051, 0.0170,
        0.0187, 0.0632, 0.0301, 0.0431, 0.0773, 0.0002, 0.0307])
Classes indices:  [ 6 11 15  4 12 10  5  3 13  1]
tf_idf {'conv1': tensor([0.0889, 0.1149, 0.1452, 0.0541, 0.0425, 0.1147]), 'conv2': tensor([0.0020, 0.0893, 0.0064, 0.0705, 0.0309, 0.0664, 0.0199, 0.0051, 0.0170,
        0.0187, 0.0632, 0.0301, 0.0431, 0.0773, 0.0002, 0.0307])}
tf_idf_array.shape:  torch.Size([16])
threshold 0.0019805317278951406
all_classes ['airplane', 'automobile', 'bird', 'cat', 'deer', 'dog', 'frog', 'horse', 'ship', 'truck']
Class to be removed:  ['bird']
#Remain classes:  9
<class 'list'> unlearn_testset
<class 'list'> rest_trainset
*****testing in unlearn_data************
Test Loss=1.1530, Test accuracy=0.0000
****************************************
*****testing in rest_data***************
Test Loss=1.1504, Test accuracy=0.0900
****************************************
#####  Federated Unlearning End  #####


#####  Federated Unlearning without Calibration Start  #####
FL_params.forget_client_idx:  2
Federated Unlearning without Clibration Global Epoch  = 0
Federated Unlearning Global Epoch  = 1
Files already downloaded and verified
Files already downloaded and verified
batch_idx 0
Feature: conv1, Importance: tensor([0.0599, 0.0994, 0.1418, 0.0388, 0.0584, 0.1708])
Feature: conv2, Importance: tensor([4.1638e-02, 6.5595e-03, 2.5088e-02, 1.8841e-02, 4.4205e-02, 7.0120e-02,
        7.1016e-02, 2.5336e-03, 1.7971e-01, 6.2022e-02, 3.8426e-05, 4.1551e-03,
        5.5192e-03, 1.8841e-02, 3.5484e-03, 1.4145e-02])
Classes indices:  [15 13  3  2  0  4  9  5  6  8]
tf_idf {'conv1': tensor([0.0599, 0.0994, 0.1418, 0.0388, 0.0584, 0.1708]), 'conv2': tensor([4.1638e-02, 6.5595e-03, 2.5088e-02, 1.8841e-02, 4.4205e-02, 7.0120e-02,
        7.1016e-02, 2.5336e-03, 1.7971e-01, 6.2022e-02, 3.8426e-05, 4.1551e-03,
        5.5192e-03, 1.8841e-02, 3.5484e-03, 1.4145e-02])}
tf_idf_array.shape:  torch.Size([16])
threshold 0.0025336258113384247
all_classes ['airplane', 'automobile', 'bird', 'cat', 'deer', 'dog', 'frog', 'horse', 'ship', 'truck']
Class to be removed:  ['airplane']
#Remain classes:  9
<class 'list'> unlearn_testset
<class 'list'> rest_trainset
*****testing in unlearn_data************
Test Loss=1.1530, Test accuracy=0.0000
****************************************
*****testing in rest_data***************
Test Loss=1.1552, Test accuracy=0.1100
****************************************
#####  Federated Unlearning without Calibration End  #####
 Learning time consuming = 38.23099875450134 secods
 Unlearning time consuming = 17.965714931488037 secods
 Unlearning no Cali time consuming = 2.5483407974243164 secods


#####  【Federated Retraining Start】  #####
Global Federated Learning epoch = 0
Test Loss=0.0147, Test accuracy=0.0953
save path /Users/wangjiayi/Desktop/FedEraser-Code/ckpt/retrained/resnet32/seed_acc230.3_epoch0_2024-04-09 11-37-46.pth
#####  Federated Retraining End  #####
Retrain Time using = 3.058450222015381 seconds
unlearned GMs:  <class 'model_initiation.Net_cifar10'> Net_cifar10(
  (conv1): Conv2d(3, 6, kernel_size=(5, 5), stride=(1, 1))
  (pool): MaxPool2d(kernel_size=2, stride=2, padding=0, dilation=1, ceil_mode=False)
  (conv2): Conv2d(6, 16, kernel_size=(5, 5), stride=(1, 1))
  (fc1): Linear(in_features=400, out_features=120, bias=True)
  (fc2): Linear(in_features=120, out_features=84, bias=True)
  (fc3): Linear(in_features=84, out_features=10, bias=True)
)
Test Loss=0.0146, Test accuracy=0.1363
Test Loss=0.0147, Test accuracy=0.0999
Test Loss=0.0147, Test accuracy=0.0953
Test Loss=0.0147, Test accuracy=0.1000
FL_params.unlearn_client:  0 0
Test Loss=0.2876, Test accuracy=0.0940
Test Loss=0.2857, Test accuracy=0.1500
Test Loss=0.2882, Test accuracy=0.0840
Test Loss=0.2878, Test accuracy=0.1100
*****  Result Summary  *****
[FedEraser] Test set: Average loss = 2.30380920, Average acc = 0.1000
[FedAccum] Test set: Average loss = 2.30446919, Average acc = 0.0999
[FedRetrain] Test set: Average loss = 2.30337655, Average acc = 0.0953
[FedAvg] Test set: Average loss = 2.29116388, Average acc = 0.1363


[FedEraser] Target set: Average loss = 2.30050692, Average acc = 0.0940
[FedAccum] Target set: Average loss = 2.30566639, Average acc = 0.0840
[FedRetrain] Target set: Average loss = 2.30255052, Average acc = 0.1100
[FedAvg] Target set: Average loss = 2.28574058, Average acc = 0.1500
============================================================
Step4. Membership Inference Attack aganist GM...

Epoch  = -1
Attacking against FL Standard  
MIA Attacker accuracy = 0.9600
MIA Attacker precision = 0.9772
MIA Attacker recall = 0.9420
Attacking against FL Retrain  
MIA Attacker accuracy = 0.5130
MIA Attacker precision = 0.5209
MIA Attacker recall = 0.3240
Attacking against FL Unlearn  
MIA Attacker accuracy = 0.5040
MIA Attacker precision = 0.5455
MIA Attacker recall = 0.0480
Attacking against FL Unlearn without calibration  
MIA Attacker accuracy = 0.4970
MIA Attacker precision = 0.4980
MIA Attacker recall = 0.7360
