Files already downloaded and verified
============================================================
Step1. Federated Learning Settings 
 We use dataset: cifar10 for our Federated Unlearning experiment.

============================================================
Step2. Client data loaded, testing data loaded!!!
       Initial Model loaded!!!
Files already downloaded and verified
Files already downloaded and verified
============================================================
Step3. Fedearated Learning and Unlearning Training...
#####  Federated Learning Start#####
Global Federated Learning epoch = 0
Global Federated Learning epoch = 1
Global Federated Learning epoch = 2
Global Federated Learning epoch = 3
Global Federated Learning epoch = 4
Global Federated Learning epoch = 5
Global Federated Learning epoch = 6
Global Federated Learning epoch = 7
Global Federated Learning epoch = 8
Global Federated Learning epoch = 9
Global Federated Learning epoch = 10
Global Federated Learning epoch = 11
Global Federated Learning epoch = 12
Global Federated Learning epoch = 13
Global Federated Learning epoch = 14
Global Federated Learning epoch = 15
Global Federated Learning epoch = 16
Global Federated Learning epoch = 17
Global Federated Learning epoch = 18
Global Federated Learning epoch = 19
#####  Federated Learning End#####


#####  Federated Unlearning Start  #####
#### Client-level Unlearning ####
Federated Unlearning Global Epoch  = 0
Local Calibration Training epoch = 1
Federated Unlearning Global Epoch  = 1
Federated Unlearning Global Epoch  = 2
Federated Unlearning Global Epoch  = 3
Federated Unlearning Global Epoch  = 4
Federated Unlearning Global Epoch  = 5
Federated Unlearning Global Epoch  = 6
Federated Unlearning Global Epoch  = 7
Federated Unlearning Global Epoch  = 8
Federated Unlearning Global Epoch  = 9
Federated Unlearning Global Epoch  = 10
Federated Unlearning Global Epoch  = 11
Federated Unlearning Global Epoch  = 12
Federated Unlearning Global Epoch  = 13
Federated Unlearning Global Epoch  = 14
Federated Unlearning Global Epoch  = 15
Federated Unlearning Global Epoch  = 16
Federated Unlearning Global Epoch  = 17
Federated Unlearning Global Epoch  = 18
Federated Unlearning Global Epoch  = 19
Files already downloaded and verified
Files already downloaded and verified
batch_idx 0
Heeeer
Feature: conv1, Importance: tensor([0.0733, 0.1280, 0.0488, 0.0773, 0.0569, 0.0767])
Feature: conv2, Importance: tensor([4.4885e-02, 3.6251e-02, 1.7753e-02, 5.0293e-02, 1.9816e-02, 6.4810e-02,
        3.0742e-05, 6.7406e-03, 8.4505e-02, 1.1944e-02, 3.6922e-02, 7.3330e-02,
        2.1257e-02, 1.2342e-02, 1.2903e-02, 1.6764e-02])
Classes indices:  [ 2  4 12  1 10  0  3  5 11  8]
threshold 0.0119443628937006
all_classes ['airplane', 'automobile', 'bird', 'cat', 'deer', 'dog', 'frog', 'horse', 'ship', 'truck']
Class to be removed:  ['bird']
Filtered classes:  9
<class 'list'> unlearn_testset
<class 'list'> rest_ttrainset
*****testing in unlearn_data************
****************************************
*****testing in rest_data***************
****************************************
#####  Federated Unlearning End  #####


#####  Federated Unlearning without Calibration Start  #####
FL_params.forget_client_idx:  2
Federated Unlearning without Clibration Global Epoch  = 0
Federated Unlearning Global Epoch  = 1
Files already downloaded and verified
Files already downloaded and verified
batch_idx 0
Heeeer
Feature: conv1, Importance: tensor([0.0962, 0.0246, 0.1393, 0.0421, 0.2186, 0.1233])
Feature: conv2, Importance: tensor([0.0003, 0.0251, 0.0026, 0.1153, 0.1019, 0.0036, 0.1405, 0.0422, 0.0355,
        0.0200, 0.0227, 0.0177, 0.0028, 0.0496, 0.0094, 0.0178])
Classes indices:  [15  9 10  1  8  7 13  4  3  6]
threshold 0.0028046597726643085
all_classes ['airplane', 'automobile', 'bird', 'cat', 'deer', 'dog', 'frog', 'horse', 'ship', 'truck']
Class to be removed:  ['airplane']
Filtered classes:  9
<class 'list'> unlearn_testset
<class 'list'> rest_ttrainset
*****testing in unlearn_data************
****************************************
*****testing in rest_data***************
****************************************
#####  Federated Unlearning without Calibration End  #####
 Learning time consuming = 42.367820024490356 secods
 Unlearning time consuming = 24.035783052444458 secods
 Unlearning no Cali time consuming = 2.719691038131714 secods


#####  【Federated Retraining Start】  #####
Global Federated Learning epoch = 0
Global Federated Learning epoch = 1
Global Federated Learning epoch = 2
Global Federated Learning epoch = 3
Global Federated Learning epoch = 4
Global Federated Learning epoch = 5
Global Federated Learning epoch = 6
Global Federated Learning epoch = 7
Global Federated Learning epoch = 8
Global Federated Learning epoch = 9
Global Federated Learning epoch = 10
Global Federated Learning epoch = 11
Global Federated Learning epoch = 12
Global Federated Learning epoch = 13
Global Federated Learning epoch = 14
Global Federated Learning epoch = 15
Global Federated Learning epoch = 16
Global Federated Learning epoch = 17
Global Federated Learning epoch = 18
Global Federated Learning epoch = 19
#####  Federated Retraining End  #####
Retrain Time using = 62.31211495399475 seconds
unlearned GMs:  <class 'model_initiation.Net_cifar10'> Net_cifar10(
  (conv1): Conv2d(3, 6, kernel_size=(5, 5), stride=(1, 1))
  (pool): MaxPool2d(kernel_size=2, stride=2, padding=0, dilation=1, ceil_mode=False)
  (conv2): Conv2d(6, 16, kernel_size=(5, 5), stride=(1, 1))
  (fc1): Linear(in_features=400, out_features=120, bias=True)
  (fc2): Linear(in_features=120, out_features=84, bias=True)
  (fc3): Linear(in_features=84, out_features=10, bias=True)
)
FL_params.unlearn_client:  0 0
*****  Result Summary  *****
[FedEraser] Test set: Average loss = 0.03619572, Average acc = 0.1004
[FedAccum] Test set: Average loss = 0.03620337, Average acc = 0.0998
[FedRetrain] Test set: Average loss = 0.03566333, Average acc = 0.1301
[FedAvg] Test set: Average loss = 0.03580037, Average acc = 0.1209


[FedEraser] Target set: Average loss = 0.03686981, Average acc = 0.1083
[FedAccum] Target set: Average loss = 0.03679352, Average acc = 0.1038
[FedRetrain] Target set: Average loss = 0.03626755, Average acc = 0.1402
[FedAvg] Target set: Average loss = 0.03639822, Average acc = 0.1336
============================================================
Step4. Membership Inference Attack aganist GM...

Epoch  = -1
Attacking against FL Standard  
MIA Attacker accuracy = 0.9510
MIA Attacker precision = 0.9669
MIA Attacker recall = 0.9340
Attacking against FL Retrain  
MIA Attacker accuracy = 0.4780
MIA Attacker precision = 0.4586
MIA Attacker recall = 0.2440
Attacking against FL Unlearn  
MIA Attacker accuracy = 0.4980
MIA Attacker precision = 0.4853
MIA Attacker recall = 0.0660
Attacking against FL Unlearn without calibration  
MIA Attacker accuracy = 0.5010
MIA Attacker precision = 0.5012
MIA Attacker recall = 0.4200
