Files already downloaded and verified
============================================================
Step1. Federated Learning Settings 
 We use dataset: cifar10 for our Federated Unlearning experiment.

============================================================
Step2. Client data loaded, testing data loaded!!!
       Initial Model loaded!!!
Files already downloaded and verified
Files already downloaded and verified
============================================================
Step3. Fedearated Learning and Unlearning Training...
#####  Federated Learning Start#####
Global Federated Learning epoch = 0
Global Federated Learning epoch = 1
Global Federated Learning epoch = 2
Global Federated Learning epoch = 3
Global Federated Learning epoch = 4
Global Federated Learning epoch = 5
Global Federated Learning epoch = 6
Global Federated Learning epoch = 7
Global Federated Learning epoch = 8
Global Federated Learning epoch = 9
Global Federated Learning epoch = 10
Global Federated Learning epoch = 11
Global Federated Learning epoch = 12
Global Federated Learning epoch = 13
Global Federated Learning epoch = 14
Global Federated Learning epoch = 15
Global Federated Learning epoch = 16
Global Federated Learning epoch = 17
Global Federated Learning epoch = 18
Global Federated Learning epoch = 19
#####  Federated Learning End#####


#####  Federated Unlearning Start  #####
#### Client-level Unlearning ####
Federated Unlearning Global Epoch  = 0
Local Calibration Training epoch = 1
Federated Unlearning Global Epoch  = 1
Federated Unlearning Global Epoch  = 2
Federated Unlearning Global Epoch  = 3
Federated Unlearning Global Epoch  = 4
Federated Unlearning Global Epoch  = 5
Federated Unlearning Global Epoch  = 6
Federated Unlearning Global Epoch  = 7
Federated Unlearning Global Epoch  = 8
Federated Unlearning Global Epoch  = 9
Federated Unlearning Global Epoch  = 10
Federated Unlearning Global Epoch  = 11
Federated Unlearning Global Epoch  = 12
Federated Unlearning Global Epoch  = 13
Federated Unlearning Global Epoch  = 14
Federated Unlearning Global Epoch  = 15
Federated Unlearning Global Epoch  = 16
Federated Unlearning Global Epoch  = 17
Federated Unlearning Global Epoch  = 18
Files already downloaded and verified
Files already downloaded and verified
batch_idx 0
Feature: conv1, Importance: tensor([0.1012, 0.1975, 0.0753, 0.0736, 0.0613, 0.0687])
Feature: conv2, Importance: tensor([0.0112, 0.0123, 0.0021, 0.0094, 0.0343, 0.0046, 0.0136, 0.0112, 0.0301,
        0.0775, 0.0437, 0.0043, 0.0535, 0.0923, 0.0199, 0.1207])
Classes indices:  [ 1  6 14  8  4 10 12  9 13 15]
tf_idf {'conv1': tensor([0.1012, 0.1975, 0.0753, 0.0736, 0.0613, 0.0687]), 'conv2': tensor([0.0112, 0.0123, 0.0021, 0.0094, 0.0343, 0.0046, 0.0136, 0.0112, 0.0301,
        0.0775, 0.0437, 0.0043, 0.0535, 0.0923, 0.0199, 0.1207])}
tf_idf_array.shape:  torch.Size([16])
threshold 0.004303464200347662
all_classes ['airplane', 'automobile', 'bird', 'cat', 'deer', 'dog', 'frog', 'horse', 'ship', 'truck']
Class to be removed:  ['truck']
#Remain classes:  9
<class 'list'> unlearn_testset
<class 'list'> rest_trainset
*****testing in unlearn_data************
Test Loss=1.1301, Test accuracy=0.0500
****************************************
*****testing in rest_data***************
Test Loss=1.1581, Test accuracy=0.0900
****************************************
2
client_index_temp <class 'numpy.ndarray'> 100 1
Federated Unlearning Global Epoch  = 1
Federated Unlearning Global Epoch  = 2
Federated Unlearning Global Epoch  = 3
Federated Unlearning Global Epoch  = 4
Federated Unlearning Global Epoch  = 5
Federated Unlearning Global Epoch  = 6
Federated Unlearning Global Epoch  = 7
Federated Unlearning Global Epoch  = 8
Federated Unlearning Global Epoch  = 9
Federated Unlearning Global Epoch  = 10
Federated Unlearning Global Epoch  = 11
Federated Unlearning Global Epoch  = 12
Federated Unlearning Global Epoch  = 13
Federated Unlearning Global Epoch  = 14
Federated Unlearning Global Epoch  = 15
Federated Unlearning Global Epoch  = 16
Federated Unlearning Global Epoch  = 17
Federated Unlearning Global Epoch  = 18
Federated Unlearning Global Epoch  = 19
N, =#dataset [1 3 6 1 0 2 6 8 4 1 2 6 1 4 5 7 6 6 8 8 5 4 8 3 9 5 0 7 9 3 3 9 9 4 0 8 9
 3 6 1 3 4 0 8 8 9 1 9 4 5 8 0 3 5 7 9 4 6 1 2 3 2 5 3 5 3 2 5 1 2 9 2 5 7
 3 8 3 7 3 5 9 6 5 8 7 4 0 3 9 5 7 9 2 0 3 4 2 3 4 6]
rouc:  2.0  rous:  0.5
IE:  {1, 2, 3, 4, 5, 6, 7, 8, 9, 10, 11, 12, 13, 14, 15, 16, 17, 18, 19}
tr:  1
selected_clients:      [3 2 9 5 2 9 9 2 4 8]
client_models 10
Traceback (most recent call last):
  File "/Users/wangjiayi/Desktop/FedEraser-Code/Fed_Unlearn_main.py", line 230, in <module>
    Federated_Unlearning()
  File "/Users/wangjiayi/Desktop/FedEraser-Code/Fed_Unlearn_main.py", line 124, in Federated_Unlearning
    old_GMs, unlearn_GMs, uncali_unlearn_GMs, _ = federated_learning_unlearning(init_global_model,
  File "/Users/wangjiayi/Desktop/FedEraser-Code/Fed_Unlearn_base.py", line 235, in federated_learning_unlearning
    unlearn_GMs = total_variance.client_level_unlearning(old_GMs, old_CMs, client_loaders, t_u, k_u, FL_params)
  File "/Users/wangjiayi/Desktop/FedEraser-Code/total_variance.py", line 217, in client_level_unlearning
    updated_global_model_i = fats_algorithm(P, global_model, old_client_models, new_client_data_loaders, FL_params,
  File "/Users/wangjiayi/Desktop/FedEraser-Code/total_variance.py", line 99, in fats_algorithm
    data_loader = client_data_loaders[client_idx]
IndexError: list index out of range
