Files already downloaded and verified
============================================================
Step1. Federated Learning Settings 
 We use dataset: cifar10 for our Federated Unlearning experiment.

============================================================
Step2. Client data loaded, testing data loaded!!!
       Initial Model loaded!!!
Files already downloaded and verified
Files already downloaded and verified
============================================================
Step3. Fedearated Learning and Unlearning Training...
#####  Federated Learning Start#####
Global Federated Learning epoch = 0
Global Federated Learning epoch = 1
Global Federated Learning epoch = 2
Global Federated Learning epoch = 3
Global Federated Learning epoch = 4
Global Federated Learning epoch = 5
Global Federated Learning epoch = 6
Global Federated Learning epoch = 7
Global Federated Learning epoch = 8
Global Federated Learning epoch = 9
Global Federated Learning epoch = 10
Global Federated Learning epoch = 11
Global Federated Learning epoch = 12
Global Federated Learning epoch = 13
Global Federated Learning epoch = 14
Global Federated Learning epoch = 15
Global Federated Learning epoch = 16
Global Federated Learning epoch = 17
Global Federated Learning epoch = 18
Global Federated Learning epoch = 19
#####  Federated Learning End#####


#####  Federated Unlearning Start  #####
#### Client-level Unlearning ####
Federated Unlearning Global Epoch  = 1
Federated Unlearning Global Epoch  = 2
Federated Unlearning Global Epoch  = 3
Federated Unlearning Global Epoch  = 4
Federated Unlearning Global Epoch  = 5
Federated Unlearning Global Epoch  = 6
Federated Unlearning Global Epoch  = 7
Federated Unlearning Global Epoch  = 8
Federated Unlearning Global Epoch  = 9
Federated Unlearning Global Epoch  = 10
Federated Unlearning Global Epoch  = 11
Federated Unlearning Global Epoch  = 12
Federated Unlearning Global Epoch  = 13
Federated Unlearning Global Epoch  = 14
Federated Unlearning Global Epoch  = 15
Federated Unlearning Global Epoch  = 16
Federated Unlearning Global Epoch  = 17
Federated Unlearning Global Epoch  = 18
Federated Unlearning Global Epoch  = 19
N [0 2 2 7 0 9 7 1 4 3 8 3 0 6 5 0 3 4 8 2 1 6 8 6 3 6 6 2 2 3 0 0 5 0 7 7 6
 8 9 0 1 8 6 5 6 6 3 8 4 2 7 8 7 5 1 8 0 9 4 9 5 1 2 9 4 3 2 4 1 5 3 8 2 2
 2 7 7 2 0 2 6 6 0 6 4 4 8 2 4 7 3 2 6 9 3 4 3 5 8 7]
cc 0.4
ss 0.32
rouc:  0.4  rous:  0.32
IE:  {1, 3, 5, 7, 9, 11, 13, 15, 17}
tr:  1
selected_clients:      [0 3 9 7]
client_models 10
selected_clients:      [7 8 9 2]
client_models 10
selected_clients:      [6 6 0 6]
client_models 10
selected_clients:      [2 2 7 8]
client_models 10
selected_clients:      [9 3 8 2]
client_models 10
selected_clients:      [5 9 2 9]
client_models 10
selected_clients:      [3 4 8 8]
client_models 10
selected_clients:      [0 1 1 2]
client_models 10
selected_clients:      [0 2 5 2]
client_models 10
Federated Unlearning Global Epoch  = 1
Federated Unlearning Global Epoch  = 2
Federated Unlearning Global Epoch  = 3
Federated Unlearning Global Epoch  = 4
Federated Unlearning Global Epoch  = 5
Federated Unlearning Global Epoch  = 6
Federated Unlearning Global Epoch  = 7
Federated Unlearning Global Epoch  = 8
Federated Unlearning Global Epoch  = 9
Federated Unlearning Global Epoch  = 10
Federated Unlearning Global Epoch  = 11
Federated Unlearning Global Epoch  = 12
Federated Unlearning Global Epoch  = 13
Federated Unlearning Global Epoch  = 14
Federated Unlearning Global Epoch  = 15
Federated Unlearning Global Epoch  = 16
Federated Unlearning Global Epoch  = 17
Federated Unlearning Global Epoch  = 18
Federated Unlearning Global Epoch  = 19
N [0 2 2 7 0 9 7 1 4 3 8 3 0 6 5 0 3 4 8 2 1 6 8 6 3 6 6 2 2 3 0 0 5 0 7 7 6
 8 9 0 1 8 6 5 6 6 3 8 4 2 7 8 7 5 1 8 0 9 4 9 5 1 2 9 4 3 2 4 1 5 3 8 2 2
 2 7 7 2 0 2 6 6 0 6 4 4 8 2 4 7 3 2 6 9 3 4 3 5 8 7]
cc 0.4
ss 0.32
rouc:  0.4  rous:  0.32
IE:  {1, 3, 5, 7, 9, 11, 13, 15, 17}
tr:  1
selected_clients:      [7 3 4 9]
client_models 10
selected_clients:      [5 2 2 0]
client_models 10
selected_clients:      [9 3 0 1]
client_models 10
selected_clients:      [3 6 4 2]
client_models 10
selected_clients:      [3 4 6 1]
client_models 10
selected_clients:      [4 5 2 7]
client_models 10
selected_clients:      [0 8 8 8]
client_models 10
selected_clients:      [9 3 6 3]
client_models 10
selected_clients:      [6 2 7 6]
client_models 10
Federated Unlearning Global Epoch  = 1
Federated Unlearning Global Epoch  = 2
Federated Unlearning Global Epoch  = 3
Federated Unlearning Global Epoch  = 4
Federated Unlearning Global Epoch  = 5
Federated Unlearning Global Epoch  = 6
Federated Unlearning Global Epoch  = 7
Federated Unlearning Global Epoch  = 8
Federated Unlearning Global Epoch  = 9
Federated Unlearning Global Epoch  = 10
Federated Unlearning Global Epoch  = 11
Federated Unlearning Global Epoch  = 12
Federated Unlearning Global Epoch  = 13
Federated Unlearning Global Epoch  = 14
Federated Unlearning Global Epoch  = 15
Federated Unlearning Global Epoch  = 16
Federated Unlearning Global Epoch  = 17
Federated Unlearning Global Epoch  = 18
Federated Unlearning Global Epoch  = 19
N [0 2 2 7 0 9 7 1 4 3 8 3 0 6 5 0 3 4 8 2 1 6 8 6 3 6 6 2 2 3 0 0 5 0 7 7 6
 8 9 0 1 8 6 5 6 6 3 8 4 2 7 8 7 5 1 8 0 9 4 9 5 1 2 9 4 3 2 4 1 5 3 8 2 2
 2 7 7 2 0 2 6 6 0 6 4 4 8 2 4 7 3 2 6 9 3 4 3 5 8 7]
cc 0.4
ss 0.32
rouc:  0.4  rous:  0.32
IE:  {1, 3, 5, 7, 9, 11, 13, 15, 17}
tr:  1
selected_clients:      [0 0 6 8]
client_models 10
selected_clients:      [7 6 2 0]
client_models 10
selected_clients:      [5 2 4 6]
client_models 10
selected_clients:      [3 3 0 7]
client_models 10
selected_clients:      [6 6 1 5]
client_models 10
selected_clients:      [9 2 3 9]
client_models 10
selected_clients:      [8 3 2 2]
client_models 10
selected_clients:      [2 3 6 0]
client_models 10
selected_clients:      [9 2 0 7]
client_models 10
Federated Unlearning Global Epoch  = 1
Federated Unlearning Global Epoch  = 2
Federated Unlearning Global Epoch  = 3
Federated Unlearning Global Epoch  = 4
Federated Unlearning Global Epoch  = 5
Federated Unlearning Global Epoch  = 6
Federated Unlearning Global Epoch  = 7
Federated Unlearning Global Epoch  = 8
Federated Unlearning Global Epoch  = 9
Federated Unlearning Global Epoch  = 10
Federated Unlearning Global Epoch  = 11
Federated Unlearning Global Epoch  = 12
Federated Unlearning Global Epoch  = 13
Federated Unlearning Global Epoch  = 14
Federated Unlearning Global Epoch  = 15
Federated Unlearning Global Epoch  = 16
Federated Unlearning Global Epoch  = 17
Federated Unlearning Global Epoch  = 18
Federated Unlearning Global Epoch  = 19
N [0 2 2 7 0 9 7 1 4 3 8 3 0 6 5 0 3 4 8 2 1 6 8 6 3 6 6 2 2 3 0 0 5 0 7 7 6
 8 9 0 1 8 6 5 6 6 3 8 4 2 7 8 7 5 1 8 0 9 4 9 5 1 2 9 4 3 2 4 1 5 3 8 2 2
 2 7 7 2 0 2 6 6 0 6 4 4 8 2 4 7 3 2 6 9 3 4 3 5 8 7]
cc 0.4
ss 0.32
rouc:  0.4  rous:  0.32
IE:  {1, 3, 5, 7, 9, 11, 13, 15, 17}
tr:  1
selected_clients:      [2 4 4 6]
client_models 10
selected_clients:      [8 6 3 6]
client_models 10
selected_clients:      [6 7 6 8]
client_models 10
selected_clients:      [1 1 2 5]
client_models 10
selected_clients:      [4 7 6 1]
client_models 10
selected_clients:      [9 3 4 0]
client_models 10
selected_clients:      [2 4 6 3]
client_models 10
selected_clients:      [6 5 6 7]
client_models 10
selected_clients:      [9 0 2 3]
client_models 10
Federated Unlearning Global Epoch  = 1
Federated Unlearning Global Epoch  = 2
Federated Unlearning Global Epoch  = 3
Federated Unlearning Global Epoch  = 4
Federated Unlearning Global Epoch  = 5
Federated Unlearning Global Epoch  = 6
Federated Unlearning Global Epoch  = 7
Federated Unlearning Global Epoch  = 8
Federated Unlearning Global Epoch  = 9
Federated Unlearning Global Epoch  = 10
Federated Unlearning Global Epoch  = 11
Federated Unlearning Global Epoch  = 12
Federated Unlearning Global Epoch  = 13
Federated Unlearning Global Epoch  = 14
Federated Unlearning Global Epoch  = 15
Federated Unlearning Global Epoch  = 16
Federated Unlearning Global Epoch  = 17
Federated Unlearning Global Epoch  = 18
Federated Unlearning Global Epoch  = 19
N [0 2 2 7 0 9 7 1 4 3 8 3 0 6 5 0 3 4 8 2 1 6 8 6 3 6 6 2 2 3 0 0 5 0 7 7 6
 8 9 0 1 8 6 5 6 6 3 8 4 2 7 8 7 5 1 8 0 9 4 9 5 1 2 9 4 3 2 4 1 5 3 8 2 2
 2 7 7 2 0 2 6 6 0 6 4 4 8 2 4 7 3 2 6 9 3 4 3 5 8 7]
cc 0.4
ss 0.32
rouc:  0.4  rous:  0.32
IE:  {1, 3, 5, 7, 9, 11, 13, 15, 17}
tr:  1
selected_clients:      [2 0 3 1]
client_models 10
selected_clients:      [7 8 1 8]
client_models 10
selected_clients:      [9 0 3 2]
client_models 10
selected_clients:      [0 8 6 1]
client_models 10
selected_clients:      [2 5 2 1]
client_models 10
selected_clients:      [6 6 8 1]
client_models 10
selected_clients:      [5 6 0 5]
client_models 10
selected_clients:      [5 7 9 5]
client_models 10
selected_clients:      [4 0 3 7]
client_models 10
Federated Unlearning Global Epoch  = 1
Federated Unlearning Global Epoch  = 2
Federated Unlearning Global Epoch  = 3
Federated Unlearning Global Epoch  = 4
Federated Unlearning Global Epoch  = 5
Federated Unlearning Global Epoch  = 6
Federated Unlearning Global Epoch  = 7
Federated Unlearning Global Epoch  = 8
Federated Unlearning Global Epoch  = 9
Federated Unlearning Global Epoch  = 10
Federated Unlearning Global Epoch  = 11
Federated Unlearning Global Epoch  = 12
Federated Unlearning Global Epoch  = 13
Federated Unlearning Global Epoch  = 14
Federated Unlearning Global Epoch  = 15
Federated Unlearning Global Epoch  = 16
Federated Unlearning Global Epoch  = 17
Federated Unlearning Global Epoch  = 18
Federated Unlearning Global Epoch  = 19
N [0 2 2 7 0 9 7 1 4 3 8 3 0 6 5 0 3 4 8 2 1 6 8 6 3 6 6 2 2 3 0 0 5 0 7 7 6
 8 9 0 1 8 6 5 6 6 3 8 4 2 7 8 7 5 1 8 0 9 4 9 5 1 2 9 4 3 2 4 1 5 3 8 2 2
 2 7 7 2 0 2 6 6 0 6 4 4 8 2 4 7 3 2 6 9 3 4 3 5 8 7]
cc 0.4
ss 0.32
rouc:  0.4  rous:  0.32
IE:  {1, 3, 5, 7, 9, 11, 13, 15, 17}
tr:  1
selected_clients:      [5 5 8 0]
client_models 10
selected_clients:      [1 6 1 8]
client_models 10
selected_clients:      [9 3 2 3]
client_models 10
selected_clients:      [6 3 1 9]
client_models 10
selected_clients:      [3 6 8 6]
client_models 10
selected_clients:      [8 2 8 9]
client_models 10
selected_clients:      [6 1 9 4]
client_models 10
selected_clients:      [1 5 8 5]
client_models 10
selected_clients:      [8 4 2 7]
client_models 10
Federated Unlearning Global Epoch  = 1
Federated Unlearning Global Epoch  = 2
Federated Unlearning Global Epoch  = 3
Federated Unlearning Global Epoch  = 4
Federated Unlearning Global Epoch  = 5
Federated Unlearning Global Epoch  = 6
Federated Unlearning Global Epoch  = 7
Federated Unlearning Global Epoch  = 8
Federated Unlearning Global Epoch  = 9
Federated Unlearning Global Epoch  = 10
Federated Unlearning Global Epoch  = 11
Federated Unlearning Global Epoch  = 12
Federated Unlearning Global Epoch  = 13
Federated Unlearning Global Epoch  = 14
Federated Unlearning Global Epoch  = 15
Federated Unlearning Global Epoch  = 16
Federated Unlearning Global Epoch  = 17
Federated Unlearning Global Epoch  = 18
Federated Unlearning Global Epoch  = 19
N [0 2 2 7 0 9 7 1 4 3 8 3 0 6 5 0 3 4 8 2 1 6 8 6 3 6 6 2 2 3 0 0 5 0 7 7 6
 8 9 0 1 8 6 5 6 6 3 8 4 2 7 8 7 5 1 8 0 9 4 9 5 1 2 9 4 3 2 4 1 5 3 8 2 2
 2 7 7 2 0 2 6 6 0 6 4 4 8 2 4 7 3 2 6 9 3 4 3 5 8 7]
cc 0.4
ss 0.32
rouc:  0.4  rous:  0.32
IE:  {1, 3, 5, 7, 9, 11, 13, 15, 17}
tr:  1
selected_clients:      [6 2 0 7]
client_models 10
selected_clients:      [2 6 1 2]
client_models 10
selected_clients:      [8 7 4 2]
client_models 10
selected_clients:      [0 4 7 1]
client_models 10
selected_clients:      [3 8 5 8]
client_models 10
selected_clients:      [5 9 8 9]
client_models 10
selected_clients:      [2 5 6 6]
client_models 10
selected_clients:      [8 4 8 2]
client_models 10
selected_clients:      [3 9 4 8]
client_models 10
Federated Unlearning Global Epoch  = 1
Federated Unlearning Global Epoch  = 2
Federated Unlearning Global Epoch  = 3
Federated Unlearning Global Epoch  = 4
Federated Unlearning Global Epoch  = 5
Federated Unlearning Global Epoch  = 6
Federated Unlearning Global Epoch  = 7
Federated Unlearning Global Epoch  = 8
Federated Unlearning Global Epoch  = 9
Federated Unlearning Global Epoch  = 10
Federated Unlearning Global Epoch  = 11
Federated Unlearning Global Epoch  = 12
Federated Unlearning Global Epoch  = 13
Federated Unlearning Global Epoch  = 14
Federated Unlearning Global Epoch  = 15
Federated Unlearning Global Epoch  = 16
Federated Unlearning Global Epoch  = 17
Federated Unlearning Global Epoch  = 18
Federated Unlearning Global Epoch  = 19
N [0 2 2 7 0 9 7 1 4 3 8 3 0 6 5 0 3 4 8 2 1 6 8 6 3 6 6 2 2 3 0 0 5 0 7 7 6
 8 9 0 1 8 6 5 6 6 3 8 4 2 7 8 7 5 1 8 0 9 4 9 5 1 2 9 4 3 2 4 1 5 3 8 2 2
 2 7 7 2 0 2 6 6 0 6 4 4 8 2 4 7 3 2 6 9 3 4 3 5 8 7]
cc 0.4
ss 0.32
rouc:  0.4  rous:  0.32
IE:  {1, 3, 5, 7, 9, 11, 13, 15, 17}
tr:  1
selected_clients:      [3 4 2 2]
client_models 10
selected_clients:      [0 5 9 9]
client_models 10
selected_clients:      [4 5 9 1]
client_models 10
selected_clients:      [5 8 3 5]
client_models 10
selected_clients:      [6 8 3 0]
client_models 10
selected_clients:      [2 5 7 2]
client_models 10
selected_clients:      [8 4 0 6]
client_models 10
selected_clients:      [9 7 0 9]
client_models 10
selected_clients:      [6 6 3 5]
client_models 10
Federated Unlearning Global Epoch  = 1
Federated Unlearning Global Epoch  = 2
Federated Unlearning Global Epoch  = 3
Federated Unlearning Global Epoch  = 4
Federated Unlearning Global Epoch  = 5
Federated Unlearning Global Epoch  = 6
Federated Unlearning Global Epoch  = 7
Federated Unlearning Global Epoch  = 8
Federated Unlearning Global Epoch  = 9
Federated Unlearning Global Epoch  = 10
Federated Unlearning Global Epoch  = 11
Federated Unlearning Global Epoch  = 12
Federated Unlearning Global Epoch  = 13
Federated Unlearning Global Epoch  = 14
Federated Unlearning Global Epoch  = 15
Federated Unlearning Global Epoch  = 16
Federated Unlearning Global Epoch  = 17
Federated Unlearning Global Epoch  = 18
Federated Unlearning Global Epoch  = 19
N [0 2 2 7 0 9 7 1 4 3 8 3 0 6 5 0 3 4 8 2 1 6 8 6 3 6 6 2 2 3 0 0 5 0 7 7 6
 8 9 0 1 8 6 5 6 6 3 8 4 2 7 8 7 5 1 8 0 9 4 9 5 1 2 9 4 3 2 4 1 5 3 8 2 2
 2 7 7 2 0 2 6 6 0 6 4 4 8 2 4 7 3 2 6 9 3 4 3 5 8 7]
cc 0.4
ss 0.32
rouc:  0.4  rous:  0.32
IE:  {1, 3, 5, 7, 9, 11, 13, 15, 17}
tr:  1
selected_clients:      [1 1 8 5]
client_models 10
selected_clients:      [6 6 5 7]
client_models 10
selected_clients:      [1 4 2 3]
client_models 10
selected_clients:      [6 3 4 9]
client_models 10
selected_clients:      [0 0 3 9]
client_models 10
selected_clients:      [2 4 7 2]
client_models 10
selected_clients:      [6 6 8 4]
client_models 10
selected_clients:      [3 8 0 6]
client_models 10
selected_clients:      [1 6 2 8]
client_models 10
Federated Unlearning Global Epoch  = 1
Federated Unlearning Global Epoch  = 2
Federated Unlearning Global Epoch  = 3
Federated Unlearning Global Epoch  = 4
Federated Unlearning Global Epoch  = 5
Federated Unlearning Global Epoch  = 6
Federated Unlearning Global Epoch  = 7
Federated Unlearning Global Epoch  = 8
Federated Unlearning Global Epoch  = 9
Federated Unlearning Global Epoch  = 10
Federated Unlearning Global Epoch  = 11
Federated Unlearning Global Epoch  = 12
Federated Unlearning Global Epoch  = 13
Federated Unlearning Global Epoch  = 14
Federated Unlearning Global Epoch  = 15
Federated Unlearning Global Epoch  = 16
Federated Unlearning Global Epoch  = 17
Federated Unlearning Global Epoch  = 18
Federated Unlearning Global Epoch  = 19
N [0 2 2 7 0 9 7 1 4 3 8 3 0 6 5 0 3 4 8 2 1 6 8 6 3 6 6 2 2 3 0 0 5 0 7 7 6
 8 9 0 1 8 6 5 6 6 3 8 4 2 7 8 7 5 1 8 0 9 4 9 5 1 2 9 4 3 2 4 1 5 3 8 2 2
 2 7 7 2 0 2 6 6 0 6 4 4 8 2 4 7 3 2 6 9 3 4 3 5 8 7]
cc 0.4
ss 0.32
rouc:  0.4  rous:  0.32
IE:  {1, 3, 5, 7, 9, 11, 13, 15, 17}
tr:  1
selected_clients:      [8 9 0 5]
client_models 10
selected_clients:      [5 4 5 2]
client_models 10
selected_clients:      [4 0 2 7]
client_models 10
selected_clients:      [4 4 0 2]
client_models 10
selected_clients:      [1 7 2 9]
client_models 10
selected_clients:      [0 7 7 2]
client_models 10
selected_clients:      [8 2 0 6]
client_models 10
selected_clients:      [6 8 6 3]
client_models 10
selected_clients:      [7 4 4 9]
client_models 10
Federated Unlearning Global Epoch  = 1
Federated Unlearning Global Epoch  = 2
Federated Unlearning Global Epoch  = 3
Federated Unlearning Global Epoch  = 4
Federated Unlearning Global Epoch  = 5
Federated Unlearning Global Epoch  = 6
Federated Unlearning Global Epoch  = 7
Federated Unlearning Global Epoch  = 8
Federated Unlearning Global Epoch  = 9
Federated Unlearning Global Epoch  = 10
Federated Unlearning Global Epoch  = 11
Federated Unlearning Global Epoch  = 12
Federated Unlearning Global Epoch  = 13
Federated Unlearning Global Epoch  = 14
Federated Unlearning Global Epoch  = 15
Federated Unlearning Global Epoch  = 16
Federated Unlearning Global Epoch  = 17
Federated Unlearning Global Epoch  = 18
Federated Unlearning Global Epoch  = 19
N [0 2 2 7 0 9 7 1 4 3 8 3 0 6 5 0 3 4 8 2 1 6 8 6 3 6 6 2 2 3 0 0 5 0 7 7 6
 8 9 0 1 8 6 5 6 6 3 8 4 2 7 8 7 5 1 8 0 9 4 9 5 1 2 9 4 3 2 4 1 5 3 8 2 2
 2 7 7 2 0 2 6 6 0 6 4 4 8 2 4 7 3 2 6 9 3 4 3 5 8 7]
cc 0.4
ss 0.32
rouc:  0.4  rous:  0.32
IE:  {1, 3, 5, 7, 9, 11, 13, 15, 17}
tr:  1
selected_clients:      [0 9 0 0]
client_models 10
selected_clients:      [8 8 9 3]
client_models 10
selected_clients:      [5 3 2 0]
client_models 10
selected_clients:      [5 3 6 0]
client_models 10
selected_clients:      [7 4 0 7]
client_models 10
selected_clients:      [3 3 9 6]
client_models 10
selected_clients:      [1 4 4 7]
client_models 10
selected_clients:      [6 6 7 6]
client_models 10
selected_clients:      [1 3 6 3]
client_models 10
Federated Unlearning Global Epoch  = 1
Federated Unlearning Global Epoch  = 2
Federated Unlearning Global Epoch  = 3
Federated Unlearning Global Epoch  = 4
Federated Unlearning Global Epoch  = 5
Federated Unlearning Global Epoch  = 6
Federated Unlearning Global Epoch  = 7
Federated Unlearning Global Epoch  = 8
Federated Unlearning Global Epoch  = 9
Federated Unlearning Global Epoch  = 10
Federated Unlearning Global Epoch  = 11
Federated Unlearning Global Epoch  = 12
Federated Unlearning Global Epoch  = 13
Federated Unlearning Global Epoch  = 14
Federated Unlearning Global Epoch  = 15
Federated Unlearning Global Epoch  = 16
Federated Unlearning Global Epoch  = 17
Federated Unlearning Global Epoch  = 18
Federated Unlearning Global Epoch  = 19
N [0 2 2 7 0 9 7 1 4 3 8 3 0 6 5 0 3 4 8 2 1 6 8 6 3 6 6 2 2 3 0 0 5 0 7 7 6
 8 9 0 1 8 6 5 6 6 3 8 4 2 7 8 7 5 1 8 0 9 4 9 5 1 2 9 4 3 2 4 1 5 3 8 2 2
 2 7 7 2 0 2 6 6 0 6 4 4 8 2 4 7 3 2 6 9 3 4 3 5 8 7]
cc 0.4
ss 0.32
rouc:  0.4  rous:  0.32
IE:  {1, 3, 5, 7, 9, 11, 13, 15, 17}
tr:  1
selected_clients:      [5 0 7 7]
client_models 10
selected_clients:      [5 0 4 3]
client_models 10
selected_clients:      [5 9 5 0]
client_models 10
selected_clients:      [7 7 9 7]
client_models 10
selected_clients:      [6 6 9 5]
client_models 10
selected_clients:      [0 4 6 5]
client_models 10
selected_clients:      [8 7 1 8]
client_models 10
selected_clients:      [8 4 6 9]
client_models 10
selected_clients:      [6 6 1 9]
client_models 10
Federated Unlearning Global Epoch  = 1
Federated Unlearning Global Epoch  = 2
Federated Unlearning Global Epoch  = 3
Federated Unlearning Global Epoch  = 4
Federated Unlearning Global Epoch  = 5
Federated Unlearning Global Epoch  = 6
Federated Unlearning Global Epoch  = 7
Federated Unlearning Global Epoch  = 8
Federated Unlearning Global Epoch  = 9
Federated Unlearning Global Epoch  = 10
Federated Unlearning Global Epoch  = 11
Federated Unlearning Global Epoch  = 12
Federated Unlearning Global Epoch  = 13
Federated Unlearning Global Epoch  = 14
Federated Unlearning Global Epoch  = 15
Federated Unlearning Global Epoch  = 16
Federated Unlearning Global Epoch  = 17
Federated Unlearning Global Epoch  = 18
Federated Unlearning Global Epoch  = 19
N [0 2 2 7 0 9 7 1 4 3 8 3 0 6 5 0 3 4 8 2 1 6 8 6 3 6 6 2 2 3 0 0 5 0 7 7 6
 8 9 0 1 8 6 5 6 6 3 8 4 2 7 8 7 5 1 8 0 9 4 9 5 1 2 9 4 3 2 4 1 5 3 8 2 2
 2 7 7 2 0 2 6 6 0 6 4 4 8 2 4 7 3 2 6 9 3 4 3 5 8 7]
cc 0.4
ss 0.32
rouc:  0.4  rous:  0.32
IE:  {1, 3, 5, 7, 9, 11, 13, 15, 17}
tr:  1
selected_clients:      [8 3 6 3]
client_models 10
selected_clients:      [3 5 2 3]
client_models 10
selected_clients:      [4 0 6 6]
client_models 10
selected_clients:      [0 7 0 2]
client_models 10
selected_clients:      [2 0 9 9]
client_models 10
selected_clients:      [4 0 6 7]
client_models 10
selected_clients:      [8 5 7 2]
client_models 10
selected_clients:      [0 9 2 6]
client_models 10
selected_clients:      [2 4 5 0]
client_models 10
Federated Unlearning Global Epoch  = 1
Federated Unlearning Global Epoch  = 2
Federated Unlearning Global Epoch  = 3
Federated Unlearning Global Epoch  = 4
Federated Unlearning Global Epoch  = 5
Federated Unlearning Global Epoch  = 6
Federated Unlearning Global Epoch  = 7
Federated Unlearning Global Epoch  = 8
Federated Unlearning Global Epoch  = 9
Federated Unlearning Global Epoch  = 10
Federated Unlearning Global Epoch  = 11
Federated Unlearning Global Epoch  = 12
Federated Unlearning Global Epoch  = 13
Federated Unlearning Global Epoch  = 14
Federated Unlearning Global Epoch  = 15
Federated Unlearning Global Epoch  = 16
Federated Unlearning Global Epoch  = 17
Federated Unlearning Global Epoch  = 18
Federated Unlearning Global Epoch  = 19
N [0 2 2 7 0 9 7 1 4 3 8 3 0 6 5 0 3 4 8 2 1 6 8 6 3 6 6 2 2 3 0 0 5 0 7 7 6
 8 9 0 1 8 6 5 6 6 3 8 4 2 7 8 7 5 1 8 0 9 4 9 5 1 2 9 4 3 2 4 1 5 3 8 2 2
 2 7 7 2 0 2 6 6 0 6 4 4 8 2 4 7 3 2 6 9 3 4 3 5 8 7]
cc 0.4
ss 0.32
rouc:  0.4  rous:  0.32
IE:  {1, 3, 5, 7, 9, 11, 13, 15, 17}
tr:  1
selected_clients:      [6 6 9 0]
client_models 10
selected_clients:      [7 4 9 6]
client_models 10
selected_clients:      [3 4 7 2]
client_models 10
selected_clients:      [9 7 3 6]
client_models 10
selected_clients:      [1 0 5 9]
client_models 10
selected_clients:      [3 6 2 0]
client_models 10
selected_clients:      [7 2 5 6]
client_models 10
selected_clients:      [6 9 3 6]
client_models 10
selected_clients:      [9 3 9 5]
client_models 10
Federated Unlearning Global Epoch  = 1
Federated Unlearning Global Epoch  = 2
Federated Unlearning Global Epoch  = 3
Federated Unlearning Global Epoch  = 4
Federated Unlearning Global Epoch  = 5
Federated Unlearning Global Epoch  = 6
Federated Unlearning Global Epoch  = 7
Federated Unlearning Global Epoch  = 8
Federated Unlearning Global Epoch  = 9
Federated Unlearning Global Epoch  = 10
Federated Unlearning Global Epoch  = 11
Federated Unlearning Global Epoch  = 12
Federated Unlearning Global Epoch  = 13
Federated Unlearning Global Epoch  = 14
Federated Unlearning Global Epoch  = 15
Federated Unlearning Global Epoch  = 16
Federated Unlearning Global Epoch  = 17
Federated Unlearning Global Epoch  = 18
Federated Unlearning Global Epoch  = 19
N [0 2 2 7 0 9 7 1 4 3 8 3 0 6 5 0 3 4 8 2 1 6 8 6 3 6 6 2 2 3 0 0 5 0 7 7 6
 8 9 0 1 8 6 5 6 6 3 8 4 2 7 8 7 5 1 8 0 9 4 9 5 1 2 9 4 3 2 4 1 5 3 8 2 2
 2 7 7 2 0 2 6 6 0 6 4 4 8 2 4 7 3 2 6 9 3 4 3 5 8 7]
cc 0.4
ss 0.32
rouc:  0.4  rous:  0.32
IE:  {1, 3, 5, 7, 9, 11, 13, 15, 17}
tr:  1
selected_clients:      [9 8 3 9]
client_models 10
selected_clients:      [8 8 7 3]
client_models 10
selected_clients:      [5 1 8 0]
client_models 10
selected_clients:      [5 8 6 6]
client_models 10
selected_clients:      [0 5 9 5]
client_models 10
selected_clients:      [3 3 4 0]
client_models 10
selected_clients:      [9 9 0 9]
client_models 10
selected_clients:      [1 7 3 4]
client_models 10
selected_clients:      [3 2 4 1]
client_models 10
Federated Unlearning Global Epoch  = 1
Federated Unlearning Global Epoch  = 2
Federated Unlearning Global Epoch  = 3
Federated Unlearning Global Epoch  = 4
Federated Unlearning Global Epoch  = 5
Federated Unlearning Global Epoch  = 6
Federated Unlearning Global Epoch  = 7
Federated Unlearning Global Epoch  = 8
Federated Unlearning Global Epoch  = 9
Federated Unlearning Global Epoch  = 10
Federated Unlearning Global Epoch  = 11
Federated Unlearning Global Epoch  = 12
Federated Unlearning Global Epoch  = 13
Federated Unlearning Global Epoch  = 14
Federated Unlearning Global Epoch  = 15
Federated Unlearning Global Epoch  = 16
Federated Unlearning Global Epoch  = 17
Federated Unlearning Global Epoch  = 18
Federated Unlearning Global Epoch  = 19
N [0 2 2 7 0 9 7 1 4 3 8 3 0 6 5 0 3 4 8 2 1 6 8 6 3 6 6 2 2 3 0 0 5 0 7 7 6
 8 9 0 1 8 6 5 6 6 3 8 4 2 7 8 7 5 1 8 0 9 4 9 5 1 2 9 4 3 2 4 1 5 3 8 2 2
 2 7 7 2 0 2 6 6 0 6 4 4 8 2 4 7 3 2 6 9 3 4 3 5 8 7]
cc 0.4
ss 0.32
rouc:  0.4  rous:  0.32
IE:  {1, 3, 5, 7, 9, 11, 13, 15, 17}
tr:  1
selected_clients:      [3 1 1 5]
client_models 10
selected_clients:      [7 9 3 3]
client_models 10
selected_clients:      [3 8 2 4]
client_models 10
selected_clients:      [6 6 8 1]
client_models 10
selected_clients:      [6 6 9 8]
client_models 10
selected_clients:      [0 4 2 0]
client_models 10
selected_clients:      [8 2 5 8]
client_models 10
selected_clients:      [3 4 4 9]
client_models 10
selected_clients:      [4 8 0 8]
client_models 10
Federated Unlearning Global Epoch  = 1
Federated Unlearning Global Epoch  = 2
Federated Unlearning Global Epoch  = 3
Federated Unlearning Global Epoch  = 4
Federated Unlearning Global Epoch  = 5
Federated Unlearning Global Epoch  = 6
Federated Unlearning Global Epoch  = 7
Federated Unlearning Global Epoch  = 8
Federated Unlearning Global Epoch  = 9
Federated Unlearning Global Epoch  = 10
Federated Unlearning Global Epoch  = 11
Federated Unlearning Global Epoch  = 12
Federated Unlearning Global Epoch  = 13
Federated Unlearning Global Epoch  = 14
Federated Unlearning Global Epoch  = 15
Federated Unlearning Global Epoch  = 16
Federated Unlearning Global Epoch  = 17
Federated Unlearning Global Epoch  = 18
Federated Unlearning Global Epoch  = 19
N [0 2 2 7 0 9 7 1 4 3 8 3 0 6 5 0 3 4 8 2 1 6 8 6 3 6 6 2 2 3 0 0 5 0 7 7 6
 8 9 0 1 8 6 5 6 6 3 8 4 2 7 8 7 5 1 8 0 9 4 9 5 1 2 9 4 3 2 4 1 5 3 8 2 2
 2 7 7 2 0 2 6 6 0 6 4 4 8 2 4 7 3 2 6 9 3 4 3 5 8 7]
cc 0.4
ss 0.32
rouc:  0.4  rous:  0.32
IE:  {1, 3, 5, 7, 9, 11, 13, 15, 17}
tr:  1
selected_clients:      [6 7 1 0]
client_models 10
selected_clients:      [3 5 1 8]
client_models 10
selected_clients:      [2 7 0 5]
client_models 10
selected_clients:      [9 9 8 1]
client_models 10
selected_clients:      [9 0 4 2]
client_models 10
selected_clients:      [9 3 5 4]
client_models 10
selected_clients:      [4 0 9 6]
client_models 10
selected_clients:      [0 4 2 9]
client_models 10
selected_clients:      [8 1 7 0]
client_models 10
Federated Unlearning Global Epoch  = 1
Federated Unlearning Global Epoch  = 2
Federated Unlearning Global Epoch  = 3
Federated Unlearning Global Epoch  = 4
Federated Unlearning Global Epoch  = 5
Federated Unlearning Global Epoch  = 6
Federated Unlearning Global Epoch  = 7
Federated Unlearning Global Epoch  = 8
Federated Unlearning Global Epoch  = 9
Federated Unlearning Global Epoch  = 10
Federated Unlearning Global Epoch  = 11
Federated Unlearning Global Epoch  = 12
Federated Unlearning Global Epoch  = 13
Federated Unlearning Global Epoch  = 14
Federated Unlearning Global Epoch  = 15
Federated Unlearning Global Epoch  = 16
Federated Unlearning Global Epoch  = 17
Federated Unlearning Global Epoch  = 18
Federated Unlearning Global Epoch  = 19
N [0 2 2 7 0 9 7 1 4 3 8 3 0 6 5 0 3 4 8 2 1 6 8 6 3 6 6 2 2 3 0 0 5 0 7 7 6
 8 9 0 1 8 6 5 6 6 3 8 4 2 7 8 7 5 1 8 0 9 4 9 5 1 2 9 4 3 2 4 1 5 3 8 2 2
 2 7 7 2 0 2 6 6 0 6 4 4 8 2 4 7 3 2 6 9 3 4 3 5 8 7]
cc 0.4
ss 0.32
rouc:  0.4  rous:  0.32
IE:  {1, 3, 5, 7, 9, 11, 13, 15, 17}
tr:  1
selected_clients:      [2 4 9 9]
client_models 10
selected_clients:      [5 3 9 5]
client_models 10
selected_clients:      [2 7 6 8]
client_models 10
selected_clients:      [8 5 6 1]
client_models 10
selected_clients:      [0 5 2 1]
client_models 10
selected_clients:      [8 4 8 3]
client_models 10
selected_clients:      [4 6 0 0]
client_models 10
selected_clients:      [8 2 8 7]
client_models 10
selected_clients:      [1 8 5 7]
client_models 10
Federated Unlearning Global Epoch  = 1
Federated Unlearning Global Epoch  = 2
Federated Unlearning Global Epoch  = 3
Federated Unlearning Global Epoch  = 4
Federated Unlearning Global Epoch  = 5
Federated Unlearning Global Epoch  = 6
Federated Unlearning Global Epoch  = 7
Federated Unlearning Global Epoch  = 8
Federated Unlearning Global Epoch  = 9
Federated Unlearning Global Epoch  = 10
Federated Unlearning Global Epoch  = 11
Federated Unlearning Global Epoch  = 12
Federated Unlearning Global Epoch  = 13
Federated Unlearning Global Epoch  = 14
Federated Unlearning Global Epoch  = 15
Federated Unlearning Global Epoch  = 16
Federated Unlearning Global Epoch  = 17
Federated Unlearning Global Epoch  = 18
Federated Unlearning Global Epoch  = 19
N [0 2 2 7 0 9 7 1 4 3 8 3 0 6 5 0 3 4 8 2 1 6 8 6 3 6 6 2 2 3 0 0 5 0 7 7 6
 8 9 0 1 8 6 5 6 6 3 8 4 2 7 8 7 5 1 8 0 9 4 9 5 1 2 9 4 3 2 4 1 5 3 8 2 2
 2 7 7 2 0 2 6 6 0 6 4 4 8 2 4 7 3 2 6 9 3 4 3 5 8 7]
cc 0.4
ss 0.32
rouc:  0.4  rous:  0.32
IE:  {1, 3, 5, 7, 9, 11, 13, 15, 17}
tr:  1
selected_clients:      [8 4 6 6]
client_models 10
selected_clients:      [7 8 4 0]
client_models 10
selected_clients:      [4 0 4 8]
client_models 10
selected_clients:      [4 2 8 4]
client_models 10
selected_clients:      [3 5 5 0]
client_models 10
selected_clients:      [9 9 4 8]
client_models 10
selected_clients:      [1 9 2 4]
client_models 10
selected_clients:      [1 3 9 1]
client_models 10
selected_clients:      [3 0 8 9]
client_models 10
Federated Unlearning Global Epoch  = 1
Federated Unlearning Global Epoch  = 2
Federated Unlearning Global Epoch  = 3
Federated Unlearning Global Epoch  = 4
Federated Unlearning Global Epoch  = 5
Federated Unlearning Global Epoch  = 6
Federated Unlearning Global Epoch  = 7
Federated Unlearning Global Epoch  = 8
Federated Unlearning Global Epoch  = 9
Federated Unlearning Global Epoch  = 10
Federated Unlearning Global Epoch  = 11
Federated Unlearning Global Epoch  = 12
Federated Unlearning Global Epoch  = 13
Federated Unlearning Global Epoch  = 14
Federated Unlearning Global Epoch  = 15
Federated Unlearning Global Epoch  = 16
Federated Unlearning Global Epoch  = 17
Federated Unlearning Global Epoch  = 18
Federated Unlearning Global Epoch  = 19
N [0 2 2 7 0 9 7 1 4 3 8 3 0 6 5 0 3 4 8 2 1 6 8 6 3 6 6 2 2 3 0 0 5 0 7 7 6
 8 9 0 1 8 6 5 6 6 3 8 4 2 7 8 7 5 1 8 0 9 4 9 5 1 2 9 4 3 2 4 1 5 3 8 2 2
 2 7 7 2 0 2 6 6 0 6 4 4 8 2 4 7 3 2 6 9 3 4 3 5 8 7]
cc 0.4
ss 0.32
rouc:  0.4  rous:  0.32
IE:  {1, 3, 5, 7, 9, 11, 13, 15, 17}
tr:  1
selected_clients:      [7 6 9 4]
client_models 10
selected_clients:      [7 4 5 8]
client_models 10
selected_clients:      [9 7 5 0]
client_models 10
selected_clients:      [1 7 4 2]
client_models 10
selected_clients:      [1 4 9 8]
client_models 10
selected_clients:      [7 0 0 6]
client_models 10
selected_clients:      [7 6 1 5]
client_models 10
selected_clients:      [2 7 4 0]
client_models 10
selected_clients:      [6 7 4 5]
client_models 10
#####  Federated Unlearning End  #####


#####  Federated Unlearning without Calibration Start  #####
FL_params.forget_client_idx:  2
temp 10
2
temp 10
2
temp 10
2
temp 10
2
temp 10
2
temp 10
2
temp 10
2
temp 10
2
temp 10
2
temp 10
2
temp 10
2
temp 10
2
temp 10
2
temp 10
2
temp 10
2
temp 10
2
temp 10
2
temp 10
2
temp 10
2
temp 10
2
Federated Unlearning without Clibration Global Epoch  = 0
Federated Unlearning Global Epoch  = 1
Federated Unlearning Global Epoch  = 2
Federated Unlearning Global Epoch  = 3
Federated Unlearning Global Epoch  = 4
Federated Unlearning Global Epoch  = 5
Federated Unlearning Global Epoch  = 6
Federated Unlearning Global Epoch  = 7
Federated Unlearning Global Epoch  = 8
Federated Unlearning Global Epoch  = 9
Federated Unlearning Global Epoch  = 10
Federated Unlearning Global Epoch  = 11
Federated Unlearning Global Epoch  = 12
Federated Unlearning Global Epoch  = 13
Federated Unlearning Global Epoch  = 14
Federated Unlearning Global Epoch  = 15
Federated Unlearning Global Epoch  = 16
Federated Unlearning Global Epoch  = 17
Federated Unlearning Global Epoch  = 18
Federated Unlearning Global Epoch  = 19
#####  Federated Unlearning without Calibration End  #####
 Learning time consuming = 52.45816206932068 secods
 Unlearning time consuming = 223.47834420204163 secods
 Unlearning no Cali time consuming = 0.051180124282836914 secods
FL_params.forget_client_idx 2


#####  Federated Retraining Start  #####
/Users/wangjiayi/anaconda3/envs/fedErase/lib/python3.9/site-packages/sklearn/metrics/_classification.py:1509: UndefinedMetricWarning: Precision is ill-defined and being set to 0.0 due to no predicted samples. Use `zero_division` parameter to control this behavior.
  _warn_prf(average, modifier, f"{metric.capitalize()} is", len(result))
/Users/wangjiayi/anaconda3/envs/fedErase/lib/python3.9/site-packages/sklearn/metrics/_classification.py:1509: UndefinedMetricWarning: Precision is ill-defined and being set to 0.0 due to no predicted samples. Use `zero_division` parameter to control this behavior.
  _warn_prf(average, modifier, f"{metric.capitalize()} is", len(result))
Federated Retrain with Forget Client NO.2
Global Retraining epoch = 0
Global Retraining epoch = 1
Global Retraining epoch = 2
Global Retraining epoch = 3
Global Retraining epoch = 4
Global Retraining epoch = 5
Global Retraining epoch = 6
Global Retraining epoch = 7
Global Retraining epoch = 8
Global Retraining epoch = 9
Global Retraining epoch = 10
Global Retraining epoch = 11
Global Retraining epoch = 12
Global Retraining epoch = 13
Global Retraining epoch = 14
Global Retraining epoch = 15
Global Retraining epoch = 16
Global Retraining epoch = 17
Global Retraining epoch = 18
Global Retraining epoch = 19
#####  Federated Retraining End  #####
Retrain Time using = 42.532334089279175 seconds
unlearned GMs:  <class 'list'> 20
unlearned accum GMs:  <class 'list'> <class 'model_initiation.Net_cifar10'> 21
Test set: Average loss: 0.03590637
Test set: Average acc:  0.1816
Test set: Average loss: nan
Test set: Average acc:  0.1000
Test set: Average loss: 0.03575686
Test set: Average acc:  0.1716
Test set: Average loss: nan
Test set: Average acc:  0.1000
Test set: Average loss: nan
Test set: Average acc:  0.1020
Test set: Average loss: 0.03660992
Test set: Average acc:  0.1640
Test set: Average loss: nan
Test set: Average acc:  0.1020
Test set: Average loss: 0.03645162
Test set: Average acc:  0.1520
*****  Result Summary  *****
[FedEraser] Test set: Average loss = nan, Average acc = 0.1000
[FedAccum] Test set: Average loss = nan, Average acc = 0.1000
[FedRetrain] Test set: Average loss = 0.03575686, Average acc = 0.1716
[FedAvg] Test set: Average loss = 0.03590637, Average acc = 0.1816


[FedEraser] Target set: Average loss = nan, Average acc = 0.1020
[FedAccum] Target set: Average loss = nan, Average acc = 0.1020
[FedRetrain] Target set: Average loss = 0.03645162, Average acc = 0.1520
[FedAvg] Target set: Average loss = 0.03660992, Average acc = 0.1640
============================================================
Step4. Membership Inference Attack aganist GM...

Epoch  = -1
Attacking against FL Standard  
MIA Attacker precision = 0.9726
MIA Attacker recall = 0.9220
Attacking against FL Retrain  
MIA Attacker precision = 0.5394
MIA Attacker recall = 0.2740
Attacking against FL Unlearn  
MIA Attacker precision = 0.0000
MIA Attacker recall = 0.0000
Attacking against FL Unlearn without calibration  
MIA Attacker precision = 0.0000
MIA Attacker recall = 0.0000
