Files already downloaded and verified
============================================================
Step1. Federated Learning Settings 
 We use dataset: cifar10 for our Federated Unlearning experiment.

============================================================
Step2. Client data loaded, testing data loaded!!!
       Initial Model loaded!!!
Files already downloaded and verified
Files already downloaded and verified
============================================================
Step3. Fedearated Learning and Unlearning Training...
#####  Federated Learning Start#####
Global Federated Learning epoch = 0
Global Federated Learning epoch = 1
Global Federated Learning epoch = 2
Global Federated Learning epoch = 3
Global Federated Learning epoch = 4
Global Federated Learning epoch = 5
Global Federated Learning epoch = 6
Global Federated Learning epoch = 7
Global Federated Learning epoch = 8
Global Federated Learning epoch = 9
Global Federated Learning epoch = 10
Global Federated Learning epoch = 11
Global Federated Learning epoch = 12
Global Federated Learning epoch = 13
Global Federated Learning epoch = 14
Global Federated Learning epoch = 15
Global Federated Learning epoch = 16
Global Federated Learning epoch = 17
Global Federated Learning epoch = 18
Global Federated Learning epoch = 19
#####  Federated Learning End#####


#####  Federated Unlearning Start  #####
#### Sample-level Unlearning ####
Files already downloaded and verified
Files already downloaded and verified
selected_clients2 [2, 9, 3, 9, 2, 1, 4, 2, 6, 5, 1, 6, 6, 8, 8, 7, 0, 6, 4, 3, 7, 5, 2, 5, 4, 9, 6, 9, 4, 5, 0, 6, 9, 6, 4, 4, 7, 8, 2, 6, 6, 9, 5, 3, 6, 4, 5, 3, 7, 4, 1, 2, 3, 5, 7, 1, 8, 4, 4, 0, 6, 6, 6, 5, 4, 4, 2, 9, 3, 3, 3, 5, 6, 5, 6, 9, 2, 8, 2, 7, 8, 8, 9, 5, 3, 8, 5, 8, 5, 0, 4, 3, 6, 7, 2, 6, 5, 5, 1, 7]
P:  [2, 9, 3, 9, 2, 1, 4, 2, 6, 5, 1, 6, 6, 8, 8, 7, 0, 6, 4, 3, 7, 5, 2, 5, 4, 9, 6, 9, 4, 5, 0, 6, 9, 6, 4, 4, 7, 8, 2, 6, 6, 9, 5, 3, 6, 4, 5, 3, 7, 4, 1, 2, 3, 5, 7, 1, 8, 4, 4, 0, 6, 6, 6, 5, 4, 4, 2, 9, 3, 3, 3, 5, 6, 5, 6, 9, 2, 8, 2, 7, 8, 8, 9, 5, 3, 8, 5, 8, 5, 0, 4, 3, 6, 7, 2, 6, 5, 5, 1, 7]
Federated Unlearning Global Epoch  = 1
Federated Unlearning Global Epoch  = 2
Federated Unlearning Global Epoch  = 3
Federated Unlearning Global Epoch  = 4
Federated Unlearning Global Epoch  = 5
Federated Unlearning Global Epoch  = 6
Federated Unlearning Global Epoch  = 7
Federated Unlearning Global Epoch  = 8
Federated Unlearning Global Epoch  = 9
Federated Unlearning Global Epoch  = 10
Federated Unlearning Global Epoch  = 11
Federated Unlearning Global Epoch  = 12
Federated Unlearning Global Epoch  = 13
Federated Unlearning Global Epoch  = 14
Federated Unlearning Global Epoch  = 15
Federated Unlearning Global Epoch  = 16
Federated Unlearning Global Epoch  = 17
Federated Unlearning Global Epoch  = 18
Federated Unlearning Global Epoch  = 19
rouc:  10.0  rous:  1
IE: {1, 3, 5, 7, 9, 11, 13, 15, 17}
5
#####  Federated Unlearning End  #####


#####  Federated Unlearning without Calibration Start  #####
Federated Unlearning without Clibration Global Epoch  = 0
Federated Unlearning Global Epoch  = 1
Federated Unlearning Global Epoch  = 2
Federated Unlearning Global Epoch  = 3
Federated Unlearning Global Epoch  = 4
Federated Unlearning Global Epoch  = 5
Federated Unlearning Global Epoch  = 6
Federated Unlearning Global Epoch  = 7
Federated Unlearning Global Epoch  = 8
Federated Unlearning Global Epoch  = 9
Federated Unlearning Global Epoch  = 10
Federated Unlearning Global Epoch  = 11
Federated Unlearning Global Epoch  = 12
Federated Unlearning Global Epoch  = 13
Federated Unlearning Global Epoch  = 14
Federated Unlearning Global Epoch  = 15
Federated Unlearning Global Epoch  = 16
Federated Unlearning Global Epoch  = 17
Federated Unlearning Global Epoch  = 18
Federated Unlearning Global Epoch  = 19
#####  Federated Unlearning without Calibration End  #####
 Learning time consuming = 38.585514068603516 secods
 Unlearning time consuming = 48.79968285560608 secods
 Unlearning no Cali time consuming = 0.04679393768310547 secods


#####  Federated Retraining Start  #####
Federated Retrain with Forget Client NO.2
Global Retraining epoch = 0
Global Retraining epoch = 1
Global Retraining epoch = 2
Global Retraining epoch = 3
Global Retraining epoch = 4
Global Retraining epoch = 5
Global Retraining epoch = 6
Global Retraining epoch = 7
Global Retraining epoch = 8
Global Retraining epoch = 9
Global Retraining epoch = 10
Global Retraining epoch = 11
Global Retraining epoch = 12
Global Retraining epoch = 13
Global Retraining epoch = 14
Global Retraining epoch = 15
Global Retraining epoch = 16
Global Retraining epoch = 17
Global Retraining epoch = 18
Global Retraining epoch = 19
#####  Federated Retraining End  #####
Retrain Time using = 37.995864152908325 seconds
Test set: Average loss: 0.03591195
Test set: Average acc:  0.1497
Test set: Average loss: 0.03547764
Test set: Average acc:  0.1668
Test set: Average loss: 0.03610160
Test set: Average acc:  0.1395
Test set: Average loss: 0.03577303
Test set: Average acc:  0.1456
Test set: Average loss: 0.03662466
Test set: Average acc:  0.1262
Test set: Average loss: 0.03621097
Test set: Average acc:  0.1711
Test set: Average loss: 0.03682312
Test set: Average acc:  0.1092
Test set: Average loss: 0.03648768
Test set: Average acc:  0.1433
*****  Result Summary  *****
[FedEraser] Test set: Average loss = 0.03547764, Average acc = 0.1668
[FedAccum] Test set: Average loss = 0.03610160, Average acc = 0.1395
[FedRetrain] Test set: Average loss = 0.03577303, Average acc = 0.1456
[FedAvg] Test set: Average loss = 0.03591195, Average acc = 0.1497


[FedEraser] Target set: Average loss = 0.03621097, Average acc = 0.1711
[FedAccum] Target set: Average loss = 0.03682312, Average acc = 0.1092
[FedRetrain] Target set: Average loss = 0.03648768, Average acc = 0.1433
[FedAvg] Target set: Average loss = 0.03662466, Average acc = 0.1262
============================================================
Step4. Membership Inference Attack aganist GM...

Epoch  = -1
Attacking against FL Standard  
MIA Attacker precision = 0.9764
MIA Attacker recall = 0.9120
Attacking against FL Retrain  
MIA Attacker precision = 0.5493
MIA Attacker recall = 0.2340
Attacking against FL Unlearn  
MIA Attacker precision = 0.5120
MIA Attacker recall = 0.1700
Attacking against FL Unlearn without calibration  
