Files already downloaded and verified
============================================================
Step1. Federated Learning Settings 
 We use dataset: cifar10 for our Federated Unlearning experiment.

============================================================
Step2. Client data loaded, testing data loaded!!!
       Initial Model loaded!!!
Files already downloaded and verified
Files already downloaded and verified
============================================================
Step3. Fedearated Learning and Unlearning Training...
#####  Federated Learning Start#####
Global Federated Learning epoch = 0
Global Federated Learning epoch = 1
Global Federated Learning epoch = 2
Global Federated Learning epoch = 3
Global Federated Learning epoch = 4
Global Federated Learning epoch = 5
Global Federated Learning epoch = 6
Global Federated Learning epoch = 7
Global Federated Learning epoch = 8
Global Federated Learning epoch = 9
Global Federated Learning epoch = 10
Global Federated Learning epoch = 11
Global Federated Learning epoch = 12
Global Federated Learning epoch = 13
Global Federated Learning epoch = 14
Global Federated Learning epoch = 15
Global Federated Learning epoch = 16
Global Federated Learning epoch = 17
Global Federated Learning epoch = 18
Global Federated Learning epoch = 19
#####  Federated Learning End#####


#####  Federated Unlearning Start  #####
#### Sample-level Unlearning ####
Files already downloaded and verified
Files already downloaded and verified
rouc:  0.1  rous:  0.1
selected_clients2 [3, 4, 5, 6, 5, 7, 5, 8, 8, 1, 2, 0, 0, 1, 6, 9, 2, 9, 0, 4, 0, 4, 5, 4, 3, 8, 0, 2, 7, 3, 1, 3, 1, 4, 0, 9, 9, 2, 4, 4, 4, 9, 2, 3, 9, 2, 8, 6, 3, 7, 4, 9, 2, 7, 1, 4, 0, 4, 7, 9, 3, 3, 4, 4, 7, 4, 4, 8, 7, 4, 8, 6, 3, 8, 3, 6, 6, 6, 9, 9, 0, 6, 7, 5, 4, 9, 0, 1, 1, 7, 7, 1, 0, 6, 8, 7, 9, 6, 3, 0]
P:  [3, 4, 5, 6, 5, 7, 5, 8, 8, 1, 2, 0, 0, 1, 6, 9, 2, 9, 0, 4, 0, 4, 5, 4, 3, 8, 0, 2, 7, 3, 1, 3, 1, 4, 0, 9, 9, 2, 4, 4, 4, 9, 2, 3, 9, 2, 8, 6, 3, 7, 4, 9, 2, 7, 1, 4, 0, 4, 7, 9, 3, 3, 4, 4, 7, 4, 4, 8, 7, 4, 8, 6, 3, 8, 3, 6, 6, 6, 9, 9, 0, 6, 7, 5, 4, 9, 0, 1, 1, 7, 7, 1, 0, 6, 8, 7, 9, 6, 3, 0]
Federated Unlearning Global Epoch  = 1
Federated Unlearning Global Epoch  = 2
Federated Unlearning Global Epoch  = 3
Federated Unlearning Global Epoch  = 4
Federated Unlearning Global Epoch  = 5
Federated Unlearning Global Epoch  = 6
Federated Unlearning Global Epoch  = 7
Federated Unlearning Global Epoch  = 8
Federated Unlearning Global Epoch  = 9
Federated Unlearning Global Epoch  = 10
Federated Unlearning Global Epoch  = 11
Federated Unlearning Global Epoch  = 12
Federated Unlearning Global Epoch  = 13
Federated Unlearning Global Epoch  = 14
Federated Unlearning Global Epoch  = 15
Federated Unlearning Global Epoch  = 16
Federated Unlearning Global Epoch  = 17
Federated Unlearning Global Epoch  = 18
Federated Unlearning Global Epoch  = 19
IE: {1, 3, 5, 7, 9, 11, 13, 15, 17}
5
#####  Federated Unlearning End  #####


#####  Federated Unlearning without Calibration Start  #####
Federated Unlearning without Clibration Global Epoch  = 0
Federated Unlearning Global Epoch  = 1
Federated Unlearning Global Epoch  = 2
Federated Unlearning Global Epoch  = 3
Federated Unlearning Global Epoch  = 4
Federated Unlearning Global Epoch  = 5
Federated Unlearning Global Epoch  = 6
Federated Unlearning Global Epoch  = 7
Federated Unlearning Global Epoch  = 8
Federated Unlearning Global Epoch  = 9
Federated Unlearning Global Epoch  = 10
Federated Unlearning Global Epoch  = 11
Federated Unlearning Global Epoch  = 12
Federated Unlearning Global Epoch  = 13
Federated Unlearning Global Epoch  = 14
Federated Unlearning Global Epoch  = 15
Federated Unlearning Global Epoch  = 16
Federated Unlearning Global Epoch  = 17
Federated Unlearning Global Epoch  = 18
Federated Unlearning Global Epoch  = 19
#####  Federated Unlearning without Calibration End  #####
 Learning time consuming = 40.79866003990173 secods
 Unlearning time consuming = 53.18873119354248 secods
 Unlearning no Cali time consuming = 0.04607391357421875 secods


#####  Federated Retraining Start  #####
Federated Retrain with Forget Client NO.2
Global Retraining epoch = 0
Global Retraining epoch = 1
Global Retraining epoch = 2
Global Retraining epoch = 3
Global Retraining epoch = 4
Global Retraining epoch = 5
Global Retraining epoch = 6
Global Retraining epoch = 7
Global Retraining epoch = 8
Global Retraining epoch = 9
Global Retraining epoch = 10
Global Retraining epoch = 11
Global Retraining epoch = 12
Global Retraining epoch = 13
Global Retraining epoch = 14
Global Retraining epoch = 15
Global Retraining epoch = 16
Global Retraining epoch = 17
Global Retraining epoch = 18
Global Retraining epoch = 19
#####  Federated Retraining End  #####
Retrain Time using = 43.635666847229004 seconds
Test set: Average loss: 0.03594746
Test set: Average acc:  0.2030
Test set: Average loss: 0.03560054
Test set: Average acc:  0.1931
Test set: Average loss: 0.03609923
Test set: Average acc:  0.1357
Test set: Average loss: 0.03584093
Test set: Average acc:  0.2125
Test set: Average loss: 0.03662783
Test set: Average acc:  0.1916
Test set: Average loss: 0.03627289
Test set: Average acc:  0.1755
Test set: Average loss: 0.03678896
Test set: Average acc:  0.1340
Test set: Average loss: 0.03651901
Test set: Average acc:  0.1964
*****  Result Summary  *****
[FedEraser] Test set: Average loss = 0.03560054, Average acc = 0.1931
[FedAccum] Test set: Average loss = 0.03609923, Average acc = 0.1357
[FedRetrain] Test set: Average loss = 0.03584093, Average acc = 0.2125
[FedAvg] Test set: Average loss = 0.03594746, Average acc = 0.2030


[FedEraser] Target set: Average loss = 0.03627289, Average acc = 0.1755
[FedAccum] Target set: Average loss = 0.03678896, Average acc = 0.1340
[FedRetrain] Target set: Average loss = 0.03651901, Average acc = 0.1964
[FedAvg] Target set: Average loss = 0.03662783, Average acc = 0.1916
============================================================
Step4. Membership Inference Attack aganist GM...

Epoch  = -1
Attacking against FL Standard  
MIA Attacker precision = 0.9667
MIA Attacker recall = 0.9300
Attacking against FL Retrain  
MIA Attacker precision = 0.5059
MIA Attacker recall = 0.2580
Attacking against FL Unlearn  
MIA Attacker precision = 0.5249
MIA Attacker recall = 0.1900
Attacking against FL Unlearn without calibration  
