Files already downloaded and verified
============================================================
Step1. Federated Learning Settings 
 We use dataset: cifar10 for our Federated Unlearning experiment.

============================================================
Step2. Client data loaded, testing data loaded!!!
       Initial Model loaded!!!
Files already downloaded and verified
Files already downloaded and verified
============================================================
Step3. Fedearated Learning and Unlearning Training...
#####  Federated Learning Start#####
Global Federated Learning epoch = 0
Global Federated Learning epoch = 1
Global Federated Learning epoch = 2
Global Federated Learning epoch = 3
Global Federated Learning epoch = 4
Global Federated Learning epoch = 5
Global Federated Learning epoch = 6
Global Federated Learning epoch = 7
Global Federated Learning epoch = 8
Global Federated Learning epoch = 9
Global Federated Learning epoch = 10
Global Federated Learning epoch = 11
Global Federated Learning epoch = 12
Global Federated Learning epoch = 13
Global Federated Learning epoch = 14
Global Federated Learning epoch = 15
Global Federated Learning epoch = 16
Global Federated Learning epoch = 17
Global Federated Learning epoch = 18
Global Federated Learning epoch = 19
#####  Federated Learning End#####


#####  Federated Unlearning Start  #####
#### Sample-level Unlearning ####
Files already downloaded and verified
Files already downloaded and verified
selected_clients2 [6, 1, 8, 0, 9, 4, 6, 9, 3, 0, 0, 9, 9, 9, 4, 1, 8, 5, 6, 8, 2, 5, 4, 5, 4, 0, 1, 2, 1, 3, 0, 3, 9, 0, 3, 5, 2, 7, 8, 3, 9, 4, 5, 0, 5, 0, 2, 4, 9, 5, 4, 2, 4, 5, 3, 5, 6, 3, 3, 3, 8, 9, 1, 1, 8, 5, 9, 3, 1, 9, 3, 4, 4, 2, 1, 3, 6, 2, 6, 7, 9, 8, 1, 6, 2, 3, 0, 1, 2, 5, 3, 4, 6, 1, 4, 7, 1, 9, 8, 5]
P:  [6, 1, 8, 0, 9, 4, 6, 9, 3, 0, 0, 9, 9, 9, 4, 1, 8, 5, 6, 8, 2, 5, 4, 5, 4, 0, 1, 2, 1, 3, 0, 3, 9, 0, 3, 5, 2, 7, 8, 3, 9, 4, 5, 0, 5, 0, 2, 4, 9, 5, 4, 2, 4, 5, 3, 5, 6, 3, 3, 3, 8, 9, 1, 1, 8, 5, 9, 3, 1, 9, 3, 4, 4, 2, 1, 3, 6, 2, 6, 7, 9, 8, 1, 6, 2, 3, 0, 1, 2, 5, 3, 4, 6, 1, 4, 7, 1, 9, 8, 5]
Federated Unlearning Global Epoch  = 1
Federated Unlearning Global Epoch  = 2
Federated Unlearning Global Epoch  = 3
Federated Unlearning Global Epoch  = 4
Federated Unlearning Global Epoch  = 5
Federated Unlearning Global Epoch  = 6
Federated Unlearning Global Epoch  = 7
Federated Unlearning Global Epoch  = 8
Federated Unlearning Global Epoch  = 9
Federated Unlearning Global Epoch  = 10
Federated Unlearning Global Epoch  = 11
Federated Unlearning Global Epoch  = 12
Federated Unlearning Global Epoch  = 13
Federated Unlearning Global Epoch  = 14
Federated Unlearning Global Epoch  = 15
Federated Unlearning Global Epoch  = 16
Federated Unlearning Global Epoch  = 17
Federated Unlearning Global Epoch  = 18
Federated Unlearning Global Epoch  = 19
[6, 1, 8, 0, 9, 4, 6, 9, 3, 0, 0, 9, 9, 9, 4, 1, 8, 5, 6, 8, 2, 5, 4, 5, 4, 0, 1, 2, 1, 3, 0, 3, 9, 0, 3, 5, 2, 7, 8, 3, 9, 4, 5, 0, 5, 0, 2, 4, 9, 5, 4, 2, 4, 5, 3, 5, 6, 3, 3, 3, 8, 9, 1, 1, 8, 5, 9, 3, 1, 9, 3, 4, 4, 2, 1, 3, 6, 2, 6, 7, 9, 8, 1, 6, 2, 3, 0, 1, 2, 5, 3, 4, 6, 1, 4, 7, 1, 9, 8, 5]
Traceback (most recent call last):
  File "/Users/wangjiayi/Desktop/FedEraser-Code/Fed_Unlearn_main.py", line 180, in <module>
    Federated_Unlearning()
  File "/Users/wangjiayi/Desktop/FedEraser-Code/Fed_Unlearn_main.py", line 104, in Federated_Unlearning
    old_GMs, unlearn_GMs, uncali_unlearn_GMs, _ = federated_learning_unlearning(init_global_model,
  File "/Users/wangjiayi/Desktop/FedEraser-Code/Fed_Unlearn_base.py", line 103, in federated_learning_unlearning
    unlearn_GMs = total_variance.sample_level_unlearning(old_GMs, old_CMs, client_loaders, t_u, X_u, k_u, FL_params)
  File "/Users/wangjiayi/Desktop/FedEraser-Code/total_variance.py", line 149, in sample_level_unlearning
    updated_global_model = fats_algorithm(P,global_model, old_client_models, client_data_loaders, FL_params, t_u, device)# selected_clients_k, device)
  File "/Users/wangjiayi/Desktop/FedEraser-Code/total_variance.py", line 53, in fats_algorithm
    FL_params.rous = (b*K*FL_params.global_epoch)/(N* FL_params.N_client)
TypeError: unsupported operand type(s) for /: 'int' and 'list'
