Files already downloaded and verified
============================================================
Step1. Federated Learning Settings 
 We use dataset: cifar10 for our Federated Unlearning experiment.

============================================================
Step2. Client data loaded, testing data loaded!!!
       Initial Model loaded!!!
Files already downloaded and verified
Files already downloaded and verified
============================================================
Step3. Fedearated Learning and Unlearning Training...
#####  Federated Learning Start#####
Global Federated Learning epoch = 0
Global Federated Learning epoch = 1
Global Federated Learning epoch = 2
Global Federated Learning epoch = 3
Global Federated Learning epoch = 4
Global Federated Learning epoch = 5
Global Federated Learning epoch = 6
Global Federated Learning epoch = 7
Global Federated Learning epoch = 8
Global Federated Learning epoch = 9
Global Federated Learning epoch = 10
Global Federated Learning epoch = 11
Global Federated Learning epoch = 12
Global Federated Learning epoch = 13
Global Federated Learning epoch = 14
Global Federated Learning epoch = 15
Global Federated Learning epoch = 16
Global Federated Learning epoch = 17
Global Federated Learning epoch = 18
Global Federated Learning epoch = 19
#####  Federated Learning End#####


#####  Federated Unlearning Start  #####
#### Sample-level Unlearning ####
Files already downloaded and verified
Files already downloaded and verified
/Users/wangjiayi/anaconda3/envs/fedErase/lib/python3.9/site-packages/sklearn/metrics/_classification.py:1509: UndefinedMetricWarning: Precision is ill-defined and being set to 0.0 due to no predicted samples. Use `zero_division` parameter to control this behavior.
  _warn_prf(average, modifier, f"{metric.capitalize()} is", len(result))
selected_clients2 [0, 3, 3, 0, 2, 1, 3, 1, 3, 0]
P:  [0, 3, 3, 0, 2, 1, 3, 1, 3, 0]
Federated Unlearning Global Epoch  = 1
Federated Unlearning Global Epoch  = 2
Federated Unlearning Global Epoch  = 3
Federated Unlearning Global Epoch  = 4
Federated Unlearning Global Epoch  = 5
Federated Unlearning Global Epoch  = 6
Federated Unlearning Global Epoch  = 7
Federated Unlearning Global Epoch  = 8
Federated Unlearning Global Epoch  = 9
Federated Unlearning Global Epoch  = 10
Federated Unlearning Global Epoch  = 11
Federated Unlearning Global Epoch  = 12
Federated Unlearning Global Epoch  = 13
Federated Unlearning Global Epoch  = 14
Federated Unlearning Global Epoch  = 15
Federated Unlearning Global Epoch  = 16
Federated Unlearning Global Epoch  = 17
Federated Unlearning Global Epoch  = 18
Federated Unlearning Global Epoch  = 19
N [0, 3, 3, 0, 2, 1, 3, 1, 3, 0]
cc 0.4
ss 2.4
rouc:  0.4  rous:  2.4
IE:  {1, 3, 5, 7, 9, 11, 13, 15, 17}
tr:  5
selected_clients2 [1 5 1 5]
client_models 10
selected_clients2 [2 7 8 0]
client_models 10
selected_clients2 [2 4 7 9]
client_models 10
selected_clients2 [5 7 3 0]
client_models 10
selected_clients2 [4 6 4 4]
client_models 10
selected_clients2 [0 0 6 9]
client_models 10
selected_clients2 [4 7 3 1]
client_models 10
#####  Federated Unlearning End  #####


#####  Federated Unlearning without Calibration Start  #####
Federated Unlearning without Clibration Global Epoch  = 0
Federated Unlearning Global Epoch  = 1
Federated Unlearning Global Epoch  = 2
Federated Unlearning Global Epoch  = 3
Federated Unlearning Global Epoch  = 4
Federated Unlearning Global Epoch  = 5
Federated Unlearning Global Epoch  = 6
Federated Unlearning Global Epoch  = 7
Federated Unlearning Global Epoch  = 8
Federated Unlearning Global Epoch  = 9
Federated Unlearning Global Epoch  = 10
Federated Unlearning Global Epoch  = 11
Federated Unlearning Global Epoch  = 12
Federated Unlearning Global Epoch  = 13
Federated Unlearning Global Epoch  = 14
Federated Unlearning Global Epoch  = 15
Federated Unlearning Global Epoch  = 16
Federated Unlearning Global Epoch  = 17
Federated Unlearning Global Epoch  = 18
Federated Unlearning Global Epoch  = 19
#####  Federated Unlearning without Calibration End  #####
 Learning time consuming = 41.73717784881592 secods
 Unlearning time consuming = 38.92888307571411 secods
 Unlearning no Cali time consuming = 0.04500126838684082 secods


#####  Federated Retraining Start  #####
Federated Retrain with Forget Client NO.2
Global Retraining epoch = 0
Global Retraining epoch = 1
Global Retraining epoch = 2
Global Retraining epoch = 3
Global Retraining epoch = 4
Global Retraining epoch = 5
Global Retraining epoch = 6
Global Retraining epoch = 7
Global Retraining epoch = 8
Global Retraining epoch = 9
Global Retraining epoch = 10
Global Retraining epoch = 11
Global Retraining epoch = 12
Global Retraining epoch = 13
Global Retraining epoch = 14
Global Retraining epoch = 15
Global Retraining epoch = 16
Global Retraining epoch = 17
Global Retraining epoch = 18
Global Retraining epoch = 19
#####  Federated Retraining End  #####
Retrain Time using = 38.762330770492554 seconds
Test set: Average loss: 0.03596834
Test set: Average acc:  0.2051
Test set: Average loss: nan
Test set: Average acc:  0.0995
Test set: Average loss: nan
Test set: Average acc:  0.1001
Test set: Average loss: 0.03587241
Test set: Average acc:  0.2094
Test set: Average loss: 0.03669998
Test set: Average acc:  0.1678
Test set: Average loss: nan
Test set: Average acc:  0.1038
Test set: Average loss: nan
Test set: Average acc:  0.1034
Test set: Average loss: 0.03660847
Test set: Average acc:  0.2048
*****  Result Summary  *****
[FedEraser] Test set: Average loss = nan, Average acc = 0.0995
[FedAccum] Test set: Average loss = nan, Average acc = 0.1001
[FedRetrain] Test set: Average loss = 0.03587241, Average acc = 0.2094
[FedAvg] Test set: Average loss = 0.03596834, Average acc = 0.2051


[FedEraser] Target set: Average loss = nan, Average acc = 0.1038
[FedAccum] Target set: Average loss = nan, Average acc = 0.1034
[FedRetrain] Target set: Average loss = 0.03660847, Average acc = 0.2048
[FedAvg] Target set: Average loss = 0.03669998, Average acc = 0.1678
============================================================
Step4. Membership Inference Attack aganist GM...

Epoch  = -1
Attacking against FL Standard  
MIA Attacker precision = 0.9726
MIA Attacker recall = 0.9240
Attacking against FL Retrain  
MIA Attacker precision = 0.5441
MIA Attacker recall = 0.2960
Attacking against FL Unlearn  
MIA Attacker precision = 0.0000
MIA Attacker recall = 0.0000
Attacking against FL Unlearn without calibration  
