Files already downloaded and verified
============================================================
Step1. Federated Learning Settings 
 We use dataset: cifar10 for our Federated Unlearning experiment.

============================================================
Step2. Client data loaded, testing data loaded!!!
       Initial Model loaded!!!
Files already downloaded and verified
Files already downloaded and verified
============================================================
Step3. Fedearated Learning and Unlearning Training...
#####  Federated Learning Start#####
Global Federated Learning epoch = 0
Global Federated Learning epoch = 1
Global Federated Learning epoch = 2
Global Federated Learning epoch = 3
Global Federated Learning epoch = 4
Global Federated Learning epoch = 5
Global Federated Learning epoch = 6
Global Federated Learning epoch = 7
Global Federated Learning epoch = 8
Global Federated Learning epoch = 9
Global Federated Learning epoch = 10
Global Federated Learning epoch = 11
Global Federated Learning epoch = 12
Global Federated Learning epoch = 13
Global Federated Learning epoch = 14
Global Federated Learning epoch = 15
Global Federated Learning epoch = 16
Global Federated Learning epoch = 17
Global Federated Learning epoch = 18
Global Federated Learning epoch = 19
#####  Federated Learning End#####


#####  Federated Unlearning Start  #####
#### Sample-level Unlearning ####
selected_clients2 [1, 0, 4, 6]
P:  [1, 0, 4, 6]
selected_clients2 [1, 6, 2, 9]
P:  [1, 6, 2, 9]
selected_clients2 [3, 5, 4, 1]
P:  [3, 5, 4, 1]
X_u [<torch.utils.data.dataloader.DataLoader object at 0x16dc8f790>, <torch.utils.data.dataloader.DataLoader object at 0x16dc94ac0>, <torch.utils.data.dataloader.DataLoader object at 0x16dc8f2e0>, <torch.utils.data.dataloader.DataLoader object at 0x16dc8dd00>]
data_loader_ku <torch.utils.data.dataloader.DataLoader object at 0x16dc8f790>
Traceback (most recent call last):
  File "/Users/wangjiayi/Desktop/FedEraser-Code/Fed_Unlearn_main.py", line 180, in <module>
    Federated_Unlearning()
  File "/Users/wangjiayi/Desktop/FedEraser-Code/Fed_Unlearn_main.py", line 104, in Federated_Unlearning
    old_GMs, unlearn_GMs, uncali_unlearn_GMs, _ = federated_learning_unlearning(init_global_model,
  File "/Users/wangjiayi/Desktop/FedEraser-Code/Fed_Unlearn_base.py", line 104, in federated_learning_unlearning
    unlearn_GMs = total_variance.sample_level_unlearning(old_GMs, old_CMs, client_loaders, t_u, X_u, k_u, FL_params)
  File "/Users/wangjiayi/Desktop/FedEraser-Code/total_variance.py", line 166, in sample_level_unlearning
    if X_u in inputs:  # This check is conceptual; actual implementation will vary
  File "/Users/wangjiayi/anaconda3/envs/fedErase/lib/python3.9/site-packages/torch/_tensor.py", line 1093, in __contains__
    raise RuntimeError(
RuntimeError: Tensor.__contains__ only supports Tensor or scalar, but you passed in a <class 'list'>.
