Files already downloaded and verified
============================================================
Step1. Federated Learning Settings 
 We use dataset: cifar10 for our Federated Unlearning experiment.

============================================================
Step2. Client data loaded, testing data loaded!!!
       Initial Model loaded!!!
Files already downloaded and verified
Files already downloaded and verified
============================================================
Step3. Fedearated Learning and Unlearning Training...
#####  Federated Learning Start#####
Global Federated Learning epoch = 0
Global Federated Learning epoch = 1
Global Federated Learning epoch = 2
Global Federated Learning epoch = 3
Global Federated Learning epoch = 4
Global Federated Learning epoch = 5
Global Federated Learning epoch = 6
Global Federated Learning epoch = 7
Global Federated Learning epoch = 8
Global Federated Learning epoch = 9
Global Federated Learning epoch = 10
Global Federated Learning epoch = 11
Global Federated Learning epoch = 12
Global Federated Learning epoch = 13
Global Federated Learning epoch = 14
Global Federated Learning epoch = 15
Global Federated Learning epoch = 16
Global Federated Learning epoch = 17
Global Federated Learning epoch = 18
Global Federated Learning epoch = 19
#####  Federated Learning End#####


#####  Federated Unlearning Start  #####
#### Sample-level Unlearning ####
Files already downloaded and verified
Files already downloaded and verified
rouc:  4  rous:  4
selected_clients2 [4, 7, 7, 7, 5, 5, 7, 1, 1, 6, 8, 9, 0, 6, 9, 5, 4, 1, 1, 1, 8, 9, 3, 4, 1, 8, 7, 8, 8, 8, 9, 7, 8, 8, 7, 1, 6, 5, 9, 1, 5, 8, 0, 5, 3, 4, 3, 1, 7, 4, 4, 9, 4, 3, 9, 1, 0, 0, 6, 8, 2, 5, 6, 9, 4, 8, 6, 9, 6, 9, 4, 5, 3, 1, 8, 6, 7, 4, 6, 7, 8, 0, 9, 9, 0, 3, 5, 3, 8, 4, 4, 0, 3, 5, 4, 7, 3, 5, 0, 3]
P:  [4, 7, 7, 7, 5, 5, 7, 1, 1, 6, 8, 9, 0, 6, 9, 5, 4, 1, 1, 1, 8, 9, 3, 4, 1, 8, 7, 8, 8, 8, 9, 7, 8, 8, 7, 1, 6, 5, 9, 1, 5, 8, 0, 5, 3, 4, 3, 1, 7, 4, 4, 9, 4, 3, 9, 1, 0, 0, 6, 8, 2, 5, 6, 9, 4, 8, 6, 9, 6, 9, 4, 5, 3, 1, 8, 6, 7, 4, 6, 7, 8, 0, 9, 9, 0, 3, 5, 3, 8, 4, 4, 0, 3, 5, 4, 7, 3, 5, 0, 3]
Federated Unlearning Global Epoch  = 1
Federated Unlearning Global Epoch  = 2
Federated Unlearning Global Epoch  = 3
Federated Unlearning Global Epoch  = 4
Federated Unlearning Global Epoch  = 5
Federated Unlearning Global Epoch  = 6
Federated Unlearning Global Epoch  = 7
Federated Unlearning Global Epoch  = 8
Federated Unlearning Global Epoch  = 9
Federated Unlearning Global Epoch  = 10
Federated Unlearning Global Epoch  = 11
Federated Unlearning Global Epoch  = 12
Federated Unlearning Global Epoch  = 13
Federated Unlearning Global Epoch  = 14
Federated Unlearning Global Epoch  = 15
Federated Unlearning Global Epoch  = 16
Federated Unlearning Global Epoch  = 17
Federated Unlearning Global Epoch  = 18
Federated Unlearning Global Epoch  = 19
IE: {1, 3, 5, 7, 9, 11, 13, 15, 17}
5
#####  Federated Unlearning End  #####


#####  Federated Unlearning without Calibration Start  #####
Federated Unlearning without Clibration Global Epoch  = 0
Federated Unlearning Global Epoch  = 1
Federated Unlearning Global Epoch  = 2
Federated Unlearning Global Epoch  = 3
Federated Unlearning Global Epoch  = 4
Federated Unlearning Global Epoch  = 5
Federated Unlearning Global Epoch  = 6
Federated Unlearning Global Epoch  = 7
Federated Unlearning Global Epoch  = 8
Federated Unlearning Global Epoch  = 9
Federated Unlearning Global Epoch  = 10
Federated Unlearning Global Epoch  = 11
Federated Unlearning Global Epoch  = 12
Federated Unlearning Global Epoch  = 13
Federated Unlearning Global Epoch  = 14
Federated Unlearning Global Epoch  = 15
Federated Unlearning Global Epoch  = 16
Federated Unlearning Global Epoch  = 17
Federated Unlearning Global Epoch  = 18
Federated Unlearning Global Epoch  = 19
#####  Federated Unlearning without Calibration End  #####
 Learning time consuming = 39.691940784454346 secods
 Unlearning time consuming = 49.46837115287781 secods
 Unlearning no Cali time consuming = 0.046743154525756836 secods


#####  Federated Retraining Start  #####
Federated Retrain with Forget Client NO.2
Global Retraining epoch = 0
Global Retraining epoch = 1
Global Retraining epoch = 2
Global Retraining epoch = 3
Global Retraining epoch = 4
Global Retraining epoch = 5
Global Retraining epoch = 6
Global Retraining epoch = 7
Global Retraining epoch = 8
Global Retraining epoch = 9
Global Retraining epoch = 10
Global Retraining epoch = 11
Global Retraining epoch = 12
Global Retraining epoch = 13
Global Retraining epoch = 14
Global Retraining epoch = 15
Global Retraining epoch = 16
Global Retraining epoch = 17
Global Retraining epoch = 18
Global Retraining epoch = 19
#####  Federated Retraining End  #####
Retrain Time using = 40.59526610374451 seconds
Test set: Average loss: 0.03594531
Test set: Average acc:  0.1457
Test set: Average loss: 0.03561407
Test set: Average acc:  0.1771
Test set: Average loss: 0.03609549
Test set: Average acc:  0.1206
Test set: Average loss: 0.03580820
Test set: Average acc:  0.1711
Test set: Average loss: 0.03667305
Test set: Average acc:  0.1390
Test set: Average loss: 0.03640604
Test set: Average acc:  0.1559
Test set: Average loss: 0.03680889
Test set: Average acc:  0.1214
Test set: Average loss: 0.03657991
Test set: Average acc:  0.1486
*****  Result Summary  *****
[FedEraser] Test set: Average loss = 0.03561407, Average acc = 0.1771
[FedAccum] Test set: Average loss = 0.03609549, Average acc = 0.1206
[FedRetrain] Test set: Average loss = 0.03580820, Average acc = 0.1711
[FedAvg] Test set: Average loss = 0.03594531, Average acc = 0.1457


[FedEraser] Target set: Average loss = 0.03640604, Average acc = 0.1559
[FedAccum] Target set: Average loss = 0.03680889, Average acc = 0.1214
[FedRetrain] Target set: Average loss = 0.03657991, Average acc = 0.1486
[FedAvg] Target set: Average loss = 0.03667305, Average acc = 0.1390
============================================================
Step4. Membership Inference Attack aganist GM...

Epoch  = -1
Attacking against FL Standard  
MIA Attacker precision = 0.9673
MIA Attacker recall = 0.9460
Attacking against FL Retrain  
MIA Attacker precision = 0.5093
MIA Attacker recall = 0.2200
Attacking against FL Unlearn  
MIA Attacker precision = 0.5594
MIA Attacker recall = 0.2260
Attacking against FL Unlearn without calibration  
