Files already downloaded and verified
============================================================
Step1. Federated Learning Settings 
 We use dataset: cifar10 for our Federated Unlearning experiment.

============================================================
Step2. Client data loaded, testing data loaded!!!
       Initial Model loaded!!!
Files already downloaded and verified
Files already downloaded and verified
============================================================
Step3. Fedearated Learning and Unlearning Training...
#####  Federated Learning Start#####
Global Federated Learning epoch = 0
Global Federated Learning epoch = 1
Global Federated Learning epoch = 2
Global Federated Learning epoch = 3
Global Federated Learning epoch = 4
Global Federated Learning epoch = 5
Global Federated Learning epoch = 6
Global Federated Learning epoch = 7
Global Federated Learning epoch = 8
Global Federated Learning epoch = 9
Global Federated Learning epoch = 10
Global Federated Learning epoch = 11
Global Federated Learning epoch = 12
Global Federated Learning epoch = 13
Global Federated Learning epoch = 14
Global Federated Learning epoch = 15
Global Federated Learning epoch = 16
Global Federated Learning epoch = 17
Global Federated Learning epoch = 18
Global Federated Learning epoch = 19
#####  Federated Learning End#####


#####  Federated Unlearning Start  #####
#### Sample-level Unlearning ####
Files already downloaded and verified
Files already downloaded and verified
selected_clients2 [1, 2, 8, 8, 2, 9, 0, 3, 2, 7, 1, 3, 4, 8, 7, 8, 1, 2, 9, 7, 3, 6, 4, 2, 4, 0, 7, 8, 0, 1, 1, 1, 5, 7, 3, 4, 7, 4, 4, 3, 2, 2, 4, 9, 0, 4, 6, 2, 6, 2, 7, 6, 2, 7, 6, 5, 4, 0, 1, 9, 6, 0, 2, 5, 1, 5, 0, 9, 0, 4, 0, 1, 4, 5, 1, 7, 3, 6, 4, 8, 2, 2, 9, 7, 4, 2, 0, 9, 4, 3, 3, 0, 8, 4, 3, 7, 1, 8, 8, 5]
P:  [1, 2, 8, 8, 2, 9, 0, 3, 2, 7, 1, 3, 4, 8, 7, 8, 1, 2, 9, 7, 3, 6, 4, 2, 4, 0, 7, 8, 0, 1, 1, 1, 5, 7, 3, 4, 7, 4, 4, 3, 2, 2, 4, 9, 0, 4, 6, 2, 6, 2, 7, 6, 2, 7, 6, 5, 4, 0, 1, 9, 6, 0, 2, 5, 1, 5, 0, 9, 0, 4, 0, 1, 4, 5, 1, 7, 3, 6, 4, 8, 2, 2, 9, 7, 4, 2, 0, 9, 4, 3, 3, 0, 8, 4, 3, 7, 1, 8, 8, 5]
Federated Unlearning Global Epoch  = 1
Federated Unlearning Global Epoch  = 2
Federated Unlearning Global Epoch  = 3
Federated Unlearning Global Epoch  = 4
Federated Unlearning Global Epoch  = 5
Federated Unlearning Global Epoch  = 6
Federated Unlearning Global Epoch  = 7
Federated Unlearning Global Epoch  = 8
Federated Unlearning Global Epoch  = 9
Federated Unlearning Global Epoch  = 10
Federated Unlearning Global Epoch  = 11
Federated Unlearning Global Epoch  = 12
Federated Unlearning Global Epoch  = 13
Federated Unlearning Global Epoch  = 14
Federated Unlearning Global Epoch  = 15
Federated Unlearning Global Epoch  = 16
Federated Unlearning Global Epoch  = 17
Federated Unlearning Global Epoch  = 18
Federated Unlearning Global Epoch  = 19
N [1, 2, 8, 8, 2, 9, 0, 3, 2, 7, 1, 3, 4, 8, 7, 8, 1, 2, 9, 7, 3, 6, 4, 2, 4, 0, 7, 8, 0, 1, 1, 1, 5, 7, 3, 4, 7, 4, 4, 3, 2, 2, 4, 9, 0, 4, 6, 2, 6, 2, 7, 6, 2, 7, 6, 5, 4, 0, 1, 9, 6, 0, 2, 5, 1, 5, 0, 9, 0, 4, 0, 1, 4, 5, 1, 7, 3, 6, 4, 8, 2, 2, 9, 7, 4, 2, 0, 9, 4, 3, 3, 0, 8, 4, 3, 7, 1, 8, 8, 5]
rouc:  1.0  rous:  24.0
IE: {1, 3, 5, 7, 9, 11, 13, 15, 17}
5
selected_clients2 [2 9 5 4 6 0 9 5 0 7 8 2 3 0 6 2 6 8 0 7 5 9 4 3 3 2 1 1 9 6 2 9 3 4 3 1 1
 7 0 5 8 7 0 3 4 2 5 2 0 4 9 0 2 5 7 9 7 2 5 8 5 9 8 7 6 1 7 8 9 9 1 4 0 0
 0 4 2 5 6 5 0 9 1 5 0 7 1 3 4 1 9 5 7 2 6 7 4 2 2 2]
client_models 10 Net_cifar10(
  (conv1): Conv2d(3, 6, kernel_size=(5, 5), stride=(1, 1))
  (pool): MaxPool2d(kernel_size=2, stride=2, padding=0, dilation=1, ceil_mode=False)
  (conv2): Conv2d(6, 16, kernel_size=(5, 5), stride=(1, 1))
  (fc1): Linear(in_features=400, out_features=120, bias=True)
  (fc2): Linear(in_features=120, out_features=84, bias=True)
  (fc3): Linear(in_features=84, out_features=10, bias=True)
)
selected_clients2 [9 6 6 1 2 4 1 2 2 3 0 2 5 8 2 3 0 6 2 9 1 8 0 4 5 5 5 0 0 5 8 7 2 5 4 8 2
 3 9 1 7 8 5 1 3 3 2 0 3 6 3 4 4 7 1 5 6 8 6 5 8 4 8 8 8 8 5 4 8 4 2 5 6 3
 8 4 2 9 1 5 6 2 3 1 5 4 2 1 9 6 3 9 8 0 6 9 0 7 5 5]
client_models 10 Net_cifar10(
  (conv1): Conv2d(3, 6, kernel_size=(5, 5), stride=(1, 1))
  (pool): MaxPool2d(kernel_size=2, stride=2, padding=0, dilation=1, ceil_mode=False)
  (conv2): Conv2d(6, 16, kernel_size=(5, 5), stride=(1, 1))
  (fc1): Linear(in_features=400, out_features=120, bias=True)
  (fc2): Linear(in_features=120, out_features=84, bias=True)
  (fc3): Linear(in_features=84, out_features=10, bias=True)
)
selected_clients2 [2 2 5 2 6 1 3 6 9 6 7 8 1 8 4 3 9 1 3 8 0 3 1 8 7 1 2 3 0 2 5 7 3 6 7 0 8
 1 1 8 5 6 4 2 4 9 0 8 3 6 9 3 6 9 9 2 7 1 2 9 8 5 6 1 6 3 1 4 3 3 7 1 8 0
 2 7 9 9 6 4 1 6 4 8 1 3 0 5 5 6 9 7 6 3 6 7 4 5 9 5]
client_models 10 Net_cifar10(
  (conv1): Conv2d(3, 6, kernel_size=(5, 5), stride=(1, 1))
  (pool): MaxPool2d(kernel_size=2, stride=2, padding=0, dilation=1, ceil_mode=False)
  (conv2): Conv2d(6, 16, kernel_size=(5, 5), stride=(1, 1))
  (fc1): Linear(in_features=400, out_features=120, bias=True)
  (fc2): Linear(in_features=120, out_features=84, bias=True)
  (fc3): Linear(in_features=84, out_features=10, bias=True)
)
selected_clients2 [0 5 1 5 2 1 8 0 8 8 8 3 8 2 6 8 2 8 2 7 5 0 4 8 9 2 1 2 1 8 7 1 5 5 1 7 5
 5 6 6 5 7 1 7 0 0 4 0 6 1 7 8 7 3 4 5 6 9 9 2 6 2 2 5 0 7 2 9 4 8 8 1 3 2
 9 5 8 8 3 8 5 7 5 4 8 4 3 8 4 0 0 4 8 2 4 5 8 4 7 2]
client_models 10 Net_cifar10(
  (conv1): Conv2d(3, 6, kernel_size=(5, 5), stride=(1, 1))
  (pool): MaxPool2d(kernel_size=2, stride=2, padding=0, dilation=1, ceil_mode=False)
  (conv2): Conv2d(6, 16, kernel_size=(5, 5), stride=(1, 1))
  (fc1): Linear(in_features=400, out_features=120, bias=True)
  (fc2): Linear(in_features=120, out_features=84, bias=True)
  (fc3): Linear(in_features=84, out_features=10, bias=True)
)
selected_clients2 [4 1 9 0 7 3 9 7 1 5 9 5 2 3 2 4 5 3 3 4 2 9 9 7 5 1 6 8 9 0 0 6 5 1 5 7 2
 4 1 0 3 1 6 9 5 3 0 2 3 7 8 0 8 0 9 1 7 2 0 6 3 7 6 6 0 0 1 1 8 0 7 4 4 2
 3 8 6 4 4 5 3 3 6 3 7 4 0 0 8 4 3 2 4 8 0 2 7 3 1 5]
client_models 10 Net_cifar10(
  (conv1): Conv2d(3, 6, kernel_size=(5, 5), stride=(1, 1))
  (pool): MaxPool2d(kernel_size=2, stride=2, padding=0, dilation=1, ceil_mode=False)
  (conv2): Conv2d(6, 16, kernel_size=(5, 5), stride=(1, 1))
  (fc1): Linear(in_features=400, out_features=120, bias=True)
  (fc2): Linear(in_features=120, out_features=84, bias=True)
  (fc3): Linear(in_features=84, out_features=10, bias=True)
)
selected_clients2 [5 4 4 8 2 9 4 7 4 0 4 1 2 0 6 7 4 0 3 6 8 4 8 5 5 3 5 4 2 9 5 3 7 6 5 0 2
 8 9 2 8 9 3 0 9 4 9 4 8 5 8 1 6 0 8 4 2 4 9 5 3 2 0 0 4 8 9 9 7 0 2 5 1 5
 9 4 1 2 0 8 9 3 9 0 4 0 9 6 4 2 9 3 7 5 9 5 4 5 0 3]
client_models 10 Net_cifar10(
  (conv1): Conv2d(3, 6, kernel_size=(5, 5), stride=(1, 1))
  (pool): MaxPool2d(kernel_size=2, stride=2, padding=0, dilation=1, ceil_mode=False)
  (conv2): Conv2d(6, 16, kernel_size=(5, 5), stride=(1, 1))
  (fc1): Linear(in_features=400, out_features=120, bias=True)
  (fc2): Linear(in_features=120, out_features=84, bias=True)
  (fc3): Linear(in_features=84, out_features=10, bias=True)
)
selected_clients2 [0 9 0 1 5 8 3 9 3 2 9 6 2 4 8 9 1 1 2 5 1 0 9 1 9 1 7 0 8 2 2 8 1 0 4 9 5
 4 8 4 7 4 0 2 9 6 9 2 4 1 1 1 6 3 4 5 7 3 4 5 3 0 0 3 0 8 2 2 7 6 5 3 2 2
 2 2 9 4 3 9 0 6 2 5 2 3 1 2 6 2 4 1 6 6 7 5 9 7 2 9]
client_models 10 Net_cifar10(
  (conv1): Conv2d(3, 6, kernel_size=(5, 5), stride=(1, 1))
  (pool): MaxPool2d(kernel_size=2, stride=2, padding=0, dilation=1, ceil_mode=False)
  (conv2): Conv2d(6, 16, kernel_size=(5, 5), stride=(1, 1))
  (fc1): Linear(in_features=400, out_features=120, bias=True)
  (fc2): Linear(in_features=120, out_features=84, bias=True)
  (fc3): Linear(in_features=84, out_features=10, bias=True)
)
#####  Federated Unlearning End  #####


#####  Federated Unlearning without Calibration Start  #####
Federated Unlearning without Clibration Global Epoch  = 0
Federated Unlearning Global Epoch  = 1
Federated Unlearning Global Epoch  = 2
Federated Unlearning Global Epoch  = 3
Federated Unlearning Global Epoch  = 4
Federated Unlearning Global Epoch  = 5
Federated Unlearning Global Epoch  = 6
Federated Unlearning Global Epoch  = 7
Federated Unlearning Global Epoch  = 8
Federated Unlearning Global Epoch  = 9
Federated Unlearning Global Epoch  = 10
Federated Unlearning Global Epoch  = 11
Federated Unlearning Global Epoch  = 12
Federated Unlearning Global Epoch  = 13
Federated Unlearning Global Epoch  = 14
Federated Unlearning Global Epoch  = 15
Federated Unlearning Global Epoch  = 16
Federated Unlearning Global Epoch  = 17
Federated Unlearning Global Epoch  = 18
Federated Unlearning Global Epoch  = 19
#####  Federated Unlearning without Calibration End  #####
 Learning time consuming = 39.95074677467346 secods
 Unlearning time consuming = 65.45460510253906 secods
 Unlearning no Cali time consuming = 0.04748797416687012 secods


#####  Federated Retraining Start  #####
Federated Retrain with Forget Client NO.2
Global Retraining epoch = 0
Global Retraining epoch = 1
Global Retraining epoch = 2
Global Retraining epoch = 3
Global Retraining epoch = 4
Global Retraining epoch = 5
Global Retraining epoch = 6
Global Retraining epoch = 7
Global Retraining epoch = 8
Global Retraining epoch = 9
Global Retraining epoch = 10
Global Retraining epoch = 11
Global Retraining epoch = 12
Global Retraining epoch = 13
Global Retraining epoch = 14
Global Retraining epoch = 15
Global Retraining epoch = 16
Global Retraining epoch = 17
Global Retraining epoch = 18
Global Retraining epoch = 19
#####  Federated Retraining End  #####
Retrain Time using = 40.72001528739929 seconds
Test set: Average loss: 0.03590733
Test set: Average acc:  0.1246
Test set: Average loss: 0.03485279
Test set: Average acc:  0.1766
Test set: Average loss: 0.03616115
Test set: Average acc:  0.0998
Test set: Average loss: 0.03574833
Test set: Average acc:  0.1261
Test set: Average loss: 0.03660309
Test set: Average acc:  0.1535
Test set: Average loss: 0.03563762
Test set: Average acc:  0.1919
Test set: Average loss: 0.03683731
Test set: Average acc:  0.1297
Test set: Average loss: 0.03645101
Test set: Average acc:  0.1599
*****  Result Summary  *****
[FedEraser] Test set: Average loss = 0.03485279, Average acc = 0.1766
[FedAccum] Test set: Average loss = 0.03616115, Average acc = 0.0998
[FedRetrain] Test set: Average loss = 0.03574833, Average acc = 0.1261
[FedAvg] Test set: Average loss = 0.03590733, Average acc = 0.1246


[FedEraser] Target set: Average loss = 0.03563762, Average acc = 0.1919
[FedAccum] Target set: Average loss = 0.03683731, Average acc = 0.1297
[FedRetrain] Target set: Average loss = 0.03645101, Average acc = 0.1599
[FedAvg] Target set: Average loss = 0.03660309, Average acc = 0.1535
============================================================
Step4. Membership Inference Attack aganist GM...

Epoch  = -1
Attacking against FL Standard  
MIA Attacker precision = 0.9892
MIA Attacker recall = 0.9180
Attacking against FL Retrain  
MIA Attacker precision = 0.4797
MIA Attacker recall = 0.2360
Attacking against FL Unlearn  
MIA Attacker precision = 0.4859
MIA Attacker recall = 0.5160
Attacking against FL Unlearn without calibration  
