Files already downloaded and verified
============================================================
Step1. Federated Learning Settings 
 We use dataset: cifar10 for our Federated Unlearning experiment.

============================================================
Step2. Client data loaded, testing data loaded!!!
       Initial Model loaded!!!
Files already downloaded and verified
Files already downloaded and verified
============================================================
Step3. Fedearated Learning and Unlearning Training...
#####  Federated Learning Start#####
Global Federated Learning epoch = 0
Global Federated Learning epoch = 1
Global Federated Learning epoch = 2
Global Federated Learning epoch = 3
Global Federated Learning epoch = 4
Global Federated Learning epoch = 5
Global Federated Learning epoch = 6
Global Federated Learning epoch = 7
Global Federated Learning epoch = 8
Global Federated Learning epoch = 9
Global Federated Learning epoch = 10
Global Federated Learning epoch = 11
Global Federated Learning epoch = 12
Global Federated Learning epoch = 13
Global Federated Learning epoch = 14
Global Federated Learning epoch = 15
Global Federated Learning epoch = 16
Global Federated Learning epoch = 17
Global Federated Learning epoch = 18
Global Federated Learning epoch = 19
#####  Federated Learning End#####


#####  Federated Unlearning Start  #####
#### Sample-level Unlearning ####
selected_clients2 [6, 6, 0, 7]
X_u 2
P:  [6, 6, 0, 7]
selected_clients2 [6, 8, 9, 5]
X_u 2
P:  [6, 8, 9, 5]
selected_clients2 [2, 4, 8, 4]
X_u 2
P:  [2, 4, 8, 4]
selected_clients2 [2, 0, 2, 7]
X_u 2
P:  [2, 0, 2, 7]
selected_clients2 [5, 6, 0, 1]
X_u 2
P:  [5, 6, 0, 1]
#####  Federated Unlearning End  #####


#####  Federated Unlearning without Calibration Start  #####
Federated Unlearning without Clibration Global Epoch  = 0
Federated Unlearning Global Epoch  = 1
Federated Unlearning Global Epoch  = 2
Federated Unlearning Global Epoch  = 3
Federated Unlearning Global Epoch  = 4
Federated Unlearning Global Epoch  = 5
Federated Unlearning Global Epoch  = 6
Federated Unlearning Global Epoch  = 7
Federated Unlearning Global Epoch  = 8
Federated Unlearning Global Epoch  = 9
Federated Unlearning Global Epoch  = 10
Federated Unlearning Global Epoch  = 11
Federated Unlearning Global Epoch  = 12
Federated Unlearning Global Epoch  = 13
Federated Unlearning Global Epoch  = 14
Federated Unlearning Global Epoch  = 15
Federated Unlearning Global Epoch  = 16
Federated Unlearning Global Epoch  = 17
Federated Unlearning Global Epoch  = 18
Federated Unlearning Global Epoch  = 19
#####  Federated Unlearning without Calibration End  #####
 Learning time consuming = 39.035696268081665 secods
 Unlearning time consuming = 0.002026796340942383 secods
 Unlearning no Cali time consuming = 0.04496502876281738 secods


#####  Federated Retraining Start  #####
Federated Retrain with Forget Client NO.2
Global Retraining epoch = 0
Global Retraining epoch = 1
Global Retraining epoch = 2
Global Retraining epoch = 3
Global Retraining epoch = 4
Global Retraining epoch = 5
Global Retraining epoch = 6
Global Retraining epoch = 7
Global Retraining epoch = 8
Global Retraining epoch = 9
Global Retraining epoch = 10
Global Retraining epoch = 11
Global Retraining epoch = 12
Global Retraining epoch = 13
Global Retraining epoch = 14
Global Retraining epoch = 15
Global Retraining epoch = 16
Global Retraining epoch = 17
Global Retraining epoch = 18
Global Retraining epoch = 19
#####  Federated Retraining End  #####
Retrain Time using = 39.08750319480896 seconds
Test set: Average loss: 0.03597584
Test set: Average acc:  0.1697
Traceback (most recent call last):
  File "/Users/wangjiayi/Desktop/FedEraser-Code/Fed_Unlearn_main.py", line 180, in <module>
    Federated_Unlearning()
  File "/Users/wangjiayi/Desktop/FedEraser-Code/Fed_Unlearn_main.py", line 118, in Federated_Unlearning
    federaser_test_loss, federaser_test_acc = test(unlearn_GMs[-1], test_loader)
TypeError: 'NoneType' object is not subscriptable
