/Users/wangjiayi/anaconda3/envs/fedErase/lib/python3.9/site-packages/sklearn/metrics/_classification.py:1509: UndefinedMetricWarning: Precision is ill-defined and being set to 0.0 due to no predicted samples. Use `zero_division` parameter to control this behavior.
  _warn_prf(average, modifier, f"{metric.capitalize()} is", len(result))
Files already downloaded and verified
============================================================
Step1. Federated Learning Settings 
 We use dataset: cifar10 for our Federated Unlearning experiment.

============================================================
Step2. Client data loaded, testing data loaded!!!
       Initial Model loaded!!!
Files already downloaded and verified
Files already downloaded and verified
============================================================
Step3. Fedearated Learning and Unlearning Training...
#####  Federated Learning Start#####
Global Federated Learning epoch = 0
Global Federated Learning epoch = 1
Global Federated Learning epoch = 2
Global Federated Learning epoch = 3
Global Federated Learning epoch = 4
Global Federated Learning epoch = 5
Global Federated Learning epoch = 6
Global Federated Learning epoch = 7
Global Federated Learning epoch = 8
Global Federated Learning epoch = 9
Global Federated Learning epoch = 10
Global Federated Learning epoch = 11
Global Federated Learning epoch = 12
Global Federated Learning epoch = 13
Global Federated Learning epoch = 14
Global Federated Learning epoch = 15
Global Federated Learning epoch = 16
Global Federated Learning epoch = 17
Global Federated Learning epoch = 18
Global Federated Learning epoch = 19
#####  Federated Learning End#####


#####  Federated Unlearning Start  #####
#### Sample-level Unlearning ####
selected_clients2 [1, 1, 9, 6]
P:  [1, 1, 9, 6]
X_u <torch.utils.data.dataloader.DataLoader object at 0x16e03df10>
data_loader_ku <torch.utils.data.dataloader.DataLoader object at 0x16e03df10>
here
Federated Unlearning Global Epoch  = 1
Federated Unlearning Global Epoch  = 2
Federated Unlearning Global Epoch  = 3
Federated Unlearning Global Epoch  = 4
Federated Unlearning Global Epoch  = 5
Federated Unlearning Global Epoch  = 6
Federated Unlearning Global Epoch  = 7
Federated Unlearning Global Epoch  = 8
Federated Unlearning Global Epoch  = 9
Federated Unlearning Global Epoch  = 10
Federated Unlearning Global Epoch  = 11
Federated Unlearning Global Epoch  = 12
Federated Unlearning Global Epoch  = 13
Federated Unlearning Global Epoch  = 14
Federated Unlearning Global Epoch  = 15
Federated Unlearning Global Epoch  = 16
Federated Unlearning Global Epoch  = 17
Federated Unlearning Global Epoch  = 18
Federated Unlearning Global Epoch  = 19
N [1, 1, 9, 6]
cc 0.4
ss 1.0666666666666667
rouc:  0.4  rous:  0.32
IE:  {1, 3, 5, 7, 9, 11, 13, 15, 17}
tr:  5
selected_clients:      [1 7 8 7]
client_models 10
selected_clients:      [4 9 5 8]
client_models 10
selected_clients:      [7 6 8 4]
client_models 10
selected_clients:      [9 6 2 4]
client_models 10
selected_clients:      [4 7 9 0]
client_models 10
selected_clients:      [2 6 8 2]
client_models 10
selected_clients:      [9 2 8 0]
client_models 10
#####  Federated Unlearning End  #####


#####  Federated Unlearning without Calibration Start  #####
FL_params.forget_client_idx:  1
Federated Unlearning without Clibration Global Epoch  = 0
Federated Unlearning Global Epoch  = 1
Federated Unlearning Global Epoch  = 2
Federated Unlearning Global Epoch  = 3
Federated Unlearning Global Epoch  = 4
Federated Unlearning Global Epoch  = 5
Federated Unlearning Global Epoch  = 6
Federated Unlearning Global Epoch  = 7
Federated Unlearning Global Epoch  = 8
Federated Unlearning Global Epoch  = 9
Federated Unlearning Global Epoch  = 10
Federated Unlearning Global Epoch  = 11
Federated Unlearning Global Epoch  = 12
Federated Unlearning Global Epoch  = 13
Federated Unlearning Global Epoch  = 14
Federated Unlearning Global Epoch  = 15
Federated Unlearning Global Epoch  = 16
Federated Unlearning Global Epoch  = 17
Federated Unlearning Global Epoch  = 18
Federated Unlearning Global Epoch  = 19
#####  Federated Unlearning without Calibration End  #####
 Learning time consuming = 45.180014848709106 secods
 Unlearning time consuming = 25.708966732025146 secods
 Unlearning no Cali time consuming = 0.049903154373168945 secods


#####  Federated Retraining Start  #####
Federated Retrain with Forget Client NO.1
Global Retraining epoch = 0
Global Retraining epoch = 1
Global Retraining epoch = 2
Global Retraining epoch = 3
Global Retraining epoch = 4
Global Retraining epoch = 5
Global Retraining epoch = 6
Global Retraining epoch = 7
Global Retraining epoch = 8
Global Retraining epoch = 9
Global Retraining epoch = 10
Global Retraining epoch = 11
Global Retraining epoch = 12
Global Retraining epoch = 13
Global Retraining epoch = 14
Global Retraining epoch = 15
Global Retraining epoch = 16
Global Retraining epoch = 17
Global Retraining epoch = 18
Global Retraining epoch = 19
#####  Federated Retraining End  #####
Retrain Time using = 44.58027124404907 seconds
Test set: Average loss: 0.03599465
Test set: Average acc:  0.1499
Test set: Average loss: nan
Test set: Average acc:  0.1007
Test set: Average loss: nan
Test set: Average acc:  0.1004
Test set: Average loss: 0.03589093
Test set: Average acc:  0.1829
Test set: Average loss: 0.03669795
Test set: Average acc:  0.1409
Test set: Average loss: nan
Test set: Average acc:  0.0858
Test set: Average loss: nan
Test set: Average acc:  0.0858
Test set: Average loss: 0.03661811
Test set: Average acc:  0.1492
*****  Result Summary  *****
[FedEraser] Test set: Average loss = nan, Average acc = 0.1007
[FedAccum] Test set: Average loss = nan, Average acc = 0.1004
[FedRetrain] Test set: Average loss = 0.03589093, Average acc = 0.1829
[FedAvg] Test set: Average loss = 0.03599465, Average acc = 0.1499


[FedEraser] Target set: Average loss = nan, Average acc = 0.0858
[FedAccum] Target set: Average loss = nan, Average acc = 0.0858
[FedRetrain] Target set: Average loss = 0.03661811, Average acc = 0.1492
[FedAvg] Target set: Average loss = 0.03669795, Average acc = 0.1409
============================================================
Step4. Membership Inference Attack aganist GM...

Epoch  = -1
Attacking against FL Standard  
MIA Attacker precision = 0.9748
MIA Attacker recall = 0.9300
Attacking against FL Retrain  
MIA Attacker precision = 0.5086
MIA Attacker recall = 0.2960
Attacking against FL Unlearn  
MIA Attacker precision = 0.0000
MIA Attacker recall = 0.0000
Attacking against FL Unlearn without calibration  
