Files already downloaded and verified
============================================================
Step1. Federated Learning Settings 
 We use dataset: cifar10 for our Federated Unlearning experiment.

============================================================
Step2. Client data loaded, testing data loaded!!!
       Initial Model loaded!!!
Files already downloaded and verified
Files already downloaded and verified
============================================================
Step3. Fedearated Learning and Unlearning Training...
#####  Federated Learning Start#####
Global Federated Learning epoch = 0
Global Federated Learning epoch = 1
Global Federated Learning epoch = 2
Global Federated Learning epoch = 3
Global Federated Learning epoch = 4
Global Federated Learning epoch = 5
Global Federated Learning epoch = 6
Global Federated Learning epoch = 7
Global Federated Learning epoch = 8
Global Federated Learning epoch = 9
Global Federated Learning epoch = 10
Global Federated Learning epoch = 11
Global Federated Learning epoch = 12
Global Federated Learning epoch = 13
Global Federated Learning epoch = 14
Global Federated Learning epoch = 15
Global Federated Learning epoch = 16
Global Federated Learning epoch = 17
Global Federated Learning epoch = 18
Global Federated Learning epoch = 19
#####  Federated Learning End#####


#####  Federated Unlearning Start  #####
#### Sample-level Unlearning ####
Files already downloaded and verified
Files already downloaded and verified
selected_clients2 [5, 7, 7, 5, 2, 7, 9, 4, 3, 1, 1, 6, 5, 5, 1, 1, 7, 2, 2, 7, 8, 9, 8, 2, 3, 6, 6, 4, 1, 0, 4, 3, 0, 5, 1, 2, 9, 3, 7, 7, 2, 5, 8, 6, 0, 3, 5, 0, 0, 3, 5, 9, 8, 8, 9, 3, 2, 6, 4, 0, 3, 6, 4, 7, 9, 4, 0, 0, 5, 8, 4, 3, 6, 9, 1, 3, 9, 0, 0, 8, 8, 4, 9, 7, 6, 1, 9, 9, 1, 8, 8, 4, 5, 5, 3, 3, 3, 4, 0, 6]
P:  [5, 7, 7, 5, 2, 7, 9, 4, 3, 1, 1, 6, 5, 5, 1, 1, 7, 2, 2, 7, 8, 9, 8, 2, 3, 6, 6, 4, 1, 0, 4, 3, 0, 5, 1, 2, 9, 3, 7, 7, 2, 5, 8, 6, 0, 3, 5, 0, 0, 3, 5, 9, 8, 8, 9, 3, 2, 6, 4, 0, 3, 6, 4, 7, 9, 4, 0, 0, 5, 8, 4, 3, 6, 9, 1, 3, 9, 0, 0, 8, 8, 4, 9, 7, 6, 1, 9, 9, 1, 8, 8, 4, 5, 5, 3, 3, 3, 4, 0, 6]
Federated Unlearning Global Epoch  = 1
Federated Unlearning Global Epoch  = 2
Federated Unlearning Global Epoch  = 3
Federated Unlearning Global Epoch  = 4
Federated Unlearning Global Epoch  = 5
Federated Unlearning Global Epoch  = 6
Federated Unlearning Global Epoch  = 7
Federated Unlearning Global Epoch  = 8
Federated Unlearning Global Epoch  = 9
Federated Unlearning Global Epoch  = 10
Federated Unlearning Global Epoch  = 11
Federated Unlearning Global Epoch  = 12
Federated Unlearning Global Epoch  = 13
Federated Unlearning Global Epoch  = 14
Federated Unlearning Global Epoch  = 15
Federated Unlearning Global Epoch  = 16
Federated Unlearning Global Epoch  = 17
Federated Unlearning Global Epoch  = 18
Federated Unlearning Global Epoch  = 19
N [5, 7, 7, 5, 2, 7, 9, 4, 3, 1, 1, 6, 5, 5, 1, 1, 7, 2, 2, 7, 8, 9, 8, 2, 3, 6, 6, 4, 1, 0, 4, 3, 0, 5, 1, 2, 9, 3, 7, 7, 2, 5, 8, 6, 0, 3, 5, 0, 0, 3, 5, 9, 8, 8, 9, 3, 2, 6, 4, 0, 3, 6, 4, 7, 9, 4, 0, 0, 5, 8, 4, 3, 6, 9, 1, 3, 9, 0, 0, 8, 8, 4, 9, 7, 6, 1, 9, 9, 1, 8, 8, 4, 5, 5, 3, 3, 3, 4, 0, 6]
rouc:  0.4  rous:  1.92
IE: {1, 3, 5, 7, 9, 11, 13, 15, 17}
5
selected_clients2 [1 1 6 1 6 6 2 5 4 9 5 3 4 1 4 4 3 0 1 2 8 7 2 2 6 5 4 2 7 9 4 7 1 7 9 8 8
 6 0 2 5 4 5 4 0 6 8 9 9 6 1 0 8 7 8 3 9 8 7 2 4 1 9 5 4 0 5 9 5 8 8 2 7 8
 8 0 5 4 8 1 8 7 3 9 6 2 3 7 5 8 4 6 2 6 5 7 1 4 7 9]
client_models 4 Net_cifar10(
  (conv1): Conv2d(3, 6, kernel_size=(5, 5), stride=(1, 1))
  (pool): MaxPool2d(kernel_size=2, stride=2, padding=0, dilation=1, ceil_mode=False)
  (conv2): Conv2d(6, 16, kernel_size=(5, 5), stride=(1, 1))
  (fc1): Linear(in_features=400, out_features=120, bias=True)
  (fc2): Linear(in_features=120, out_features=84, bias=True)
  (fc3): Linear(in_features=84, out_features=10, bias=True)
)
Traceback (most recent call last):
  File "/Users/wangjiayi/Desktop/FedEraser-Code/Fed_Unlearn_main.py", line 180, in <module>
    Federated_Unlearning()
  File "/Users/wangjiayi/Desktop/FedEraser-Code/Fed_Unlearn_main.py", line 104, in Federated_Unlearning
    old_GMs, unlearn_GMs, uncali_unlearn_GMs, _ = federated_learning_unlearning(init_global_model,
  File "/Users/wangjiayi/Desktop/FedEraser-Code/Fed_Unlearn_base.py", line 103, in federated_learning_unlearning
    unlearn_GMs = total_variance.sample_level_unlearning(old_GMs, old_CMs, client_loaders, t_u, X_u, k_u, FL_params)
  File "/Users/wangjiayi/Desktop/FedEraser-Code/total_variance.py", line 150, in sample_level_unlearning
    updated_global_model = fats_algorithm(P,global_model, old_client_models, client_data_loaders, FL_params, t_u, device)# selected_clients_k, device)
  File "/Users/wangjiayi/Desktop/FedEraser-Code/total_variance.py", line 75, in fats_algorithm
    client_models[client_idx].load_state_dict(global_model.state_dict())
IndexError: list index out of range
