Files already downloaded and verified
============================================================
Step1. Federated Learning Settings 
 We use dataset: cifar10 for our Federated Unlearning experiment.

============================================================
Step2. Client data loaded, testing data loaded!!!
       Initial Model loaded!!!
Files already downloaded and verified
Files already downloaded and verified
============================================================
Step3. Fedearated Learning and Unlearning Training...
#####  Federated Learning Start#####
Global Federated Learning epoch = 0
Global Federated Learning epoch = 1
Global Federated Learning epoch = 2
Global Federated Learning epoch = 3
Global Federated Learning epoch = 4
Global Federated Learning epoch = 5
Global Federated Learning epoch = 6
Global Federated Learning epoch = 7
Global Federated Learning epoch = 8
Global Federated Learning epoch = 9
Global Federated Learning epoch = 10
Global Federated Learning epoch = 11
Global Federated Learning epoch = 12
Global Federated Learning epoch = 13
Global Federated Learning epoch = 14
Global Federated Learning epoch = 15
Global Federated Learning epoch = 16
Global Federated Learning epoch = 17
Global Federated Learning epoch = 18
Global Federated Learning epoch = 19
#####  Federated Learning End#####


#####  Federated Unlearning Start  #####
#### Sample-level Unlearning ####
selected_clients2 [7, 8, 9, 8]
P:  [7, 8, 9, 8]
X_u [<torch.utils.data.dataloader.DataLoader object at 0x177d9e0a0>, <torch.utils.data.dataloader.DataLoader object at 0x177d9edc0>, <torch.utils.data.dataloader.DataLoader object at 0x177da2d30>, <torch.utils.data.dataloader.DataLoader object at 0x177d9edc0>]
data_loader_ku <torch.utils.data.dataloader.DataLoader object at 0x177d9e0a0>
selected_clients2 [5, 9, 3, 5]
P:  [5, 9, 3, 5]
X_u [<torch.utils.data.dataloader.DataLoader object at 0x177d99f70>, <torch.utils.data.dataloader.DataLoader object at 0x177da2d30>, <torch.utils.data.dataloader.DataLoader object at 0x177da22e0>, <torch.utils.data.dataloader.DataLoader object at 0x177d99f70>]
data_loader_ku <torch.utils.data.dataloader.DataLoader object at 0x177d99f70>
selected_clients2 [1, 2, 7, 7]
P:  [1, 2, 7, 7]
X_u [<torch.utils.data.dataloader.DataLoader object at 0x177da4310>, <torch.utils.data.dataloader.DataLoader object at 0x177da4d60>, <torch.utils.data.dataloader.DataLoader object at 0x177d9e0a0>, <torch.utils.data.dataloader.DataLoader object at 0x177d9e0a0>]
data_loader_ku <torch.utils.data.dataloader.DataLoader object at 0x177da4310>
selected_clients2 [0, 2, 6, 0]
P:  [0, 2, 6, 0]
X_u [<torch.utils.data.dataloader.DataLoader object at 0x177da21f0>, <torch.utils.data.dataloader.DataLoader object at 0x177da4d60>, <torch.utils.data.dataloader.DataLoader object at 0x177da2100>, <torch.utils.data.dataloader.DataLoader object at 0x177da21f0>]
data_loader_ku <torch.utils.data.dataloader.DataLoader object at 0x177da21f0>
selected_clients2 [3, 3, 9, 9]
P:  [3, 3, 9, 9]
X_u [<torch.utils.data.dataloader.DataLoader object at 0x177da22e0>, <torch.utils.data.dataloader.DataLoader object at 0x177da22e0>, <torch.utils.data.dataloader.DataLoader object at 0x177da2d30>, <torch.utils.data.dataloader.DataLoader object at 0x177da2d30>]
data_loader_ku <torch.utils.data.dataloader.DataLoader object at 0x177da22e0>
#####  Federated Unlearning End  #####


#####  Federated Unlearning without Calibration Start  #####
Traceback (most recent call last):
  File "/Users/wangjiayi/Desktop/FedEraser-Code/Fed_Unlearn_main.py", line 180, in <module>
    Federated_Unlearning()
  File "/Users/wangjiayi/Desktop/FedEraser-Code/Fed_Unlearn_main.py", line 104, in Federated_Unlearning
    old_GMs, unlearn_GMs, uncali_unlearn_GMs, _ = federated_learning_unlearning(init_global_model,
  File "/Users/wangjiayi/Desktop/FedEraser-Code/Fed_Unlearn_base.py", line 122, in federated_learning_unlearning
    uncali_unlearn_GMs = unlearning_without_cali(old_GMs, old_CMs, FL_params)
  File "/Users/wangjiayi/Desktop/FedEraser-Code/Fed_Unlearn_base.py", line 386, in unlearning_without_cali
    temp.pop(forget_client)
TypeError: 'list' object cannot be interpreted as an integer
