Files already downloaded and verified
============================================================
Step1. Federated Learning Settings 
 We use dataset: cifar10 for our Federated Unlearning experiment.

============================================================
Step2. Client data loaded, testing data loaded!!!
       Initial Model loaded!!!
Files already downloaded and verified
Files already downloaded and verified
============================================================
Step3. Fedearated Learning and Unlearning Training...
#####  Federated Learning Start#####
Global Federated Learning epoch = 0
Global Federated Learning epoch = 1
Global Federated Learning epoch = 2
Global Federated Learning epoch = 3
Global Federated Learning epoch = 4
Global Federated Learning epoch = 5
Global Federated Learning epoch = 6
Global Federated Learning epoch = 7
Global Federated Learning epoch = 8
Global Federated Learning epoch = 9
Global Federated Learning epoch = 10
Global Federated Learning epoch = 11
Global Federated Learning epoch = 12
Global Federated Learning epoch = 13
Global Federated Learning epoch = 14
Global Federated Learning epoch = 15
Global Federated Learning epoch = 16
Global Federated Learning epoch = 17
Global Federated Learning epoch = 18
Global Federated Learning epoch = 19
#####  Federated Learning End#####


#####  Federated Unlearning Start  #####
#### Sample-level Unlearning ####
Files already downloaded and verified
Files already downloaded and verified
rouc:  0.1  rous:  0.1
selected_clients2 [7, 6, 5, 1, 0, 4, 0, 9, 4, 9, 8, 8, 8, 2, 7, 3, 3, 3, 2, 1, 4, 4, 4, 0, 2, 5, 8, 1, 2, 3, 7, 2, 0, 4, 1, 6, 0, 6, 8, 4, 4, 6, 3, 4, 7, 7, 2, 7, 0, 0, 0, 8, 2, 0, 2, 8, 9, 9, 8, 1, 1, 9, 3, 8, 9, 4, 5, 5, 4, 2, 9, 7, 8, 2, 3, 5, 0, 7, 4, 4, 5, 1, 3, 5, 6, 0, 1, 5, 1, 1, 3, 7, 7, 2, 5, 3, 0, 5, 2, 7]
P:  [7, 6, 5, 1, 0, 4, 0, 9, 4, 9, 8, 8, 8, 2, 7, 3, 3, 3, 2, 1, 4, 4, 4, 0, 2, 5, 8, 1, 2, 3, 7, 2, 0, 4, 1, 6, 0, 6, 8, 4, 4, 6, 3, 4, 7, 7, 2, 7, 0, 0, 0, 8, 2, 0, 2, 8, 9, 9, 8, 1, 1, 9, 3, 8, 9, 4, 5, 5, 4, 2, 9, 7, 8, 2, 3, 5, 0, 7, 4, 4, 5, 1, 3, 5, 6, 0, 1, 5, 1, 1, 3, 7, 7, 2, 5, 3, 0, 5, 2, 7]
Federated Unlearning Global Epoch  = 1
Federated Unlearning Global Epoch  = 2
Federated Unlearning Global Epoch  = 3
Federated Unlearning Global Epoch  = 4
Federated Unlearning Global Epoch  = 5
Federated Unlearning Global Epoch  = 6
Federated Unlearning Global Epoch  = 7
Federated Unlearning Global Epoch  = 8
Federated Unlearning Global Epoch  = 9
Federated Unlearning Global Epoch  = 10
Federated Unlearning Global Epoch  = 11
Federated Unlearning Global Epoch  = 12
Federated Unlearning Global Epoch  = 13
Federated Unlearning Global Epoch  = 14
Federated Unlearning Global Epoch  = 15
Federated Unlearning Global Epoch  = 16
Federated Unlearning Global Epoch  = 17
Federated Unlearning Global Epoch  = 18
Federated Unlearning Global Epoch  = 19
IE: {1, 3, 5, 7, 9, 11, 13, 15, 17}
5
#####  Federated Unlearning End  #####


#####  Federated Unlearning without Calibration Start  #####
Federated Unlearning without Clibration Global Epoch  = 0
Federated Unlearning Global Epoch  = 1
Federated Unlearning Global Epoch  = 2
Federated Unlearning Global Epoch  = 3
Federated Unlearning Global Epoch  = 4
Federated Unlearning Global Epoch  = 5
Federated Unlearning Global Epoch  = 6
Federated Unlearning Global Epoch  = 7
Federated Unlearning Global Epoch  = 8
Federated Unlearning Global Epoch  = 9
Federated Unlearning Global Epoch  = 10
Federated Unlearning Global Epoch  = 11
Federated Unlearning Global Epoch  = 12
Federated Unlearning Global Epoch  = 13
Federated Unlearning Global Epoch  = 14
Federated Unlearning Global Epoch  = 15
Federated Unlearning Global Epoch  = 16
Federated Unlearning Global Epoch  = 17
Federated Unlearning Global Epoch  = 18
Federated Unlearning Global Epoch  = 19
#####  Federated Unlearning without Calibration End  #####
 Learning time consuming = 37.649675130844116 secods
 Unlearning time consuming = 48.914406061172485 secods
 Unlearning no Cali time consuming = 0.04559206962585449 secods


#####  Federated Retraining Start  #####
Federated Retrain with Forget Client NO.2
Global Retraining epoch = 0
Global Retraining epoch = 1
Global Retraining epoch = 2
Global Retraining epoch = 3
Global Retraining epoch = 4
Global Retraining epoch = 5
Global Retraining epoch = 6
Global Retraining epoch = 7
Global Retraining epoch = 8
Global Retraining epoch = 9
Global Retraining epoch = 10
Global Retraining epoch = 11
Global Retraining epoch = 12
Global Retraining epoch = 13
Global Retraining epoch = 14
Global Retraining epoch = 15
Global Retraining epoch = 16
Global Retraining epoch = 17
Global Retraining epoch = 18
Global Retraining epoch = 19
#####  Federated Retraining End  #####
Retrain Time using = 38.338475942611694 seconds
Test set: Average loss: 0.03594520
Test set: Average acc:  0.1870
Test set: Average loss: 0.03561152
Test set: Average acc:  0.1696
Test set: Average loss: 0.03609690
Test set: Average acc:  0.1292
Test set: Average loss: 0.03582837
Test set: Average acc:  0.1824
Test set: Average loss: 0.03666802
Test set: Average acc:  0.1641
Test set: Average loss: 0.03637897
Test set: Average acc:  0.1364
Test set: Average loss: 0.03681096
Test set: Average acc:  0.1247
Test set: Average loss: 0.03657318
Test set: Average acc:  0.1468
*****  Result Summary  *****
[FedEraser] Test set: Average loss = 0.03561152, Average acc = 0.1696
[FedAccum] Test set: Average loss = 0.03609690, Average acc = 0.1292
[FedRetrain] Test set: Average loss = 0.03582837, Average acc = 0.1824
[FedAvg] Test set: Average loss = 0.03594520, Average acc = 0.1870


[FedEraser] Target set: Average loss = 0.03637897, Average acc = 0.1364
[FedAccum] Target set: Average loss = 0.03681096, Average acc = 0.1247
[FedRetrain] Target set: Average loss = 0.03657318, Average acc = 0.1468
[FedAvg] Target set: Average loss = 0.03666802, Average acc = 0.1641
============================================================
Step4. Membership Inference Attack aganist GM...

Epoch  = -1
Attacking against FL Standard  
MIA Attacker precision = 0.9679
MIA Attacker recall = 0.9040
Attacking against FL Retrain  
MIA Attacker precision = 0.4831
MIA Attacker recall = 0.2280
Attacking against FL Unlearn  
MIA Attacker precision = 0.5330
MIA Attacker recall = 0.2420
Attacking against FL Unlearn without calibration  
