Files already downloaded and verified
============================================================
Step1. Federated Learning Settings 
 We use dataset: cifar10 for our Federated Unlearning experiment.

============================================================
Step2. Client data loaded, testing data loaded!!!
       Initial Model loaded!!!
Files already downloaded and verified
Files already downloaded and verified
============================================================
Step3. Fedearated Learning and Unlearning Training...
#####  Federated Learning Start#####
Global Federated Learning epoch = 0
Global Federated Learning epoch = 1
Global Federated Learning epoch = 2
Global Federated Learning epoch = 3
Global Federated Learning epoch = 4
Global Federated Learning epoch = 5
Global Federated Learning epoch = 6
Global Federated Learning epoch = 7
Global Federated Learning epoch = 8
Global Federated Learning epoch = 9
Global Federated Learning epoch = 10
Global Federated Learning epoch = 11
Global Federated Learning epoch = 12
Global Federated Learning epoch = 13
Global Federated Learning epoch = 14
Global Federated Learning epoch = 15
Global Federated Learning epoch = 16
Global Federated Learning epoch = 17
Global Federated Learning epoch = 18
Global Federated Learning epoch = 19
#####  Federated Learning End#####


#####  Federated Unlearning Start  #####
#### Sample-level Unlearning ####
selected_clients2 [3, 2, 4, 2]
P:  [3, 2, 4, 2]
X_u <torch.utils.data.dataloader.DataLoader object at 0x29dc53850>
data_loader_ku <torch.utils.data.dataloader.DataLoader object at 0x29dc53850>
here
here
here
here
here
here
here
here
X_u <torch.utils.data.dataloader.DataLoader object at 0x29dc530d0>
data_loader_ku <torch.utils.data.dataloader.DataLoader object at 0x29dc530d0>
here
here
here
here
here
here
here
here
X_u <torch.utils.data.dataloader.DataLoader object at 0x29dc496a0>
data_loader_ku <torch.utils.data.dataloader.DataLoader object at 0x29dc496a0>
here
here
here
here
here
here
here
here
X_u <torch.utils.data.dataloader.DataLoader object at 0x29dc530d0>
data_loader_ku <torch.utils.data.dataloader.DataLoader object at 0x29dc530d0>
here
here
here
here
here
here
here
here
selected_clients2 [6, 7, 5, 1]
P:  [6, 7, 5, 1]
X_u <torch.utils.data.dataloader.DataLoader object at 0x29dc4f640>
data_loader_ku <torch.utils.data.dataloader.DataLoader object at 0x29dc4f640>
here
here
here
here
here
here
here
here
X_u <torch.utils.data.dataloader.DataLoader object at 0x29dc45d00>
data_loader_ku <torch.utils.data.dataloader.DataLoader object at 0x29dc45d00>
here
here
here
here
here
here
here
here
X_u <torch.utils.data.dataloader.DataLoader object at 0x29dc4fa00>
data_loader_ku <torch.utils.data.dataloader.DataLoader object at 0x29dc4fa00>
here
here
here
here
here
here
here
here
X_u <torch.utils.data.dataloader.DataLoader object at 0x29dc49e20>
data_loader_ku <torch.utils.data.dataloader.DataLoader object at 0x29dc49e20>
here
here
here
here
here
here
here
here
selected_clients2 [0, 9, 8, 7]
P:  [0, 9, 8, 7]
X_u <torch.utils.data.dataloader.DataLoader object at 0x29dc49d30>
data_loader_ku <torch.utils.data.dataloader.DataLoader object at 0x29dc49d30>
here
here
here
here
here
here
here
here
X_u <torch.utils.data.dataloader.DataLoader object at 0x29dc4c9a0>
data_loader_ku <torch.utils.data.dataloader.DataLoader object at 0x29dc4c9a0>
here
here
here
here
here
here
here
here
X_u <torch.utils.data.dataloader.DataLoader object at 0x29dc53670>
data_loader_ku <torch.utils.data.dataloader.DataLoader object at 0x29dc53670>
here
here
here
here
here
here
here
here
X_u <torch.utils.data.dataloader.DataLoader object at 0x29dc45d00>
data_loader_ku <torch.utils.data.dataloader.DataLoader object at 0x29dc45d00>
here
here
here
here
here
here
here
here
selected_clients2 [7, 1, 5, 9]
P:  [7, 1, 5, 9]
X_u <torch.utils.data.dataloader.DataLoader object at 0x29dc45d00>
data_loader_ku <torch.utils.data.dataloader.DataLoader object at 0x29dc45d00>
here
here
here
here
here
here
here
here
X_u <torch.utils.data.dataloader.DataLoader object at 0x29dc49e20>
data_loader_ku <torch.utils.data.dataloader.DataLoader object at 0x29dc49e20>
here
here
here
here
here
here
here
here
X_u <torch.utils.data.dataloader.DataLoader object at 0x29dc4fa00>
data_loader_ku <torch.utils.data.dataloader.DataLoader object at 0x29dc4fa00>
here
here
here
here
here
here
here
here
X_u <torch.utils.data.dataloader.DataLoader object at 0x29dc4c9a0>
data_loader_ku <torch.utils.data.dataloader.DataLoader object at 0x29dc4c9a0>
here
here
here
here
here
here
here
here
selected_clients2 [3, 9, 0, 9]
P:  [3, 9, 0, 9]
X_u <torch.utils.data.dataloader.DataLoader object at 0x29dc53850>
data_loader_ku <torch.utils.data.dataloader.DataLoader object at 0x29dc53850>
here
here
here
here
here
here
here
here
X_u <torch.utils.data.dataloader.DataLoader object at 0x29dc4c9a0>
data_loader_ku <torch.utils.data.dataloader.DataLoader object at 0x29dc4c9a0>
here
here
here
here
here
here
here
here
X_u <torch.utils.data.dataloader.DataLoader object at 0x29dc49d30>
data_loader_ku <torch.utils.data.dataloader.DataLoader object at 0x29dc49d30>
here
here
here
here
here
here
here
here
X_u <torch.utils.data.dataloader.DataLoader object at 0x29dc4c9a0>
data_loader_ku <torch.utils.data.dataloader.DataLoader object at 0x29dc4c9a0>
here
here
here
here
here
here
here
here
#####  Federated Unlearning End  #####


#####  Federated Unlearning without Calibration Start  #####
FL_params.forget_client_idx:  [3, 9, 0, 9]
Traceback (most recent call last):
  File "/Users/wangjiayi/Desktop/FedEraser-Code/Fed_Unlearn_main.py", line 184, in <module>
    Federated_Unlearning()
  File "/Users/wangjiayi/Desktop/FedEraser-Code/Fed_Unlearn_main.py", line 105, in Federated_Unlearning
    old_GMs, unlearn_GMs, uncali_unlearn_GMs, _ = federated_learning_unlearning(init_global_model,
  File "/Users/wangjiayi/Desktop/FedEraser-Code/Fed_Unlearn_base.py", line 122, in federated_learning_unlearning
    uncali_unlearn_GMs = unlearning_without_cali(old_GMs, old_CMs, FL_params)
  File "/Users/wangjiayi/Desktop/FedEraser-Code/Fed_Unlearn_base.py", line 388, in unlearning_without_cali
    temp.pop(forget_client)
TypeError: 'list' object cannot be interpreted as an integer
