Files already downloaded and verified
============================================================
Step1. Federated Learning Settings 
 We use dataset: cifar10 for our Federated Unlearning experiment.

============================================================
Step2. Client data loaded, testing data loaded!!!
       Initial Model loaded!!!
Files already downloaded and verified
Files already downloaded and verified
============================================================
Step3. Fedearated Learning and Unlearning Training...
#####  Federated Learning Start#####
Global Federated Learning epoch = 0
Global Federated Learning epoch = 1
Global Federated Learning epoch = 2
Global Federated Learning epoch = 3
Global Federated Learning epoch = 4
Global Federated Learning epoch = 5
Global Federated Learning epoch = 6
Global Federated Learning epoch = 7
Global Federated Learning epoch = 8
Global Federated Learning epoch = 9
Global Federated Learning epoch = 10
Global Federated Learning epoch = 11
Global Federated Learning epoch = 12
Global Federated Learning epoch = 13
Global Federated Learning epoch = 14
Global Federated Learning epoch = 15
Global Federated Learning epoch = 16
Global Federated Learning epoch = 17
Global Federated Learning epoch = 18
Global Federated Learning epoch = 19
#####  Federated Learning End#####


#####  Federated Unlearning Start  #####
#### Client-level Unlearning ####
Federated Unlearning Global Epoch  = 1
Federated Unlearning Global Epoch  = 2
Federated Unlearning Global Epoch  = 3
Federated Unlearning Global Epoch  = 4
Federated Unlearning Global Epoch  = 5
Federated Unlearning Global Epoch  = 6
Federated Unlearning Global Epoch  = 7
Federated Unlearning Global Epoch  = 8
Federated Unlearning Global Epoch  = 9
Federated Unlearning Global Epoch  = 10
Federated Unlearning Global Epoch  = 11
Federated Unlearning Global Epoch  = 12
Federated Unlearning Global Epoch  = 13
Federated Unlearning Global Epoch  = 14
Federated Unlearning Global Epoch  = 15
Federated Unlearning Global Epoch  = 16
Federated Unlearning Global Epoch  = 17
Federated Unlearning Global Epoch  = 18
Federated Unlearning Global Epoch  = 19
N [6 4 9 0 0 5 9 7 9 8 3 5 3 6 7 8 0 3 5 6 4 7 8 3 0 5 4 9 8 1 7 1 5 5 6 7 9
 5 7 4 8 1 4 1 0 1 7 9 1 5 7 4 7 9 9 9 0 8 4 7 7 1 6 8 4 0 8 5 5 9 5 3 1 8
 3 5 5 1 8 9 3 9 8 0 9 7 9 1 5 7 2 6 2 9 8 8 3 6 1 1]
cc 0.4
ss 0.32
rouc:  0.4  rous:  0.32
IE:  {1, 3, 5, 7, 9, 11, 13, 15, 17}
tr:  1
selected_clients:      [5 8 3 4]
client_models 10
selected_clients:      [3 3 1 7]
client_models 10
selected_clients:      [0 8 1 6]
client_models 10
selected_clients:      [3 7 9 4]
client_models 10
selected_clients:      [5 1 1 4]
client_models 10
selected_clients:      [5 2 0 9]
client_models 10
selected_clients:      [7 1 8 3]
client_models 10
selected_clients:      [5 3 3 9]
client_models 10
selected_clients:      [8 0 9 7]
client_models 10
#####  Federated Unlearning End  #####


#####  Federated Unlearning without Calibration Start  #####
FL_params.forget_client_idx:  2
Federated Unlearning without Clibration Global Epoch  = 0
Federated Unlearning Global Epoch  = 1
#####  Federated Unlearning without Calibration End  #####
 Learning time consuming = 64.930823802948 secods
 Unlearning time consuming = 14.869990825653076 secods
 Unlearning no Cali time consuming = 0.004996061325073242 secods
FL_params.forget_client_idx 2


#####  Federated Retraining Start  #####
Federated Retrain with Forget Client NO.2
Global Retraining epoch = 0
Global Retraining epoch = 1
Global Retraining epoch = 2
Global Retraining epoch = 3
Global Retraining epoch = 4
Global Retraining epoch = 5
Global Retraining epoch = 6
Global Retraining epoch = 7
Global Retraining epoch = 8
Global Retraining epoch = 9
Global Retraining epoch = 10
Global Retraining epoch = 11
Global Retraining epoch = 12
Global Retraining epoch = 13
Global Retraining epoch = 14
Global Retraining epoch = 15
Global Retraining epoch = 16
Global Retraining epoch = 17
Global Retraining epoch = 18
Global Retraining epoch = 19
#####  Federated Retraining End  #####
Retrain Time using = 63.568130016326904 seconds
unlearned GMs:  <class 'list'> 1
unlearned accum GMs:  <class 'list'> <class 'model_initiation.Net_cifar10'> 3
*****  Result Summary  *****
[FedEraser] Test set: Average loss = nan, Average acc = 0.1001
[FedAccum] Test set: Average loss = 0.03615570, Average acc = 0.1011
[FedRetrain] Test set: Average loss = 0.03575079, Average acc = 0.1621
[FedAvg] Test set: Average loss = 0.03569966, Average acc = 0.1713


[FedEraser] Target set: Average loss = nan, Average acc = 0.1107
[FedAccum] Target set: Average loss = 0.03685410, Average acc = 0.1071
[FedRetrain] Target set: Average loss = 0.03640154, Average acc = 0.1765
[FedAvg] Target set: Average loss = 0.03630556, Average acc = 0.2121
============================================================
Step4. Membership Inference Attack aganist GM...

Epoch  = -1
Attacking against FL Standard  
MIA Attacker precision = 0.9582
MIA Attacker recall = 0.9180
Attacking against FL Retrain  
MIA Attacker precision = 0.5446
MIA Attacker recall = 0.2440
Attacking against FL Unlearn  
MIA Attacker precision = 0.5000
MIA Attacker recall = 1.0000
Attacking against FL Unlearn without calibration  
MIA Attacker precision = 0.4969
MIA Attacker recall = 0.4800
