Files already downloaded and verified
============================================================
Step1. Federated Learning Settings 
 We use dataset: cifar10 for our Federated Unlearning experiment.

============================================================
Step2. Client data loaded, testing data loaded!!!
       Initial Model loaded!!!
Files already downloaded and verified
Files already downloaded and verified
============================================================
Step3. Fedearated Learning and Unlearning Training...
#####  Federated Learning Start#####
Global Federated Learning epoch = 0
Global Federated Learning epoch = 1
Global Federated Learning epoch = 2
Global Federated Learning epoch = 3
Global Federated Learning epoch = 4
Global Federated Learning epoch = 5
Global Federated Learning epoch = 6
Global Federated Learning epoch = 7
Global Federated Learning epoch = 8
Global Federated Learning epoch = 9
Global Federated Learning epoch = 10
Global Federated Learning epoch = 11
Global Federated Learning epoch = 12
Global Federated Learning epoch = 13
Global Federated Learning epoch = 14
Global Federated Learning epoch = 15
Global Federated Learning epoch = 16
Global Federated Learning epoch = 17
Global Federated Learning epoch = 18
Global Federated Learning epoch = 19
#####  Federated Learning End#####


#####  Federated Unlearning Start  #####
#### Client-level Unlearning ####
Federated Unlearning Global Epoch  = 1
Federated Unlearning Global Epoch  = 2
Federated Unlearning Global Epoch  = 3
Federated Unlearning Global Epoch  = 4
Federated Unlearning Global Epoch  = 5
Federated Unlearning Global Epoch  = 6
Federated Unlearning Global Epoch  = 7
Federated Unlearning Global Epoch  = 8
Federated Unlearning Global Epoch  = 9
Federated Unlearning Global Epoch  = 10
Federated Unlearning Global Epoch  = 11
Federated Unlearning Global Epoch  = 12
Federated Unlearning Global Epoch  = 13
Federated Unlearning Global Epoch  = 14
Federated Unlearning Global Epoch  = 15
Federated Unlearning Global Epoch  = 16
Federated Unlearning Global Epoch  = 17
Federated Unlearning Global Epoch  = 18
Federated Unlearning Global Epoch  = 19
N [4 1 1 4 6 4 3 6 7 1 7 8 1 0 8 3 7 0 5 6 7 2 0 7 2 9 0 5 9 3 3 9 5 2 6 8 4
 8 0 9 8 0 5 1 9 4 2 5 3 2 8 6 0 6 5 9 5 0 1 9 2 6 4 9 8 1 3 1 3 3 8 6 3 6
 9 5 2 5 2 7 3 2 4 7 1 6 7 5 0 5 5 2 5 2 5 1 8 1 8 1]
cc 0.4
ss 0.32
rouc:  0.4  rous:  0.32
IE:  {1, 3, 5, 7, 9, 11, 13, 15, 17}
tr:  1
selected_clients:      [5 6 0 6]
client_models 10
selected_clients:      [3 2 9 8]
client_models 10
selected_clients:      [8 0 9 4]
client_models 10
selected_clients:      [9 9 6 5]
client_models 10
selected_clients:      [4 8 9 3]
client_models 10
selected_clients:      [6 9 2 5]
client_models 10
selected_clients:      [7 2 9 1]
client_models 10
selected_clients:      [6 9 5 9]
client_models 10
selected_clients:      [1 7 5 9]
client_models 10
#####  Federated Unlearning End  #####


#####  Federated Unlearning without Calibration Start  #####
FL_params.forget_client_idx:  2
Federated Unlearning without Clibration Global Epoch  = 0
Federated Unlearning Global Epoch  = 1
#####  Federated Unlearning without Calibration End  #####
 Learning time consuming = 50.522730112075806 secods
 Unlearning time consuming = 10.152291059494019 secods
 Unlearning no Cali time consuming = 0.004461050033569336 secods
FL_params.forget_client_idx 2


#####  Federated Retraining Start  #####
Federated Retrain with Forget Client NO.2
Global Retraining epoch = 0
Global Retraining epoch = 1
Global Retraining epoch = 2
Global Retraining epoch = 3
Global Retraining epoch = 4
Global Retraining epoch = 5
Global Retraining epoch = 6
Global Retraining epoch = 7
Global Retraining epoch = 8
Global Retraining epoch = 9
Global Retraining epoch = 10
Global Retraining epoch = 11
Global Retraining epoch = 12
Global Retraining epoch = 13
Global Retraining epoch = 14
Global Retraining epoch = 15
Global Retraining epoch = 16
Global Retraining epoch = 17
Global Retraining epoch = 18
Global Retraining epoch = 19
#####  Federated Retraining End  #####
Retrain Time using = 57.4502170085907 seconds
unlearned GMs:  <class 'list'> 1
unlearned accum GMs:  <class 'list'> <class 'model_initiation.Net_cifar10'> 3
Traceback (most recent call last):
  File "/Users/wangjiayi/Desktop/FedEraser-Code/Fed_Unlearn_main.py", line 227, in <module>
    Federated_Unlearning()
  File "/Users/wangjiayi/Desktop/FedEraser-Code/Fed_Unlearn_main.py", line 134, in Federated_Unlearning
    idx = FL_params.forget_client_idx[0]
TypeError: 'int' object is not subscriptable
