Files already downloaded and verified
============================================================
Step1. Federated Learning Settings 
 We use dataset: cifar10 for our Federated Unlearning experiment.

============================================================
Step2. Client data loaded, testing data loaded!!!
       Initial Model loaded!!!
Files already downloaded and verified
Files already downloaded and verified
============================================================
Step3. Fedearated Learning and Unlearning Training...
#####  Federated Learning Start#####
Global Federated Learning epoch = 0
Global Federated Learning epoch = 1
Global Federated Learning epoch = 2
Global Federated Learning epoch = 3
Global Federated Learning epoch = 4
Global Federated Learning epoch = 5
Global Federated Learning epoch = 6
Global Federated Learning epoch = 7
Global Federated Learning epoch = 8
Global Federated Learning epoch = 9
Global Federated Learning epoch = 10
Global Federated Learning epoch = 11
Global Federated Learning epoch = 12
Global Federated Learning epoch = 13
Global Federated Learning epoch = 14
Global Federated Learning epoch = 15
Global Federated Learning epoch = 16
Global Federated Learning epoch = 17
Global Federated Learning epoch = 18
Global Federated Learning epoch = 19
#####  Federated Learning End#####


#####  Federated Unlearning Start  #####
#### Client-level Unlearning ####
Federated Unlearning Global Epoch  = 1
Federated Unlearning Global Epoch  = 2
Federated Unlearning Global Epoch  = 3
Federated Unlearning Global Epoch  = 4
Federated Unlearning Global Epoch  = 5
Federated Unlearning Global Epoch  = 6
Federated Unlearning Global Epoch  = 7
Federated Unlearning Global Epoch  = 8
Federated Unlearning Global Epoch  = 9
Federated Unlearning Global Epoch  = 10
Federated Unlearning Global Epoch  = 11
Federated Unlearning Global Epoch  = 12
Federated Unlearning Global Epoch  = 13
Federated Unlearning Global Epoch  = 14
Federated Unlearning Global Epoch  = 15
Federated Unlearning Global Epoch  = 16
Federated Unlearning Global Epoch  = 17
Federated Unlearning Global Epoch  = 18
Federated Unlearning Global Epoch  = 19
N [0 5 9 2 8 2 5 1 2 7 4 4 3 8 5 2 9 5 3 3 3 6 8 7 8 8 0 7 9 0 7 7 5 4 8 1 2
 7 0 8 5 1 3 7 0 8 2 0 6 2 6 4 2 1 2 2 2 0 4 2 6 6 9 2 8 2 2 1 2 8 4 8 0 1
 3 2 4 6 5 6 8 1 9 3 7 6 3 6 3 9 0 9 2 4 4 0 9 6 7 5]
cc 0.4
ss 0.32
rouc:  0.4  rous:  0.32
IE:  {1, 3, 5, 7, 9, 11, 13, 15, 17}
tr:  1
selected_clients:      [3 2 2 0]
client_models 10
selected_clients:      [9 8 1 0]
client_models 10
selected_clients:      [3 0 6 3]
client_models 10
selected_clients:      [5 3 6 5]
client_models 10
selected_clients:      [8 9 4 6]
client_models 10
selected_clients:      [3 9 1 9]
client_models 10
selected_clients:      [2 6 6 6]
client_models 10
selected_clients:      [1 8 5 9]
client_models 10
selected_clients:      [2 7 8 0]
client_models 10
#####  Federated Unlearning End  #####


#####  Federated Unlearning without Calibration Start  #####
FL_params.forget_client_idx:  2
temp 10
2
temp 10
2
temp 10
2
temp 10
2
temp 10
2
temp 10
2
temp 10
2
temp 10
2
temp 10
2
temp 10
2
temp 10
2
temp 10
2
temp 10
2
temp 10
2
temp 10
2
temp 10
2
temp 10
2
temp 10
2
temp 10
2
temp 10
2
Federated Unlearning without Clibration Global Epoch  = 0
Federated Unlearning Global Epoch  = 1
Federated Unlearning Global Epoch  = 2
Federated Unlearning Global Epoch  = 3
Federated Unlearning Global Epoch  = 4
Federated Unlearning Global Epoch  = 5
Federated Unlearning Global Epoch  = 6
Federated Unlearning Global Epoch  = 7
Federated Unlearning Global Epoch  = 8
Federated Unlearning Global Epoch  = 9
Federated Unlearning Global Epoch  = 10
Federated Unlearning Global Epoch  = 11
Federated Unlearning Global Epoch  = 12
Federated Unlearning Global Epoch  = 13
Federated Unlearning Global Epoch  = 14
Federated Unlearning Global Epoch  = 15
Federated Unlearning Global Epoch  = 16
Federated Unlearning Global Epoch  = 17
Federated Unlearning Global Epoch  = 18
Federated Unlearning Global Epoch  = 19
#####  Federated Unlearning without Calibration End  #####
 Learning time consuming = 51.46880102157593 secods
 Unlearning time consuming = 11.87510085105896 secods
 Unlearning no Cali time consuming = 0.055864810943603516 secods
FL_params.forget_client_idx 2


#####  Federated Retraining Start  #####
Federated Retrain with Forget Client NO.2
Global Retraining epoch = 0
Global Retraining epoch = 1
Global Retraining epoch = 2
Global Retraining epoch = 3
Global Retraining epoch = 4
Global Retraining epoch = 5
Global Retraining epoch = 6
Global Retraining epoch = 7
Global Retraining epoch = 8
Global Retraining epoch = 9
Global Retraining epoch = 10
Global Retraining epoch = 11
Global Retraining epoch = 12
Global Retraining epoch = 13
Global Retraining epoch = 14
Global Retraining epoch = 15
Global Retraining epoch = 16
Global Retraining epoch = 17
Global Retraining epoch = 18
Global Retraining epoch = 19
#####  Federated Retraining End  #####
Retrain Time using = 52.220656871795654 seconds
unlearned GMs:  <class 'list'> 1
unlearned accum GMs:  <class 'list'> <class 'model_initiation.Net_cifar10'> 21
[tensor([[[[-0.4196, -0.3961, -0.3961,  ..., -0.7569, -0.7412, -0.7490],
          [-0.3725, -0.3412, -0.3412,  ..., -0.7255, -0.7176, -0.7333],
          [-0.3412, -0.3333, -0.3333,  ..., -0.6863, -0.6784, -0.7020],
          ...,
          [-0.3569, -0.3725, -0.3882,  ..., -0.5137, -0.5137, -0.5294],
          [-0.3569, -0.3725, -0.3804,  ..., -0.5373, -0.5216, -0.5451],
          [-0.3647, -0.3725, -0.3804,  ..., -0.4824, -0.4510, -0.4667]],

         [[-0.3490, -0.3412, -0.3569,  ..., -0.7098, -0.6941, -0.7020],
          [-0.3020, -0.2706, -0.2941,  ..., -0.6784, -0.6706, -0.6784],
          [-0.2706, -0.2627, -0.2784,  ..., -0.6392, -0.6314, -0.6549],
          ...,
          [-0.3098, -0.2784, -0.2784,  ..., -0.4275, -0.4196, -0.4510],
          [-0.3098, -0.2863, -0.2706,  ..., -0.4353, -0.4118, -0.4431],
          [-0.3176, -0.2863, -0.2784,  ..., -0.3647, -0.3255, -0.3333]],

         [[-0.8196, -0.8039, -0.8118,  ..., -0.9765, -0.9608, -0.9686],
          [-0.7882, -0.7647, -0.7725,  ..., -0.9529, -0.9373, -0.9451],
          [-0.7882, -0.7804, -0.7804,  ..., -0.9216, -0.9059, -0.9216],
          ...,
          [-0.7804, -0.7569, -0.7569,  ..., -0.8824, -0.8667, -0.8824],
          [-0.7647, -0.7490, -0.7333,  ..., -0.8824, -0.8588, -0.8824],
          [-0.7569, -0.7255, -0.7020,  ..., -0.8275, -0.7725, -0.7725]]],


        [[[ 0.3020,  0.3020,  0.3176,  ...,  0.2471,  0.1294,  0.0980],
          [ 0.1608,  0.1922,  0.2235,  ...,  0.1373,  0.1373,  0.0824],
          [ 0.1373,  0.1216,  0.1373,  ...,  0.0667,  0.1843,  0.1137],
          ...,
          [-0.0118, -0.2392, -0.2000,  ...,  0.2000, -0.0118,  0.0431],
          [-0.0902, -0.2784, -0.2392,  ...,  0.0824, -0.0980, -0.0275],
          [-0.1373, -0.2235, -0.1843,  ..., -0.0510, -0.0902, -0.0196]],

         [[ 0.3020,  0.3020,  0.3176,  ...,  0.2471,  0.1294,  0.0980],
          [ 0.1608,  0.1922,  0.2235,  ...,  0.1373,  0.1373,  0.0824],
          [ 0.1373,  0.1216,  0.1373,  ...,  0.0667,  0.1843,  0.1137],
          ...,
          [-0.0118, -0.2392, -0.2000,  ...,  0.2000, -0.0118,  0.0431],
          [-0.0902, -0.2784, -0.2392,  ...,  0.0824, -0.0980, -0.0275],
          [-0.1373, -0.2235, -0.1843,  ..., -0.0510, -0.0902, -0.0196]],

         [[ 0.3020,  0.3020,  0.3176,  ...,  0.2471,  0.1294,  0.0980],
          [ 0.1608,  0.1922,  0.2235,  ...,  0.1373,  0.1373,  0.0824],
          [ 0.1373,  0.1216,  0.1373,  ...,  0.0667,  0.1843,  0.1137],
          ...,
          [-0.0118, -0.2392, -0.2000,  ...,  0.2000, -0.0118,  0.0431],
          [-0.0902, -0.2784, -0.2392,  ...,  0.0824, -0.0980, -0.0275],
          [-0.1373, -0.2235, -0.1843,  ..., -0.0510, -0.0902, -0.0196]]],


        [[[-0.1137, -0.0902, -0.1216,  ..., -0.1922, -0.1843, -0.1922],
          [-0.1686, -0.1451, -0.1294,  ..., -0.2157, -0.2078, -0.2157],
          [-0.1294, -0.1373, -0.1137,  ..., -0.2235, -0.2157, -0.2157],
          ...,
          [-0.0353, -0.0196, -0.0431,  ..., -0.1373, -0.1529, -0.1451],
          [-0.0745, -0.0431, -0.0902,  ..., -0.1686, -0.1843, -0.1451],
          [-0.1529, -0.1451, -0.1686,  ..., -0.2157, -0.2314, -0.2235]],

         [[ 0.1686,  0.1922,  0.1608,  ...,  0.1216,  0.1294,  0.1216],
          [ 0.1137,  0.1373,  0.1529,  ...,  0.0902,  0.0980,  0.0902],
          [ 0.1451,  0.1451,  0.1686,  ...,  0.0745,  0.0902,  0.0824],
          ...,
          [ 0.1451,  0.1608,  0.1373,  ...,  0.0431,  0.0745,  0.0588],
          [ 0.1216,  0.1608,  0.1137,  ...,  0.0118,  0.0510,  0.0667],
          [ 0.0510,  0.1294,  0.0980,  ..., -0.0431, -0.0275, -0.0196]],

         [[-0.6000, -0.5765, -0.6000,  ..., -0.6235, -0.6314, -0.6471],
          [-0.6392, -0.6235, -0.6000,  ..., -0.6078, -0.6157, -0.6314],
          [-0.6000, -0.6078, -0.5843,  ..., -0.5922, -0.5843, -0.6078],
          ...,
          [-0.4510, -0.4353, -0.4588,  ..., -0.5529, -0.5765, -0.5686],
          [-0.4980, -0.4667, -0.5137,  ..., -0.5843, -0.6078, -0.5608],
          [-0.5686, -0.5373, -0.5529,  ..., -0.6314, -0.6627, -0.6392]]],


        ...,


        [[[-0.5059, -0.5843, -0.5373,  ..., -0.5059, -0.7961, -0.8588],
          [-0.6863, -0.6549, -0.5451,  ..., -0.4824, -0.7882, -0.8667],
          [-0.6784, -0.6627, -0.5451,  ..., -0.5529, -0.7961, -0.8745],
          ...,
          [-0.3961, -0.3882, -0.3569,  ..., -0.2235, -0.2314, -0.2627],
          [-0.3412, -0.3412, -0.3176,  ..., -0.2078, -0.2078, -0.2235],
          [-0.2627, -0.2627, -0.2471,  ..., -0.1608, -0.1765, -0.2000]],

         [[-0.7490, -0.7882, -0.7255,  ..., -0.7804, -0.8980, -0.8902],
          [-0.7961, -0.7569, -0.6471,  ..., -0.7255, -0.8745, -0.8980],
          [-0.7333, -0.7255, -0.6235,  ..., -0.7725, -0.8902, -0.8980],
          ...,
          [-0.7020, -0.6863, -0.6627,  ..., -0.6000, -0.6000, -0.6235],
          [-0.6706, -0.6627, -0.6471,  ..., -0.5843, -0.5765, -0.5765],
          [-0.6235, -0.6157, -0.6000,  ..., -0.5451, -0.5451, -0.5529]],

         [[-0.8745, -0.8980, -0.8275,  ..., -0.9451, -0.9451, -0.9451],
          [-0.8510, -0.8039, -0.7020,  ..., -0.9137, -0.9373, -0.9451],
          [-0.8431, -0.8510, -0.7490,  ..., -0.9373, -0.9373, -0.9451],
          ...,
          [-0.8902, -0.8745, -0.8510,  ..., -0.7725, -0.7804, -0.8118],
          [-0.8667, -0.8588, -0.8510,  ..., -0.7569, -0.7569, -0.7804],
          [-0.8353, -0.8275, -0.8196,  ..., -0.7176, -0.7333, -0.7647]]],


        [[[-0.3569, -0.3255, -0.2941,  ..., -0.1843, -0.2471, -0.1922],
          [-0.3098, -0.3020, -0.2941,  ..., -0.2235, -0.3020, -0.2000],
          [-0.2784, -0.3020, -0.3176,  ..., -0.2392, -0.3490, -0.2471],
          ...,
          [ 0.0667,  0.0510, -0.0039,  ..., -0.0510, -0.0745, -0.0588],
          [ 0.0980,  0.0824,  0.0353,  ..., -0.0588, -0.0902, -0.0745],
          [ 0.1451,  0.0824,  0.0431,  ..., -0.2000, -0.2314, -0.2078]],

         [[-0.2549, -0.2078, -0.1765,  ..., -0.1059, -0.1608, -0.0980],
          [-0.2078, -0.1922, -0.1843,  ..., -0.1451, -0.2078, -0.1137],
          [-0.1765, -0.1843, -0.2000,  ..., -0.1686, -0.2549, -0.1529],
          ...,
          [ 0.0980,  0.0980,  0.0431,  ...,  0.0667,  0.0588,  0.0510],
          [ 0.1137,  0.1137,  0.0745,  ...,  0.0510,  0.0353,  0.0353],
          [ 0.1686,  0.1216,  0.1059,  ..., -0.0980, -0.1137, -0.0980]],

         [[-0.4902, -0.4353, -0.3961,  ..., -0.3020, -0.3961, -0.3647],
          [-0.4431, -0.4196, -0.3804,  ..., -0.3412, -0.4824, -0.3804],
          [-0.4118, -0.4196, -0.3804,  ..., -0.3333, -0.5294, -0.4039],
          ...,
          [-0.3020, -0.2627, -0.2941,  ..., -0.2471, -0.2863, -0.3176],
          [-0.2549, -0.2392, -0.2784,  ..., -0.2314, -0.2941, -0.2941],
          [-0.2471, -0.2863, -0.2863,  ..., -0.3333, -0.3804, -0.3490]]],


        [[[-0.3333, -0.3176, -0.6235,  ..., -0.7569, -0.7333, -0.6549],
          [-0.3569, -0.3882, -0.6706,  ..., -0.6314, -0.6549, -0.6549],
          [ 0.2314,  0.1686, -0.2471,  ..., -0.6157, -0.7098, -0.7333],
          ...,
          [ 0.1216,  0.1059,  0.0118,  ..., -0.0745, -0.0431, -0.0510],
          [ 0.1059,  0.1294,  0.0667,  ..., -0.0745, -0.0510, -0.0196],
          [ 0.1373,  0.0980,  0.0824,  ..., -0.0510, -0.0667, -0.0275]],

         [[-0.3098, -0.3176, -0.6549,  ..., -0.7725, -0.7490, -0.6549],
          [-0.2784, -0.2941, -0.6000,  ..., -0.6392, -0.6549, -0.6471],
          [ 0.4196,  0.3882, -0.0588,  ..., -0.6078, -0.6941, -0.7176],
          ...,
          [ 0.0431,  0.0275, -0.0667,  ..., -0.1608, -0.1294, -0.1373],
          [ 0.0353,  0.0510, -0.0196,  ..., -0.1686, -0.1373, -0.1059],
          [ 0.0824,  0.0275,  0.0039,  ..., -0.1373, -0.1529, -0.1137]],

         [[-0.1686, -0.1451, -0.5373,  ..., -0.6863, -0.6784, -0.6078],
          [ 0.0118, -0.0745, -0.5922,  ..., -0.4902, -0.5765, -0.6000],
          [ 0.7490,  0.6235, -0.0745,  ..., -0.4588, -0.6392, -0.6706],
          ...,
          [-0.0196, -0.0510, -0.1451,  ..., -0.1922, -0.1529, -0.1608],
          [-0.0353, -0.0275, -0.0902,  ..., -0.2078, -0.1765, -0.1451],
          [ 0.0196, -0.0431, -0.0745,  ..., -0.1843, -0.2000, -0.1608]]]]), tensor([2, 4, 5, 6, 6, 7, 5, 6, 3, 3, 7, 0, 4, 9, 4, 9, 5, 6, 2, 1, 0, 2, 2, 7,
        9, 4, 5, 0, 6, 3, 6, 8, 0, 7, 8, 1, 7, 6, 4, 1, 6, 3, 2, 6, 0, 8, 2, 8,
        5, 0, 0, 1, 4, 2, 8, 7, 3, 9, 4, 7, 2, 5, 4, 1])]
<class 'list'>
Test set: Average loss: 0.03592415
Test set: Average acc:  0.1596
[tensor([[[[-0.0824,  0.3412,  0.3804,  ..., -0.6627, -0.6000, -0.5922],
          [ 0.3098,  0.4667,  0.5216,  ..., -0.5922, -0.5843, -0.6078],
          [ 0.5137,  0.5686,  0.5451,  ..., -0.5529, -0.5294, -0.5843],
          ...,
          [-0.6941, -0.7725, -0.5765,  ..., -0.7804, -0.8275, -0.8824],
          [-0.5765, -0.6784, -0.7255,  ..., -0.6863, -0.7569, -0.8745],
          [-0.2314, -0.7333, -0.8039,  ..., -0.7412, -0.8745, -0.8980]],

         [[-0.0745,  0.3412,  0.3804,  ..., -0.7098, -0.6784, -0.7098],
          [ 0.3176,  0.4745,  0.5294,  ..., -0.6549, -0.6784, -0.7176],
          [ 0.5216,  0.5843,  0.5608,  ..., -0.6000, -0.6000, -0.6706],
          ...,
          [-0.6627, -0.7412, -0.5451,  ..., -0.8039, -0.8667, -0.9216],
          [-0.5373, -0.6471, -0.6941,  ..., -0.7255, -0.7882, -0.8980],
          [-0.1843, -0.7020, -0.7804,  ..., -0.7882, -0.9059, -0.9137]],

         [[-0.1922,  0.2471,  0.3020,  ..., -0.8275, -0.8118, -0.8353],
          [ 0.2314,  0.3961,  0.4431,  ..., -0.7490, -0.7804, -0.8118],
          [ 0.4667,  0.5137,  0.4902,  ..., -0.6863, -0.6863, -0.7333],
          ...,
          [-0.6863, -0.7412, -0.5294,  ..., -0.7882, -0.8667, -0.9294],
          [-0.5843, -0.6392, -0.6627,  ..., -0.7412, -0.8039, -0.9059],
          [-0.2706, -0.6941, -0.7412,  ..., -0.8275, -0.9216, -0.9137]]],


        [[[-0.0667,  0.0353, -0.0745,  ..., -0.2627, -0.3647, -0.3804],
          [ 0.1294,  0.1843, -0.0039,  ..., -0.3176, -0.3725, -0.3804],
          [ 0.1059,  0.2706,  0.3098,  ..., -0.3725, -0.3804, -0.3804],
          ...,
          [ 0.1294, -0.0588, -0.3020,  ..., -0.6078, -0.6784, -0.4039],
          [-0.1529, -0.3020, -0.3490,  ..., -0.5843, -0.6627, -0.4902],
          [-0.3020, -0.3255, -0.3333,  ..., -0.6471, -0.6863, -0.5843]],

         [[ 0.0745,  0.0824, -0.0667,  ..., -0.2471, -0.3725, -0.3882],
          [ 0.2471,  0.2235, -0.0118,  ..., -0.3020, -0.3725, -0.3882],
          [ 0.1686,  0.2627,  0.2863,  ..., -0.3647, -0.3804, -0.3882],
          ...,
          [ 0.0902, -0.1059, -0.3490,  ..., -0.6157, -0.6863, -0.4275],
          [-0.2000, -0.3490, -0.4039,  ..., -0.6078, -0.6863, -0.5216],
          [-0.3412, -0.3725, -0.3961,  ..., -0.6627, -0.7020, -0.6157]],

         [[-0.4667, -0.3333, -0.3647,  ..., -0.2235, -0.3961, -0.4196],
          [-0.2941, -0.2157, -0.3490,  ..., -0.3020, -0.4118, -0.4196],
          [-0.2627, -0.0902,  0.0039,  ..., -0.3804, -0.4275, -0.4196],
          ...,
          [-0.0588, -0.2392, -0.4588,  ..., -0.6784, -0.7490, -0.4902],
          [-0.3176, -0.4510, -0.4824,  ..., -0.6627, -0.7412, -0.5765],
          [-0.4353, -0.4588, -0.4667,  ..., -0.7333, -0.7725, -0.6863]]],


        [[[-0.1373, -0.1373, -0.1608,  ..., -0.5686, -0.5216, -0.7098],
          [-0.0980, -0.2471, -0.3176,  ..., -0.7176, -0.6706, -0.7804],
          [-0.2784, -0.2941, -0.3490,  ..., -0.8824, -0.8196, -0.8824],
          ...,
          [ 0.0353,  0.0353, -0.0980,  ..., -0.3333, -0.3882, -0.4118],
          [ 0.3333,  0.3255,  0.3098,  ...,  0.3412,  0.3333,  0.3255],
          [ 0.3490,  0.4510,  0.4196,  ...,  1.0000,  1.0000,  1.0000]],

         [[-0.1686, -0.1451, -0.0902,  ..., -0.4980, -0.4510, -0.6392],
          [-0.1765, -0.2471, -0.2392,  ..., -0.6627, -0.6157, -0.7255],
          [-0.2941, -0.2235, -0.2627,  ..., -0.8275, -0.7725, -0.8196],
          ...,
          [ 0.1765,  0.1686,  0.0275,  ..., -0.0196, -0.0745, -0.0980],
          [ 0.4588,  0.4431,  0.4275,  ...,  0.5137,  0.5059,  0.4980],
          [ 0.3255,  0.4275,  0.3961,  ...,  1.0000,  1.0000,  1.0000]],

         [[-0.4745, -0.4510, -0.4588,  ..., -0.7176, -0.6471, -0.8196],
          [-0.4667, -0.5765, -0.6157,  ..., -0.8039, -0.7412, -0.8431],
          [-0.6078, -0.6157, -0.6549,  ..., -0.9451, -0.8745, -0.9294],
          ...,
          [-0.3490, -0.3412, -0.4039,  ..., -0.4275, -0.4824, -0.5059],
          [ 0.1137,  0.1059,  0.0980,  ...,  0.2314,  0.2235,  0.2235],
          [ 0.3569,  0.4431,  0.3882,  ...,  1.0000,  1.0000,  1.0000]]],


        ...,


        [[[ 0.0824,  0.0667,  0.0745,  ...,  0.0431,  0.0431,  0.0353],
          [ 0.0980,  0.0824,  0.0824,  ...,  0.0510,  0.0510,  0.0431],
          [ 0.0980,  0.0824,  0.0824,  ...,  0.0510,  0.0510,  0.0431],
          ...,
          [ 0.1765,  0.1686,  0.1686,  ...,  0.1529,  0.1529,  0.1451],
          [ 0.1765,  0.1686,  0.1765,  ...,  0.1451,  0.1373,  0.1294],
          [ 0.1843,  0.1843,  0.1843,  ..., -0.2627, -0.2392, -0.1529]],

         [[ 0.3412,  0.3255,  0.3255,  ...,  0.2941,  0.2941,  0.2941],
          [ 0.3647,  0.3412,  0.3412,  ...,  0.3098,  0.3098,  0.3098],
          [ 0.3569,  0.3412,  0.3412,  ...,  0.3098,  0.3098,  0.3020],
          ...,
          [ 0.4353,  0.4196,  0.4275,  ...,  0.3882,  0.3961,  0.3882],
          [ 0.4353,  0.4275,  0.4275,  ...,  0.3490,  0.3333,  0.3255],
          [ 0.4196,  0.3961,  0.3804,  ..., -0.1843, -0.1686, -0.0902]],

         [[ 0.7412,  0.7176,  0.7255,  ...,  0.6941,  0.6941,  0.6863],
          [ 0.7647,  0.7412,  0.7490,  ...,  0.7098,  0.7098,  0.7098],
          [ 0.7647,  0.7412,  0.7412,  ...,  0.7098,  0.7098,  0.7020],
          ...,
          [ 0.7961,  0.7725,  0.7804,  ...,  0.7412,  0.7333,  0.7333],
          [ 0.7961,  0.7804,  0.7804,  ...,  0.6549,  0.6471,  0.6314],
          [ 0.7490,  0.7020,  0.6627,  ..., -0.0588, -0.0510,  0.0039]]],


        [[[ 0.6392,  0.5843,  0.6000,  ...,  0.4196,  0.4275,  0.4431],
          [ 0.2314,  0.1608,  0.1843,  ..., -0.1686, -0.1843, -0.1216],
          [ 0.1059,  0.0353,  0.0588,  ..., -0.3412, -0.3569, -0.2627],
          ...,
          [ 0.0510, -0.0667, -0.0353,  ..., -0.1843, -0.2549, -0.1529],
          [-0.0118, -0.1294, -0.1137,  ..., -0.2078, -0.2392, -0.1294],
          [-0.0118, -0.1216, -0.0980,  ..., -0.1686, -0.1765, -0.0667]],

         [[ 0.6078,  0.5608,  0.5765,  ...,  0.3804,  0.3490,  0.3961],
          [ 0.2157,  0.1451,  0.1686,  ..., -0.2157, -0.2549, -0.1686],
          [ 0.0980,  0.0196,  0.0431,  ..., -0.3882, -0.4275, -0.3176],
          ...,
          [ 0.3725,  0.3176,  0.3569,  ...,  0.2314,  0.2157,  0.2314],
          [ 0.3098,  0.2863,  0.3098,  ...,  0.1686,  0.1137,  0.1373],
          [ 0.2549,  0.2314,  0.2549,  ...,  0.1216,  0.0588,  0.0902]],

         [[ 0.5765,  0.5216,  0.5373,  ...,  0.2706,  0.2235,  0.2784],
          [ 0.1216,  0.0510,  0.0745,  ..., -0.4196, -0.5059, -0.3882],
          [-0.0353, -0.1137, -0.0902,  ..., -0.6706, -0.7804, -0.6235],
          ...,
          [ 0.1765,  0.1059,  0.1451,  ..., -0.1765, -0.2863, -0.1843],
          [ 0.0745,  0.0196,  0.0431,  ..., -0.3020, -0.3647, -0.2235],
          [ 0.0275, -0.0196,  0.0039,  ..., -0.2784, -0.3255, -0.1843]]],


        [[[ 0.9843,  0.9373,  0.9373,  ...,  0.2627,  0.3412,  0.9765],
          [ 1.0000,  0.9608,  0.9686,  ...,  0.4275,  0.3569,  1.0000],
          [ 1.0000,  0.9686,  0.9686,  ...,  0.3804,  0.3255,  1.0000],
          ...,
          [-0.8039, -0.8353, -0.8431,  ..., -0.9216, -0.9137, -0.8980],
          [-0.8824, -0.9059, -0.9137,  ..., -0.8824, -0.8667, -0.8510],
          [-0.7804, -0.7725, -0.7412,  ..., -0.7176, -0.7176, -0.6941]],

         [[ 0.9608,  0.9137,  0.9137,  ...,  0.2392,  0.3412,  1.0000],
          [ 0.9765,  0.9216,  0.9294,  ...,  0.3882,  0.3412,  1.0000],
          [ 0.9608,  0.9059,  0.9137,  ...,  0.3255,  0.2941,  1.0000],
          ...,
          [-0.7961, -0.8275, -0.8275,  ..., -0.8118, -0.7804, -0.7490],
          [-0.7961, -0.8196, -0.8275,  ..., -0.7098, -0.6784, -0.6392],
          [-0.6471, -0.6392, -0.6078,  ..., -0.5059, -0.4902, -0.4510]],

         [[ 0.8902,  0.8431,  0.8431,  ...,  0.2235,  0.3020,  0.8902],
          [ 0.9059,  0.8510,  0.8588,  ...,  0.3725,  0.3098,  0.9216],
          [ 0.8980,  0.8431,  0.8510,  ...,  0.3176,  0.2706,  0.9059],
          ...,
          [-0.7255, -0.7569, -0.7647,  ..., -0.7725, -0.7333, -0.6863],
          [-0.7255, -0.7490, -0.7569,  ..., -0.6784, -0.6392, -0.5843],
          [-0.5529, -0.5451, -0.5137,  ..., -0.4667, -0.4353, -0.3804]]]]), tensor([5, 1, 7, 0, 0, 6, 4, 9, 4, 8, 3, 4, 7, 1, 4, 9, 7, 0, 2, 1, 8, 8, 8, 1,
        3, 4, 4, 9, 2, 4, 4, 3, 7, 9, 4, 5, 0, 5, 8, 6, 6, 0, 7, 0, 9, 6, 5, 7,
        4, 8, 6, 2, 5, 0, 0, 0, 0, 3, 0, 0, 6, 0, 7, 9])]
<class 'list'>
Test set: Average loss: nan
Test set: Average acc:  0.1000
[tensor([[[[-0.8039, -0.8353, -0.8431,  ..., -0.8824, -0.8667, -0.8196],
          [-0.8353, -0.8510, -0.8510,  ..., -0.8902, -0.8902, -0.8510],
          [-0.8824, -0.8824, -0.8745,  ..., -0.8824, -0.8902, -0.8745],
          ...,
          [-0.9529, -0.9451, -0.9216,  ..., -0.9137, -0.9216, -0.9451],
          [-0.9373, -0.9373, -0.9294,  ..., -0.9216, -0.9294, -0.9451],
          [-0.9608, -0.9686, -0.9686,  ..., -0.9294, -0.9294, -0.9451]],

         [[-0.8353, -0.8667, -0.8745,  ..., -0.8588, -0.8353, -0.7961],
          [-0.8431, -0.8588, -0.8588,  ..., -0.8667, -0.8667, -0.8275],
          [-0.8667, -0.8667, -0.8588,  ..., -0.8588, -0.8667, -0.8510],
          ...,
          [-0.9294, -0.9216, -0.9059,  ..., -0.8980, -0.8980, -0.9216],
          [-0.9294, -0.9294, -0.9216,  ..., -0.9137, -0.9137, -0.9216],
          [-0.9451, -0.9529, -0.9608,  ..., -0.9216, -0.9216, -0.9294]],

         [[-0.5765, -0.6000, -0.6157,  ..., -0.5843, -0.5608, -0.5216],
          [-0.5922, -0.6078, -0.6078,  ..., -0.5922, -0.5922, -0.5529],
          [-0.6157, -0.6235, -0.6157,  ..., -0.5843, -0.5922, -0.5765],
          ...,
          [-0.7961, -0.7647, -0.7333,  ..., -0.6863, -0.7176, -0.7569],
          [-0.8039, -0.7804, -0.7569,  ..., -0.7333, -0.7569, -0.7882],
          [-0.8431, -0.8275, -0.8118,  ..., -0.7882, -0.8039, -0.8353]]],


        [[[-0.2706, -0.2471, -0.2157,  ..., -0.1922, -0.2235, -0.2314],
          [-0.1843, -0.1686, -0.1451,  ..., -0.1059, -0.1373, -0.1529],
          [-0.1686, -0.1451, -0.1216,  ..., -0.0902, -0.1137, -0.1216],
          ...,
          [-0.2392, -0.2314, -0.2078,  ..., -0.1608, -0.1529, -0.1686],
          [-0.2627, -0.2549, -0.2471,  ..., -0.1765, -0.1686, -0.1843],
          [-0.2863, -0.2863, -0.2627,  ..., -0.2000, -0.2000, -0.2235]],

         [[-0.1843, -0.1608, -0.1294,  ..., -0.0745, -0.1059, -0.1137],
          [-0.0980, -0.0824, -0.0588,  ...,  0.0039, -0.0196, -0.0353],
          [-0.0824, -0.0588, -0.0353,  ...,  0.0275,  0.0039, -0.0039],
          ...,
          [-0.1686, -0.1686, -0.1451,  ..., -0.1059, -0.1216, -0.1373],
          [-0.2000, -0.1922, -0.1843,  ..., -0.1216, -0.1451, -0.1529],
          [-0.2235, -0.2235, -0.2000,  ..., -0.1451, -0.1765, -0.1922]],

         [[-0.0353, -0.0196,  0.0118,  ...,  0.0745,  0.0431,  0.0353],
          [ 0.0510,  0.0588,  0.0824,  ...,  0.1529,  0.1294,  0.1137],
          [ 0.0588,  0.0824,  0.1059,  ...,  0.1765,  0.1529,  0.1451],
          ...,
          [-0.0824, -0.0824, -0.0588,  ..., -0.0039, -0.0275, -0.0431],
          [-0.1137, -0.1059, -0.0980,  ..., -0.0196, -0.0510, -0.0588],
          [-0.1373, -0.1373, -0.1137,  ..., -0.0431, -0.0824, -0.0980]]],


        [[[-0.1294, -0.0667, -0.1294,  ..., -0.0980, -0.0667,  0.0275],
          [-0.1294, -0.0902, -0.0980,  ..., -0.1059,  0.0039,  0.1216],
          [-0.1059, -0.1373, -0.0745,  ...,  0.0510,  0.1686,  0.2706],
          ...,
          [-0.9216, -0.9216, -0.9294,  ...,  0.5137,  0.3647,  0.2784],
          [-0.9216, -0.9216, -0.9294,  ...,  0.4667,  0.3255,  0.1922],
          [-0.9216, -0.9216, -0.9294,  ...,  0.3020,  0.2157,  0.0667]],

         [[ 0.0118,  0.0980,  0.0510,  ...,  0.0980,  0.0824,  0.1137],
          [ 0.0431,  0.0824,  0.0510,  ...,  0.0039,  0.0667,  0.1451],
          [ 0.0824,  0.0118,  0.0353,  ...,  0.0588,  0.1529,  0.2392],
          ...,
          [-0.9216, -0.9216, -0.9294,  ...,  0.4196,  0.3176,  0.2784],
          [-0.9216, -0.9216, -0.9294,  ...,  0.4039,  0.2863,  0.1922],
          [-0.9216, -0.9216, -0.9294,  ...,  0.2627,  0.2000,  0.0667]],

         [[-0.2784, -0.2549, -0.3176,  ..., -0.3176, -0.2549, -0.1137],
          [-0.2863, -0.2627, -0.2706,  ..., -0.2627, -0.1294,  0.0353],
          [-0.2627, -0.2941, -0.2235,  ..., -0.0510,  0.0824,  0.2314],
          ...,
          [-0.9216, -0.9216, -0.9294,  ...,  0.3804,  0.2706,  0.2314],
          [-0.9216, -0.9216, -0.9294,  ...,  0.3490,  0.2627,  0.1686],
          [-0.9216, -0.9216, -0.9294,  ...,  0.2157,  0.1765,  0.0510]]],


        ...,


        [[[-0.7333, -0.4588, -0.1608,  ..., -0.9529, -0.9765, -0.9922],
          [-0.6471, -0.3255, -0.0745,  ..., -0.9059, -0.9529, -0.9765],
          [-0.5608, -0.2471, -0.0745,  ..., -0.8588, -0.9294, -0.9608],
          ...,
          [-0.9922, -0.9922, -0.9843,  ..., -0.5294, -0.5529, -0.6078],
          [-0.9843, -0.9686, -0.9451,  ..., -0.5294, -0.4902, -0.5216],
          [-0.8745, -0.8039, -0.8510,  ..., -0.4824, -0.4353, -0.4824]],

         [[-0.4667, -0.1922,  0.1059,  ..., -0.7176, -0.7490, -0.7725],
          [-0.3882, -0.0667,  0.1843,  ..., -0.6627, -0.7176, -0.7098],
          [-0.2941, -0.0118,  0.1216,  ..., -0.6392, -0.6627, -0.6863],
          ...,
          [-0.9294, -0.9137, -0.8824,  ..., -0.2549, -0.2235, -0.2157],
          [-0.9216, -0.8902, -0.8353,  ..., -0.2078, -0.1294, -0.1059],
          [-0.8118, -0.7020, -0.7333,  ..., -0.1373, -0.0588, -0.0745]],

         [[-0.5294, -0.1765,  0.1216,  ..., -0.9373, -0.9686, -0.9922],
          [-0.4667, -0.0745,  0.1686,  ..., -0.8902, -0.9451, -0.9686],
          [-0.3725, -0.0353,  0.0980,  ..., -0.8588, -0.9059, -0.9294],
          ...,
          [-0.9922, -0.9922, -0.9843,  ..., -0.4510, -0.4118, -0.4275],
          [-0.9765, -0.9686, -0.9451,  ..., -0.4275, -0.3412, -0.3176],
          [-0.8588, -0.7882, -0.8510,  ..., -0.3882, -0.2941, -0.2863]]],


        [[[ 0.6706,  0.6235,  0.6392,  ...,  0.6549,  0.6078,  0.6157],
          [ 0.6706,  0.6314,  0.6627,  ...,  0.6157,  0.5451,  0.5451],
          [ 0.6784,  0.6471,  0.6549,  ...,  0.5686,  0.4980,  0.5843],
          ...,
          [-0.1922, -0.2471, -0.1137,  ..., -0.1922, -0.1686, -0.0902],
          [ 0.0510, -0.0824, -0.0980,  ..., -0.3176, -0.2235, -0.0980],
          [ 0.0588, -0.0824, -0.0118,  ..., -0.2863, -0.2784, -0.1059]],

         [[ 0.3412,  0.3020,  0.3176,  ...,  0.3490,  0.3020,  0.2941],
          [ 0.3647,  0.3255,  0.3569,  ...,  0.3098,  0.2314,  0.2314],
          [ 0.3647,  0.3412,  0.3490,  ...,  0.2627,  0.1843,  0.2706],
          ...,
          [-0.3569, -0.4510, -0.2471,  ..., -0.2392, -0.1608, -0.1059],
          [-0.0667, -0.2392, -0.2235,  ..., -0.3725, -0.2706, -0.1765],
          [-0.0196, -0.2000, -0.0902,  ..., -0.3647, -0.3490, -0.1843]],

         [[-0.2000, -0.2314, -0.2157,  ..., -0.2392, -0.2706, -0.2706],
          [-0.2549, -0.2784, -0.2549,  ..., -0.2706, -0.3255, -0.3255],
          [-0.2471, -0.2627, -0.2549,  ..., -0.3176, -0.3725, -0.2863],
          ...,
          [-0.6549, -0.6863, -0.5922,  ..., -0.6235, -0.5922, -0.5451],
          [-0.5451, -0.6235, -0.5922,  ..., -0.7020, -0.6471, -0.5922],
          [-0.5843, -0.6941, -0.5294,  ..., -0.7020, -0.7333, -0.6078]]],


        [[[ 0.4353,  0.4824,  0.4980,  ...,  0.5294,  0.4667,  0.4196],
          [ 0.0039,  0.2000,  0.3725,  ...,  0.4902,  0.4353,  0.4196],
          [ 0.1765,  0.4667,  0.4824,  ...,  0.4745,  0.2471,  0.1843],
          ...,
          [-0.6863, -0.7804, -0.8118,  ...,  0.1059, -0.2549, -0.3725],
          [-0.7725, -0.8039, -0.8196,  ..., -0.2471, -0.3647, -0.5608],
          [-0.8275, -0.7882, -0.7647,  ..., -0.3804, -0.4745, -0.4588]],

         [[ 0.3098,  0.3647,  0.3961,  ...,  0.3961,  0.3176,  0.2549],
          [-0.1843,  0.0275,  0.2235,  ...,  0.3412,  0.2549,  0.2471],
          [ 0.0118,  0.3333,  0.3961,  ...,  0.3176,  0.0353, -0.0588],
          ...,
          [-0.7412, -0.8118, -0.8353,  ..., -0.0118, -0.3412, -0.4588],
          [-0.8039, -0.8196, -0.8431,  ..., -0.3412, -0.4431, -0.6314],
          [-0.8353, -0.8039, -0.7804,  ..., -0.4510, -0.5529, -0.5137]],

         [[ 0.2784,  0.3333,  0.3647,  ...,  0.3725,  0.2784,  0.2235],
          [-0.2627, -0.0353,  0.1608,  ...,  0.3255,  0.2078,  0.2000],
          [-0.0353,  0.2941,  0.3412,  ...,  0.2941, -0.0353, -0.1294],
          ...,
          [-0.7961, -0.8588, -0.8745,  ..., -0.0275, -0.3569, -0.4902],
          [-0.8588, -0.8667, -0.8824,  ..., -0.3569, -0.4588, -0.6627],
          [-0.8824, -0.8510, -0.8275,  ..., -0.4745, -0.5765, -0.5373]]]]), tensor([3, 8, 2, 1, 3, 9, 1, 5, 0, 8, 5, 3, 1, 5, 1, 3, 1, 8, 7, 7, 6, 2, 2, 2,
        2, 4, 2, 4, 6, 4, 0, 4, 0, 9, 8, 7, 1, 4, 1, 2, 2, 1, 3, 8, 0, 6, 0, 0,
        3, 3, 9, 1, 1, 6, 8, 9, 5, 7, 9, 1, 9, 5, 2, 3])]
<class 'list'>
Test set: Average loss: 0.03578617
Test set: Average acc:  0.1545
[tensor([[[[ 0.2000,  0.2627,  0.2078,  ..., -0.4196, -0.5059, -0.4510],
          [ 0.2314,  0.2549,  0.1608,  ..., -0.4039, -0.4667, -0.4353],
          [ 0.1922,  0.2235,  0.2000,  ..., -0.4588, -0.4510, -0.4275],
          ...,
          [ 0.0275, -0.0745, -0.0824,  ..., -0.3333, -0.2941, -0.3412],
          [-0.0118, -0.0275, -0.0824,  ..., -0.3255, -0.3882, -0.4196],
          [-0.0196,  0.0510,  0.0824,  ..., -0.3804, -0.4431, -0.4118]],

         [[ 0.2157,  0.3569,  0.4118,  ..., -0.3647, -0.4353, -0.3725],
          [ 0.2471,  0.3882,  0.4118,  ..., -0.3412, -0.3961, -0.3569],
          [ 0.2549,  0.4275,  0.4902,  ..., -0.3569, -0.3725, -0.3569],
          ...,
          [ 0.2392,  0.1373,  0.1294,  ...,  0.1216,  0.1608,  0.1216],
          [ 0.1922,  0.1451,  0.0980,  ...,  0.0824,  0.0275,  0.0275],
          [ 0.2078,  0.2392,  0.2863,  ...,  0.0353, -0.0510, -0.0039]],

         [[-0.1294,  0.1451,  0.3647,  ..., -0.4588, -0.5373, -0.4824],
          [-0.1373,  0.1843,  0.3961,  ..., -0.4431, -0.5059, -0.4588],
          [-0.0667,  0.2549,  0.5294,  ..., -0.4824, -0.4667, -0.4588],
          ...,
          [-0.0039, -0.0353, -0.0275,  ..., -0.3725, -0.3333, -0.3569],
          [-0.0902, -0.0667, -0.1216,  ..., -0.3647, -0.4275, -0.4118],
          [-0.1216, -0.0588, -0.0275,  ..., -0.4039, -0.4824, -0.4039]]],


        [[[ 0.3961,  0.4588,  0.6392,  ...,  0.3255,  0.3804,  0.4275],
          [ 0.3569,  0.3961,  0.5529,  ...,  0.2627,  0.2941,  0.3333],
          [ 0.3569,  0.3569,  0.4431,  ...,  0.2549,  0.2392,  0.2392],
          ...,
          [ 0.0118, -0.0353, -0.0745,  ...,  0.0588,  0.0980,  0.1059],
          [-0.1529, -0.1765, -0.1373,  ...,  0.0353,  0.0275,  0.0118],
          [-0.2627, -0.2314, -0.1216,  ...,  0.0196, -0.0275, -0.0353]],

         [[ 0.5059,  0.5373,  0.6706,  ...,  0.4275,  0.4588,  0.4980],
          [ 0.4824,  0.5059,  0.6235,  ...,  0.3961,  0.4039,  0.4353],
          [ 0.4824,  0.4588,  0.5373,  ...,  0.3961,  0.3804,  0.3647],
          ...,
          [-0.2000, -0.2000, -0.2078,  ..., -0.1686, -0.1608, -0.1686],
          [-0.3098, -0.3176, -0.2863,  ..., -0.2078, -0.2314, -0.2549],
          [-0.3961, -0.3725, -0.2863,  ..., -0.2314, -0.2863, -0.2941]],

         [[ 0.6078,  0.6314,  0.7412,  ...,  0.5765,  0.5922,  0.6157],
          [ 0.5922,  0.6000,  0.7098,  ...,  0.5373,  0.5451,  0.5686],
          [ 0.6000,  0.5686,  0.6314,  ...,  0.5373,  0.5294,  0.5216],
          ...,
          [-0.2941, -0.2941, -0.3020,  ..., -0.3098, -0.3176, -0.3412],
          [-0.3725, -0.3961, -0.3725,  ..., -0.3569, -0.3804, -0.4118],
          [-0.4588, -0.4431, -0.3725,  ..., -0.3882, -0.4353, -0.4431]]],


        [[[-0.4510, -0.7412, -0.8902,  ..., -0.9529, -0.9059, -0.8667],
          [-0.3020, -0.6471, -0.8667,  ..., -0.9373, -0.9529, -0.9137],
          [-0.2706, -0.4745, -0.7647,  ..., -0.9216, -0.8980, -0.9059],
          ...,
          [-0.3412, -0.2078, -0.1373,  ..., -0.0745, -0.0588,  0.0118],
          [-0.3725, -0.0588,  0.1137,  ..., -0.1216, -0.1059,  0.0588],
          [-0.2941,  0.0431,  0.2157,  ...,  0.0588, -0.0275, -0.0353]],

         [[-0.6078, -0.7725, -0.8196,  ..., -0.8588, -0.8196, -0.7804],
          [-0.5137, -0.6941, -0.7725,  ..., -0.8353, -0.8588, -0.8118],
          [-0.3882, -0.5608, -0.8196,  ..., -0.8039, -0.7804, -0.7882],
          ...,
          [-0.1373,  0.0118,  0.0118,  ...,  0.0510,  0.0588,  0.1294],
          [-0.1373,  0.1765,  0.2784,  ...,  0.0039,  0.0118,  0.1843],
          [-0.0510,  0.2941,  0.3961,  ...,  0.1765,  0.0902,  0.0902]],

         [[-0.3647, -0.5373, -0.5843,  ..., -0.9294, -0.8824, -0.8510],
          [-0.1608, -0.3804, -0.4824,  ..., -0.9059, -0.9294, -0.8902],
          [-0.1451, -0.3333, -0.6000,  ..., -0.8980, -0.8745, -0.8902],
          ...,
          [-0.3255, -0.1294, -0.0667,  ..., -0.2157, -0.2000, -0.1373],
          [-0.2941,  0.1059,  0.3020,  ..., -0.2784, -0.2706, -0.0980],
          [-0.1686,  0.2784,  0.4980,  ..., -0.1059, -0.1843, -0.1922]]],


        ...,


        [[[ 0.1765,  0.1451,  0.0588,  ..., -0.2863, -0.2549, -0.2706],
          [-0.3098, -0.3490, -0.3882,  ...,  0.0824,  0.1294,  0.1294],
          [-0.4196, -0.4039, -0.4118,  ...,  0.2078,  0.2392,  0.2078],
          ...,
          [-0.2784, -0.2941, -0.3569,  ..., -0.0667, -0.0745, -0.0745],
          [-0.3412, -0.3569, -0.4118,  ..., -0.1529, -0.1922, -0.2314],
          [ 0.1373,  0.0980,  0.0588,  ..., -0.1765, -0.1922, -0.2706]],

         [[ 0.1059,  0.0275, -0.0588,  ..., -0.4118, -0.3882, -0.3725],
          [-0.4431, -0.5294, -0.5686,  ..., -0.0118,  0.0353,  0.0510],
          [-0.6078, -0.6392, -0.6549,  ...,  0.1608,  0.1922,  0.1608],
          ...,
          [-0.4196, -0.4667, -0.5137,  ..., -0.1451, -0.1608, -0.1608],
          [-0.4824, -0.5294, -0.5686,  ..., -0.2314, -0.2706, -0.3176],
          [ 0.0667,  0.0196, -0.0118,  ..., -0.2392, -0.2549, -0.3255]],

         [[ 0.1137,  0.0510, -0.0353,  ..., -0.3882, -0.3647, -0.3725],
          [-0.3804, -0.4510, -0.4902,  ..., -0.0118,  0.0353,  0.0431],
          [-0.4980, -0.5216, -0.5294,  ...,  0.1373,  0.1686,  0.1373],
          ...,
          [-0.2627, -0.2941, -0.3490,  ..., -0.1451, -0.1529, -0.1451],
          [-0.3098, -0.3490, -0.3882,  ..., -0.2235, -0.2627, -0.3020],
          [ 0.1608,  0.1059,  0.0745,  ..., -0.2078, -0.2157, -0.2941]]],


        [[[-0.1059, -0.0980, -0.0902,  ..., -0.0588, -0.0588, -0.0667],
          [-0.0745, -0.0667, -0.0588,  ..., -0.0275, -0.0275, -0.0275],
          [-0.0431, -0.0353, -0.0275,  ...,  0.0118,  0.0118,  0.0118],
          ...,
          [-0.2471, -0.2549, -0.2314,  ..., -0.3412, -0.3255, -0.2863],
          [-0.1137, -0.0667, -0.0667,  ..., -0.3569, -0.3961, -0.4902],
          [-0.1529, -0.1686, -0.1765,  ..., -0.3569, -0.6000, -0.9137]],

         [[ 0.1137,  0.1216,  0.1294,  ...,  0.1529,  0.1529,  0.1451],
          [ 0.1373,  0.1451,  0.1451,  ...,  0.1765,  0.1686,  0.1686],
          [ 0.1529,  0.1686,  0.1686,  ...,  0.1922,  0.1922,  0.1843],
          ...,
          [-0.3020, -0.3098, -0.2941,  ..., -0.4118, -0.3961, -0.3490],
          [-0.1608, -0.1216, -0.1451,  ..., -0.4196, -0.4431, -0.5294],
          [-0.2000, -0.2235, -0.2549,  ..., -0.4039, -0.6314, -0.9373]],

         [[ 0.5451,  0.5451,  0.5608,  ...,  0.5765,  0.5765,  0.5686],
          [ 0.5529,  0.5608,  0.5765,  ...,  0.5765,  0.5765,  0.5765],
          [ 0.5765,  0.5843,  0.5922,  ...,  0.6000,  0.5922,  0.5922],
          ...,
          [-0.2863, -0.2863, -0.2784,  ..., -0.4039, -0.3882, -0.3412],
          [-0.1451, -0.0980, -0.1216,  ..., -0.4118, -0.4431, -0.5294],
          [-0.1843, -0.2078, -0.2314,  ..., -0.4039, -0.6392, -0.9529]]],


        [[[ 0.1294, -0.0039, -0.0431,  ..., -0.2000, -0.1922, -0.7804],
          [ 0.4588,  0.1216, -0.0353,  ..., -0.5137, -0.6706, -0.9059],
          [ 0.1686,  0.1765,  0.0745,  ..., -0.8431, -0.8353, -0.8431],
          ...,
          [ 0.6863,  0.8118,  0.6784,  ..., -0.4196, -0.2627, -0.8980],
          [ 0.7176,  0.6471,  0.4510,  ..., -0.7725, -0.5451, -0.8667],
          [ 0.7020,  0.4745,  0.2000,  ..., -0.8118, -0.8039, -0.8510]],

         [[ 0.3176,  0.2157,  0.1765,  ..., -0.0196, -0.0588, -0.6471],
          [ 0.5843,  0.2863,  0.2157,  ..., -0.3255, -0.5059, -0.7804],
          [ 0.2314,  0.2784,  0.2706,  ..., -0.7020, -0.6784, -0.7176],
          ...,
          [ 0.6941,  0.8118,  0.6627,  ..., -0.5451, -0.4196, -0.8824],
          [ 0.7255,  0.6549,  0.4275,  ..., -0.8039, -0.5843, -0.8745],
          [ 0.7098,  0.4902,  0.1686,  ..., -0.8275, -0.7804, -0.8353]],

         [[-0.2078, -0.5608, -0.5451,  ..., -0.5765, -0.5294, -0.8980],
          [ 0.2392, -0.3333, -0.7412,  ..., -0.7098, -0.8353, -0.9686],
          [-0.1843, -0.1765, -0.6235,  ..., -0.9294, -0.9216, -0.9451],
          ...,
          [ 0.7020,  0.7882,  0.6157,  ..., -0.6392, -0.5059, -0.9137],
          [ 0.7412,  0.6235,  0.3412,  ..., -0.8353, -0.6392, -0.8980],
          [ 0.7333,  0.4510,  0.0824,  ..., -0.8588, -0.8118, -0.8431]]]]), tensor([7, 0, 4, 4, 5, 3, 6, 4, 4, 1, 0, 4, 1, 1, 2, 7, 9, 0, 1, 6, 3, 9, 0, 6,
        2, 8, 6, 5, 3, 9, 8, 7, 9, 2, 5, 9, 5, 8, 0, 1, 9, 5, 2, 0, 4, 7, 8, 2,
        0, 6, 6, 0, 8, 5, 8, 4, 5, 1, 5, 8, 0, 9, 0, 3])]
<class 'list'>
Test set: Average loss: nan
Test set: Average acc:  0.1000
[tensor([[[[ 0.1059,  0.0902,  0.0588,  ...,  0.2627,  0.1451,  0.2549],
          [ 0.3412,  0.3333,  0.3020,  ...,  0.4824,  0.3333,  0.1922],
          [ 0.3882,  0.3569,  0.0902,  ...,  0.2549,  0.2392,  0.1137],
          ...,
          [ 0.2549,  0.1529,  0.1451,  ..., -0.1765, -0.0902, -0.0667],
          [ 0.1529,  0.0510,  0.0196,  ..., -0.0745, -0.3176, -0.3725],
          [ 0.3333,  0.1529,  0.2000,  ...,  0.1451,  0.1373,  0.1373]],

         [[ 0.0902,  0.0510,  0.0431,  ...,  0.2078,  0.1686,  0.3333],
          [ 0.2941,  0.2627,  0.2863,  ...,  0.3961,  0.3412,  0.2784],
          [ 0.2784,  0.2078,  0.0431,  ...,  0.1216,  0.1686,  0.1608],
          ...,
          [ 0.2000,  0.1137,  0.0980,  ..., -0.2078, -0.0745, -0.0510],
          [ 0.1059,  0.0353, -0.0353,  ..., -0.1686, -0.3804, -0.3961],
          [ 0.2784,  0.1529,  0.1686,  ...,  0.0196,  0.0196,  0.0824]],

         [[-0.0902, -0.1765, -0.1843,  ..., -0.1373, -0.3098, -0.1294],
          [-0.0275, -0.1686, -0.1765,  ..., -0.0745, -0.3176, -0.4353],
          [-0.0118, -0.2235, -0.4196,  ..., -0.2549, -0.3098, -0.4588],
          ...,
          [-0.1137, -0.3020, -0.2627,  ..., -0.5451, -0.5843, -0.4275],
          [-0.2000, -0.3804, -0.3804,  ..., -0.3098, -0.6157, -0.6078],
          [ 0.0510, -0.1922, -0.1451,  ..., -0.0902, -0.1451, -0.0431]]],


        [[[ 0.3490,  0.3412,  0.3961,  ..., -0.1608, -0.1686, -0.2000],
          [ 0.2941,  0.2471,  0.4118,  ..., -0.0824, -0.0824, -0.1294],
          [ 0.3647,  0.2235,  0.3647,  ..., -0.0588, -0.0510, -0.0667],
          ...,
          [-0.0431, -0.0588, -0.0902,  ..., -0.0275, -0.0510, -0.0824],
          [-0.1294, -0.1216, -0.0353,  ..., -0.0431, -0.0824, -0.1137],
          [-0.1216, -0.0980, -0.0745,  ..., -0.0275, -0.1373, -0.2000]],

         [[ 0.3569,  0.3490,  0.3961,  ..., -0.1765, -0.1922, -0.2235],
          [ 0.2784,  0.2314,  0.3961,  ..., -0.1216, -0.1216, -0.1686],
          [ 0.3255,  0.1843,  0.3255,  ..., -0.1059, -0.1059, -0.1216],
          ...,
          [-0.0824, -0.0980, -0.1216,  ..., -0.0039, -0.0118, -0.0431],
          [-0.1765, -0.1608, -0.0275,  ..., -0.0902, -0.0745, -0.0824],
          [-0.1765, -0.1529, -0.0588,  ..., -0.0980, -0.1373, -0.1686]],

         [[ 0.1922,  0.1922,  0.2392,  ..., -0.3961, -0.3804, -0.3882],
          [ 0.1216,  0.0824,  0.2471,  ..., -0.3490, -0.3255, -0.3490],
          [ 0.1765,  0.0353,  0.1765,  ..., -0.3490, -0.3255, -0.3098],
          ...,
          [-0.2627, -0.2706, -0.3020,  ..., -0.2157, -0.2157, -0.2392],
          [-0.3882, -0.3490, -0.2078,  ..., -0.3412, -0.2941, -0.2941],
          [-0.3961, -0.3412, -0.2471,  ..., -0.3725, -0.3647, -0.3804]]],


        [[[ 0.1373,  0.1686,  0.1843,  ...,  0.2863,  0.1922,  0.2235],
          [ 0.0980,  0.1373,  0.1686,  ...,  0.1843,  0.2078,  0.2235],
          [-0.0196,  0.0667,  0.1843,  ...,  0.2549,  0.2000,  0.2314],
          ...,
          [-0.0745, -0.0745,  0.0667,  ...,  0.1529,  0.0588,  0.1765],
          [-0.2471, -0.1373, -0.0275,  ...,  0.0431,  0.0510,  0.1529],
          [-0.0118,  0.1137, -0.0118,  ..., -0.0745,  0.0667,  0.1059]],

         [[-0.1059, -0.0745, -0.0588,  ...,  0.0039, -0.0667, -0.0196],
          [-0.1451, -0.0980, -0.0745,  ..., -0.0745, -0.0431, -0.0196],
          [-0.2627, -0.1765, -0.0667,  ...,  0.0196, -0.0431, -0.0275],
          ...,
          [-0.3020, -0.3020, -0.1608,  ..., -0.0980, -0.2078, -0.1059],
          [-0.4745, -0.3647, -0.2549,  ..., -0.2078, -0.2157, -0.1294],
          [-0.2471, -0.1137, -0.2392,  ..., -0.3255, -0.2000, -0.1765]],

         [[-0.0588, -0.0275, -0.0118,  ...,  0.0510, -0.0275,  0.0196],
          [-0.0980, -0.0510, -0.0275,  ..., -0.0275, -0.0039,  0.0196],
          [-0.2157, -0.1294, -0.0118,  ...,  0.0510, -0.0039,  0.0118],
          ...,
          [-0.2627, -0.2627, -0.1216,  ..., -0.0431, -0.1529, -0.0745],
          [-0.4353, -0.3255, -0.2157,  ..., -0.1529, -0.1686, -0.0980],
          [-0.2078, -0.0745, -0.2000,  ..., -0.2706, -0.1529, -0.1451]]],


        ...,


        [[[ 0.8667,  0.6784,  0.6941,  ...,  0.7098,  0.6941,  0.7725],
          [ 0.2549, -0.5843, -0.5059,  ..., -0.6784, -0.7333, -0.1686],
          [ 0.1294, -0.8902, -0.7804,  ..., -0.9765, -1.0000, -0.3725],
          ...,
          [ 0.9373,  0.8275,  0.8431,  ...,  0.7882,  0.7961,  0.8667],
          [ 1.0000,  0.9843,  0.9922,  ...,  0.9608,  0.9686,  0.9843],
          [ 1.0000,  0.9922,  1.0000,  ...,  0.9922,  1.0000,  1.0000]],

         [[ 0.8667,  0.6784,  0.6941,  ...,  0.7098,  0.6941,  0.7725],
          [ 0.2549, -0.5843, -0.5059,  ..., -0.6784, -0.7333, -0.1686],
          [ 0.1294, -0.8902, -0.7804,  ..., -0.9765, -1.0000, -0.3725],
          ...,
          [ 0.9373,  0.8275,  0.8431,  ...,  0.8510,  0.8353,  0.8824],
          [ 1.0000,  0.9843,  0.9922,  ...,  0.9922,  0.9922,  0.9843],
          [ 1.0000,  0.9922,  1.0000,  ...,  0.9922,  1.0000,  1.0000]],

         [[ 0.8667,  0.6784,  0.6941,  ...,  0.7098,  0.6941,  0.7725],
          [ 0.2549, -0.5843, -0.5059,  ..., -0.6784, -0.7333, -0.1686],
          [ 0.1294, -0.8902, -0.7804,  ..., -0.9765, -1.0000, -0.3725],
          ...,
          [ 0.9373,  0.8275,  0.8431,  ...,  0.8353,  0.8275,  0.8745],
          [ 1.0000,  0.9843,  0.9922,  ...,  0.9843,  0.9843,  0.9843],
          [ 1.0000,  0.9922,  1.0000,  ...,  1.0000,  1.0000,  1.0000]]],


        [[[-0.0275, -0.0510, -0.2157,  ..., -0.1216, -0.1137, -0.3882],
          [-0.0588, -0.2000, -0.3255,  ..., -0.1843, -0.1843, -0.4431],
          [-0.1529, -0.2706, -0.2863,  ..., -0.2471, -0.2392, -0.4510],
          ...,
          [-0.4118, -0.4667, -0.4353,  ..., -0.4196, -0.3412, -0.3647],
          [-0.2392, -0.1843, -0.1765,  ..., -0.2706, -0.2314, -0.2392],
          [-0.4039, -0.2706, -0.1294,  ..., -0.0118, -0.0353, -0.1059]],

         [[-0.4039, -0.4118, -0.4588,  ..., -0.3725, -0.3725, -0.4824],
          [-0.4275, -0.4667, -0.4745,  ..., -0.3961, -0.4196, -0.5137],
          [-0.4667, -0.4980, -0.4824,  ..., -0.4196, -0.4353, -0.5059],
          ...,
          [-0.5529, -0.5373, -0.4902,  ..., -0.3961, -0.3569, -0.3804],
          [-0.4431, -0.3882, -0.4275,  ..., -0.3961, -0.3882, -0.3882],
          [-0.5451, -0.4824, -0.4431,  ..., -0.3333, -0.3569, -0.3725]],

         [[-0.6863, -0.6549, -0.6706,  ..., -0.6078, -0.5451, -0.6157],
          [-0.7255, -0.7020, -0.6549,  ..., -0.6157, -0.5765, -0.6549],
          [-0.7490, -0.7176, -0.6627,  ..., -0.6235, -0.5843, -0.6471],
          ...,
          [-0.7333, -0.7412, -0.7804,  ..., -0.5373, -0.5373, -0.5608],
          [-0.6941, -0.6549, -0.7255,  ..., -0.5608, -0.5608, -0.5451],
          [-0.7804, -0.7176, -0.6706,  ..., -0.5137, -0.5137, -0.5137]]],


        [[[-0.7333, -1.0000, -0.9373,  ..., -0.8039, -0.8039, -0.8118],
          [ 0.3098, -0.2706, -0.4039,  ..., -0.8510, -0.7961, -0.8667],
          [ 0.7569,  0.4196,  0.1451,  ..., -0.8824, -0.8902, -0.8431],
          ...,
          [-0.5608,  0.0588,  0.1529,  ...,  0.2392,  0.0980,  0.1373],
          [-0.0667,  0.1765,  0.1451,  ...,  0.2078,  0.2549,  0.2314],
          [ 0.3020,  0.2627,  0.2471,  ...,  0.2627,  0.2078,  0.1922]],

         [[-0.6784, -0.9294, -0.8196,  ..., -0.6706, -0.6706, -0.6784],
          [ 0.1922, -0.3098, -0.3725,  ..., -0.7176, -0.6627, -0.7333],
          [ 0.4824,  0.2471,  0.0588,  ..., -0.7490, -0.7569, -0.7098],
          ...,
          [-0.7098, -0.1451, -0.0588,  ..., -0.0039, -0.1451, -0.1059],
          [-0.2706, -0.0588, -0.1059,  ..., -0.0353,  0.0118, -0.0118],
          [ 0.0510, -0.0275, -0.0588,  ...,  0.0196, -0.0353, -0.0510]],

         [[-0.5686, -0.8118, -0.6784,  ..., -0.5451, -0.5451, -0.5529],
          [ 0.2941, -0.1922, -0.2314,  ..., -0.6000, -0.5373, -0.6078],
          [ 0.5765,  0.3569,  0.2000,  ..., -0.6235, -0.6314, -0.5843],
          ...,
          [-0.6000, -0.0118,  0.0745,  ...,  0.1137, -0.0275,  0.0118],
          [-0.1451,  0.0745,  0.0275,  ...,  0.0824,  0.1294,  0.1059],
          [ 0.1765,  0.1137,  0.0902,  ...,  0.1373,  0.0824,  0.0667]]]]), tensor([6, 5, 6, 5, 6, 4, 2, 7, 4, 8, 1, 4, 1, 6, 5, 9, 5, 5, 2, 5, 5, 8, 5, 1,
        3, 6, 1, 2, 1, 7, 6, 7, 4, 0, 3, 5, 7, 6, 9, 7, 7, 1, 4, 3, 1, 9, 1, 3,
        0, 1, 3, 0, 9, 1, 3, 6, 7, 9, 7, 8, 3, 2, 5, 5])]
<class 'list'>
Test set: Average loss: nan
Test set: Average acc:  0.1000
[tensor([[[[ 0.7255,  0.7098,  0.7255,  ...,  0.9529,  0.9529,  0.9922],
          [ 0.7412,  0.7255,  0.7490,  ...,  0.9686,  0.9686,  1.0000],
          [ 0.7725,  0.7569,  0.7804,  ...,  0.9922,  0.9922,  1.0000],
          ...,
          [-0.7804, -0.7882, -0.7961,  ..., -0.0275, -0.0510, -0.1294],
          [-0.7725, -0.7725, -0.7725,  ..., -0.0118, -0.0745, -0.1765],
          [-0.7333, -0.7333, -0.7412,  ..., -0.1059, -0.1059, -0.1451]],

         [[ 0.8667,  0.8353,  0.8431,  ...,  0.9922,  0.9843,  1.0000],
          [ 0.8745,  0.8431,  0.8431,  ...,  0.9765,  0.9686,  1.0000],
          [ 0.9059,  0.8745,  0.8745,  ...,  0.9922,  0.9922,  1.0000],
          ...,
          [-0.8039, -0.7961, -0.7961,  ..., -0.2549, -0.2706, -0.3176],
          [-0.7882, -0.7804, -0.7725,  ..., -0.2235, -0.2863, -0.3725],
          [-0.7569, -0.7490, -0.7569,  ..., -0.2863, -0.2863, -0.3255]],

         [[ 0.9922,  0.9608,  0.9608,  ...,  1.0000,  1.0000,  1.0000],
          [ 0.9922,  0.9529,  0.9451,  ...,  0.9922,  0.9922,  1.0000],
          [ 0.9843,  0.9686,  0.9765,  ...,  0.9922,  0.9922,  1.0000],
          ...,
          [-0.7882, -0.7961, -0.7961,  ..., -0.5529, -0.5373, -0.5216],
          [-0.7804, -0.7725, -0.7725,  ..., -0.4980, -0.5294, -0.5529],
          [-0.7569, -0.7490, -0.7569,  ..., -0.5373, -0.5137, -0.5294]]],


        [[[ 0.7176,  0.7333,  0.7647,  ...,  0.7569,  0.7412,  0.6863],
          [ 0.7333,  0.8824,  0.9294,  ...,  0.9529,  0.9216,  0.7333],
          [ 0.7569,  0.9216,  0.7569,  ...,  1.0000,  0.9686,  0.7647],
          ...,
          [ 0.7725,  0.9608,  1.0000,  ...,  0.8275,  0.9373,  0.7333],
          [ 0.7333,  0.8510,  0.8902,  ...,  0.8667,  0.8353,  0.7020],
          [ 0.6941,  0.6863,  0.7020,  ...,  0.7098,  0.7020,  0.6784]],

         [[ 0.8588,  0.8510,  0.8510,  ...,  0.8510,  0.8510,  0.8196],
          [ 0.8510,  0.9529,  0.9608,  ...,  0.9765,  0.9686,  0.8275],
          [ 0.8510,  0.9608,  0.7490,  ...,  0.9922,  0.9843,  0.8353],
          ...,
          [ 0.8431,  0.9686,  0.9922,  ...,  0.8353,  0.9922,  0.8431],
          [ 0.8275,  0.9137,  0.9216,  ...,  0.9373,  0.9294,  0.8353],
          [ 0.8510,  0.8275,  0.8275,  ...,  0.8196,  0.8196,  0.8196]],

         [[ 0.9216,  0.9137,  0.9216,  ...,  0.9059,  0.9137,  0.9059],
          [ 0.9137,  0.9686,  0.9529,  ...,  0.9843,  0.9843,  0.8980],
          [ 0.9216,  0.9529,  0.6784,  ...,  0.9922,  1.0000,  0.9059],
          ...,
          [ 0.9137,  0.9922,  1.0000,  ...,  0.8275,  0.9843,  0.9059],
          [ 0.8980,  0.9451,  0.9373,  ...,  0.9373,  0.9451,  0.8824],
          [ 0.9059,  0.8745,  0.8588,  ...,  0.8588,  0.8667,  0.8824]]],


        [[[ 1.0000,  0.9765,  0.9843,  ...,  0.9843,  0.9843,  0.9843],
          [ 1.0000,  0.9922,  1.0000,  ...,  1.0000,  1.0000,  1.0000],
          [ 1.0000,  1.0000,  1.0000,  ...,  1.0000,  1.0000,  1.0000],
          ...,
          [ 0.3098,  0.2863,  0.1922,  ...,  0.1137,  0.1137,  0.1451],
          [ 0.2706,  0.2706,  0.2627,  ...,  0.2000,  0.1686,  0.2078],
          [ 0.3333,  0.3725,  0.3647,  ...,  0.2235,  0.2078,  0.2471]],

         [[ 1.0000,  0.9765,  0.9843,  ...,  0.9843,  0.9843,  0.9843],
          [ 1.0000,  0.9922,  1.0000,  ...,  1.0000,  1.0000,  1.0000],
          [ 1.0000,  1.0000,  1.0000,  ...,  1.0000,  1.0000,  1.0000],
          ...,
          [ 0.1765,  0.1608,  0.0588,  ..., -0.0196, -0.0118,  0.0196],
          [ 0.1451,  0.1451,  0.1373,  ...,  0.0588,  0.0353,  0.0824],
          [ 0.2157,  0.2549,  0.2392,  ...,  0.0667,  0.0588,  0.1137]],

         [[ 1.0000,  0.9765,  0.9843,  ...,  0.9843,  0.9843,  0.9843],
          [ 1.0000,  0.9922,  1.0000,  ...,  1.0000,  1.0000,  1.0000],
          [ 1.0000,  1.0000,  1.0000,  ...,  1.0000,  1.0000,  1.0000],
          ...,
          [ 0.1922,  0.1686,  0.0745,  ..., -0.0196, -0.0118,  0.0275],
          [ 0.1529,  0.1451,  0.1373,  ...,  0.0588,  0.0353,  0.0902],
          [ 0.2000,  0.2392,  0.2235,  ...,  0.0745,  0.0745,  0.1451]]],


        ...,


        [[[-0.2392, -0.2549, -0.2392,  ..., -0.2235, -0.2549,  0.0118],
          [-0.3255, -0.3333, -0.3176,  ..., -0.2941, -0.3020, -0.0902],
          [-0.3333, -0.3333, -0.3176,  ..., -0.3333, -0.3412, -0.1216],
          ...,
          [-0.2784, -0.3020, -0.2549,  ..., -0.2863, -0.3098, -0.1059],
          [-0.2863, -0.3020, -0.2549,  ..., -0.2784, -0.3020, -0.1059],
          [-0.0039, -0.0667, -0.0353,  ..., -0.0431, -0.0745,  0.0902]],

         [[ 0.1686,  0.1686,  0.1608,  ...,  0.1686,  0.1608,  0.2627],
          [ 0.1608,  0.1686,  0.1529,  ...,  0.1608,  0.1451,  0.1843],
          [ 0.1529,  0.1686,  0.1529,  ...,  0.1686,  0.1608,  0.1843],
          ...,
          [ 0.1608,  0.1765,  0.1843,  ...,  0.1686,  0.1608,  0.2000],
          [ 0.1529,  0.1686,  0.1686,  ...,  0.1765,  0.1686,  0.2000],
          [ 0.2471,  0.2078,  0.2078,  ...,  0.2157,  0.2078,  0.2784]],

         [[ 0.5137,  0.4980,  0.5294,  ...,  0.5529,  0.5294,  0.5059],
          [ 0.6078,  0.6000,  0.6471,  ...,  0.6863,  0.6627,  0.5137],
          [ 0.6314,  0.6392,  0.6863,  ...,  0.6392,  0.6392,  0.4980],
          ...,
          [ 0.6549,  0.6078,  0.6941,  ...,  0.6314,  0.6314,  0.4824],
          [ 0.6078,  0.5608,  0.6471,  ...,  0.5922,  0.6157,  0.4745],
          [ 0.5216,  0.4275,  0.4824,  ...,  0.4431,  0.4588,  0.4431]]],


        [[[-0.1529, -0.0431,  0.0275,  ...,  0.2157,  0.0980,  0.0353],
          [-0.1216, -0.0353,  0.0431,  ...,  0.2314,  0.1843,  0.1451],
          [-0.0745, -0.0039,  0.0667,  ...,  0.2157,  0.2078,  0.1922],
          ...,
          [ 0.1608,  0.1686,  0.1373,  ...,  0.1137,  0.1294,  0.1608],
          [ 0.0510,  0.0902,  0.0980,  ...,  0.0510,  0.0510,  0.0588],
          [ 0.2157,  0.3255,  0.3020,  ...,  0.2392,  0.2235,  0.2471]],

         [[ 0.0118,  0.1059,  0.2000,  ...,  0.3098,  0.2627,  0.2157],
          [ 0.0431,  0.1294,  0.2078,  ...,  0.3176,  0.2863,  0.2471],
          [ 0.0902,  0.1608,  0.2235,  ...,  0.3255,  0.3098,  0.2863],
          ...,
          [ 0.2549,  0.2706,  0.2627,  ...,  0.2235,  0.2392,  0.2784],
          [ 0.1922,  0.2314,  0.2471,  ...,  0.1765,  0.1765,  0.1843],
          [ 0.3176,  0.4196,  0.4039,  ...,  0.3098,  0.3098,  0.3333]],

         [[-0.1373, -0.0667,  0.0118,  ...,  0.3176,  0.2706,  0.2471],
          [-0.0980, -0.0431,  0.0275,  ...,  0.2941,  0.2549,  0.2314],
          [-0.0588, -0.0118,  0.0510,  ...,  0.2627,  0.2471,  0.2235],
          ...,
          [ 0.0353,  0.0431,  0.0667,  ...,  0.1059,  0.1137,  0.1216],
          [-0.0118,  0.0275,  0.0431,  ...,  0.0510,  0.0431,  0.0353],
          [ 0.2000,  0.3098,  0.2863,  ...,  0.2471,  0.2392,  0.2627]]],


        [[[ 0.4510,  0.4588,  0.4275,  ...,  0.8196,  0.8118,  0.8196],
          [ 0.4431,  0.4588,  0.4510,  ...,  0.8980,  0.8980,  0.8431],
          [ 0.4588,  0.4745,  0.4824,  ...,  0.8196,  0.8510,  0.8039],
          ...,
          [-0.5765, -0.6000, -0.6392,  ..., -0.6235, -0.5686, -0.5843],
          [-0.6000, -0.6471, -0.6549,  ..., -0.5137, -0.4431, -0.4824],
          [-0.5608, -0.5373, -0.5686,  ..., -0.5373, -0.4902, -0.4745]],

         [[ 0.5922,  0.5922,  0.5529,  ...,  0.8039,  0.7961,  0.7882],
          [ 0.5686,  0.5765,  0.5529,  ...,  0.8588,  0.8588,  0.7961],
          [ 0.5451,  0.5529,  0.5451,  ...,  0.7961,  0.8353,  0.7804],
          ...,
          [-0.1451, -0.1765, -0.1451,  ..., -0.1059, -0.0745, -0.0902],
          [-0.1608, -0.1922, -0.1608,  ..., -0.0824, -0.0510, -0.0510],
          [-0.1294, -0.0980, -0.0980,  ..., -0.1059, -0.1137, -0.0510]],

         [[ 0.8039,  0.8039,  0.7569,  ...,  0.8510,  0.8510,  0.8588],
          [ 0.7647,  0.7647,  0.7255,  ...,  0.8824,  0.8745,  0.8353],
          [ 0.7020,  0.7020,  0.6784,  ...,  0.8353,  0.8510,  0.8196],
          ...,
          [-0.0275, -0.0902, -0.0667,  ..., -0.0039,  0.0196,  0.0039],
          [-0.0745, -0.1294, -0.0745,  ...,  0.0431,  0.0745,  0.0824],
          [-0.0510, -0.0196, -0.0039,  ...,  0.0039,  0.0039,  0.0824]]]]), tensor([9, 4, 1, 7, 6, 9, 5, 3, 5, 1, 5, 5, 3, 5, 0, 0, 6, 3, 1, 2, 9, 1, 5, 7,
        1, 6, 2, 6, 4, 2, 7, 7, 8, 8, 1, 9, 5, 3, 4, 1, 3, 5, 9, 8, 2, 1, 5, 7,
        0, 1, 6, 4, 3, 2, 5, 8, 2, 9, 8, 7, 2, 2, 2, 8])]
<class 'list'>
Test set: Average loss: 0.03666147
Test set: Average acc:  0.1280
[tensor([[[[ 0.4745,  0.4118,  0.3882,  ...,  0.4431,  0.4431,  0.4196],
          [ 0.3412,  0.2863,  0.2784,  ...,  0.3333,  0.3020,  0.3020],
          [ 0.2471,  0.2157,  0.2078,  ...,  0.2549,  0.2392,  0.2706],
          ...,
          [ 0.0118, -0.0118, -0.0196,  ...,  0.0039,  0.0118, -0.0431],
          [ 0.0039, -0.0118, -0.0196,  ...,  0.0824,  0.0510, -0.0196],
          [ 0.0431,  0.0275,  0.0275,  ...,  0.1294,  0.0902,  0.0431]],

         [[ 0.5373,  0.4980,  0.4980,  ...,  0.5216,  0.5294,  0.5294],
          [ 0.4431,  0.4118,  0.4118,  ...,  0.4353,  0.4196,  0.4196],
          [ 0.3725,  0.3647,  0.3804,  ...,  0.4039,  0.3882,  0.3882],
          ...,
          [-0.0275, -0.0510, -0.0510,  ..., -0.0196, -0.0196, -0.0510],
          [-0.0275, -0.0431, -0.0510,  ...,  0.0510,  0.0196, -0.0275],
          [ 0.0275,  0.0118,  0.0118,  ...,  0.1059,  0.0745,  0.0431]],

         [[ 0.5765,  0.5294,  0.5216,  ...,  0.5686,  0.5843,  0.6078],
          [ 0.5137,  0.4667,  0.4745,  ...,  0.4902,  0.4824,  0.4980],
          [ 0.4667,  0.4510,  0.4588,  ...,  0.4510,  0.4431,  0.4745],
          ...,
          [-0.0353, -0.0745, -0.0824,  ...,  0.0118,  0.0039, -0.0353],
          [-0.0510, -0.0667, -0.0745,  ...,  0.0588,  0.0353, -0.0196],
          [ 0.0118, -0.0039, -0.0118,  ...,  0.1137,  0.0824,  0.0431]]],


        [[[-0.2471, -0.2314, -0.2314,  ..., -0.3725, -0.3647, -0.3882],
          [-0.2392, -0.2392, -0.2549,  ..., -0.3725, -0.3647, -0.3882],
          [-0.2471, -0.2549, -0.2706,  ..., -0.3412, -0.3490, -0.3725],
          ...,
          [-0.3412, -0.3098, -0.3020,  ...,  0.4275,  0.4510,  0.5216],
          [-0.3569, -0.3412, -0.3490,  ...,  0.2471,  0.3333,  0.4039],
          [-0.3804, -0.3725, -0.4039,  ...,  0.1686,  0.3255,  0.1529]],

         [[-0.3098, -0.2941, -0.2863,  ..., -0.6000, -0.5922, -0.6157],
          [-0.3255, -0.3255, -0.3412,  ..., -0.5765, -0.5765, -0.6000],
          [-0.3569, -0.3647, -0.3725,  ..., -0.5216, -0.5294, -0.5608],
          ...,
          [-0.5686, -0.5686, -0.5608,  ...,  0.4824,  0.4824,  0.5216],
          [-0.6157, -0.6078, -0.6078,  ...,  0.2941,  0.3882,  0.4431],
          [-0.6549, -0.6392, -0.6392,  ...,  0.2000,  0.3647,  0.1765]],

         [[-0.0431, -0.0353, -0.0510,  ..., -0.2706, -0.2627, -0.2863],
          [-0.0588, -0.0667, -0.0980,  ..., -0.2549, -0.2549, -0.2784],
          [-0.0824, -0.0980, -0.1294,  ..., -0.2157, -0.2235, -0.2471],
          ...,
          [-0.3333, -0.3412, -0.3490,  ...,  0.5843,  0.5843,  0.6235],
          [-0.4039, -0.4039, -0.3961,  ...,  0.4275,  0.5059,  0.5608],
          [-0.4902, -0.4588, -0.4353,  ...,  0.3176,  0.4588,  0.2784]]],


        [[[-0.5216, -0.7804, -0.3725,  ..., -0.7804, -0.7882, -0.7490],
          [-0.5765, -0.9922, -0.4745,  ..., -0.7804, -0.7882, -0.7490],
          [-0.5216, -0.9294, -0.4353,  ..., -0.7882, -0.7804, -0.7490],
          ...,
          [-0.2549, -0.2941, -0.3255,  ..., -0.3333, -0.3176, -0.2627],
          [-0.2314, -0.2863, -0.2706,  ..., -0.2627, -0.3255, -0.2706],
          [-0.1922, -0.2549, -0.2549,  ..., -0.1373, -0.2314, -0.2549]],

         [[-0.5686, -0.8118, -0.4039,  ..., -0.9765, -1.0000, -0.9922],
          [-0.6000, -1.0000, -0.5216,  ..., -0.9843, -1.0000, -0.9922],
          [-0.5608, -1.0000, -0.5294,  ..., -0.9922, -1.0000, -0.9922],
          ...,
          [-0.2549, -0.2941, -0.3255,  ..., -0.3098, -0.3098, -0.2706],
          [-0.2314, -0.2863, -0.2706,  ..., -0.2392, -0.3176, -0.2784],
          [-0.1922, -0.2549, -0.2549,  ..., -0.1059, -0.2235, -0.2627]],

         [[-0.5529, -0.8275, -0.4353,  ..., -0.9843, -1.0000, -0.9843],
          [-0.5765, -1.0000, -0.5373,  ..., -0.9922, -1.0000, -0.9843],
          [-0.5529, -0.9922, -0.5373,  ..., -0.9922, -1.0000, -0.9843],
          ...,
          [-0.2392, -0.2784, -0.3098,  ..., -0.2863, -0.3020, -0.2784],
          [-0.2157, -0.2706, -0.2549,  ..., -0.2157, -0.3098, -0.2863],
          [-0.1765, -0.2392, -0.2392,  ..., -0.0902, -0.2157, -0.2706]]],


        ...,


        [[[-0.3569, -0.3569, -0.3569,  ..., -0.4353, -0.4431, -0.4275],
          [-0.3725, -0.3804, -0.3882,  ..., -0.4510, -0.4667, -0.4196],
          [-0.3647, -0.3804, -0.3961,  ..., -0.4431, -0.4431, -0.4118],
          ...,
          [-0.3020, -0.3098, -0.2863,  ...,  0.1451, -0.4196, -0.4039],
          [-0.3020, -0.3098, -0.2941,  ..., -0.2706, -0.4431, -0.4118],
          [-0.2784, -0.3020, -0.3176,  ..., -0.2627, -0.4196, -0.4275]],

         [[ 0.1137,  0.1059,  0.1137,  ...,  0.0588,  0.0667,  0.0667],
          [ 0.0980,  0.0824,  0.0667,  ...,  0.0588,  0.0588,  0.0510],
          [ 0.0980,  0.0824,  0.0667,  ...,  0.0510,  0.0431,  0.0431],
          ...,
          [-0.4353, -0.4667, -0.4510,  ..., -0.0510, -0.6078, -0.5922],
          [-0.4353, -0.4745, -0.4588,  ..., -0.4275, -0.6157, -0.6000],
          [-0.4275, -0.4510, -0.4745,  ..., -0.3961, -0.5686, -0.5843]],

         [[ 0.6627,  0.6471,  0.6471,  ...,  0.6235,  0.6235,  0.6314],
          [ 0.6314,  0.6078,  0.6000,  ...,  0.6157,  0.6000,  0.6157],
          [ 0.6392,  0.6157,  0.6000,  ...,  0.6471,  0.5922,  0.6157],
          ...,
          [-0.2863, -0.2863, -0.3569,  ..., -0.0902, -0.5686, -0.4902],
          [-0.2941, -0.2941, -0.3647,  ..., -0.3569, -0.5294, -0.4980],
          [-0.2941, -0.3176, -0.3490,  ..., -0.2784, -0.4667, -0.4980]]],


        [[[ 0.4510,  0.4588,  0.4275,  ...,  0.8196,  0.8118,  0.8196],
          [ 0.4431,  0.4588,  0.4510,  ...,  0.8980,  0.8980,  0.8431],
          [ 0.4588,  0.4745,  0.4824,  ...,  0.8196,  0.8510,  0.8039],
          ...,
          [-0.5765, -0.6000, -0.6392,  ..., -0.6235, -0.5686, -0.5843],
          [-0.6000, -0.6471, -0.6549,  ..., -0.5137, -0.4431, -0.4824],
          [-0.5608, -0.5373, -0.5686,  ..., -0.5373, -0.4902, -0.4745]],

         [[ 0.5922,  0.5922,  0.5529,  ...,  0.8039,  0.7961,  0.7882],
          [ 0.5686,  0.5765,  0.5529,  ...,  0.8588,  0.8588,  0.7961],
          [ 0.5451,  0.5529,  0.5451,  ...,  0.7961,  0.8353,  0.7804],
          ...,
          [-0.1451, -0.1765, -0.1451,  ..., -0.1059, -0.0745, -0.0902],
          [-0.1608, -0.1922, -0.1608,  ..., -0.0824, -0.0510, -0.0510],
          [-0.1294, -0.0980, -0.0980,  ..., -0.1059, -0.1137, -0.0510]],

         [[ 0.8039,  0.8039,  0.7569,  ...,  0.8510,  0.8510,  0.8588],
          [ 0.7647,  0.7647,  0.7255,  ...,  0.8824,  0.8745,  0.8353],
          [ 0.7020,  0.7020,  0.6784,  ...,  0.8353,  0.8510,  0.8196],
          ...,
          [-0.0275, -0.0902, -0.0667,  ..., -0.0039,  0.0196,  0.0039],
          [-0.0745, -0.1294, -0.0745,  ...,  0.0431,  0.0745,  0.0824],
          [-0.0510, -0.0196, -0.0039,  ...,  0.0039,  0.0039,  0.0824]]],


        [[[ 0.9922,  1.0000,  1.0000,  ...,  0.8039,  0.7882,  0.5608],
          [ 0.9765,  1.0000,  0.9922,  ...,  0.7961,  0.8196,  0.6627],
          [ 0.9843,  1.0000,  0.9922,  ...,  0.7020,  0.6863,  0.5765],
          ...,
          [-0.3961, -0.4980, -0.7647,  ...,  0.6392,  0.7882,  0.9216],
          [-0.4353, -0.6235, -0.8196,  ..., -0.0039,  0.3804,  0.6706],
          [-0.3098, -0.5451, -0.8118,  ..., -0.4588, -0.2549, -0.0039]],

         [[ 0.9922,  1.0000,  1.0000,  ...,  0.7490,  0.7255,  0.4745],
          [ 0.9765,  1.0000,  0.9922,  ...,  0.7333,  0.7490,  0.5686],
          [ 0.9843,  1.0000,  0.9922,  ...,  0.6078,  0.6000,  0.4824],
          ...,
          [-0.4824, -0.5843, -0.8118,  ...,  0.5451,  0.7176,  0.8824],
          [-0.5294, -0.6941, -0.8510,  ..., -0.0980,  0.2863,  0.5765],
          [-0.3961, -0.6078, -0.8431,  ..., -0.5451, -0.3569, -0.0980]],

         [[ 0.9922,  1.0000,  1.0000,  ...,  0.8039,  0.7882,  0.5529],
          [ 0.9765,  1.0000,  0.9922,  ...,  0.7961,  0.8118,  0.6549],
          [ 0.9843,  1.0000,  0.9922,  ...,  0.6941,  0.6784,  0.5765],
          ...,
          [-0.3961, -0.5059, -0.7647,  ...,  0.6235,  0.7804,  0.9216],
          [-0.4353, -0.6157, -0.8118,  ..., -0.0118,  0.3725,  0.6627],
          [-0.3098, -0.5373, -0.8039,  ..., -0.4588, -0.2627, -0.0118]]]]), tensor([0, 2, 5, 4, 2, 0, 2, 9, 6, 5, 3, 5, 1, 4, 9, 5, 3, 7, 2, 0, 4, 9, 5, 1,
        3, 7, 1, 0, 8, 4, 7, 5, 9, 3, 4, 2, 7, 3, 5, 8, 1, 9, 8, 8, 2, 4, 2, 9,
        0, 6, 9, 4, 9, 2, 6, 0, 4, 9, 6, 8, 7, 0, 8, 3])]
<class 'list'>
Test set: Average loss: nan
Test set: Average acc:  0.1000
[tensor([[[[-0.8980, -0.9059, -0.9059,  ..., -0.9137, -0.9137, -0.9137],
          [-0.8980, -0.9059, -0.9059,  ..., -0.9137, -0.9137, -0.9137],
          [-0.9137, -0.9137, -0.9137,  ..., -0.9137, -0.9137, -0.9137],
          ...,
          [-0.8667, -0.8745, -0.7176,  ..., -0.9137, -0.9216, -0.9137],
          [-0.8667, -0.8980, -0.4745,  ..., -0.9137, -0.9216, -0.9137],
          [-0.8667, -0.8902, -0.1216,  ..., -0.9059, -0.9137, -0.9137]],

         [[-0.9059, -0.9137, -0.9137,  ..., -0.9216, -0.9216, -0.9216],
          [-0.9059, -0.9137, -0.9137,  ..., -0.9216, -0.9216, -0.9216],
          [-0.9216, -0.9216, -0.9216,  ..., -0.9216, -0.9216, -0.9216],
          ...,
          [-0.8667, -0.8667, -0.7098,  ..., -0.9216, -0.9294, -0.9216],
          [-0.8667, -0.8980, -0.4667,  ..., -0.9216, -0.9294, -0.9216],
          [-0.8667, -0.8902, -0.1137,  ..., -0.9216, -0.9216, -0.9216]],

         [[-0.8431, -0.8510, -0.8510,  ..., -0.8745, -0.8745, -0.8745],
          [-0.8431, -0.8510, -0.8510,  ..., -0.8745, -0.8745, -0.8745],
          [-0.8510, -0.8588, -0.8588,  ..., -0.8745, -0.8745, -0.8745],
          ...,
          [-0.7961, -0.8196, -0.6706,  ..., -0.8745, -0.8824, -0.8745],
          [-0.7882, -0.8510, -0.4353,  ..., -0.8745, -0.8824, -0.8745],
          [-0.7882, -0.8431, -0.0824,  ..., -0.8745, -0.8745, -0.8745]]],


        [[[-0.3176, -0.3255, -0.3020,  ..., -0.3255, -0.3098, -0.3255],
          [-0.2941, -0.2941, -0.2627,  ..., -0.3020, -0.2941, -0.3333],
          [-0.4196, -0.3412, -0.2235,  ..., -0.2706, -0.2941, -0.3490],
          ...,
          [-0.8196, -0.6941, -0.4902,  ...,  0.1294,  0.0902,  0.0588],
          [-0.8118, -0.5843, -0.3647,  ...,  0.1059,  0.0902,  0.0745],
          [-0.7647, -0.5686, -0.4902,  ...,  0.1373,  0.0902,  0.0824]],

         [[-0.2863, -0.2941, -0.2706,  ..., -0.2706, -0.2549, -0.2706],
          [-0.2784, -0.2784, -0.2549,  ..., -0.2471, -0.2392, -0.2784],
          [-0.4118, -0.3333, -0.2157,  ..., -0.2157, -0.2392, -0.2941],
          ...,
          [-0.8510, -0.7098, -0.4824,  ...,  0.1686,  0.1294,  0.0980],
          [-0.8431, -0.6000, -0.3569,  ...,  0.1294,  0.1137,  0.1059],
          [-0.8039, -0.5843, -0.4824,  ...,  0.1216,  0.0824,  0.0980]],

         [[-0.2941, -0.3020, -0.2784,  ..., -0.3176, -0.3098, -0.3255],
          [-0.2941, -0.2941, -0.2627,  ..., -0.3020, -0.2941, -0.3333],
          [-0.4431, -0.3647, -0.2471,  ..., -0.2627, -0.2941, -0.3490],
          ...,
          [-0.9059, -0.7490, -0.5059,  ...,  0.1137,  0.0745,  0.0431],
          [-0.8824, -0.6235, -0.3725,  ...,  0.0902,  0.0745,  0.0667],
          [-0.8353, -0.6000, -0.4824,  ...,  0.1216,  0.0824,  0.0902]]],


        [[[-0.5451, -0.5529, -0.5059,  ..., -0.0039,  0.1059,  0.2000],
          [-0.6078, -0.6157, -0.6392,  ..., -0.5137, -0.4196, -0.1451],
          [-0.3725, -0.4118, -0.5451,  ..., -0.6157, -0.6235, -0.5608],
          ...,
          [ 0.2706, -0.0667,  0.3412,  ...,  0.7569,  0.7333,  0.5843],
          [ 0.5216,  0.1765,  0.2235,  ...,  0.6000,  0.5451,  0.5216],
          [ 0.6314,  0.2941, -0.0667,  ...,  0.5216,  0.4353,  0.4902]],

         [[-0.4667, -0.4824, -0.4275,  ..., -0.0196,  0.0902,  0.1922],
          [-0.5294, -0.5451, -0.5529,  ..., -0.4745, -0.3882, -0.1216],
          [-0.3176, -0.3569, -0.4902,  ..., -0.5294, -0.5608, -0.5216],
          ...,
          [ 0.2235, -0.1059,  0.3882,  ...,  0.6549,  0.5843,  0.4353],
          [ 0.4039,  0.0667,  0.2549,  ...,  0.4980,  0.3961,  0.3725],
          [ 0.4431,  0.1294, -0.0588,  ...,  0.4196,  0.2941,  0.3412]],

         [[-0.4510, -0.4353, -0.4431,  ..., -0.0510,  0.0588,  0.1608],
          [-0.5373, -0.5294, -0.5843,  ..., -0.5216, -0.4275, -0.1686],
          [-0.3725, -0.4039, -0.5451,  ..., -0.5922, -0.6157, -0.5686],
          ...,
          [-0.1216, -0.2784,  0.4275,  ...,  0.5765,  0.4667,  0.3176],
          [-0.0196, -0.2078,  0.1843,  ...,  0.4196,  0.2784,  0.2549],
          [-0.0039, -0.2157, -0.2235,  ...,  0.3490,  0.1843,  0.2314]]],


        ...,


        [[[-0.0745, -0.0588, -0.0353,  ..., -0.0431, -0.0902, -0.1451],
          [-0.0510, -0.0275, -0.0039,  ..., -0.0118, -0.0588, -0.1137],
          [-0.0431, -0.0275, -0.0039,  ..., -0.0039, -0.0510, -0.1059],
          ...,
          [-0.0745, -0.0510, -0.0118,  ..., -0.0667, -0.1216, -0.1686],
          [-0.0980, -0.0588, -0.0275,  ..., -0.0745, -0.1294, -0.1843],
          [-0.2235, -0.1451, -0.0745,  ..., -0.1059, -0.1529, -0.2078]],

         [[ 0.0118,  0.0588,  0.0980,  ...,  0.0275, -0.0196, -0.0667],
          [ 0.0431,  0.0902,  0.1294,  ...,  0.0588,  0.0118, -0.0353],
          [ 0.0510,  0.0980,  0.1373,  ...,  0.0667,  0.0196, -0.0275],
          ...,
          [-0.0196,  0.0118,  0.0588,  ..., -0.0039, -0.0510, -0.0980],
          [-0.0667, -0.0039,  0.0510,  ..., -0.0118, -0.0588, -0.1137],
          [-0.2000, -0.0824,  0.0196,  ..., -0.0431, -0.0824, -0.1373]],

         [[ 0.5137,  0.5686,  0.6235,  ...,  0.5373,  0.4745,  0.3961],
          [ 0.5529,  0.6078,  0.6627,  ...,  0.5686,  0.5137,  0.4353],
          [ 0.5529,  0.6078,  0.6627,  ...,  0.5765,  0.5137,  0.4431],
          ...,
          [ 0.4431,  0.5059,  0.5843,  ...,  0.4824,  0.4039,  0.3412],
          [ 0.3725,  0.4745,  0.5608,  ...,  0.4745,  0.4039,  0.3255],
          [ 0.1765,  0.3333,  0.4824,  ...,  0.4353,  0.3647,  0.2941]]],


        [[[-0.3804, -0.3725, -0.3647,  ..., -0.2941, -0.2863, -0.2706],
          [-0.3882, -0.3961, -0.3804,  ..., -0.3176, -0.3176, -0.3176],
          [-0.3804, -0.3804, -0.3882,  ..., -0.3255, -0.3098, -0.3098],
          ...,
          [-0.1451, -0.1608, -0.1137,  ..., -0.1451, -0.1451, -0.1294],
          [-0.1451, -0.1451, -0.1373,  ..., -0.1294, -0.1373, -0.1137],
          [-0.1137, -0.1216, -0.1059,  ..., -0.0902, -0.0980, -0.0745]],

         [[-0.3020, -0.2863, -0.2863,  ..., -0.2471, -0.2392, -0.2392],
          [-0.3176, -0.3176, -0.3020,  ..., -0.2706, -0.2706, -0.2706],
          [-0.3098, -0.3098, -0.3098,  ..., -0.2784, -0.2627, -0.2627],
          ...,
          [-0.1216, -0.1373, -0.0902,  ..., -0.1529, -0.1529, -0.1373],
          [-0.1216, -0.1216, -0.1137,  ..., -0.1373, -0.1451, -0.1216],
          [-0.0902, -0.0980, -0.0824,  ..., -0.0980, -0.1059, -0.0824]],

         [[-0.2941, -0.2784, -0.2784,  ..., -0.2627, -0.2549, -0.2471],
          [-0.2863, -0.3020, -0.2941,  ..., -0.2863, -0.2863, -0.2863],
          [-0.2706, -0.2863, -0.3020,  ..., -0.2941, -0.2784, -0.2863],
          ...,
          [-0.0667, -0.0824, -0.0353,  ..., -0.1137, -0.1137, -0.0980],
          [-0.0510, -0.0588, -0.0510,  ..., -0.0980, -0.1059, -0.0824],
          [-0.0196, -0.0196, -0.0118,  ..., -0.0588, -0.0667, -0.0431]]],


        [[[-1.0000, -1.0000, -1.0000,  ..., -0.8667, -0.7961, -0.7333],
          [-1.0000, -1.0000, -1.0000,  ..., -0.7647, -0.7804, -0.8745],
          [-1.0000, -1.0000, -1.0000,  ..., -0.8196, -0.7882, -0.8431],
          ...,
          [-0.6078, -0.5765, -0.3569,  ..., -0.5922, -0.6314, -0.6627],
          [-0.6078, -0.5922, -0.4353,  ..., -0.6000, -0.6392, -0.6863],
          [-0.6471, -0.6314, -0.5294,  ..., -0.6549, -0.6706, -0.7176]],

         [[-1.0000, -1.0000, -1.0000,  ..., -0.9137, -0.8980, -0.8745],
          [-1.0000, -1.0000, -1.0000,  ..., -0.8588, -0.8667, -0.9216],
          [-1.0000, -1.0000, -1.0000,  ..., -0.8745, -0.8588, -0.8980],
          ...,
          [-0.6863, -0.6784, -0.4980,  ..., -0.6941, -0.7255, -0.7412],
          [-0.6941, -0.6863, -0.5529,  ..., -0.7020, -0.7176, -0.7569],
          [-0.7176, -0.7020, -0.6235,  ..., -0.7412, -0.7412, -0.7647]],

         [[-1.0000, -1.0000, -1.0000,  ..., -0.9294, -0.9137, -0.8980],
          [-1.0000, -1.0000, -1.0000,  ..., -0.8588, -0.8824, -0.9373],
          [-1.0000, -1.0000, -1.0000,  ..., -0.8824, -0.8745, -0.8980],
          ...,
          [-0.7882, -0.7882, -0.6549,  ..., -0.7725, -0.8039, -0.8118],
          [-0.7961, -0.7961, -0.7020,  ..., -0.7725, -0.7882, -0.8196],
          [-0.8196, -0.8118, -0.7569,  ..., -0.8118, -0.8039, -0.8275]]]]), tensor([7, 3, 6, 5, 0, 8, 2, 7, 1, 7, 8, 4, 0, 2, 8, 0, 0, 2, 5, 9, 7, 7, 2, 2,
        3, 1, 7, 7, 2, 9, 5, 0, 5, 0, 3, 6, 8, 1, 4, 7, 8, 0, 8, 3, 8, 6, 5, 2,
        2, 1, 4, 5, 3, 4, 4, 8, 5, 4, 1, 3, 4, 2, 2, 5])]/Users/wangjiayi/anaconda3/envs/fedErase/lib/python3.9/site-packages/sklearn/metrics/_classification.py:1509: UndefinedMetricWarning: Precision is ill-defined and being set to 0.0 due to no predicted samples. Use `zero_division` parameter to control this behavior.
  _warn_prf(average, modifier, f"{metric.capitalize()} is", len(result))
/Users/wangjiayi/anaconda3/envs/fedErase/lib/python3.9/site-packages/sklearn/metrics/_classification.py:1509: UndefinedMetricWarning: Precision is ill-defined and being set to 0.0 due to no predicted samples. Use `zero_division` parameter to control this behavior.
  _warn_prf(average, modifier, f"{metric.capitalize()} is", len(result))

<class 'list'>
Test set: Average loss: 0.03653994
Test set: Average acc:  0.1200
*****  Result Summary  *****
[FedEraser] Test set: Average loss = nan, Average acc = 0.1000
[FedAccum] Test set: Average loss = nan, Average acc = 0.1000
[FedRetrain] Test set: Average loss = 0.03578617, Average acc = 0.1545
[FedAvg] Test set: Average loss = 0.03592415, Average acc = 0.1596


[FedEraser] Target set: Average loss = nan, Average acc = 0.1000
[FedAccum] Target set: Average loss = nan, Average acc = 0.1000
[FedRetrain] Target set: Average loss = 0.03653994, Average acc = 0.1200
[FedAvg] Target set: Average loss = 0.03666147, Average acc = 0.1280
============================================================
Step4. Membership Inference Attack aganist GM...

Epoch  = -1
Attacking against FL Standard  
MIA Attacker precision = 0.9763
MIA Attacker recall = 0.9060
Attacking against FL Retrain  
MIA Attacker precision = 0.5417
MIA Attacker recall = 0.2860
Attacking against FL Unlearn  
MIA Attacker precision = 0.0000
MIA Attacker recall = 0.0000
Attacking against FL Unlearn without calibration  
MIA Attacker precision = 0.0000
MIA Attacker recall = 0.0000
