Files already downloaded and verified
============================================================
Step1. Federated Learning Settings 
 We use dataset: cifar10 for our Federated Unlearning experiment.

============================================================
Step2. Client data loaded, testing data loaded!!!
       Initial Model loaded!!!
Files already downloaded and verified
Files already downloaded and verified
============================================================
Step3. Fedearated Learning and Unlearning Training...
#####  Federated Learning Start#####
Global Federated Learning epoch = 0
Global Federated Learning epoch = 1
Global Federated Learning epoch = 2
Global Federated Learning epoch = 3
Global Federated Learning epoch = 4
Global Federated Learning epoch = 5
Global Federated Learning epoch = 6
Global Federated Learning epoch = 7
Global Federated Learning epoch = 8
Global Federated Learning epoch = 9
Global Federated Learning epoch = 10
Global Federated Learning epoch = 11
Global Federated Learning epoch = 12
Global Federated Learning epoch = 13
Global Federated Learning epoch = 14
Global Federated Learning epoch = 15
Global Federated Learning epoch = 16
Global Federated Learning epoch = 17
Global Federated Learning epoch = 18
Global Federated Learning epoch = 19
#####  Federated Learning End#####


#####  Federated Unlearning Start  #####
#### Sample-level Unlearning ####
selected_clients2 [4, 8, 2, 0]
P:  [4, 8, 2, 0]
X_u <torch.utils.data.dataloader.DataLoader object at 0x16e036f10>
data_loader_ku <torch.utils.data.dataloader.DataLoader object at 0x16e036f10>
here
client_data_loaders:  <torch.utils.data.dataloader.DataLoader object at 0x17dcdcd60>
Federated Unlearning Global Epoch  = 1
Federated Unlearning Global Epoch  = 2
Federated Unlearning Global Epoch  = 3
Federated Unlearning Global Epoch  = 4
Federated Unlearning Global Epoch  = 5
Federated Unlearning Global Epoch  = 6
Federated Unlearning Global Epoch  = 7
Federated Unlearning Global Epoch  = 8
Federated Unlearning Global Epoch  = 9
Federated Unlearning Global Epoch  = 10
Federated Unlearning Global Epoch  = 11
Federated Unlearning Global Epoch  = 12
Federated Unlearning Global Epoch  = 13
Federated Unlearning Global Epoch  = 14
Federated Unlearning Global Epoch  = 15
Federated Unlearning Global Epoch  = 16
Federated Unlearning Global Epoch  = 17
Federated Unlearning Global Epoch  = 18
Federated Unlearning Global Epoch  = 19
N [4, 8, 2, 0]
cc 0.4
ss 0.8
rouc:  0.4  rous:  0.32
IE:  {1, 3, 5, 7, 9, 11, 13, 15, 17}
tr:  5
selected_clients:      [7 1 5 1]
client_models 10
selected_clients:      [7 2 0 1]
client_models 10
selected_clients:      [7 0 9 4]
client_models 10
selected_clients:      [0 1 8 0]
client_models 10
selected_clients:      [0 4 4 9]
client_models 10
selected_clients:      [9 2 1 3]
client_models 10
selected_clients:      [3 0 9 6]
client_models 10
#####  Federated Unlearning End  #####


#####  Federated Unlearning without Calibration Start  #####
FL_params.forget_client_idx:  [4, 8, 2, 0]
Federated Unlearning without Clibration Global Epoch  = 0
Federated Unlearning Global Epoch  = 1
#####  Federated Unlearning without Calibration End  #####
 Learning time consuming = 65.99123215675354 secods
 Unlearning time consuming = 14.658529043197632 secods
 Unlearning no Cali time consuming = 0.005281925201416016 secods
FL_params.forget_client_idx [4, 8, 2, 0]


#####  Federated Retraining Start  #####
Federated Retrain with Forget Client NO.[4, 8, 2, 0]
Global Retraining epoch = 0
Global Retraining epoch = 1
Global Retraining epoch = 2
Global Retraining epoch = 3
Global Retraining epoch = 4
Global Retraining epoch = 5
Global Retraining epoch = 6
Global Retraining epoch = 7
Global Retraining epoch = 8
Global Retraining epoch = 9
Global Retraining epoch = 10
Global Retraining epoch = 11
Global Retraining epoch = 12
Global Retraining epoch = 13
Global Retraining epoch = 14
Global Retraining epoch = 15
Global Retraining epoch = 16
Global Retraining epoch = 17
Global Retraining epoch = 18
Global Retraining epoch = 19
#####  Federated Retraining End  #####
Retrain Time using = 59.53007793426514 seconds
unlearned GMs:  <class 'list'> 1
unlearned accum GMs:  <class 'list'> <class 'model_initiation.Net_cifar10'> 3
[4, 8, 2, 0]
Content of list1: [4, 8, 2, 0]
First element in list1: 4 <class 'int'>
target_loader_len 8
*****  Result Summary  *****
[FedEraser] Test set: Average loss = nan, Average acc = 0.1001
[FedAccum] Test set: Average loss = 0.03615725, Average acc = 0.1085
[FedRetrain] Test set: Average loss = 0.03580229, Average acc = 0.1654
[FedAvg] Test set: Average loss = 0.03579652, Average acc = 0.1669


[FedEraser] Target set: Average loss = nan, Average acc = 0.1103
[FedAccum] Target set: Average loss = 0.03681358, Average acc = 0.0965
[FedRetrain] Target set: Average loss = 0.03649393, Average acc = 0.1623
[FedAvg] Target set: Average loss = 0.03648530, Average acc = 0.1621
============================================================
Step4. Membership Inference Attack aganist GM...

Epoch  = -1
Attacking against FL Standard  
Traceback (most recent call last):
  File "/Users/wangjiayi/Desktop/FedEraser-Code/Fed_Unlearn_main.py", line 215, in <module>
    Federated_Unlearning()
  File "/Users/wangjiayi/Desktop/FedEraser-Code/Fed_Unlearn_main.py", line 193, in Federated_Unlearning
    (ACC_old, PRE_old) = attack(target_model, attack_model, client_loaders, test_loader, FL_params)
  File "/Users/wangjiayi/Desktop/FedEraser-Code/membership_inference.py", line 186, in attack
    for batch_idx, (data, target) in enumerate(client_loaders[FL_params.forget_client_idx]):
TypeError: list indices must be integers or slices, not list
