/Users/wangjiayi/anaconda3/envs/fedErase/lib/python3.9/site-packages/sklearn/metrics/_classification.py:1509: UndefinedMetricWarning: Precision is ill-defined and being set to 0.0 due to no predicted samples. Use `zero_division` parameter to control this behavior.
  _warn_prf(average, modifier, f"{metric.capitalize()} is", len(result))
/Users/wangjiayi/anaconda3/envs/fedErase/lib/python3.9/site-packages/sklearn/metrics/_classification.py:1509: UndefinedMetricWarning: Precision is ill-defined and being set to 0.0 due to no predicted samples. Use `zero_division` parameter to control this behavior.
  _warn_prf(average, modifier, f"{metric.capitalize()} is", len(result))
Files already downloaded and verified
============================================================
Step1. Federated Learning Settings 
 We use dataset: cifar10 for our Federated Unlearning experiment.

============================================================
Step2. Client data loaded, testing data loaded!!!
       Initial Model loaded!!!
Files already downloaded and verified
Files already downloaded and verified
============================================================
Step3. Fedearated Learning and Unlearning Training...
#####  Federated Learning Start#####
Global Federated Learning epoch = 0
Global Federated Learning epoch = 1
Global Federated Learning epoch = 2
Global Federated Learning epoch = 3
Global Federated Learning epoch = 4
Global Federated Learning epoch = 5
Global Federated Learning epoch = 6
Global Federated Learning epoch = 7
Global Federated Learning epoch = 8
Global Federated Learning epoch = 9
Global Federated Learning epoch = 10
Global Federated Learning epoch = 11
Global Federated Learning epoch = 12
Global Federated Learning epoch = 13
Global Federated Learning epoch = 14
Global Federated Learning epoch = 15
Global Federated Learning epoch = 16
Global Federated Learning epoch = 17
Global Federated Learning epoch = 18
Global Federated Learning epoch = 19
#####  Federated Learning End#####


#####  Federated Unlearning Start  #####
#### Client-level Unlearning ####
Federated Unlearning Global Epoch  = 1
Federated Unlearning Global Epoch  = 2
Federated Unlearning Global Epoch  = 3
Federated Unlearning Global Epoch  = 4
Federated Unlearning Global Epoch  = 5
Federated Unlearning Global Epoch  = 6
Federated Unlearning Global Epoch  = 7
Federated Unlearning Global Epoch  = 8
Federated Unlearning Global Epoch  = 9
Federated Unlearning Global Epoch  = 10
Federated Unlearning Global Epoch  = 11
Federated Unlearning Global Epoch  = 12
Federated Unlearning Global Epoch  = 13
Federated Unlearning Global Epoch  = 14
Federated Unlearning Global Epoch  = 15
Federated Unlearning Global Epoch  = 16
Federated Unlearning Global Epoch  = 17
Federated Unlearning Global Epoch  = 18
Federated Unlearning Global Epoch  = 19
N [7 1 5 3 6 3 0 2 0 3 1 6 8 1 6 0 5 2 8 5 1 5 4 8 1 8 3 1 7 7 6 7 8 7 6 1 9
 6 8 9 5 0 9 3 5 3 9 8 1 3 3 7 3 6 1 6 3 5 6 7 3 1 0 8 6 9 6 9 8 2 3 4 8 8
 2 5 1 5 0 3 7 4 9 5 3 1 0 2 8 6 0 6 6 2 5 8 2 7 2 3]
cc 0.4
ss 0.32
rouc:  0.4  rous:  0.32
IE:  {1, 3, 5, 7, 9, 11, 13, 15, 17}
tr:  1
selected_clients:      [1 5 7 9]
client_models 10
selected_clients:      [3 1 7 6]
client_models 10
selected_clients:      [5 5 3 5]
client_models 10
selected_clients:      [0 9 8 7]
client_models 10
selected_clients:      [0 1 2 3]
client_models 10
selected_clients:      [6 5 3 1]
client_models 10
selected_clients:      [6 5 7 6]
client_models 10
selected_clients:      [5 0 4 2]
client_models 10
selected_clients:      [6 8 7 5]
client_models 10
#####  Federated Unlearning End  #####


#####  Federated Unlearning without Calibration Start  #####
FL_params.forget_client_idx:  2
temp 10
2
temp 10
2
temp 10
2
temp 10
2
temp 10
2
temp 10
2
temp 10
2
temp 10
2
temp 10
2
temp 10
2
temp 10
2
temp 10
2
temp 10
2
temp 10
2
temp 10
2
temp 10
2
temp 10
2
temp 10
2
temp 10
2
temp 10
2
Federated Unlearning without Clibration Global Epoch  = 0
Federated Unlearning Global Epoch  = 1
Federated Unlearning Global Epoch  = 2
Federated Unlearning Global Epoch  = 3
Federated Unlearning Global Epoch  = 4
Federated Unlearning Global Epoch  = 5
Federated Unlearning Global Epoch  = 6
Federated Unlearning Global Epoch  = 7
Federated Unlearning Global Epoch  = 8
Federated Unlearning Global Epoch  = 9
Federated Unlearning Global Epoch  = 10
Federated Unlearning Global Epoch  = 11
Federated Unlearning Global Epoch  = 12
Federated Unlearning Global Epoch  = 13
Federated Unlearning Global Epoch  = 14
Federated Unlearning Global Epoch  = 15
Federated Unlearning Global Epoch  = 16
Federated Unlearning Global Epoch  = 17
Federated Unlearning Global Epoch  = 18
Federated Unlearning Global Epoch  = 19
#####  Federated Unlearning without Calibration End  #####
 Learning time consuming = 44.38224005699158 secods
 Unlearning time consuming = 10.91468071937561 secods
 Unlearning no Cali time consuming = 0.05540299415588379 secods
FL_params.forget_client_idx 2


#####  Federated Retraining Start  #####
Federated Retrain with Forget Client NO.2
Global Retraining epoch = 0
Global Retraining epoch = 1
Global Retraining epoch = 2
Global Retraining epoch = 3
Global Retraining epoch = 4
Global Retraining epoch = 5
Global Retraining epoch = 6
Global Retraining epoch = 7
Global Retraining epoch = 8
Global Retraining epoch = 9
Global Retraining epoch = 10
Global Retraining epoch = 11
Global Retraining epoch = 12
Global Retraining epoch = 13
Global Retraining epoch = 14
Global Retraining epoch = 15
Global Retraining epoch = 16
Global Retraining epoch = 17
Global Retraining epoch = 18
Global Retraining epoch = 19
#####  Federated Retraining End  #####
Retrain Time using = 40.53465437889099 seconds
unlearned GMs:  <class 'list'> 1
unlearned accum GMs:  <class 'list'> <class 'model_initiation.Net_cifar10'> 21
Test set: Average loss: 0.03590200
Test set: Average acc:  0.1600
Test set: Average loss: nan
Test set: Average acc:  0.1000
Test set: Average loss: 0.03574842
Test set: Average acc:  0.1595
Test set: Average loss: nan
Test set: Average acc:  0.1000
Test set: Average loss: nan
Test set: Average acc:  0.1040
Test set: Average loss: 0.03660394
Test set: Average acc:  0.1640
Test set: Average loss: nan
Test set: Average acc:  0.1040
Test set: Average loss: 0.03647424
Test set: Average acc:  0.1440
*****  Result Summary  *****
[FedEraser] Test set: Average loss = nan, Average acc = 0.1000
[FedAccum] Test set: Average loss = nan, Average acc = 0.1000
[FedRetrain] Test set: Average loss = 0.03574842, Average acc = 0.1595
[FedAvg] Test set: Average loss = 0.03590200, Average acc = 0.1600


[FedEraser] Target set: Average loss = nan, Average acc = 0.1040
[FedAccum] Target set: Average loss = nan, Average acc = 0.1040
[FedRetrain] Target set: Average loss = 0.03647424, Average acc = 0.1440
[FedAvg] Target set: Average loss = 0.03660394, Average acc = 0.1640
============================================================
Step4. Membership Inference Attack aganist GM...

Epoch  = -1
Attacking against FL Standard  
MIA Attacker precision = 0.9725
MIA Attacker recall = 0.9200
Attacking against FL Retrain  
MIA Attacker precision = 0.5037
MIA Attacker recall = 0.2740
Attacking against FL Unlearn  
MIA Attacker precision = 0.0000
MIA Attacker recall = 0.0000
Attacking against FL Unlearn without calibration  
MIA Attacker precision = 0.0000
MIA Attacker recall = 0.0000
