/Users/wangjiayi/anaconda3/envs/fedErase/lib/python3.9/site-packages/sklearn/metrics/_classification.py:1509: UndefinedMetricWarning: Precision is ill-defined and being set to 0.0 due to no predicted samples. Use `zero_division` parameter to control this behavior.
  _warn_prf(average, modifier, f"{metric.capitalize()} is", len(result))
Files already downloaded and verified
============================================================
Step1. Federated Learning Settings 
 We use dataset: cifar10 for our Federated Unlearning experiment.

============================================================
Step2. Client data loaded, testing data loaded!!!
       Initial Model loaded!!!
Files already downloaded and verified
Files already downloaded and verified
============================================================
Step3. Fedearated Learning and Unlearning Training...
#####  Federated Learning Start#####
Global Federated Learning epoch = 0
Global Federated Learning epoch = 1
Global Federated Learning epoch = 2
Global Federated Learning epoch = 3
Global Federated Learning epoch = 4
Global Federated Learning epoch = 5
Global Federated Learning epoch = 6
Global Federated Learning epoch = 7
Global Federated Learning epoch = 8
Global Federated Learning epoch = 9
Global Federated Learning epoch = 10
Global Federated Learning epoch = 11
Global Federated Learning epoch = 12
Global Federated Learning epoch = 13
Global Federated Learning epoch = 14
Global Federated Learning epoch = 15
Global Federated Learning epoch = 16
Global Federated Learning epoch = 17
Global Federated Learning epoch = 18
Global Federated Learning epoch = 19
#####  Federated Learning End#####


#####  Federated Unlearning Start  #####
#### Sample-level Unlearning ####
selected_clients2 [1, 0, 2, 9]
P:  [1, 0, 2, 9]
X_u <torch.utils.data.dataloader.DataLoader object at 0x16e05fe80>
data_loader_ku <torch.utils.data.dataloader.DataLoader object at 0x16e05fe80>
here
client_data_loaders:  [<torch.utils.data.dataloader.DataLoader object at 0x17f5642b0>, <torch.utils.data.dataloader.DataLoader object at 0x29f0c7b20>, <torch.utils.data.dataloader.DataLoader object at 0x17f565be0>, <torch.utils.data.dataloader.DataLoader object at 0x17f561e80>, <torch.utils.data.dataloader.DataLoader object at 0x17f564490>, <torch.utils.data.dataloader.DataLoader object at 0x17f565460>, <torch.utils.data.dataloader.DataLoader object at 0x17f565910>, <torch.utils.data.dataloader.DataLoader object at 0x17f569100>, <torch.utils.data.dataloader.DataLoader object at 0x17f569970>, <torch.utils.data.dataloader.DataLoader object at 0x17f565370>, <torch.utils.data.dataloader.DataLoader object at 0x17f5641c0>] 11
Federated Unlearning Global Epoch  = 1
Federated Unlearning Global Epoch  = 2
Federated Unlearning Global Epoch  = 3
Federated Unlearning Global Epoch  = 4
Federated Unlearning Global Epoch  = 5
Federated Unlearning Global Epoch  = 6
Federated Unlearning Global Epoch  = 7
Federated Unlearning Global Epoch  = 8
Federated Unlearning Global Epoch  = 9
Federated Unlearning Global Epoch  = 10
Federated Unlearning Global Epoch  = 11
Federated Unlearning Global Epoch  = 12
Federated Unlearning Global Epoch  = 13
Federated Unlearning Global Epoch  = 14
Federated Unlearning Global Epoch  = 15
Federated Unlearning Global Epoch  = 16
Federated Unlearning Global Epoch  = 17
Federated Unlearning Global Epoch  = 18
Federated Unlearning Global Epoch  = 19
N [1, 0, 2, 9]
cc 0.4
ss 0.8
rouc:  0.4  rous:  0.32
IE:  {1, 3, 5, 7, 9, 11, 13, 15, 17}
tr:  5
#####  Federated Unlearning End  #####


#####  Federated Unlearning without Calibration Start  #####
FL_params.forget_client_idx:  [1, 0, 2, 9]
Federated Unlearning without Clibration Global Epoch  = 0
Federated Unlearning Global Epoch  = 1
#####  Federated Unlearning without Calibration End  #####
 Learning time consuming = 51.24450397491455 secods
 Unlearning time consuming = 22.819886922836304 secods
 Unlearning no Cali time consuming = 0.004770040512084961 secods
FL_params.forget_client_idx [1, 0, 2, 9]


#####  Federated Retraining Start  #####
Federated Retrain with Forget Client NO.[1, 0, 2, 9]
Global Retraining epoch = 0
Global Retraining epoch = 1
Global Retraining epoch = 2
Global Retraining epoch = 3
Global Retraining epoch = 4
Global Retraining epoch = 5
Global Retraining epoch = 6
Global Retraining epoch = 7
Global Retraining epoch = 8
Global Retraining epoch = 9
Global Retraining epoch = 10
Global Retraining epoch = 11
Global Retraining epoch = 12
Global Retraining epoch = 13
Global Retraining epoch = 14
Global Retraining epoch = 15
Global Retraining epoch = 16
Global Retraining epoch = 17
Global Retraining epoch = 18
Global Retraining epoch = 19
#####  Federated Retraining End  #####
Retrain Time using = 50.12674427032471 seconds
unlearned GMs:  <class 'list'> 1
unlearned accum GMs:  <class 'list'> <class 'model_initiation.Net_cifar10'> 3
Test set: Average loss: 0.03599740
Test set: Average acc:  0.1271
Test set: Average loss: 0.03616066
Test set: Average acc:  0.0972
Test set: Average loss: 0.03592451
Test set: Average acc:  0.1793
[1, 0, 2, 9]
Test set: Average loss: nan
Test set: Average acc:  0.1000
target_loader_len 8
Test set: Average loss: nan
Test set: Average acc:  0.0940
Test set: Average loss: 0.03667361
Test set: Average acc:  0.1360
Test set: Average loss: 0.03685546
Test set: Average acc:  0.0960
Test set: Average loss: 0.03660378
Test set: Average acc:  0.1480
*****  Result Summary  *****
[FedEraser] Test set: Average loss = nan, Average acc = 0.1000
[FedAccum] Test set: Average loss = 0.03616066, Average acc = 0.0972
[FedRetrain] Test set: Average loss = 0.03592451, Average acc = 0.1793
[FedAvg] Test set: Average loss = 0.03599740, Average acc = 0.1271


[FedEraser] Target set: Average loss = nan, Average acc = 0.0940
[FedAccum] Target set: Average loss = 0.03685546, Average acc = 0.0960
[FedRetrain] Target set: Average loss = 0.03660378, Average acc = 0.1480
[FedAvg] Target set: Average loss = 0.03667361, Average acc = 0.1360
============================================================
Step4. Membership Inference Attack aganist GM...

Epoch  = -1
Attacking against FL Standard  
MIA Attacker precision = 0.9810
MIA Attacker recall = 0.9280
Attacking against FL Retrain  
MIA Attacker precision = 0.4640
MIA Attacker recall = 0.2320
Attacking against FL Unlearn  
MIA Attacker precision = 0.0000
MIA Attacker recall = 0.0000
Attacking against FL Unlearn without calibration  
MIA Attacker precision = 0.4935
MIA Attacker recall = 0.5280
