Files already downloaded and verified
============================================================
Step1. Federated Learning Settings 
 We use dataset: cifar10 for our Federated Unlearning experiment.

============================================================
Step2. Client data loaded, testing data loaded!!!
       Initial Model loaded!!!
Files already downloaded and verified
Files already downloaded and verified
============================================================
Step3. Fedearated Learning and Unlearning Training...
len of selected client loader, 12
#####  Federated Learning Start#####
Global Federated Learning epoch = 0
Global Federated Learning epoch = 1
Global Federated Learning epoch = 2
Global Federated Learning epoch = 3
Global Federated Learning epoch = 4
Global Federated Learning epoch = 5
Global Federated Learning epoch = 6
Global Federated Learning epoch = 7
Global Federated Learning epoch = 8
Global Federated Learning epoch = 9
Global Federated Learning epoch = 10
Global Federated Learning epoch = 11
Global Federated Learning epoch = 12
Global Federated Learning epoch = 13
Global Federated Learning epoch = 14
Global Federated Learning epoch = 15
Global Federated Learning epoch = 16
Global Federated Learning epoch = 17
Global Federated Learning epoch = 18
Global Federated Learning epoch = 19
#####  Federated Learning End#####


#####  Federated Unlearning Start  #####
#### Sample-level Unlearning ####
split_clients [array([0, 1]), array([2, 3]), array([4, 5]), array([6, 7]), array([8, 9])]
Files already downloaded and verified
Files already downloaded and verified
batch_idx 0
Classes indices:  [ 5  8  0 11 14 10  1  4  3  7]
tf_idf {'conv1': tensor([0.1320, 0.1322, 0.0761, 0.0600, 0.1120, 0.1367]), 'conv2': tensor([0.0291, 0.0450, 0.0015, 0.1163, 0.0732, 0.0253, 0.0002, 0.1167, 0.0273,
        0.0000, 0.0367, 0.0313, 0.0051, 0.0006, 0.0349, 0.0039])}
tf_idf_array.shape:  torch.Size([16])
threshold 0.0001637060340726748
all_classes ['airplane', 'automobile', 'bird', 'cat', 'deer', 'dog', 'frog', 'horse', 'ship', 'truck']
Class to be removed:  ['deer']
#Remain classes:  9
Pruned sample index here: 4
K client_models [Net_cifar10(
  (conv1): Conv2d(3, 6, kernel_size=(5, 5), stride=(1, 1))
  (pool): MaxPool2d(kernel_size=2, stride=2, padding=0, dilation=1, ceil_mode=False)
  (conv2): Conv2d(6, 16, kernel_size=(5, 5), stride=(1, 1))
  (fc1): Linear(in_features=400, out_features=120, bias=True)
  (fc2): Linear(in_features=120, out_features=84, bias=True)
  (fc3): Linear(in_features=84, out_features=10, bias=True)
)]
K client_models [Net_cifar10(
  (conv1): Conv2d(3, 6, kernel_size=(5, 5), stride=(1, 1))
  (pool): MaxPool2d(kernel_size=2, stride=2, padding=0, dilation=1, ceil_mode=False)
  (conv2): Conv2d(6, 16, kernel_size=(5, 5), stride=(1, 1))
  (fc1): Linear(in_features=400, out_features=120, bias=True)
  (fc2): Linear(in_features=120, out_features=84, bias=True)
  (fc3): Linear(in_features=84, out_features=10, bias=True)
), Net_cifar10(
  (conv1): Conv2d(3, 6, kernel_size=(5, 5), stride=(1, 1))
  (pool): MaxPool2d(kernel_size=2, stride=2, padding=0, dilation=1, ceil_mode=False)
  (conv2): Conv2d(6, 16, kernel_size=(5, 5), stride=(1, 1))
  (fc1): Linear(in_features=400, out_features=120, bias=True)
  (fc2): Linear(in_features=120, out_features=84, bias=True)
  (fc3): Linear(in_features=84, out_features=10, bias=True)
)]
here
here
Sample-level Unlearning Local Calibration Training epoch  = 1
Sample-level Unlearning Local Calibration Training epoch  = 2
Sample-level Unlearning Local Calibration Training epoch  = 3
Sample-level Unlearning Local Calibration Training epoch  = 4
Sample-level Unlearning Local Calibration Training epoch  = 5
Sample-level Unlearning Local Calibration Training epoch  = 6
Sample-level Unlearning Local Calibration Training epoch  = 7
Sample-level Unlearning Local Calibration Training epoch  = 8
Sample-level Unlearning Local Calibration Training epoch  = 9
Sample-level Unlearning Local Calibration Training epoch  = 10
#####  Federated Unlearning End  #####


#####  Federated Unlearning without Calibration Start  #####
FL_params.forget_client_idx:  4
Federated Unlearning without Clibration Global Epoch  = 0
Federated Unlearning without Clibration Global Epoch  = 1
Federated Unlearning without Clibration Global Epoch  = 2
Federated Unlearning without Clibration Global Epoch  = 3
Federated Unlearning without Clibration Global Epoch  = 4
Federated Unlearning without Clibration Global Epoch  = 5
Federated Unlearning without Clibration Global Epoch  = 6
Federated Unlearning without Clibration Global Epoch  = 7
Federated Unlearning without Clibration Global Epoch  = 8
Federated Unlearning without Clibration Global Epoch  = 9
Federated Unlearning without Clibration Global Epoch  = 10
Federated Unlearning without Clibration Global Epoch  = 11
Federated Unlearning without Clibration Global Epoch  = 12
Federated Unlearning without Clibration Global Epoch  = 13
Federated Unlearning without Clibration Global Epoch  = 14
Federated Unlearning without Clibration Global Epoch  = 15
Federated Unlearning without Clibration Global Epoch  = 16
Federated Unlearning without Clibration Global Epoch  = 17
Federated Unlearning without Clibration Global Epoch  = 18
Federated Unlearning without Clibration Global Epoch  = 19
Federated Unlearning Global Epoch  = 1
Federated Unlearning Global Epoch  = 2
Federated Unlearning Global Epoch  = 3
Federated Unlearning Global Epoch  = 4
Federated Unlearning Global Epoch  = 5
Federated Unlearning Global Epoch  = 6
Federated Unlearning Global Epoch  = 7
Federated Unlearning Global Epoch  = 8
Federated Unlearning Global Epoch  = 9
Federated Unlearning Global Epoch  = 10
Federated Unlearning Global Epoch  = 11
Federated Unlearning Global Epoch  = 12
Federated Unlearning Global Epoch  = 13
Federated Unlearning Global Epoch  = 14
Federated Unlearning Global Epoch  = 15
Federated Unlearning Global Epoch  = 16
Federated Unlearning Global Epoch  = 17
Federated Unlearning Global Epoch  = 18
Federated Unlearning Global Epoch  = 19
#####  Federated Unlearning without Calibration End  #####
 Learning time consuming = 56.07429814338684 secods
 Unlearning time consuming = 357.84442806243896 secods
 Unlearning no Cali time consuming = 0.07927489280700684 secods


#####  【Federated Retraining Start】  #####
Global Federated Learning epoch = 0
Test Loss=0.0147, Test accuracy=0.1006
Global Federated Learning epoch = 1
Test Loss=0.0147, Test accuracy=0.1009
Global Federated Learning epoch = 2
Test Loss=0.0147, Test accuracy=0.0987
Global Federated Learning epoch = 3
Test Loss=0.0147, Test accuracy=0.0954
Global Federated Learning epoch = 4
Test Loss=0.0147, Test accuracy=0.0935
Global Federated Learning epoch = 5
Test Loss=0.0147, Test accuracy=0.0899
Global Federated Learning epoch = 6
Test Loss=0.0147, Test accuracy=0.0856
Global Federated Learning epoch = 7
Test Loss=0.0147, Test accuracy=0.0840
Global Federated Learning epoch = 8
Test Loss=0.0147, Test accuracy=0.0859
Global Federated Learning epoch = 9
Test Loss=0.0147, Test accuracy=0.0881
Global Federated Learning epoch = 10
Test Loss=0.0147, Test accuracy=0.0949
Global Federated Learning epoch = 11
Test Loss=0.0147, Test accuracy=0.0980
Global Federated Learning epoch = 12
Test Loss=0.0147, Test accuracy=0.1063
Global Federated Learning epoch = 13
Test Loss=0.0147, Test accuracy=0.1119
Global Federated Learning epoch = 14
Test Loss=0.0147, Test accuracy=0.1200
Global Federated Learning epoch = 15
Test Loss=0.0147, Test accuracy=0.1311
Global Federated Learning epoch = 16
Test Loss=0.0146, Test accuracy=0.1358
Global Federated Learning epoch = 17
Test Loss=0.0146, Test accuracy=0.1430
Global Federated Learning epoch = 18
Test Loss=0.0146, Test accuracy=0.1492
Global Federated Learning epoch = 19
Test Loss=0.0146, Test accuracy=0.1531
#####  Federated Retraining End  #####
Retrain Time using = 84.4201979637146 seconds 3
Test Loss=0.0135, Test accuracy=0.2117
Test Loss=0.0135, Test accuracy=0.1864
Test Loss=0.0146, Test accuracy=0.1531
Traceback (most recent call last):
  File "/Users/wangjiayi/Desktop/FedEraser-Code/Fed_Unlearn_main.py", line 221, in <module>
    Federated_Unlearning()
  File "/Users/wangjiayi/Desktop/FedEraser-Code/Fed_Unlearn_main.py", line 148, in Federated_Unlearning
    federaser_test_acc, federaser_test_loss = test(unlearn_GMs[-1], test_loader)
IndexError: list index out of range
