Files already downloaded and verified
============================================================
Step1. Federated Learning Settings 
 We use dataset: cifar10 for our Federated Unlearning experiment.

============================================================
Step2. Client data loaded, testing data loaded!!!
       Initial Model loaded!!!
Files already downloaded and verified
Files already downloaded and verified
============================================================
Step3. Fedearated Learning and Unlearning Training...
len of selected client loader, 12
#####  Federated Learning Start#####
Global Federated Learning epoch = 0
Global Federated Learning epoch = 1
Global Federated Learning epoch = 2
Global Federated Learning epoch = 3
Global Federated Learning epoch = 4
Global Federated Learning epoch = 5
Global Federated Learning epoch = 6
Global Federated Learning epoch = 7
Global Federated Learning epoch = 8
Global Federated Learning epoch = 9
Global Federated Learning epoch = 10
Global Federated Learning epoch = 11
Global Federated Learning epoch = 12
Global Federated Learning epoch = 13
Global Federated Learning epoch = 14
Global Federated Learning epoch = 15
Global Federated Learning epoch = 16
Global Federated Learning epoch = 17
Global Federated Learning epoch = 18
Global Federated Learning epoch = 19
#####  Federated Learning End#####


#####  Federated Unlearning Start  #####
#### Sample-level Unlearning ####
Indices of samples to remove: 2
selected_clients2 [5, 5]
P:  [5, 5]
X_u <torch.utils.data.dataloader.DataLoader object at 0x2942f3640>
data_loader_ku <torch.utils.data.dataloader.DataLoader object at 0x2942f3640>
here
client_data_loaders:  <torch.utils.data.dataloader.DataLoader object at 0x2a58a2700>
Federated Unlearning Global Epoch  = 1
Federated Unlearning Global Epoch  = 2
Federated Unlearning Global Epoch  = 3
Federated Unlearning Global Epoch  = 4
Federated Unlearning Global Epoch  = 5
Federated Unlearning Global Epoch  = 6
Federated Unlearning Global Epoch  = 7
Federated Unlearning Global Epoch  = 8
Federated Unlearning Global Epoch  = 9
Federated Unlearning Global Epoch  = 10
Federated Unlearning Global Epoch  = 11
Federated Unlearning Global Epoch  = 12
Federated Unlearning Global Epoch  = 13
Federated Unlearning Global Epoch  = 14
Federated Unlearning Global Epoch  = 15
Federated Unlearning Global Epoch  = 16
Federated Unlearning Global Epoch  = 17
Federated Unlearning Global Epoch  = 18
Federated Unlearning Global Epoch  = 19
N_datapoint 16
rouc:  0.2  rous:  0.1
IE:  {1, 3, 5, 7, 9, 11, 13, 15, 17}
tr:  3
FATGGGlobal <class 'model_initiation.Net_cifar10'>
Files already downloaded and verified
Files already downloaded and verified
batch_idx 0
Feature: conv1, Importance: tensor([[0.0582, 0.1554, 0.0827, 0.0623, 0.0612, 0.0921],
        [0.0582, 0.1554, 0.0827, 0.0623, 0.0612, 0.0921]])
Feature: conv2, Importance: tensor([[0.0183, 0.0082, 0.0694, 0.0028, 0.0484, 0.0074, 0.0614, 0.0913, 0.0170,
         0.0055, 0.0907, 0.0415, 0.0089, 0.0499, 0.0397, 0.0008],
        [0.0183, 0.0082, 0.0694, 0.0028, 0.0484, 0.0074, 0.0614, 0.0913, 0.0170,
         0.0055, 0.0907, 0.0415, 0.0089, 0.0499, 0.0397, 0.0008]])
Classes indices:  [[15  3  9  5  1 12  8  0 14 11  4 13  6  2 10  7]
 [15  3  9  5  1 12  8  0 14 11  4 13  6  2 10  7]]
tf_idf {'conv1': tensor([[0.0582, 0.1554, 0.0827, 0.0623, 0.0612, 0.0921],
        [0.0582, 0.1554, 0.0827, 0.0623, 0.0612, 0.0921]]), 'conv2': tensor([[0.0183, 0.0082, 0.0694, 0.0028, 0.0484, 0.0074, 0.0614, 0.0913, 0.0170,
         0.0055, 0.0907, 0.0415, 0.0089, 0.0499, 0.0397, 0.0008],
        [0.0183, 0.0082, 0.0694, 0.0028, 0.0484, 0.0074, 0.0614, 0.0913, 0.0170,
         0.0055, 0.0907, 0.0415, 0.0089, 0.0499, 0.0397, 0.0008]])}
tf_idf_array.shape:  torch.Size([2, 16])
threshold 0.0028110926505178213
all_classes ['airplane', 'automobile', 'bird', 'cat', 'deer', 'dog', 'frog', 'horse', 'ship', 'truck']
Class to be removed:  ['airplane']
#Remain classes:  9
<class 'list'> unlearn_testset
<class 'list'> rest_trainset
*****testing in unlearn_data************
Test Loss=1.1335, Test accuracy=0.0000
****************************************
*****testing in rest_data***************
Test Loss=1.1569, Test accuracy=0.0800
****************************************
#####  Federated Unlearning End  #####


#####  Federated Unlearning without Calibration Start  #####
FL_params.forget_client_idx:  0
uncali_global_models:  [Net_cifar10(
  (conv1): Conv2d(3, 6, kernel_size=(5, 5), stride=(1, 1))
  (pool): MaxPool2d(kernel_size=2, stride=2, padding=0, dilation=1, ceil_mode=False)
  (conv2): Conv2d(6, 16, kernel_size=(5, 5), stride=(1, 1))
  (fc1): Linear(in_features=400, out_features=120, bias=True)
  (fc2): Linear(in_features=120, out_features=84, bias=True)
  (fc3): Linear(in_features=84, out_features=10, bias=True)
), Net_cifar10(
  (conv1): Conv2d(3, 6, kernel_size=(5, 5), stride=(1, 1))
  (pool): MaxPool2d(kernel_size=2, stride=2, padding=0, dilation=1, ceil_mode=False)
  (conv2): Conv2d(6, 16, kernel_size=(5, 5), stride=(1, 1))
  (fc1): Linear(in_features=400, out_features=120, bias=True)
  (fc2): Linear(in_features=120, out_features=84, bias=True)
  (fc3): Linear(in_features=84, out_features=10, bias=True)
)]
Federated Unlearning without Clibration Global Epoch  = 0
Federated Unlearning Global Epoch  = 1
Files already downloaded and verified
Files already downloaded and verified
batch_idx 0
Feature: conv1, Importance: tensor([0.0498, 0.1339, 0.2073, 0.0357, 0.0363, 0.1131])
Feature: conv2, Importance: tensor([0.0791, 0.0572, 0.0538, 0.0094, 0.0207, 0.0660, 0.0290, 0.0288, 0.0029,
        0.1086, 0.0461, 0.0229, 0.1153, 0.0194, 0.0023, 0.0144])
Classes indices:  [11  7  6 10  2  1  5  0  9 12]
tf_idf {'conv1': tensor([0.0498, 0.1339, 0.2073, 0.0357, 0.0363, 0.1131]), 'conv2': tensor([0.0791, 0.0572, 0.0538, 0.0094, 0.0207, 0.0660, 0.0290, 0.0288, 0.0029,
        0.1086, 0.0461, 0.0229, 0.1153, 0.0194, 0.0023, 0.0144])}
tf_idf_array.shape:  torch.Size([16])
threshold 0.0028991810977458954
all_classes ['airplane', 'automobile', 'bird', 'cat', 'deer', 'dog', 'frog', 'horse', 'ship', 'truck']
Class to be removed:  ['truck']
#Remain classes:  9
<class 'list'> unlearn_testset
<class 'list'> rest_trainset
*****testing in unlearn_data************
Test Loss=1.1870, Test accuracy=0.0000
****************************************
*****testing in rest_data***************
Test Loss=1.1465, Test accuracy=0.1200
****************************************
#####  Federated Unlearning without Calibration End  #####
 Learning time consuming = 56.080403327941895 secods
 Unlearning time consuming = 10.549832820892334 secods
 Unlearning no Cali time consuming = 2.9612679481506348 secods


#####  【Federated Retraining Start】  #####
Global Federated Learning epoch = 0
Test Loss=0.0147, Test accuracy=0.1078
Global Federated Learning epoch = 1
Test Loss=0.0147, Test accuracy=0.1107
Global Federated Learning epoch = 2
Test Loss=0.0147, Test accuracy=0.1143
Global Federated Learning epoch = 3
Test Loss=0.0146, Test accuracy=0.1201
Global Federated Learning epoch = 4
Test Loss=0.0146, Test accuracy=0.1373
Global Federated Learning epoch = 5
Test Loss=0.0146, Test accuracy=0.1573
Global Federated Learning epoch = 6
Test Loss=0.0146, Test accuracy=0.1704
Global Federated Learning epoch = 7
Test Loss=0.0146, Test accuracy=0.1665
Global Federated Learning epoch = 8
Test Loss=0.0145, Test accuracy=0.1571
Global Federated Learning epoch = 9
Test Loss=0.0145, Test accuracy=0.1536
Global Federated Learning epoch = 10
Test Loss=0.0144, Test accuracy=0.1529
Global Federated Learning epoch = 11
Test Loss=0.0143, Test accuracy=0.1628
Global Federated Learning epoch = 12
Test Loss=0.0142, Test accuracy=0.1809
Global Federated Learning epoch = 13
Test Loss=0.0140, Test accuracy=0.2042
Global Federated Learning epoch = 14
Test Loss=0.0139, Test accuracy=0.2171
Global Federated Learning epoch = 15
Test Loss=0.0138, Test accuracy=0.2368
Global Federated Learning epoch = 16
Test Loss=0.0136, Test accuracy=0.2436
Global Federated Learning epoch = 17
Test Loss=0.0134, Test accuracy=0.2515
Global Federated Learning epoch = 18
Test Loss=0.0132, Test accuracy=0.2587
Global Federated Learning epoch = 19
Test Loss=0.0131, Test accuracy=0.2652
#####  Federated Retraining End  #####
Retrain Time using = 84.60334587097168 seconds 3
unlearned GMs:  <class 'model_initiation.Net_cifar10'> Net_cifar10(
  (conv1): Conv2d(3, 6, kernel_size=(5, 5), stride=(1, 1))
  (pool): MaxPool2d(kernel_size=2, stride=2, padding=0, dilation=1, ceil_mode=False)
  (conv2): Conv2d(6, 16, kernel_size=(5, 5), stride=(1, 1))
  (fc1): Linear(in_features=400, out_features=120, bias=True)
  (fc2): Linear(in_features=120, out_features=84, bias=True)
  (fc3): Linear(in_features=84, out_features=10, bias=True)
)
unlearn_uncali <class 'model_initiation.Net_cifar10'> Net_cifar10(
  (conv1): Conv2d(3, 6, kernel_size=(5, 5), stride=(1, 1))
  (pool): MaxPool2d(kernel_size=2, stride=2, padding=0, dilation=1, ceil_mode=False)
  (conv2): Conv2d(6, 16, kernel_size=(5, 5), stride=(1, 1))
  (fc1): Linear(in_features=400, out_features=120, bias=True)
  (fc2): Linear(in_features=120, out_features=84, bias=True)
  (fc3): Linear(in_features=84, out_features=10, bias=True)
)
Test Loss=0.0134, Test accuracy=0.2487
Test Loss=0.0147, Test accuracy=0.0994
Test Loss=0.0131, Test accuracy=0.2652
Test Loss=0.0147, Test accuracy=0.0999
test olader 9
SAMPLE-Client loader: [<torch.utils.data.dataloader.DataLoader object at 0x2942f3730>, <torch.utils.data.dataloader.DataLoader object at 0x2942ee9a0>, <torch.utils.data.dataloader.DataLoader object at 0x2942ee4f0>, <torch.utils.data.dataloader.DataLoader object at 0x2942eeb80>, <torch.utils.data.dataloader.DataLoader object at 0x2942f1520>, <torch.utils.data.dataloader.DataLoader object at 0x2942f3640>, <torch.utils.data.dataloader.DataLoader object at 0x2942e4730>, <torch.utils.data.dataloader.DataLoader object at 0x2942eed60>, <torch.utils.data.dataloader.DataLoader object at 0x2942f1ca0>, <torch.utils.data.dataloader.DataLoader object at 0x2942e4cd0>, <torch.utils.data.dataloader.DataLoader object at 0x2942f51c0>, <torch.utils.data.dataloader.DataLoader object at 0x2942f3370>]
Test Loss=0.2881, Test accuracy=0.0960
Test Loss=0.2882, Test accuracy=0.1040
Test Loss=0.2570, Test accuracy=0.2460
Test Loss=0.2627, Test accuracy=0.2240
*****  Result Summary  *****
[FedEraser] Test set: Average loss = 2.30565016, Average acc = 0.0999
[FedAccum] Test set: Average loss = 2.30703930, Average acc = 0.0994
[FedRetrain] Test set: Average loss = 2.05164111, Average acc = 0.2652
[FedAvg] Test set: Average loss = 2.09651688, Average acc = 0.2487


[FedEraser] Target set: Average loss = 2.30475378, Average acc = 0.0960
[FedAccum] Target set: Average loss = 2.30555832, Average acc = 0.1040
[FedRetrain] Target set: Average loss = 2.05572997, Average acc = 0.2460
[FedAvg] Target set: Average loss = 2.10132039, Average acc = 0.2240
============================================================
Step4. Membership Inference Attack aganist GM...

Epoch  = -1
Attacking against FL Standard  
MIA Attacker accuracy = 0.6660
MIA Attacker precision = 0.9462
MIA Attacker recall = 0.3520
Attacking against FL Retrain  
MIA Attacker accuracy = 0.4950
MIA Attacker precision = 0.4943
MIA Attacker recall = 0.4320
Attacking against FL Unlearn  
MIA Attacker accuracy = 0.5150
MIA Attacker precision = 0.5208
MIA Attacker recall = 0.3760
Attacking against FL Unlearn without calibration  
MIA Attacker accuracy = 0.5000
MIA Attacker precision = 0.5000
MIA Attacker recall = 0.1460
