/Users/wangjiayi/anaconda3/envs/fedErase/lib/python3.9/site-packages/sklearn/metrics/_classification.py:1509: UndefinedMetricWarning: Precision is ill-defined and being set to 0.0 due to no predicted samples. Use `zero_division` parameter to control this behavior.
  _warn_prf(average, modifier, f"{metric.capitalize()} is", len(result))
Files already downloaded and verified
============================================================
Step1. Federated Learning Settings 
 We use dataset: cifar10 for our Federated Unlearning experiment.

============================================================
Step2. Client data loaded, testing data loaded!!!
       Initial Model loaded!!!
Files already downloaded and verified
Files already downloaded and verified
============================================================
Step3. Fedearated Learning and Unlearning Training...
#####  Federated Learning Start#####
Global Federated Learning epoch = 0
Global Federated Learning epoch = 1
Global Federated Learning epoch = 2
Global Federated Learning epoch = 3
Global Federated Learning epoch = 4
Global Federated Learning epoch = 5
Global Federated Learning epoch = 6
Global Federated Learning epoch = 7
Global Federated Learning epoch = 8
Global Federated Learning epoch = 9
Global Federated Learning epoch = 10
Global Federated Learning epoch = 11
Global Federated Learning epoch = 12
Global Federated Learning epoch = 13
Global Federated Learning epoch = 14
Global Federated Learning epoch = 15
Global Federated Learning epoch = 16
Global Federated Learning epoch = 17
Global Federated Learning epoch = 18
Global Federated Learning epoch = 19
#####  Federated Learning End#####


#####  Federated Unlearning Start  #####
#### Sample-level Unlearning ####
selected_clients2 [8, 4, 0, 6]
P:  [8, 4, 0, 6]
X_u <torch.utils.data.dataloader.DataLoader object at 0x2961f0430>
data_loader_ku <torch.utils.data.dataloader.DataLoader object at 0x2961f0430>
here
client_data_loaders:  <torch.utils.data.dataloader.DataLoader object at 0x2993205e0>
Federated Unlearning Global Epoch  = 1
Federated Unlearning Global Epoch  = 2
Federated Unlearning Global Epoch  = 3
Federated Unlearning Global Epoch  = 4
Federated Unlearning Global Epoch  = 5
Federated Unlearning Global Epoch  = 6
Federated Unlearning Global Epoch  = 7
Federated Unlearning Global Epoch  = 8
Federated Unlearning Global Epoch  = 9
Federated Unlearning Global Epoch  = 10
Federated Unlearning Global Epoch  = 11
Federated Unlearning Global Epoch  = 12
Federated Unlearning Global Epoch  = 13
Federated Unlearning Global Epoch  = 14
Federated Unlearning Global Epoch  = 15
Federated Unlearning Global Epoch  = 16
Federated Unlearning Global Epoch  = 17
Federated Unlearning Global Epoch  = 18
Federated Unlearning Global Epoch  = 19
N [8, 4, 0, 6]
cc 0.4
ss 0.8
rouc:  0.4  rous:  0.32
IE:  {1, 3, 5, 7, 9, 11, 13, 15, 17}
tr:  5
selected_clients:      [5 6 6 9]
client_models 10
selected_clients:      [9 4 1 6]
client_models 10
selected_clients:      [7 3 2 0]
client_models 10
selected_clients:      [1 3 9 8]
client_models 10
selected_clients:      [9 0 8 1]
client_models 10
selected_clients:      [7 5 2 5]
client_models 10
selected_clients:      [7 5 2 2]
client_models 10
#####  Federated Unlearning End  #####


#####  Federated Unlearning without Calibration Start  #####
FL_params.forget_client_idx:  [8, 4, 0, 6]
Federated Unlearning without Clibration Global Epoch  = 0
Federated Unlearning Global Epoch  = 1
#####  Federated Unlearning without Calibration End  #####
 Learning time consuming = 70.84286618232727 secods
 Unlearning time consuming = 10.124849081039429 secods
 Unlearning no Cali time consuming = 0.004023075103759766 secods
FL_params.forget_client_idx [8, 4, 0, 6]


#####  Federated Retraining Start  #####
Federated Retrain with Forget Client NO.[8, 4, 0, 6]
Global Retraining epoch = 0
Global Retraining epoch = 1
Global Retraining epoch = 2
Global Retraining epoch = 3
Global Retraining epoch = 4
Global Retraining epoch = 5
Global Retraining epoch = 6
Global Retraining epoch = 7
Global Retraining epoch = 8
Global Retraining epoch = 9
Global Retraining epoch = 10
Global Retraining epoch = 11
Global Retraining epoch = 12
Global Retraining epoch = 13
Global Retraining epoch = 14
Global Retraining epoch = 15
Global Retraining epoch = 16
Global Retraining epoch = 17
Global Retraining epoch = 18
Global Retraining epoch = 19
#####  Federated Retraining End  #####
Retrain Time using = 55.63724327087402 seconds
unlearned GMs:  <class 'list'> 1
unlearned accum GMs:  <class 'list'> <class 'model_initiation.Net_cifar10'> 3
*****  Result Summary  *****
[FedEraser] Test set: Average loss = nan, Average acc = 0.1001
[FedAccum] Test set: Average loss = 0.03615694, Average acc = 0.1091
[FedRetrain] Test set: Average loss = 0.03586434, Average acc = 0.1761
[FedAvg] Test set: Average loss = 0.03586452, Average acc = 0.1759


[FedEraser] Target set: Average loss = nan, Average acc = 0.0925
[FedAccum] Target set: Average loss = 0.03682042, Average acc = 0.1396
[FedRetrain] Target set: Average loss = 0.03658340, Average acc = 0.1818
[FedAvg] Target set: Average loss = 0.03657780, Average acc = 0.1764
============================================================
Step4. Membership Inference Attack aganist GM...

Epoch  = -1
Attacking against FL Standard  
MIA Attacker precision = 0.9729
MIA Attacker recall = 0.9340
Attacking against FL Retrain  
MIA Attacker precision = 0.8460
MIA Attacker recall = 0.6480
Attacking against FL Unlearn  
len of sample GM 1
MIA Attacker precision = 0.0000
MIA Attacker recall = 0.0000
Attacking against FL Unlearn without calibration  
MIA Attacker precision = 0.5022
MIA Attacker recall = 0.6700
