============================================================
Step1. Federated Learning Settings 
 We use dataset: cifar10 for our Federated Unlearning experiment.

============================================================
Step2. Client data loaded, testing data loaded!!!
       Initial Model loaded!!!
Files already downloaded and verified
Files already downloaded and verified
============================================================
Step3. Fedearated Learning and Unlearning Training...
len of selected client loader, 12
#####  Federated Learning Start#####
Global Federated Learning epoch = 0
Global Federated Learning epoch = 1
Global Federated Learning epoch = 2
Global Federated Learning epoch = 3
Global Federated Learning epoch = 4
Global Federated Learning epoch = 5
Global Federated Learning epoch = 6
Global Federated Learning epoch = 7
Global Federated Learning epoch = 8
Global Federated Learning epoch = 9
Global Federated Learning epoch = 10
Global Federated Learning epoch = 11
Global Federated Learning epoch = 12
Global Federated Learning epoch = 13
Global Federated Learning epoch = 14
Global Federated Learning epoch = 15
Global Federated Learning epoch = 16
Global Federated Learning epoch = 17
Global Federated Learning epoch = 18
Global Federated Learning epoch = 19
#####  Federated Learning End#####


#####  Federated Unlearning Start  #####
#### Sample-level Unlearning ####
split_clients [array([0, 1]), array([2, 3]), array([4, 5]), array([6, 7]), array([8, 9])]
Files already downloaded and verified
Files already downloaded and verified
##### Trying to find redundant sample index: #####
batch_idx 0
Classes indices:  [ 0  5  8  1 11 10 14  4  3  7]
tf_idf {'conv1': tensor([0.1279, 0.1329, 0.0573, 0.0657, 0.1143, 0.1272]), 'conv2': tensor([0.0172, 0.0427, 0.0011, 0.1171, 0.0710, 0.0266, 0.0002, 0.1240, 0.0269,
        0.0000, 0.0472, 0.0435, 0.0055, 0.0007, 0.0511, 0.0044])}
tf_idf_array.shape:  torch.Size([16])
threshold 0.0001502448576502502
all_classes ['airplane', 'automobile', 'bird', 'cat', 'deer', 'dog', 'frog', 'horse', 'ship', 'truck']
Class to be removed:  ['frog']
#Remain classes:  9
Pruned sample index here: 6
K client_models [Net_cifar10(
  (conv1): Conv2d(3, 6, kernel_size=(5, 5), stride=(1, 1))
  (pool): MaxPool2d(kernel_size=2, stride=2, padding=0, dilation=1, ceil_mode=False)
  (conv2): Conv2d(6, 16, kernel_size=(5, 5), stride=(1, 1))
  (fc1): Linear(in_features=400, out_features=120, bias=True)
  (fc2): Linear(in_features=120, out_features=84, bias=True)
  (fc3): Linear(in_features=84, out_features=10, bias=True)
)]
K client_models [Net_cifar10(
  (conv1): Conv2d(3, 6, kernel_size=(5, 5), stride=(1, 1))
  (pool): MaxPool2d(kernel_size=2, stride=2, padding=0, dilation=1, ceil_mode=False)
  (conv2): Conv2d(6, 16, kernel_size=(5, 5), stride=(1, 1))
  (fc1): Linear(in_features=400, out_features=120, bias=True)
  (fc2): Linear(in_features=120, out_features=84, bias=True)
  (fc3): Linear(in_features=84, out_features=10, bias=True)
), Net_cifar10(
  (conv1): Conv2d(3, 6, kernel_size=(5, 5), stride=(1, 1))
  (pool): MaxPool2d(kernel_size=2, stride=2, padding=0, dilation=1, ceil_mode=False)
  (conv2): Conv2d(6, 16, kernel_size=(5, 5), stride=(1, 1))
  (fc1): Linear(in_features=400, out_features=120, bias=True)
  (fc2): Linear(in_features=120, out_features=84, bias=True)
  (fc3): Linear(in_features=84, out_features=10, bias=True)
)]
here
here
#####  Federated Fine-tuning Start#####
Global Federated Learning epoch = 0
Test Loss=0.0217, Test accuracy=0.2500
Global Federated Learning epoch = 1
Test Loss=0.0216, Test accuracy=0.2440
Global Federated Learning epoch = 2
Test Loss=0.0216, Test accuracy=0.2480
Global Federated Learning epoch = 3
Test Loss=0.0215, Test accuracy=0.2460
Global Federated Learning epoch = 4
Test Loss=0.0215, Test accuracy=0.2600
Global Federated Learning epoch = 5
Test Loss=0.0214, Test accuracy=0.2440
Global Federated Learning epoch = 6
Test Loss=0.0214, Test accuracy=0.2300
Global Federated Learning epoch = 7
Test Loss=0.0214, Test accuracy=0.2240
Global Federated Learning epoch = 8
Test Loss=0.0214, Test accuracy=0.2460
Global Federated Learning epoch = 9
Test Loss=0.0213, Test accuracy=0.2420
Global Federated Learning epoch = 10
Test Loss=0.0212, Test accuracy=0.2340
Global Federated Learning epoch = 11
Test Loss=0.0213, Test accuracy=0.2420
Global Federated Learning epoch = 12
Test Loss=0.0213, Test accuracy=0.2180
Global Federated Learning epoch = 13
Test Loss=0.0212, Test accuracy=0.2320
Global Federated Learning epoch = 14
Test Loss=0.0211, Test accuracy=0.2340
Global Federated Learning epoch = 15
Test Loss=0.0211, Test accuracy=0.2560
Global Federated Learning epoch = 16
Test Loss=0.0210, Test accuracy=0.2400
Global Federated Learning epoch = 17
Test Loss=0.0210, Test accuracy=0.2460
Global Federated Learning epoch = 18
Test Loss=0.0210, Test accuracy=0.2400
Global Federated Learning epoch = 19
Test Loss=0.0209, Test accuracy=0.2420
Fine-tuning train acc:0.2420
Fine-tuning train epoch:19
#####  Federated Fine-tuning End#####
#####  Federated Unlearning End  #####


#####  Federated Unlearning without Calibration Start  #####
FL_params.forget_client_idx:  6
Federated Unlearning without Clibration Global Epoch  = 0
Federated Unlearning without Clibration Global Epoch  = 1
Federated Unlearning without Clibration Global Epoch  = 2
Federated Unlearning without Clibration Global Epoch  = 3
Federated Unlearning without Clibration Global Epoch  = 4
Federated Unlearning without Clibration Global Epoch  = 5
Federated Unlearning without Clibration Global Epoch  = 6
Federated Unlearning without Clibration Global Epoch  = 7
Federated Unlearning without Clibration Global Epoch  = 8
Federated Unlearning without Clibration Global Epoch  = 9
Federated Unlearning without Clibration Global Epoch  = 10
Federated Unlearning without Clibration Global Epoch  = 11
Federated Unlearning without Clibration Global Epoch  = 12
Federated Unlearning without Clibration Global Epoch  = 13
Federated Unlearning without Clibration Global Epoch  = 14
Federated Unlearning without Clibration Global Epoch  = 15
Federated Unlearning without Clibration Global Epoch  = 16
Federated Unlearning without Clibration Global Epoch  = 17
Federated Unlearning without Clibration Global Epoch  = 18
Federated Unlearning without Clibration Global Epoch  = 19
Federated Unlearning Global Epoch  = 1
Federated Unlearning Global Epoch  = 2
Federated Unlearning Global Epoch  = 3
Federated Unlearning Global Epoch  = 4
Federated Unlearning Global Epoch  = 5
Federated Unlearning Global Epoch  = 6
Federated Unlearning Global Epoch  = 7
Federated Unlearning Global Epoch  = 8
Federated Unlearning Global Epoch  = 9
Federated Unlearning Global Epoch  = 10
Federated Unlearning Global Epoch  = 11
Federated Unlearning Global Epoch  = 12
Federated Unlearning Global Epoch  = 13
Federated Unlearning Global Epoch  = 14
Federated Unlearning Global Epoch  = 15
Federated Unlearning Global Epoch  = 16
Federated Unlearning Global Epoch  = 17
Federated Unlearning Global Epoch  = 18
Federated Unlearning Global Epoch  = 19
#####  Federated Unlearning without Calibration End  #####
 Learning time consuming = 51.47237420082092 secods
 Unlearning time consuming = 66.21415996551514 secods
 Unlearning no Cali time consuming = 0.06968331336975098 secods


#####  【Federated Retraining Start】  #####
Global Federated Learning epoch = 0
Test Loss=0.0130, Test accuracy=0.2509
Global Federated Learning epoch = 1
Test Loss=0.0130, Test accuracy=0.2508
Global Federated Learning epoch = 2
Test Loss=0.0130, Test accuracy=0.2501
Global Federated Learning epoch = 3
Test Loss=0.0130, Test accuracy=0.2505
Global Federated Learning epoch = 4
Test Loss=0.0130, Test accuracy=0.2515
Global Federated Learning epoch = 5
Test Loss=0.0129, Test accuracy=0.2510
Global Federated Learning epoch = 6
Test Loss=0.0129, Test accuracy=0.2507
Global Federated Learning epoch = 7
Test Loss=0.0129, Test accuracy=0.2529
Global Federated Learning epoch = 8
Test Loss=0.0129, Test accuracy=0.2526
Global Federated Learning epoch = 9
Test Loss=0.0129, Test accuracy=0.2539
Global Federated Learning epoch = 10
Test Loss=0.0128, Test accuracy=0.2552
Global Federated Learning epoch = 11
Test Loss=0.0128, Test accuracy=0.2550
Global Federated Learning epoch = 12
Test Loss=0.0128, Test accuracy=0.2530
Global Federated Learning epoch = 13
Test Loss=0.0128, Test accuracy=0.2546
Global Federated Learning epoch = 14
Test Loss=0.0128, Test accuracy=0.2567
Global Federated Learning epoch = 15
Test Loss=0.0128, Test accuracy=0.2589
Global Federated Learning epoch = 16
Test Loss=0.0128, Test accuracy=0.2576
Global Federated Learning epoch = 17
Test Loss=0.0127, Test accuracy=0.2619
Global Federated Learning epoch = 18
Test Loss=0.0127, Test accuracy=0.2595
Global Federated Learning epoch = 19
Test Loss=0.0127, Test accuracy=0.2622
#####  Federated Retraining End  #####
Retrain Time using = 80.53410506248474 seconds 3
Test Loss=0.0135, Test accuracy=0.2474
Test Loss=0.0138, Test accuracy=0.1996
Test Loss=0.0127, Test accuracy=0.2619
Test Loss=0.0131, Test accuracy=0.2509
target loader 6
SAMPLE-Client loader: [<torch.utils.data.dataloader.DataLoader object at 0x2a26dd280>, <torch.utils.data.dataloader.DataLoader object at 0x2a26e03a0>, <torch.utils.data.dataloader.DataLoader object at 0x2a26e2a60>, <torch.utils.data.dataloader.DataLoader object at 0x2a26e2c40>, <torch.utils.data.dataloader.DataLoader object at 0x2a26e4d60>, <torch.utils.data.dataloader.DataLoader object at 0x2a26daac0>, <torch.utils.data.dataloader.DataLoader object at 0x2a26dd0a0>, <torch.utils.data.dataloader.DataLoader object at 0x2a26e4040>, <torch.utils.data.dataloader.DataLoader object at 0x2a26ddcd0>, <torch.utils.data.dataloader.DataLoader object at 0x2a26e7160>, <torch.utils.data.dataloader.DataLoader object at 0x2a26dd640>, <torch.utils.data.dataloader.DataLoader object at 0x2a26da430>]
Test Loss=0.2631, Test accuracy=0.2275
Test Loss=0.2776, Test accuracy=0.1783
Test Loss=0.2554, Test accuracy=0.2619
Test Loss=0.2693, Test accuracy=0.2623
*****  Result Summary  *****
[FedEraser] Test set: Average loss = 2.05151086, Average acc = 0.2509
[FedAccum] Test set: Average loss = 2.16603527, Average acc = 0.1996
[FedRetrain] Test set: Average loss = 1.99183095, Average acc = 0.2619
[FedAvg] Test set: Average loss = 2.11752571, Average acc = 0.2474


[FedEraser] Target set: Average loss = 2.10500643, Average acc = 0.2275
[FedAccum] Target set: Average loss = 2.22048804, Average acc = 0.1783
[FedRetrain] Target set: Average loss = 2.04328549, Average acc = 0.2619
[FedAvg] Target set: Average loss = 2.15425408, Average acc = 0.2623
============================================================
Step4. Membership Inference Attack aganist GM...

Epoch  = -1
Attacking against FL Standard  
MIA Attacker accuracy = 0.6780
MIA Attacker precision = 0.9045
MIA Attacker recall = 0.3980
Attacking against FL Retrain  
MIA Attacker accuracy = 0.5070
MIA Attacker precision = 0.5110
MIA Attacker recall = 0.3260
Attacking against FL Unlearn  
MIA Attacker accuracy = 0.4710
MIA Attacker precision = 0.4431
MIA Attacker recall = 0.2260
Attacking against FL Unlearn without calibration  
MIA Attacker accuracy = 0.4790
MIA Attacker precision = 0.4629
MIA Attacker recall = 0.2620
