============================================================
Step1. Federated Learning Settings 
 We use dataset: cifar10 for our Federated Unlearning experiment.

============================================================
Step2. Client data loaded, testing data loaded!!!
       Initial Model loaded!!!
Files already downloaded and verified
Files already downloaded and verified
============================================================
Step3. Fedearated Learning and Unlearning Training...
len of selected client loader, 12
#####  Federated Learning Start#####
Global Federated Learning epoch = 0
Global Federated Learning epoch = 1
Global Federated Learning epoch = 2
Global Federated Learning epoch = 3
Global Federated Learning epoch = 4
Global Federated Learning epoch = 5
Global Federated Learning epoch = 6
Global Federated Learning epoch = 7
Global Federated Learning epoch = 8
Global Federated Learning epoch = 9
Global Federated Learning epoch = 10
Global Federated Learning epoch = 11
Global Federated Learning epoch = 12
Global Federated Learning epoch = 13
Global Federated Learning epoch = 14
Global Federated Learning epoch = 15
Global Federated Learning epoch = 16
Global Federated Learning epoch = 17
Global Federated Learning epoch = 18
Global Federated Learning epoch = 19
Global Federated Learning epoch = 20
Global Federated Learning epoch = 21
Global Federated Learning epoch = 22
Global Federated Learning epoch = 23
Global Federated Learning epoch = 24
Global Federated Learning epoch = 25
Global Federated Learning epoch = 26
Global Federated Learning epoch = 27
Global Federated Learning epoch = 28
Global Federated Learning epoch = 29
Global Federated Learning epoch = 30
Global Federated Learning epoch = 31
Global Federated Learning epoch = 32
Global Federated Learning epoch = 33
Global Federated Learning epoch = 34
Global Federated Learning epoch = 35
Global Federated Learning epoch = 36
Global Federated Learning epoch = 37
Global Federated Learning epoch = 38
Global Federated Learning epoch = 39
Global Federated Learning epoch = 40
Global Federated Learning epoch = 41
Global Federated Learning epoch = 42
Global Federated Learning epoch = 43
Global Federated Learning epoch = 44
Global Federated Learning epoch = 45
Global Federated Learning epoch = 46
Global Federated Learning epoch = 47
Global Federated Learning epoch = 48
Global Federated Learning epoch = 49
Global Federated Learning epoch = 50
Global Federated Learning epoch = 51
Global Federated Learning epoch = 52
Global Federated Learning epoch = 53
Global Federated Learning epoch = 54
Global Federated Learning epoch = 55
Global Federated Learning epoch = 56
Global Federated Learning epoch = 57
Global Federated Learning epoch = 58
Global Federated Learning epoch = 59
Global Federated Learning epoch = 60
Global Federated Learning epoch = 61
Global Federated Learning epoch = 62
Global Federated Learning epoch = 63
Global Federated Learning epoch = 64
Global Federated Learning epoch = 65
Global Federated Learning epoch = 66
Global Federated Learning epoch = 67
Global Federated Learning epoch = 68
Global Federated Learning epoch = 69
Global Federated Learning epoch = 70
Global Federated Learning epoch = 71
Global Federated Learning epoch = 72
Global Federated Learning epoch = 73
Global Federated Learning epoch = 74
Global Federated Learning epoch = 75
Global Federated Learning epoch = 76
Global Federated Learning epoch = 77
Global Federated Learning epoch = 78
Global Federated Learning epoch = 79
Global Federated Learning epoch = 80
Global Federated Learning epoch = 81
Global Federated Learning epoch = 82
Global Federated Learning epoch = 83
Global Federated Learning epoch = 84
Global Federated Learning epoch = 85
Global Federated Learning epoch = 86
Global Federated Learning epoch = 87
Global Federated Learning epoch = 88
Global Federated Learning epoch = 89
Global Federated Learning epoch = 90
Global Federated Learning epoch = 91
Global Federated Learning epoch = 92
Global Federated Learning epoch = 93
Global Federated Learning epoch = 94
Global Federated Learning epoch = 95
Global Federated Learning epoch = 96
Global Federated Learning epoch = 97
Global Federated Learning epoch = 98
Global Federated Learning epoch = 99
Global Federated Learning epoch = 100
Global Federated Learning epoch = 101
Global Federated Learning epoch = 102
Global Federated Learning epoch = 103
Global Federated Learning epoch = 104
Global Federated Learning epoch = 105
Global Federated Learning epoch = 106
Global Federated Learning epoch = 107
Global Federated Learning epoch = 108
Global Federated Learning epoch = 109
Global Federated Learning epoch = 110
Global Federated Learning epoch = 111
Global Federated Learning epoch = 112
Global Federated Learning epoch = 113
Global Federated Learning epoch = 114
Global Federated Learning epoch = 115
Global Federated Learning epoch = 116
Global Federated Learning epoch = 117
Global Federated Learning epoch = 118
Global Federated Learning epoch = 119
Global Federated Learning epoch = 120
Global Federated Learning epoch = 121
Global Federated Learning epoch = 122
Global Federated Learning epoch = 123
Global Federated Learning epoch = 124
Global Federated Learning epoch = 125
Global Federated Learning epoch = 126
Global Federated Learning epoch = 127
Global Federated Learning epoch = 128
Global Federated Learning epoch = 129
Global Federated Learning epoch = 130
Global Federated Learning epoch = 131
Global Federated Learning epoch = 132
Global Federated Learning epoch = 133
Global Federated Learning epoch = 134
Global Federated Learning epoch = 135
Global Federated Learning epoch = 136
Global Federated Learning epoch = 137
Global Federated Learning epoch = 138
Global Federated Learning epoch = 139
Global Federated Learning epoch = 140
Global Federated Learning epoch = 141
Global Federated Learning epoch = 142
Global Federated Learning epoch = 143
Global Federated Learning epoch = 144
Global Federated Learning epoch = 145
Global Federated Learning epoch = 146
Global Federated Learning epoch = 147
Global Federated Learning epoch = 148
Global Federated Learning epoch = 149
Global Federated Learning epoch = 150
Global Federated Learning epoch = 151
Global Federated Learning epoch = 152
Global Federated Learning epoch = 153
Global Federated Learning epoch = 154
Global Federated Learning epoch = 155
Global Federated Learning epoch = 156
Global Federated Learning epoch = 157
Global Federated Learning epoch = 158
Global Federated Learning epoch = 159
Global Federated Learning epoch = 160
Global Federated Learning epoch = 161
Global Federated Learning epoch = 162
Global Federated Learning epoch = 163
Global Federated Learning epoch = 164
Global Federated Learning epoch = 165
Global Federated Learning epoch = 166
Global Federated Learning epoch = 167
Global Federated Learning epoch = 168
Global Federated Learning epoch = 169
Global Federated Learning epoch = 170
Global Federated Learning epoch = 171
Global Federated Learning epoch = 172
Global Federated Learning epoch = 173
Global Federated Learning epoch = 174
Global Federated Learning epoch = 175
Global Federated Learning epoch = 176
Global Federated Learning epoch = 177
Global Federated Learning epoch = 178
Global Federated Learning epoch = 179
Global Federated Learning epoch = 180
Global Federated Learning epoch = 181
Global Federated Learning epoch = 182
Global Federated Learning epoch = 183
Global Federated Learning epoch = 184
Global Federated Learning epoch = 185
Global Federated Learning epoch = 186
Global Federated Learning epoch = 187
Global Federated Learning epoch = 188
Global Federated Learning epoch = 189
Global Federated Learning epoch = 190
Global Federated Learning epoch = 191
Global Federated Learning epoch = 192
Global Federated Learning epoch = 193
Global Federated Learning epoch = 194
Global Federated Learning epoch = 195
Global Federated Learning epoch = 196
Global Federated Learning epoch = 197
Global Federated Learning epoch = 198
Global Federated Learning epoch = 199
Global Federated Learning epoch = 200
Global Federated Learning epoch = 201
Global Federated Learning epoch = 202
Global Federated Learning epoch = 203
Global Federated Learning epoch = 204
Global Federated Learning epoch = 205
Global Federated Learning epoch = 206
Global Federated Learning epoch = 207
Global Federated Learning epoch = 208
Global Federated Learning epoch = 209
Global Federated Learning epoch = 210
Global Federated Learning epoch = 211
Global Federated Learning epoch = 212
Global Federated Learning epoch = 213
Global Federated Learning epoch = 214
Global Federated Learning epoch = 215
Global Federated Learning epoch = 216
Global Federated Learning epoch = 217
Global Federated Learning epoch = 218
Global Federated Learning epoch = 219
Global Federated Learning epoch = 220
Global Federated Learning epoch = 221
Global Federated Learning epoch = 222
Global Federated Learning epoch = 223
Global Federated Learning epoch = 224
Global Federated Learning epoch = 225
Global Federated Learning epoch = 226
Global Federated Learning epoch = 227
Global Federated Learning epoch = 228
Global Federated Learning epoch = 229
Global Federated Learning epoch = 230
Global Federated Learning epoch = 231
Global Federated Learning epoch = 232
Global Federated Learning epoch = 233
Global Federated Learning epoch = 234
Global Federated Learning epoch = 235
Global Federated Learning epoch = 236
Global Federated Learning epoch = 237
Global Federated Learning epoch = 238
Global Federated Learning epoch = 239
Global Federated Learning epoch = 240
Global Federated Learning epoch = 241
Global Federated Learning epoch = 242
Global Federated Learning epoch = 243
Global Federated Learning epoch = 244
Global Federated Learning epoch = 245
Global Federated Learning epoch = 246
Global Federated Learning epoch = 247
Global Federated Learning epoch = 248
Global Federated Learning epoch = 249
Global Federated Learning epoch = 250
Global Federated Learning epoch = 251
Global Federated Learning epoch = 252
Global Federated Learning epoch = 253
Global Federated Learning epoch = 254
Global Federated Learning epoch = 255
Global Federated Learning epoch = 256
Global Federated Learning epoch = 257
Global Federated Learning epoch = 258
Global Federated Learning epoch = 259
Global Federated Learning epoch = 260
Global Federated Learning epoch = 261
Global Federated Learning epoch = 262
Global Federated Learning epoch = 263
Global Federated Learning epoch = 264
Global Federated Learning epoch = 265
Global Federated Learning epoch = 266
Global Federated Learning epoch = 267
Global Federated Learning epoch = 268
Global Federated Learning epoch = 269
Global Federated Learning epoch = 270
Global Federated Learning epoch = 271
Global Federated Learning epoch = 272
Global Federated Learning epoch = 273
Global Federated Learning epoch = 274
Global Federated Learning epoch = 275
Global Federated Learning epoch = 276
Global Federated Learning epoch = 277
Global Federated Learning epoch = 278
Global Federated Learning epoch = 279
Global Federated Learning epoch = 280
Global Federated Learning epoch = 281
Global Federated Learning epoch = 282
Global Federated Learning epoch = 283
Global Federated Learning epoch = 284
Global Federated Learning epoch = 285
Global Federated Learning epoch = 286
Global Federated Learning epoch = 287
Global Federated Learning epoch = 288
Global Federated Learning epoch = 289
Global Federated Learning epoch = 290
Global Federated Learning epoch = 291
Global Federated Learning epoch = 292
Global Federated Learning epoch = 293
Global Federated Learning epoch = 294
Global Federated Learning epoch = 295
Global Federated Learning epoch = 296
Global Federated Learning epoch = 297
Global Federated Learning epoch = 298
Global Federated Learning epoch = 299
Global Federated Learning epoch = 300
Global Federated Learning epoch = 301
Global Federated Learning epoch = 302
Global Federated Learning epoch = 303
Global Federated Learning epoch = 304
Global Federated Learning epoch = 305
Global Federated Learning epoch = 306
Global Federated Learning epoch = 307
Global Federated Learning epoch = 308
Global Federated Learning epoch = 309
Global Federated Learning epoch = 310
Global Federated Learning epoch = 311
Global Federated Learning epoch = 312
Global Federated Learning epoch = 313
Global Federated Learning epoch = 314
Global Federated Learning epoch = 315
Global Federated Learning epoch = 316
Global Federated Learning epoch = 317
Global Federated Learning epoch = 318
Global Federated Learning epoch = 319
Global Federated Learning epoch = 320
Global Federated Learning epoch = 321
Global Federated Learning epoch = 322
Global Federated Learning epoch = 323
Global Federated Learning epoch = 324
Global Federated Learning epoch = 325
Global Federated Learning epoch = 326
Global Federated Learning epoch = 327
Global Federated Learning epoch = 328
Global Federated Learning epoch = 329
Global Federated Learning epoch = 330
Global Federated Learning epoch = 331
Global Federated Learning epoch = 332
Global Federated Learning epoch = 333
Global Federated Learning epoch = 334
Global Federated Learning epoch = 335
Global Federated Learning epoch = 336
Global Federated Learning epoch = 337
Global Federated Learning epoch = 338
Global Federated Learning epoch = 339
Global Federated Learning epoch = 340
Global Federated Learning epoch = 341
Global Federated Learning epoch = 342
Global Federated Learning epoch = 343
Global Federated Learning epoch = 344
Global Federated Learning epoch = 345
Global Federated Learning epoch = 346
Global Federated Learning epoch = 347
Global Federated Learning epoch = 348
Global Federated Learning epoch = 349
Global Federated Learning epoch = 350
Global Federated Learning epoch = 351
Global Federated Learning epoch = 352
Global Federated Learning epoch = 353
Global Federated Learning epoch = 354
Global Federated Learning epoch = 355
Global Federated Learning epoch = 356
Global Federated Learning epoch = 357
Global Federated Learning epoch = 358
Global Federated Learning epoch = 359
Global Federated Learning epoch = 360
Global Federated Learning epoch = 361
Global Federated Learning epoch = 362
Global Federated Learning epoch = 363
Global Federated Learning epoch = 364
Global Federated Learning epoch = 365
Global Federated Learning epoch = 366
Global Federated Learning epoch = 367
Global Federated Learning epoch = 368
Global Federated Learning epoch = 369
Global Federated Learning epoch = 370
Global Federated Learning epoch = 371
Global Federated Learning epoch = 372
Global Federated Learning epoch = 373
Global Federated Learning epoch = 374
Global Federated Learning epoch = 375
Global Federated Learning epoch = 376
Global Federated Learning epoch = 377
Global Federated Learning epoch = 378
Global Federated Learning epoch = 379
Global Federated Learning epoch = 380
Global Federated Learning epoch = 381
Global Federated Learning epoch = 382
Global Federated Learning epoch = 383
Global Federated Learning epoch = 384
Global Federated Learning epoch = 385
Global Federated Learning epoch = 386
Global Federated Learning epoch = 387
Global Federated Learning epoch = 388
Global Federated Learning epoch = 389
Global Federated Learning epoch = 390
Global Federated Learning epoch = 391
Global Federated Learning epoch = 392
Global Federated Learning epoch = 393
Global Federated Learning epoch = 394
Global Federated Learning epoch = 395
Global Federated Learning epoch = 396
Global Federated Learning epoch = 397
Global Federated Learning epoch = 398
Global Federated Learning epoch = 399
Global Federated Learning epoch = 400
Global Federated Learning epoch = 401
Global Federated Learning epoch = 402
Global Federated Learning epoch = 403
Global Federated Learning epoch = 404
Global Federated Learning epoch = 405
Global Federated Learning epoch = 406
Global Federated Learning epoch = 407
Global Federated Learning epoch = 408
Global Federated Learning epoch = 409
Global Federated Learning epoch = 410
Global Federated Learning epoch = 411
Global Federated Learning epoch = 412
Global Federated Learning epoch = 413
Global Federated Learning epoch = 414
Global Federated Learning epoch = 415
Global Federated Learning epoch = 416
Global Federated Learning epoch = 417
Global Federated Learning epoch = 418
Global Federated Learning epoch = 419
Global Federated Learning epoch = 420
Global Federated Learning epoch = 421
Global Federated Learning epoch = 422
Global Federated Learning epoch = 423
Global Federated Learning epoch = 424
Global Federated Learning epoch = 425
Global Federated Learning epoch = 426
Global Federated Learning epoch = 427
Global Federated Learning epoch = 428
Global Federated Learning epoch = 429
Global Federated Learning epoch = 430
Global Federated Learning epoch = 431
Global Federated Learning epoch = 432
Global Federated Learning epoch = 433
Global Federated Learning epoch = 434
Global Federated Learning epoch = 435
Global Federated Learning epoch = 436
Global Federated Learning epoch = 437
Global Federated Learning epoch = 438
Global Federated Learning epoch = 439
Global Federated Learning epoch = 440
Global Federated Learning epoch = 441
Global Federated Learning epoch = 442
Global Federated Learning epoch = 443
Global Federated Learning epoch = 444
Global Federated Learning epoch = 445
Global Federated Learning epoch = 446
Global Federated Learning epoch = 447
Global Federated Learning epoch = 448
Global Federated Learning epoch = 449
Global Federated Learning epoch = 450
Global Federated Learning epoch = 451
Global Federated Learning epoch = 452
Global Federated Learning epoch = 453
Global Federated Learning epoch = 454
Global Federated Learning epoch = 455
Global Federated Learning epoch = 456
Global Federated Learning epoch = 457
Global Federated Learning epoch = 458
Global Federated Learning epoch = 459
Global Federated Learning epoch = 460
Global Federated Learning epoch = 461
Global Federated Learning epoch = 462
Global Federated Learning epoch = 463
Global Federated Learning epoch = 464
Global Federated Learning epoch = 465
Global Federated Learning epoch = 466
Global Federated Learning epoch = 467
Global Federated Learning epoch = 468
Global Federated Learning epoch = 469
Global Federated Learning epoch = 470
Global Federated Learning epoch = 471
Global Federated Learning epoch = 472
Global Federated Learning epoch = 473
Global Federated Learning epoch = 474
Global Federated Learning epoch = 475
Global Federated Learning epoch = 476
Global Federated Learning epoch = 477
Global Federated Learning epoch = 478
Global Federated Learning epoch = 479
Global Federated Learning epoch = 480
Global Federated Learning epoch = 481
Global Federated Learning epoch = 482
Global Federated Learning epoch = 483
Global Federated Learning epoch = 484
Global Federated Learning epoch = 485
Global Federated Learning epoch = 486
Global Federated Learning epoch = 487
Global Federated Learning epoch = 488
Global Federated Learning epoch = 489
Global Federated Learning epoch = 490
Global Federated Learning epoch = 491
Global Federated Learning epoch = 492
Global Federated Learning epoch = 493
Global Federated Learning epoch = 494
Global Federated Learning epoch = 495
Global Federated Learning epoch = 496
Global Federated Learning epoch = 497
Global Federated Learning epoch = 498
Global Federated Learning epoch = 499
Global Federated Learning epoch = 500
Global Federated Learning epoch = 501
Global Federated Learning epoch = 502
Global Federated Learning epoch = 503
Global Federated Learning epoch = 504
Global Federated Learning epoch = 505
Global Federated Learning epoch = 506
Global Federated Learning epoch = 507
Global Federated Learning epoch = 508
Global Federated Learning epoch = 509
Global Federated Learning epoch = 510
Global Federated Learning epoch = 511
Global Federated Learning epoch = 512
Global Federated Learning epoch = 513
Global Federated Learning epoch = 514
Global Federated Learning epoch = 515
Global Federated Learning epoch = 516
Global Federated Learning epoch = 517
Global Federated Learning epoch = 518
Global Federated Learning epoch = 519
Global Federated Learning epoch = 520
Global Federated Learning epoch = 521
Global Federated Learning epoch = 522
Global Federated Learning epoch = 523
Global Federated Learning epoch = 524
Global Federated Learning epoch = 525
Global Federated Learning epoch = 526
Global Federated Learning epoch = 527
Global Federated Learning epoch = 528
Global Federated Learning epoch = 529
Global Federated Learning epoch = 530
Global Federated Learning epoch = 531
Global Federated Learning epoch = 532
Global Federated Learning epoch = 533
Global Federated Learning epoch = 534
Global Federated Learning epoch = 535
Global Federated Learning epoch = 536
Global Federated Learning epoch = 537
Global Federated Learning epoch = 538
Global Federated Learning epoch = 539
Global Federated Learning epoch = 540
Global Federated Learning epoch = 541
Global Federated Learning epoch = 542
Global Federated Learning epoch = 543
Global Federated Learning epoch = 544
Global Federated Learning epoch = 545
Global Federated Learning epoch = 546
Global Federated Learning epoch = 547
Global Federated Learning epoch = 548
Global Federated Learning epoch = 549
Global Federated Learning epoch = 550
Global Federated Learning epoch = 551
Global Federated Learning epoch = 552
Global Federated Learning epoch = 553
Global Federated Learning epoch = 554
Global Federated Learning epoch = 555
Global Federated Learning epoch = 556
Global Federated Learning epoch = 557
Global Federated Learning epoch = 558
Global Federated Learning epoch = 559
Global Federated Learning epoch = 560
Global Federated Learning epoch = 561
Global Federated Learning epoch = 562
Global Federated Learning epoch = 563
Global Federated Learning epoch = 564
Global Federated Learning epoch = 565
Global Federated Learning epoch = 566
Global Federated Learning epoch = 567
Global Federated Learning epoch = 568
Global Federated Learning epoch = 569
Global Federated Learning epoch = 570
Global Federated Learning epoch = 571
Global Federated Learning epoch = 572
Global Federated Learning epoch = 573
Global Federated Learning epoch = 574
Global Federated Learning epoch = 575
Global Federated Learning epoch = 576
Global Federated Learning epoch = 577
Global Federated Learning epoch = 578
Global Federated Learning epoch = 579
Global Federated Learning epoch = 580
Global Federated Learning epoch = 581
Global Federated Learning epoch = 582
Global Federated Learning epoch = 583
Global Federated Learning epoch = 584
Global Federated Learning epoch = 585
Global Federated Learning epoch = 586
Global Federated Learning epoch = 587
Global Federated Learning epoch = 588
Global Federated Learning epoch = 589
Global Federated Learning epoch = 590
Global Federated Learning epoch = 591
Global Federated Learning epoch = 592
Global Federated Learning epoch = 593
Global Federated Learning epoch = 594
Global Federated Learning epoch = 595
Global Federated Learning epoch = 596
Global Federated Learning epoch = 597
Global Federated Learning epoch = 598
Global Federated Learning epoch = 599
#####  Federated Learning End#####


#####  Federated Unlearning Start  #####
#### Client-level Unlearning ####
Federated Unlearning Global Epoch  = 1
Federated Unlearning Global Epoch  = 2
Federated Unlearning Global Epoch  = 3
Federated Unlearning Global Epoch  = 4
Federated Unlearning Global Epoch  = 5
Federated Unlearning Global Epoch  = 6
Federated Unlearning Global Epoch  = 7
Federated Unlearning Global Epoch  = 8
Federated Unlearning Global Epoch  = 9
Federated Unlearning Global Epoch  = 10
Federated Unlearning Global Epoch  = 11
Federated Unlearning Global Epoch  = 12
Federated Unlearning Global Epoch  = 13
Federated Unlearning Global Epoch  = 14
Federated Unlearning Global Epoch  = 15
Federated Unlearning Global Epoch  = 16
Federated Unlearning Global Epoch  = 17
Federated Unlearning Global Epoch  = 18
Federated Unlearning Global Epoch  = 19
Federated Unlearning Global Epoch  = 20
Federated Unlearning Global Epoch  = 21
Federated Unlearning Global Epoch  = 22
Federated Unlearning Global Epoch  = 23
Federated Unlearning Global Epoch  = 24
Federated Unlearning Global Epoch  = 25
Federated Unlearning Global Epoch  = 26
Federated Unlearning Global Epoch  = 27
Federated Unlearning Global Epoch  = 28
Federated Unlearning Global Epoch  = 29
Federated Unlearning Global Epoch  = 30
Federated Unlearning Global Epoch  = 31
Federated Unlearning Global Epoch  = 32
Federated Unlearning Global Epoch  = 33
Federated Unlearning Global Epoch  = 34
Federated Unlearning Global Epoch  = 35
Federated Unlearning Global Epoch  = 36
Federated Unlearning Global Epoch  = 37
Federated Unlearning Global Epoch  = 38
Federated Unlearning Global Epoch  = 39
Federated Unlearning Global Epoch  = 40
Federated Unlearning Global Epoch  = 41
Federated Unlearning Global Epoch  = 42
Federated Unlearning Global Epoch  = 43
Federated Unlearning Global Epoch  = 44
Federated Unlearning Global Epoch  = 45
Federated Unlearning Global Epoch  = 46
Federated Unlearning Global Epoch  = 47
Federated Unlearning Global Epoch  = 48
Federated Unlearning Global Epoch  = 49
Federated Unlearning Global Epoch  = 50
Federated Unlearning Global Epoch  = 51
Federated Unlearning Global Epoch  = 52
Federated Unlearning Global Epoch  = 53
Federated Unlearning Global Epoch  = 54
Federated Unlearning Global Epoch  = 55
Federated Unlearning Global Epoch  = 56
Federated Unlearning Global Epoch  = 57
Federated Unlearning Global Epoch  = 58
Federated Unlearning Global Epoch  = 59
Federated Unlearning Global Epoch  = 60
Federated Unlearning Global Epoch  = 61
Federated Unlearning Global Epoch  = 62
Federated Unlearning Global Epoch  = 63
Federated Unlearning Global Epoch  = 64
Federated Unlearning Global Epoch  = 65
Federated Unlearning Global Epoch  = 66
Federated Unlearning Global Epoch  = 67
Federated Unlearning Global Epoch  = 68
Federated Unlearning Global Epoch  = 69
Federated Unlearning Global Epoch  = 70
Federated Unlearning Global Epoch  = 71
Federated Unlearning Global Epoch  = 72
Federated Unlearning Global Epoch  = 73
Federated Unlearning Global Epoch  = 74
Federated Unlearning Global Epoch  = 75
Federated Unlearning Global Epoch  = 76
Federated Unlearning Global Epoch  = 77
Federated Unlearning Global Epoch  = 78
Federated Unlearning Global Epoch  = 79
Federated Unlearning Global Epoch  = 80
Federated Unlearning Global Epoch  = 81
Federated Unlearning Global Epoch  = 82
Federated Unlearning Global Epoch  = 83
Federated Unlearning Global Epoch  = 84
Federated Unlearning Global Epoch  = 85
Federated Unlearning Global Epoch  = 86
Federated Unlearning Global Epoch  = 87
Federated Unlearning Global Epoch  = 88
Federated Unlearning Global Epoch  = 89
Federated Unlearning Global Epoch  = 90
Federated Unlearning Global Epoch  = 91
Federated Unlearning Global Epoch  = 92
Federated Unlearning Global Epoch  = 93
Federated Unlearning Global Epoch  = 94
Federated Unlearning Global Epoch  = 95
Federated Unlearning Global Epoch  = 96
Federated Unlearning Global Epoch  = 97
Federated Unlearning Global Epoch  = 98
Federated Unlearning Global Epoch  = 99
Federated Unlearning Global Epoch  = 100
Federated Unlearning Global Epoch  = 101
Federated Unlearning Global Epoch  = 102
Federated Unlearning Global Epoch  = 103
Federated Unlearning Global Epoch  = 104
Federated Unlearning Global Epoch  = 105
Federated Unlearning Global Epoch  = 106
Federated Unlearning Global Epoch  = 107
Federated Unlearning Global Epoch  = 108
Federated Unlearning Global Epoch  = 109
Federated Unlearning Global Epoch  = 110
Federated Unlearning Global Epoch  = 111
Federated Unlearning Global Epoch  = 112
Federated Unlearning Global Epoch  = 113
Federated Unlearning Global Epoch  = 114
Federated Unlearning Global Epoch  = 115
Federated Unlearning Global Epoch  = 116
Federated Unlearning Global Epoch  = 117
Federated Unlearning Global Epoch  = 118
Federated Unlearning Global Epoch  = 119
Federated Unlearning Global Epoch  = 120
Federated Unlearning Global Epoch  = 121
Federated Unlearning Global Epoch  = 122
Federated Unlearning Global Epoch  = 123
Federated Unlearning Global Epoch  = 124
Federated Unlearning Global Epoch  = 125
Federated Unlearning Global Epoch  = 126
Federated Unlearning Global Epoch  = 127
Federated Unlearning Global Epoch  = 128
Federated Unlearning Global Epoch  = 129
Federated Unlearning Global Epoch  = 130
Federated Unlearning Global Epoch  = 131
Federated Unlearning Global Epoch  = 132
Federated Unlearning Global Epoch  = 133
Federated Unlearning Global Epoch  = 134
Federated Unlearning Global Epoch  = 135
Federated Unlearning Global Epoch  = 136
Federated Unlearning Global Epoch  = 137
Federated Unlearning Global Epoch  = 138
Federated Unlearning Global Epoch  = 139
Federated Unlearning Global Epoch  = 140
Federated Unlearning Global Epoch  = 141
Federated Unlearning Global Epoch  = 142
Federated Unlearning Global Epoch  = 143
Federated Unlearning Global Epoch  = 144
Federated Unlearning Global Epoch  = 145
Federated Unlearning Global Epoch  = 146
Federated Unlearning Global Epoch  = 147
Federated Unlearning Global Epoch  = 148
Federated Unlearning Global Epoch  = 149
Federated Unlearning Global Epoch  = 150
Federated Unlearning Global Epoch  = 151
Federated Unlearning Global Epoch  = 152
Federated Unlearning Global Epoch  = 153
Federated Unlearning Global Epoch  = 154
Federated Unlearning Global Epoch  = 155
Federated Unlearning Global Epoch  = 156
Federated Unlearning Global Epoch  = 157
Federated Unlearning Global Epoch  = 158
Federated Unlearning Global Epoch  = 159
Federated Unlearning Global Epoch  = 160
Federated Unlearning Global Epoch  = 161
Federated Unlearning Global Epoch  = 162
Federated Unlearning Global Epoch  = 163
Federated Unlearning Global Epoch  = 164
Federated Unlearning Global Epoch  = 165
Federated Unlearning Global Epoch  = 166
Federated Unlearning Global Epoch  = 167
Federated Unlearning Global Epoch  = 168
Federated Unlearning Global Epoch  = 169
Federated Unlearning Global Epoch  = 170
Federated Unlearning Global Epoch  = 171
Federated Unlearning Global Epoch  = 172
Federated Unlearning Global Epoch  = 173
Federated Unlearning Global Epoch  = 174
Federated Unlearning Global Epoch  = 175
Federated Unlearning Global Epoch  = 176
Federated Unlearning Global Epoch  = 177
Federated Unlearning Global Epoch  = 178
Federated Unlearning Global Epoch  = 179
Federated Unlearning Global Epoch  = 180
Federated Unlearning Global Epoch  = 181
Federated Unlearning Global Epoch  = 182
Federated Unlearning Global Epoch  = 183
Federated Unlearning Global Epoch  = 184
Federated Unlearning Global Epoch  = 185
Federated Unlearning Global Epoch  = 186
Federated Unlearning Global Epoch  = 187
Federated Unlearning Global Epoch  = 188
Federated Unlearning Global Epoch  = 189
Federated Unlearning Global Epoch  = 190
Federated Unlearning Global Epoch  = 191
Federated Unlearning Global Epoch  = 192
Federated Unlearning Global Epoch  = 193
Federated Unlearning Global Epoch  = 194
Federated Unlearning Global Epoch  = 195
Federated Unlearning Global Epoch  = 196
Federated Unlearning Global Epoch  = 197
Federated Unlearning Global Epoch  = 198
Federated Unlearning Global Epoch  = 199
Federated Unlearning Global Epoch  = 200
Federated Unlearning Global Epoch  = 201
Federated Unlearning Global Epoch  = 202
Federated Unlearning Global Epoch  = 203
Federated Unlearning Global Epoch  = 204
Federated Unlearning Global Epoch  = 205
Federated Unlearning Global Epoch  = 206
Federated Unlearning Global Epoch  = 207
Federated Unlearning Global Epoch  = 208
Federated Unlearning Global Epoch  = 209
Federated Unlearning Global Epoch  = 210
Federated Unlearning Global Epoch  = 211
Federated Unlearning Global Epoch  = 212
Federated Unlearning Global Epoch  = 213
Federated Unlearning Global Epoch  = 214
Federated Unlearning Global Epoch  = 215
Federated Unlearning Global Epoch  = 216
Federated Unlearning Global Epoch  = 217
Federated Unlearning Global Epoch  = 218
Federated Unlearning Global Epoch  = 219
Federated Unlearning Global Epoch  = 220
Federated Unlearning Global Epoch  = 221
Federated Unlearning Global Epoch  = 222
Federated Unlearning Global Epoch  = 223
Federated Unlearning Global Epoch  = 224
Federated Unlearning Global Epoch  = 225
Federated Unlearning Global Epoch  = 226
Federated Unlearning Global Epoch  = 227
Federated Unlearning Global Epoch  = 228
Federated Unlearning Global Epoch  = 229
Federated Unlearning Global Epoch  = 230
Federated Unlearning Global Epoch  = 231
Federated Unlearning Global Epoch  = 232
Federated Unlearning Global Epoch  = 233
Federated Unlearning Global Epoch  = 234
Federated Unlearning Global Epoch  = 235
Federated Unlearning Global Epoch  = 236
Federated Unlearning Global Epoch  = 237
Federated Unlearning Global Epoch  = 238
Federated Unlearning Global Epoch  = 239
Federated Unlearning Global Epoch  = 240
Federated Unlearning Global Epoch  = 241
Federated Unlearning Global Epoch  = 242
Federated Unlearning Global Epoch  = 243
Federated Unlearning Global Epoch  = 244
Federated Unlearning Global Epoch  = 245
Federated Unlearning Global Epoch  = 246
Federated Unlearning Global Epoch  = 247
Federated Unlearning Global Epoch  = 248
Federated Unlearning Global Epoch  = 249
Federated Unlearning Global Epoch  = 250
Federated Unlearning Global Epoch  = 251
Federated Unlearning Global Epoch  = 252
Federated Unlearning Global Epoch  = 253
Federated Unlearning Global Epoch  = 254
Federated Unlearning Global Epoch  = 255
Federated Unlearning Global Epoch  = 256
Federated Unlearning Global Epoch  = 257
Federated Unlearning Global Epoch  = 258
Federated Unlearning Global Epoch  = 259
Federated Unlearning Global Epoch  = 260
Federated Unlearning Global Epoch  = 261
Federated Unlearning Global Epoch  = 262
Federated Unlearning Global Epoch  = 263
Federated Unlearning Global Epoch  = 264
Federated Unlearning Global Epoch  = 265
Federated Unlearning Global Epoch  = 266
Federated Unlearning Global Epoch  = 267
Federated Unlearning Global Epoch  = 268
Federated Unlearning Global Epoch  = 269
Federated Unlearning Global Epoch  = 270
Federated Unlearning Global Epoch  = 271
Federated Unlearning Global Epoch  = 272
Federated Unlearning Global Epoch  = 273
Federated Unlearning Global Epoch  = 274
Federated Unlearning Global Epoch  = 275
Federated Unlearning Global Epoch  = 276
Federated Unlearning Global Epoch  = 277
Federated Unlearning Global Epoch  = 278
Federated Unlearning Global Epoch  = 279
Federated Unlearning Global Epoch  = 280
Federated Unlearning Global Epoch  = 281
Federated Unlearning Global Epoch  = 282
Federated Unlearning Global Epoch  = 283
Federated Unlearning Global Epoch  = 284
Federated Unlearning Global Epoch  = 285
Federated Unlearning Global Epoch  = 286
Federated Unlearning Global Epoch  = 287
Federated Unlearning Global Epoch  = 288
Federated Unlearning Global Epoch  = 289
Federated Unlearning Global Epoch  = 290
Federated Unlearning Global Epoch  = 291
Federated Unlearning Global Epoch  = 292
Federated Unlearning Global Epoch  = 293
Federated Unlearning Global Epoch  = 294
Federated Unlearning Global Epoch  = 295
Federated Unlearning Global Epoch  = 296
Federated Unlearning Global Epoch  = 297
Federated Unlearning Global Epoch  = 298
Federated Unlearning Global Epoch  = 299
Federated Unlearning Global Epoch  = 300
Federated Unlearning Global Epoch  = 301
Federated Unlearning Global Epoch  = 302
Federated Unlearning Global Epoch  = 303
Federated Unlearning Global Epoch  = 304
Federated Unlearning Global Epoch  = 305
Federated Unlearning Global Epoch  = 306
Federated Unlearning Global Epoch  = 307
Federated Unlearning Global Epoch  = 308
Federated Unlearning Global Epoch  = 309
Federated Unlearning Global Epoch  = 310
Federated Unlearning Global Epoch  = 311
Federated Unlearning Global Epoch  = 312
Federated Unlearning Global Epoch  = 313
Federated Unlearning Global Epoch  = 314
Federated Unlearning Global Epoch  = 315
Federated Unlearning Global Epoch  = 316
Federated Unlearning Global Epoch  = 317
Federated Unlearning Global Epoch  = 318
Federated Unlearning Global Epoch  = 319
Federated Unlearning Global Epoch  = 320
Federated Unlearning Global Epoch  = 321
Federated Unlearning Global Epoch  = 322
Federated Unlearning Global Epoch  = 323
Federated Unlearning Global Epoch  = 324
Federated Unlearning Global Epoch  = 325
Federated Unlearning Global Epoch  = 326
Federated Unlearning Global Epoch  = 327
Federated Unlearning Global Epoch  = 328
Federated Unlearning Global Epoch  = 329
Federated Unlearning Global Epoch  = 330
Federated Unlearning Global Epoch  = 331
Federated Unlearning Global Epoch  = 332
Federated Unlearning Global Epoch  = 333
Federated Unlearning Global Epoch  = 334
Federated Unlearning Global Epoch  = 335
Federated Unlearning Global Epoch  = 336
Federated Unlearning Global Epoch  = 337
Federated Unlearning Global Epoch  = 338
Federated Unlearning Global Epoch  = 339
Federated Unlearning Global Epoch  = 340
Federated Unlearning Global Epoch  = 341
Federated Unlearning Global Epoch  = 342
Federated Unlearning Global Epoch  = 343
Federated Unlearning Global Epoch  = 344
Federated Unlearning Global Epoch  = 345
Federated Unlearning Global Epoch  = 346
Federated Unlearning Global Epoch  = 347
Federated Unlearning Global Epoch  = 348
Federated Unlearning Global Epoch  = 349
Federated Unlearning Global Epoch  = 350
Federated Unlearning Global Epoch  = 351
Federated Unlearning Global Epoch  = 352
Federated Unlearning Global Epoch  = 353
Federated Unlearning Global Epoch  = 354
Federated Unlearning Global Epoch  = 355
Federated Unlearning Global Epoch  = 356
Federated Unlearning Global Epoch  = 357
Federated Unlearning Global Epoch  = 358
Federated Unlearning Global Epoch  = 359
Federated Unlearning Global Epoch  = 360
Federated Unlearning Global Epoch  = 361
Federated Unlearning Global Epoch  = 362
Federated Unlearning Global Epoch  = 363
Federated Unlearning Global Epoch  = 364
Federated Unlearning Global Epoch  = 365
Federated Unlearning Global Epoch  = 366
Federated Unlearning Global Epoch  = 367
Federated Unlearning Global Epoch  = 368
Federated Unlearning Global Epoch  = 369
Federated Unlearning Global Epoch  = 370
Federated Unlearning Global Epoch  = 371
Federated Unlearning Global Epoch  = 372
Federated Unlearning Global Epoch  = 373
Federated Unlearning Global Epoch  = 374
Federated Unlearning Global Epoch  = 375
Federated Unlearning Global Epoch  = 376
Federated Unlearning Global Epoch  = 377
Federated Unlearning Global Epoch  = 378
Federated Unlearning Global Epoch  = 379
Federated Unlearning Global Epoch  = 380
Federated Unlearning Global Epoch  = 381
Federated Unlearning Global Epoch  = 382
Federated Unlearning Global Epoch  = 383
Federated Unlearning Global Epoch  = 384
Federated Unlearning Global Epoch  = 385
Federated Unlearning Global Epoch  = 386
Federated Unlearning Global Epoch  = 387
Federated Unlearning Global Epoch  = 388
Federated Unlearning Global Epoch  = 389
Federated Unlearning Global Epoch  = 390
Federated Unlearning Global Epoch  = 391
Federated Unlearning Global Epoch  = 392
Federated Unlearning Global Epoch  = 393
Federated Unlearning Global Epoch  = 394
Federated Unlearning Global Epoch  = 395
Federated Unlearning Global Epoch  = 396
Federated Unlearning Global Epoch  = 397
Federated Unlearning Global Epoch  = 398
Federated Unlearning Global Epoch  = 399
Federated Unlearning Global Epoch  = 400
Federated Unlearning Global Epoch  = 401
Federated Unlearning Global Epoch  = 402
Federated Unlearning Global Epoch  = 403
Federated Unlearning Global Epoch  = 404
Federated Unlearning Global Epoch  = 405
Federated Unlearning Global Epoch  = 406
Federated Unlearning Global Epoch  = 407
Federated Unlearning Global Epoch  = 408
Federated Unlearning Global Epoch  = 409
Federated Unlearning Global Epoch  = 410
Federated Unlearning Global Epoch  = 411
Federated Unlearning Global Epoch  = 412
Federated Unlearning Global Epoch  = 413
Federated Unlearning Global Epoch  = 414
Federated Unlearning Global Epoch  = 415
Federated Unlearning Global Epoch  = 416
Federated Unlearning Global Epoch  = 417
Federated Unlearning Global Epoch  = 418
Federated Unlearning Global Epoch  = 419
Federated Unlearning Global Epoch  = 420
Federated Unlearning Global Epoch  = 421
Federated Unlearning Global Epoch  = 422
Federated Unlearning Global Epoch  = 423
Federated Unlearning Global Epoch  = 424
Federated Unlearning Global Epoch  = 425
Federated Unlearning Global Epoch  = 426
Federated Unlearning Global Epoch  = 427
Federated Unlearning Global Epoch  = 428
Federated Unlearning Global Epoch  = 429
Federated Unlearning Global Epoch  = 430
Federated Unlearning Global Epoch  = 431
Federated Unlearning Global Epoch  = 432
Federated Unlearning Global Epoch  = 433
Federated Unlearning Global Epoch  = 434
Federated Unlearning Global Epoch  = 435
Federated Unlearning Global Epoch  = 436
Federated Unlearning Global Epoch  = 437
Federated Unlearning Global Epoch  = 438
Federated Unlearning Global Epoch  = 439
Federated Unlearning Global Epoch  = 440
Federated Unlearning Global Epoch  = 441
Federated Unlearning Global Epoch  = 442
Federated Unlearning Global Epoch  = 443
Federated Unlearning Global Epoch  = 444
Federated Unlearning Global Epoch  = 445
Federated Unlearning Global Epoch  = 446
Federated Unlearning Global Epoch  = 447
Federated Unlearning Global Epoch  = 448
Federated Unlearning Global Epoch  = 449
Federated Unlearning Global Epoch  = 450
Federated Unlearning Global Epoch  = 451
Federated Unlearning Global Epoch  = 452
Federated Unlearning Global Epoch  = 453
Federated Unlearning Global Epoch  = 454
Federated Unlearning Global Epoch  = 455
Federated Unlearning Global Epoch  = 456
Federated Unlearning Global Epoch  = 457
Federated Unlearning Global Epoch  = 458
Federated Unlearning Global Epoch  = 459
Federated Unlearning Global Epoch  = 460
Federated Unlearning Global Epoch  = 461
Federated Unlearning Global Epoch  = 462
Federated Unlearning Global Epoch  = 463
Federated Unlearning Global Epoch  = 464
Federated Unlearning Global Epoch  = 465
Federated Unlearning Global Epoch  = 466
Federated Unlearning Global Epoch  = 467
Federated Unlearning Global Epoch  = 468
Federated Unlearning Global Epoch  = 469
Federated Unlearning Global Epoch  = 470
Federated Unlearning Global Epoch  = 471
Federated Unlearning Global Epoch  = 472
Federated Unlearning Global Epoch  = 473
Federated Unlearning Global Epoch  = 474
Federated Unlearning Global Epoch  = 475
Federated Unlearning Global Epoch  = 476
Federated Unlearning Global Epoch  = 477
Federated Unlearning Global Epoch  = 478
Federated Unlearning Global Epoch  = 479
Federated Unlearning Global Epoch  = 480
Federated Unlearning Global Epoch  = 481
Federated Unlearning Global Epoch  = 482
Federated Unlearning Global Epoch  = 483
Federated Unlearning Global Epoch  = 484
Federated Unlearning Global Epoch  = 485
Federated Unlearning Global Epoch  = 486
Federated Unlearning Global Epoch  = 487
Federated Unlearning Global Epoch  = 488
Federated Unlearning Global Epoch  = 489
Federated Unlearning Global Epoch  = 490
Federated Unlearning Global Epoch  = 491
Federated Unlearning Global Epoch  = 492
Federated Unlearning Global Epoch  = 493
Federated Unlearning Global Epoch  = 494
Federated Unlearning Global Epoch  = 495
Federated Unlearning Global Epoch  = 496
Federated Unlearning Global Epoch  = 497
Federated Unlearning Global Epoch  = 498
Federated Unlearning Global Epoch  = 499
Federated Unlearning Global Epoch  = 500
Federated Unlearning Global Epoch  = 501
Federated Unlearning Global Epoch  = 502
Federated Unlearning Global Epoch  = 503
Federated Unlearning Global Epoch  = 504
Federated Unlearning Global Epoch  = 505
Federated Unlearning Global Epoch  = 506
Federated Unlearning Global Epoch  = 507
Federated Unlearning Global Epoch  = 508
Federated Unlearning Global Epoch  = 509
Federated Unlearning Global Epoch  = 510
Federated Unlearning Global Epoch  = 511
Federated Unlearning Global Epoch  = 512
Federated Unlearning Global Epoch  = 513
Federated Unlearning Global Epoch  = 514
Federated Unlearning Global Epoch  = 515
Federated Unlearning Global Epoch  = 516
Federated Unlearning Global Epoch  = 517
Federated Unlearning Global Epoch  = 518
Federated Unlearning Global Epoch  = 519
Federated Unlearning Global Epoch  = 520
Federated Unlearning Global Epoch  = 521
Federated Unlearning Global Epoch  = 522
Federated Unlearning Global Epoch  = 523
Federated Unlearning Global Epoch  = 524
Federated Unlearning Global Epoch  = 525
Federated Unlearning Global Epoch  = 526
Federated Unlearning Global Epoch  = 527
Federated Unlearning Global Epoch  = 528
Federated Unlearning Global Epoch  = 529
Federated Unlearning Global Epoch  = 530
Federated Unlearning Global Epoch  = 531
Federated Unlearning Global Epoch  = 532
Federated Unlearning Global Epoch  = 533
Federated Unlearning Global Epoch  = 534
Federated Unlearning Global Epoch  = 535
Federated Unlearning Global Epoch  = 536
Federated Unlearning Global Epoch  = 537
Federated Unlearning Global Epoch  = 538
Federated Unlearning Global Epoch  = 539
Federated Unlearning Global Epoch  = 540
Federated Unlearning Global Epoch  = 541
Federated Unlearning Global Epoch  = 542
Federated Unlearning Global Epoch  = 543
Federated Unlearning Global Epoch  = 544
Federated Unlearning Global Epoch  = 545
Federated Unlearning Global Epoch  = 546
Federated Unlearning Global Epoch  = 547
Federated Unlearning Global Epoch  = 548
Federated Unlearning Global Epoch  = 549
Federated Unlearning Global Epoch  = 550
Federated Unlearning Global Epoch  = 551
Federated Unlearning Global Epoch  = 552
Federated Unlearning Global Epoch  = 553
Federated Unlearning Global Epoch  = 554
Federated Unlearning Global Epoch  = 555
Federated Unlearning Global Epoch  = 556
Federated Unlearning Global Epoch  = 557
Federated Unlearning Global Epoch  = 558
Federated Unlearning Global Epoch  = 559
Federated Unlearning Global Epoch  = 560
Federated Unlearning Global Epoch  = 561
Federated Unlearning Global Epoch  = 562
Federated Unlearning Global Epoch  = 563
Federated Unlearning Global Epoch  = 564
Federated Unlearning Global Epoch  = 565
Federated Unlearning Global Epoch  = 566
Federated Unlearning Global Epoch  = 567
Federated Unlearning Global Epoch  = 568
Federated Unlearning Global Epoch  = 569
Federated Unlearning Global Epoch  = 570
Federated Unlearning Global Epoch  = 571
Federated Unlearning Global Epoch  = 572
Federated Unlearning Global Epoch  = 573
Federated Unlearning Global Epoch  = 574
Federated Unlearning Global Epoch  = 575
Federated Unlearning Global Epoch  = 576
Federated Unlearning Global Epoch  = 577
Federated Unlearning Global Epoch  = 578
Federated Unlearning Global Epoch  = 579
Federated Unlearning Global Epoch  = 580
Federated Unlearning Global Epoch  = 581
Federated Unlearning Global Epoch  = 582
Federated Unlearning Global Epoch  = 583
Federated Unlearning Global Epoch  = 584
Federated Unlearning Global Epoch  = 585
Federated Unlearning Global Epoch  = 586
Federated Unlearning Global Epoch  = 587
Federated Unlearning Global Epoch  = 588
Federated Unlearning Global Epoch  = 589
Federated Unlearning Global Epoch  = 590
Federated Unlearning Global Epoch  = 591
Federated Unlearning Global Epoch  = 592
Federated Unlearning Global Epoch  = 593
Federated Unlearning Global Epoch  = 594
Federated Unlearning Global Epoch  = 595
Federated Unlearning Global Epoch  = 596
Federated Unlearning Global Epoch  = 597
Federated Unlearning Global Epoch  = 598
Federated Unlearning Global Epoch  = 599
split_clients [array([0, 1]), array([2, 3]), array([4, 5]), array([6, 7]), array([8, 9])]
Files already downloaded and verified
Files already downloaded and verified
batch_idx 0
Classes indices:  [3 5]
selected_client 5
Pruned sample index here: 5
Traceback (most recent call last):
  File "/Users/wangjiayi/Desktop/FedEraser-Code/Fed_Unlearn_main.py", line 229, in <module>
    Federated_Unlearning()
  File "/Users/wangjiayi/Desktop/FedEraser-Code/Fed_Unlearn_main.py", line 131, in Federated_Unlearning
    old_GMs, unlearn_GMs, uncali_unlearn_GMs, _ = federated_learning_unlearning(init_global_model,
  File "/Users/wangjiayi/Desktop/FedEraser-Code/Fed_Unlearn_base.py", line 188, in federated_learning_unlearning
    unlearn_GMs = total_variance.client_level_unlearning(old_GMs, old_CMs, client_loaders, test_loader, FL_params)
  File "/Users/wangjiayi/Desktop/FedEraser-Code/total_variance.py", line 226, in client_level_unlearning
    optimizer = optim.SGD(local_model.parameters(), lr=FL_params.local_lr)
AttributeError: 'list' object has no attribute 'parameters'
