============================================================
Step1. Federated Learning Settings 
 We use dataset: cifar10 for our Federated Unlearning experiment.

============================================================
Step2. Client data loaded, testing data loaded!!!
       Initial Model loaded!!!
Files already downloaded and verified
Files already downloaded and verified
============================================================
Step3. Fedearated Learning and Unlearning Training...
len of selected client loader, 12
#####  Federated Learning Start#####
Global Federated Learning epoch = 0
Global Federated Learning epoch = 1
Global Federated Learning epoch = 2
Global Federated Learning epoch = 3
Global Federated Learning epoch = 4
Global Federated Learning epoch = 5
Global Federated Learning epoch = 6
Global Federated Learning epoch = 7
Global Federated Learning epoch = 8
Global Federated Learning epoch = 9
Global Federated Learning epoch = 10
Global Federated Learning epoch = 11
Global Federated Learning epoch = 12
Global Federated Learning epoch = 13
Global Federated Learning epoch = 14
Global Federated Learning epoch = 15
Global Federated Learning epoch = 16
Global Federated Learning epoch = 17
Global Federated Learning epoch = 18
Global Federated Learning epoch = 19
#####  Federated Learning End#####


#####  Federated Unlearning Start  #####
#### Client-level Unlearning ####
Federated Unlearning Global Epoch  = 1
Federated Unlearning Global Epoch  = 2
Federated Unlearning Global Epoch  = 3
Federated Unlearning Global Epoch  = 4
Federated Unlearning Global Epoch  = 5
Federated Unlearning Global Epoch  = 6
Federated Unlearning Global Epoch  = 7
Federated Unlearning Global Epoch  = 8
Federated Unlearning Global Epoch  = 9
Federated Unlearning Global Epoch  = 10
Federated Unlearning Global Epoch  = 11
Federated Unlearning Global Epoch  = 12
Federated Unlearning Global Epoch  = 13
Federated Unlearning Global Epoch  = 14
Federated Unlearning Global Epoch  = 15
Federated Unlearning Global Epoch  = 16
Federated Unlearning Global Epoch  = 17
Federated Unlearning Global Epoch  = 18
Federated Unlearning Global Epoch  = 19
split_clients [array([0, 1]), array([2, 3]), array([4, 5]), array([6, 7]), array([8, 9])]
Files already downloaded and verified
Files already downloaded and verified
batch_idx 0
Classes indices:  [7 3]
selected_client 7
Pruned sample index here: 7
Updated global <class 'list'> 1 <class 'list'>
#####  Federated Fine-tuning Start#####
Unlearn a client
Global Federated Learning epoch = 0
Test Loss=0.0207, Test accuracy=0.2480
Unlearn a client
Global Federated Learning epoch = 1
Test Loss=0.0200, Test accuracy=0.3040
Unlearn a client
Global Federated Learning epoch = 2
Test Loss=0.0196, Test accuracy=0.3180
Unlearn a client
Global Federated Learning epoch = 3
Test Loss=0.0189, Test accuracy=0.3160
Unlearn a client
Global Federated Learning epoch = 4
Test Loss=0.0183, Test accuracy=0.3560
Unlearn a client
Global Federated Learning epoch = 5
Test Loss=0.0183, Test accuracy=0.3760
Unlearn a client
Global Federated Learning epoch = 6
Test Loss=0.0178, Test accuracy=0.3780
Unlearn a client
Global Federated Learning epoch = 7
Test Loss=0.0173, Test accuracy=0.4220
Unlearn a client
Global Federated Learning epoch = 8
Test Loss=0.0173, Test accuracy=0.4240
Unlearn a client
Global Federated Learning epoch = 9
Test Loss=0.0175, Test accuracy=0.4140
Unlearn a client
Global Federated Learning epoch = 10
Test Loss=0.0166, Test accuracy=0.4520
Unlearn a client
Global Federated Learning epoch = 11
Test Loss=0.0169, Test accuracy=0.4380
Unlearn a client
Global Federated Learning epoch = 12
Test Loss=0.0163, Test accuracy=0.4680
Unlearn a client
Global Federated Learning epoch = 13
Test Loss=0.0169, Test accuracy=0.4500
Unlearn a client
Global Federated Learning epoch = 14
Test Loss=0.0165, Test accuracy=0.4580
Unlearn a client
Global Federated Learning epoch = 15
Test Loss=0.0163, Test accuracy=0.4420
Unlearn a client
Global Federated Learning epoch = 16
Test Loss=0.0163, Test accuracy=0.4360
Unlearn a client
Global Federated Learning epoch = 17
Test Loss=0.0160, Test accuracy=0.4420
Unlearn a client
Global Federated Learning epoch = 18
Test Loss=0.0156, Test accuracy=0.4340
Unlearn a client
Global Federated Learning epoch = 19
Test Loss=0.0162, Test accuracy=0.4560
Fine-tuning train acc:0.4560
Fine-tuning train epoch:19
#####  Federated Fine-tuning End#####
#####  Federated Unlearning End  #####


#####  Federated Unlearning without Calibration Start  #####
FL_params.forget_client_idx:  7
Federated Unlearning without Clibration Global Epoch  = 0
Federated Unlearning without Clibration Global Epoch  = 1
Federated Unlearning without Clibration Global Epoch  = 2
Federated Unlearning without Clibration Global Epoch  = 3
Federated Unlearning without Clibration Global Epoch  = 4
Federated Unlearning without Clibration Global Epoch  = 5
Federated Unlearning without Clibration Global Epoch  = 6
Federated Unlearning without Clibration Global Epoch  = 7
Federated Unlearning without Clibration Global Epoch  = 8
Federated Unlearning without Clibration Global Epoch  = 9
Federated Unlearning without Clibration Global Epoch  = 10
Federated Unlearning without Clibration Global Epoch  = 11
Federated Unlearning without Clibration Global Epoch  = 12
Federated Unlearning without Clibration Global Epoch  = 13
Federated Unlearning without Clibration Global Epoch  = 14
Federated Unlearning without Clibration Global Epoch  = 15
Federated Unlearning without Clibration Global Epoch  = 16
Federated Unlearning without Clibration Global Epoch  = 17
Federated Unlearning without Clibration Global Epoch  = 18
Federated Unlearning without Clibration Global Epoch  = 19
Federated Unlearning Global Epoch  = 1
Federated Unlearning Global Epoch  = 2
Federated Unlearning Global Epoch  = 3
Federated Unlearning Global Epoch  = 4
Federated Unlearning Global Epoch  = 5
Federated Unlearning Global Epoch  = 6
Federated Unlearning Global Epoch  = 7
Federated Unlearning Global Epoch  = 8
Federated Unlearning Global Epoch  = 9
Federated Unlearning Global Epoch  = 10
Federated Unlearning Global Epoch  = 11
Federated Unlearning Global Epoch  = 12
Federated Unlearning Global Epoch  = 13
Federated Unlearning Global Epoch  = 14
Federated Unlearning Global Epoch  = 15
Federated Unlearning Global Epoch  = 16
Federated Unlearning Global Epoch  = 17
Federated Unlearning Global Epoch  = 18
Federated Unlearning Global Epoch  = 19
#####  Federated Unlearning without Calibration End  #####
 Learning time consuming = 46.24685716629028 secods
 Unlearning time consuming = 62.03044009208679 secods
 Unlearning no Cali time consuming = 0.06378817558288574 secods


#####  【Federated Retraining Start】  #####
Unlearn a client
Global Federated Learning epoch = 0
Test Loss=0.0095, Test accuracy=0.4599
Unlearn a client
Global Federated Learning epoch = 1
Test Loss=0.0094, Test accuracy=0.4661
Unlearn a client
Global Federated Learning epoch = 2
Test Loss=0.0094, Test accuracy=0.4685
Unlearn a client
Global Federated Learning epoch = 3
Test Loss=0.0093, Test accuracy=0.4695
Unlearn a client
Global Federated Learning epoch = 4
Test Loss=0.0093, Test accuracy=0.4735
Unlearn a client
Global Federated Learning epoch = 5
Test Loss=0.0093, Test accuracy=0.4750
Unlearn a client
Global Federated Learning epoch = 6
Test Loss=0.0093, Test accuracy=0.4749
Unlearn a client
Global Federated Learning epoch = 7
Test Loss=0.0092, Test accuracy=0.4761
Unlearn a client
Global Federated Learning epoch = 8
Test Loss=0.0092, Test accuracy=0.4756
Unlearn a client
Global Federated Learning epoch = 9
Test Loss=0.0092, Test accuracy=0.4763
Unlearn a client
Global Federated Learning epoch = 10
Test Loss=0.0092, Test accuracy=0.4776
Unlearn a client
Global Federated Learning epoch = 11
Test Loss=0.0092, Test accuracy=0.4780
Unlearn a client
Global Federated Learning epoch = 12
Test Loss=0.0092, Test accuracy=0.4780
Unlearn a client
Global Federated Learning epoch = 13
Test Loss=0.0092, Test accuracy=0.4817
Unlearn a client
Global Federated Learning epoch = 14
Test Loss=0.0092, Test accuracy=0.4792
Unlearn a client
Global Federated Learning epoch = 15
Test Loss=0.0091, Test accuracy=0.4826
Unlearn a client
Global Federated Learning epoch = 16
Test Loss=0.0091, Test accuracy=0.4828
Unlearn a client
Global Federated Learning epoch = 17
Test Loss=0.0091, Test accuracy=0.4837
Unlearn a client
Global Federated Learning epoch = 18
Test Loss=0.0091, Test accuracy=0.4825
Unlearn a client
Global Federated Learning epoch = 19
Test Loss=0.0091, Test accuracy=0.4847
#####  Federated Retraining End  #####
Retrain Time using = 69.71469497680664 seconds 3
Test Loss=0.0135, Test accuracy=0.2141
Test Loss=0.0135, Test accuracy=0.2123
Test Loss=0.0091, Test accuracy=0.4847
Test Loss=0.0099, Test accuracy=0.4592
FL_params.unlearn_client:  7
Test Loss=0.2072, Test accuracy=0.3966
Test Loss=0.2679, Test accuracy=0.1770
Test Loss=0.1955, Test accuracy=0.4346
Test Loss=0.2637, Test accuracy=0.2212
*****  Result Summary  *****
[FedEraser] Test set: Average loss = 1.55334991, Average acc = 0.4592
[FedAccum] Test set: Average loss = 2.12442175, Average acc = 0.2123
[FedRetrain] Test set: Average loss = 1.42616464, Average acc = 0.4847
[FedAvg] Test set: Average loss = 2.11573421, Average acc = 0.2141


[FedEraser] Target set: Average loss = 1.65774265, Average acc = 0.3966
[FedAccum] Target set: Average loss = 2.14338011, Average acc = 0.1770
[FedRetrain] Target set: Average loss = 1.56433572, Average acc = 0.4346
[FedAvg] Target set: Average loss = 2.10949665, Average acc = 0.2212
============================================================
Step4. Membership Inference Attack aganist GM...

Epoch  = -1
Attacking against FL Standard  
MIA Attacker accuracy = 0.6640
MIA Attacker precision = 0.9184
MIA Attacker recall = 0.3600
Attacking against FL Retrain  
MIA Attacker accuracy = 0.5060
MIA Attacker precision = 0.5086
MIA Attacker recall = 0.3540
Attacking against FL Unlearn  
MIA Attacker accuracy = 0.4920
MIA Attacker precision = 0.4900
MIA Attacker recall = 0.3920
Attacking against FL Unlearn without calibration  
MIA Attacker accuracy = 0.5340
MIA Attacker precision = 0.5518
MIA Attacker recall = 0.3620
