============================================================
Step1. Federated Learning Settings 
 We use dataset: cifar10 for our Federated Unlearning experiment.

============================================================
Step2. Client data loaded, testing data loaded!!!
       Initial Model loaded!!!
Files already downloaded and verified
Files already downloaded and verified
============================================================
Step3. Fedearated Learning and Unlearning Training...
len of selected client loader, 12
#####  Federated Learning Start#####
Global Federated Learning epoch = 0
Global Federated Learning epoch = 1
Global Federated Learning epoch = 2
Global Federated Learning epoch = 3
Global Federated Learning epoch = 4
Global Federated Learning epoch = 5
Global Federated Learning epoch = 6
Global Federated Learning epoch = 7
Global Federated Learning epoch = 8
Global Federated Learning epoch = 9
Global Federated Learning epoch = 10
Global Federated Learning epoch = 11
Global Federated Learning epoch = 12
Global Federated Learning epoch = 13
Global Federated Learning epoch = 14
Global Federated Learning epoch = 15
Global Federated Learning epoch = 16
Global Federated Learning epoch = 17
Global Federated Learning epoch = 18
Global Federated Learning epoch = 19
#####  Federated Learning End#####


#####  Federated Unlearning Start  #####
#### Client-level Unlearning ####
Federated Unlearning Global Epoch  = 1
Federated Unlearning Global Epoch  = 2
Federated Unlearning Global Epoch  = 3
Federated Unlearning Global Epoch  = 4
Federated Unlearning Global Epoch  = 5
Federated Unlearning Global Epoch  = 6
Federated Unlearning Global Epoch  = 7
Federated Unlearning Global Epoch  = 8
Federated Unlearning Global Epoch  = 9
Federated Unlearning Global Epoch  = 10
Federated Unlearning Global Epoch  = 11
Federated Unlearning Global Epoch  = 12
Federated Unlearning Global Epoch  = 13
Federated Unlearning Global Epoch  = 14
Federated Unlearning Global Epoch  = 15
Federated Unlearning Global Epoch  = 16
Federated Unlearning Global Epoch  = 17
Federated Unlearning Global Epoch  = 18
Federated Unlearning Global Epoch  = 19
split_clients [array([0, 1]), array([2, 3]), array([4, 5]), array([6, 7]), array([8, 9])]
Files already downloaded and verified
Files already downloaded and verified
batch_idx 0
Classes indices:  [7 3]
selected_client 7
Pruned sample index here: 7
Updated global <class 'list'> 1 <class 'list'>
#####  Federated Fine-tuning Start#####
Unlearn a client
Global Federated Learning epoch = 0
Test Loss=0.0210, Test accuracy=0.2560
Unlearn a client
Global Federated Learning epoch = 1
Test Loss=0.0205, Test accuracy=0.2640
Unlearn a client
Global Federated Learning epoch = 2
Test Loss=0.0201, Test accuracy=0.3060
Unlearn a client
Global Federated Learning epoch = 3
Test Loss=0.0195, Test accuracy=0.3220
Unlearn a client
Global Federated Learning epoch = 4
Test Loss=0.0189, Test accuracy=0.3480
Unlearn a client
Global Federated Learning epoch = 5
Test Loss=0.0189, Test accuracy=0.3340
Unlearn a client
Global Federated Learning epoch = 6
Test Loss=0.0187, Test accuracy=0.3500
Unlearn a client
Global Federated Learning epoch = 7
Test Loss=0.0185, Test accuracy=0.3620
Unlearn a client
Global Federated Learning epoch = 8
Test Loss=0.0181, Test accuracy=0.3480
Unlearn a client
Global Federated Learning epoch = 9
Test Loss=0.0181, Test accuracy=0.3800
Unlearn a client
Global Federated Learning epoch = 10
Test Loss=0.0182, Test accuracy=0.3280
Unlearn a client
Global Federated Learning epoch = 11
Test Loss=0.0176, Test accuracy=0.3760
Unlearn a client
Global Federated Learning epoch = 12
Test Loss=0.0175, Test accuracy=0.3880
Unlearn a client
Global Federated Learning epoch = 13
Test Loss=0.0177, Test accuracy=0.3560
Unlearn a client
Global Federated Learning epoch = 14
Test Loss=0.0176, Test accuracy=0.3560
Unlearn a client
Global Federated Learning epoch = 15
Test Loss=0.0171, Test accuracy=0.3960
Unlearn a client
Global Federated Learning epoch = 16
Test Loss=0.0171, Test accuracy=0.3920
Unlearn a client
Global Federated Learning epoch = 17
Test Loss=0.0174, Test accuracy=0.3840
Unlearn a client
Global Federated Learning epoch = 18
Test Loss=0.0174, Test accuracy=0.3920
Unlearn a client
Global Federated Learning epoch = 19
Test Loss=0.0172, Test accuracy=0.3500
Fine-tuning train acc:0.3500
Fine-tuning train epoch:19
#####  Federated Fine-tuning End#####
#####  Federated Unlearning End  #####


#####  Federated Unlearning without Calibration Start  #####
FL_params.forget_client_idx:  7
Federated Unlearning without Clibration Global Epoch  = 0
Federated Unlearning without Clibration Global Epoch  = 1
Federated Unlearning without Clibration Global Epoch  = 2
Federated Unlearning without Clibration Global Epoch  = 3
Federated Unlearning without Clibration Global Epoch  = 4
Federated Unlearning without Clibration Global Epoch  = 5
Federated Unlearning without Clibration Global Epoch  = 6
Federated Unlearning without Clibration Global Epoch  = 7
Federated Unlearning without Clibration Global Epoch  = 8
Federated Unlearning without Clibration Global Epoch  = 9
Federated Unlearning without Clibration Global Epoch  = 10
Federated Unlearning without Clibration Global Epoch  = 11
Federated Unlearning without Clibration Global Epoch  = 12
Federated Unlearning without Clibration Global Epoch  = 13
Federated Unlearning without Clibration Global Epoch  = 14
Federated Unlearning without Clibration Global Epoch  = 15
Federated Unlearning without Clibration Global Epoch  = 16
Federated Unlearning without Clibration Global Epoch  = 17
Federated Unlearning without Clibration Global Epoch  = 18
Federated Unlearning without Clibration Global Epoch  = 19
Federated Unlearning Global Epoch  = 1
Federated Unlearning Global Epoch  = 2
Federated Unlearning Global Epoch  = 3
Federated Unlearning Global Epoch  = 4
Federated Unlearning Global Epoch  = 5
Federated Unlearning Global Epoch  = 6
Federated Unlearning Global Epoch  = 7
Federated Unlearning Global Epoch  = 8
Federated Unlearning Global Epoch  = 9
Federated Unlearning Global Epoch  = 10
Federated Unlearning Global Epoch  = 11
Federated Unlearning Global Epoch  = 12
Federated Unlearning Global Epoch  = 13
Federated Unlearning Global Epoch  = 14
Federated Unlearning Global Epoch  = 15
Federated Unlearning Global Epoch  = 16
Federated Unlearning Global Epoch  = 17
Federated Unlearning Global Epoch  = 18
Federated Unlearning Global Epoch  = 19
#####  Federated Unlearning without Calibration End  #####
 Learning time consuming = 44.146788120269775 secods
 Unlearning time consuming = 55.501389026641846 secods
 Unlearning no Cali time consuming = 0.04644608497619629 secods


#####  【Federated Retraining Start】  #####
Unlearn a client
Global Federated Learning epoch = 0
Test Loss=0.0095, Test accuracy=0.4605
Unlearn a client
Global Federated Learning epoch = 1
Test Loss=0.0094, Test accuracy=0.4661
Unlearn a client
Global Federated Learning epoch = 2
Test Loss=0.0094, Test accuracy=0.4695
Unlearn a client
Global Federated Learning epoch = 3
Test Loss=0.0093, Test accuracy=0.4725
Unlearn a client
Global Federated Learning epoch = 4
Test Loss=0.0093, Test accuracy=0.4727
Unlearn a client
Global Federated Learning epoch = 5
Test Loss=0.0093, Test accuracy=0.4775
Unlearn a client
Global Federated Learning epoch = 6
Test Loss=0.0093, Test accuracy=0.4767
Unlearn a client
Global Federated Learning epoch = 7
Test Loss=0.0092, Test accuracy=0.4786
Unlearn a client
Global Federated Learning epoch = 8
Test Loss=0.0092, Test accuracy=0.4795
Unlearn a client
Global Federated Learning epoch = 9
Test Loss=0.0092, Test accuracy=0.4810
Unlearn a client
Global Federated Learning epoch = 10
Test Loss=0.0092, Test accuracy=0.4829
Unlearn a client
Global Federated Learning epoch = 11
Test Loss=0.0092, Test accuracy=0.4825
Unlearn a client
Global Federated Learning epoch = 12
Test Loss=0.0092, Test accuracy=0.4824
Unlearn a client
Global Federated Learning epoch = 13
Test Loss=0.0092, Test accuracy=0.4829
Unlearn a client
Global Federated Learning epoch = 14
Test Loss=0.0092, Test accuracy=0.4834
Unlearn a client
Global Federated Learning epoch = 15
Test Loss=0.0091, Test accuracy=0.4856
Unlearn a client
Global Federated Learning epoch = 16
Test Loss=0.0091, Test accuracy=0.4852
Unlearn a client
Global Federated Learning epoch = 17
Test Loss=0.0091, Test accuracy=0.4855
Unlearn a client
Global Federated Learning epoch = 18
Test Loss=0.0091, Test accuracy=0.4869
Unlearn a client
Global Federated Learning epoch = 19
Test Loss=0.0091, Test accuracy=0.4873
#####  Federated Retraining End  #####
Retrain Time using = 66.37529397010803 seconds 3
Test Loss=0.0135, Test accuracy=0.2453
Test Loss=0.0135, Test accuracy=0.2447
Test Loss=0.0091, Test accuracy=0.4870
Test Loss=0.0099, Test accuracy=0.4492
FL_params.unlearn_client:  7
Test Loss=0.2062, Test accuracy=0.3921
Test Loss=0.2695, Test accuracy=0.2306
Test Loss=0.1906, Test accuracy=0.4600
Test Loss=0.2665, Test accuracy=0.2437
*****  Result Summary  *****
[FedEraser] Test set: Average loss = 1.54793510, Average acc = 0.4492
[FedAccum] Test set: Average loss = 2.11952597, Average acc = 0.2447
[FedRetrain] Test set: Average loss = 1.42893149, Average acc = 0.4870
[FedAvg] Test set: Average loss = 2.11537816, Average acc = 0.2453


[FedEraser] Target set: Average loss = 1.64924739, Average acc = 0.3921
[FedAccum] Target set: Average loss = 2.15587431, Average acc = 0.2306
[FedRetrain] Target set: Average loss = 1.52465720, Average acc = 0.4600
[FedAvg] Target set: Average loss = 2.13166821, Average acc = 0.2437
============================================================
Step4. Membership Inference Attack aganist GM...

Epoch  = -1
Attacking against FL Standard  
MIA Attacker accuracy = 0.6800
MIA Attacker precision = 0.9639
MIA Attacker recall = 0.3740
Attacking against FL Retrain  
MIA Attacker accuracy = 0.5170
MIA Attacker precision = 0.5184
MIA Attacker recall = 0.4780
Attacking against FL Unlearn  
MIA Attacker accuracy = 0.5070
MIA Attacker precision = 0.5079
MIA Attacker recall = 0.4500
Attacking against FL Unlearn without calibration  
MIA Attacker accuracy = 0.5230
MIA Attacker precision = 0.5277
MIA Attacker recall = 0.4380
============================================================
Step1. Federated Learning Settings 
 We use dataset: cifar10 for our Federated Unlearning experiment.

============================================================
Step2. Client data loaded, testing data loaded!!!
       Initial Model loaded!!!
Files already downloaded and verified
Files already downloaded and verified
============================================================
Step3. Fedearated Learning and Unlearning Training...
len of selected client loader, 12
#####  Federated Learning Start#####
Global Federated Learning epoch = 0
Global Federated Learning epoch = 1
Global Federated Learning epoch = 2
Global Federated Learning epoch = 3
Global Federated Learning epoch = 4
Global Federated Learning epoch = 5
Global Federated Learning epoch = 6
Global Federated Learning epoch = 7
Global Federated Learning epoch = 8
Global Federated Learning epoch = 9
Global Federated Learning epoch = 10
Global Federated Learning epoch = 11
Global Federated Learning epoch = 12
Global Federated Learning epoch = 13
Global Federated Learning epoch = 14
Global Federated Learning epoch = 15
Global Federated Learning epoch = 16
Global Federated Learning epoch = 17
Global Federated Learning epoch = 18
Global Federated Learning epoch = 19
#####  Federated Learning End#####


#####  Federated Unlearning Start  #####
#### Client-level Unlearning ####
Federated Unlearning Global Epoch  = 1
Federated Unlearning Global Epoch  = 2
Federated Unlearning Global Epoch  = 3
Federated Unlearning Global Epoch  = 4
Federated Unlearning Global Epoch  = 5
Federated Unlearning Global Epoch  = 6
Federated Unlearning Global Epoch  = 7
Federated Unlearning Global Epoch  = 8
Federated Unlearning Global Epoch  = 9
Federated Unlearning Global Epoch  = 10
Federated Unlearning Global Epoch  = 11
Federated Unlearning Global Epoch  = 12
Federated Unlearning Global Epoch  = 13
Federated Unlearning Global Epoch  = 14
Federated Unlearning Global Epoch  = 15
Federated Unlearning Global Epoch  = 16
Federated Unlearning Global Epoch  = 17
Federated Unlearning Global Epoch  = 18
Federated Unlearning Global Epoch  = 19
split_clients [array([0, 1]), array([2, 3]), array([4, 5]), array([6, 7]), array([8, 9])]
Using downloaded and verified file: ./data/cifar-10-python.tar.gz
Extracting ./data/cifar-10-python.tar.gz to ./data
Files already downloaded and verified
batch_idx 0
Classes indices:  [7 3]
selected_client 7
Pruned sample index here: 7
Updated global <class 'list'> 1 <class 'list'>
#####  Federated Fine-tuning Start#####
Unlearn a client
Global Federated Learning epoch = 0
Test Loss=0.0212, Test accuracy=0.2280
Unlearn a client
Global Federated Learning epoch = 1
Test Loss=0.0206, Test accuracy=0.2500
Unlearn a client
Global Federated Learning epoch = 2
Test Loss=0.0197, Test accuracy=0.2820
Unlearn a client
Global Federated Learning epoch = 3
Test Loss=0.0193, Test accuracy=0.3100
Unlearn a client
Global Federated Learning epoch = 4
Test Loss=0.0193, Test accuracy=0.3100
Unlearn a client
Global Federated Learning epoch = 5
Test Loss=0.0185, Test accuracy=0.3820
Unlearn a client
Global Federated Learning epoch = 6
Test Loss=0.0181, Test accuracy=0.3620
Unlearn a client
Global Federated Learning epoch = 7
Test Loss=0.0179, Test accuracy=0.3720
Unlearn a client
Global Federated Learning epoch = 8
Test Loss=0.0175, Test accuracy=0.3620
Unlearn a client
Global Federated Learning epoch = 9
Test Loss=0.0175, Test accuracy=0.3340
Unlearn a client
Global Federated Learning epoch = 10
Test Loss=0.0171, Test accuracy=0.3820
Unlearn a client
Global Federated Learning epoch = 11
Test Loss=0.0169, Test accuracy=0.4080
Unlearn a client
Global Federated Learning epoch = 12
Test Loss=0.0169, Test accuracy=0.3700
Unlearn a client
Global Federated Learning epoch = 13
Test Loss=0.0168, Test accuracy=0.3700
Unlearn a client
Global Federated Learning epoch = 14
Test Loss=0.0164, Test accuracy=0.3940
Unlearn a client
Global Federated Learning epoch = 15
Test Loss=0.0166, Test accuracy=0.3860
Unlearn a client
Global Federated Learning epoch = 16
Test Loss=0.0164, Test accuracy=0.4080
Unlearn a client
Global Federated Learning epoch = 17
Test Loss=0.0161, Test accuracy=0.4120
Unlearn a client
Global Federated Learning epoch = 18
Test Loss=0.0162, Test accuracy=0.4120
Unlearn a client
Global Federated Learning epoch = 19
Test Loss=0.0162, Test accuracy=0.4380
Fine-tuning train acc:0.4380
Fine-tuning train epoch:19
#####  Federated Fine-tuning End#####
#####  Federated Unlearning End  #####


#####  Federated Unlearning without Calibration Start  #####
FL_params.forget_client_idx:  7
Federated Unlearning without Clibration Global Epoch  = 0
Federated Unlearning without Clibration Global Epoch  = 1
Federated Unlearning without Clibration Global Epoch  = 2
Federated Unlearning without Clibration Global Epoch  = 3
Federated Unlearning without Clibration Global Epoch  = 4
Federated Unlearning without Clibration Global Epoch  = 5
Federated Unlearning without Clibration Global Epoch  = 6
Federated Unlearning without Clibration Global Epoch  = 7
Federated Unlearning without Clibration Global Epoch  = 8
Federated Unlearning without Clibration Global Epoch  = 9
Federated Unlearning without Clibration Global Epoch  = 10
Federated Unlearning without Clibration Global Epoch  = 11
Federated Unlearning without Clibration Global Epoch  = 12
Federated Unlearning without Clibration Global Epoch  = 13
Federated Unlearning without Clibration Global Epoch  = 14
Federated Unlearning without Clibration Global Epoch  = 15
Federated Unlearning without Clibration Global Epoch  = 16
Federated Unlearning without Clibration Global Epoch  = 17
Federated Unlearning without Clibration Global Epoch  = 18
Federated Unlearning without Clibration Global Epoch  = 19
Federated Unlearning Global Epoch  = 1
Federated Unlearning Global Epoch  = 2
Federated Unlearning Global Epoch  = 3
Federated Unlearning Global Epoch  = 4
Federated Unlearning Global Epoch  = 5
Federated Unlearning Global Epoch  = 6
Federated Unlearning Global Epoch  = 7
Federated Unlearning Global Epoch  = 8
Federated Unlearning Global Epoch  = 9
Federated Unlearning Global Epoch  = 10
Federated Unlearning Global Epoch  = 11
Federated Unlearning Global Epoch  = 12
Federated Unlearning Global Epoch  = 13
Federated Unlearning Global Epoch  = 14
Federated Unlearning Global Epoch  = 15
Federated Unlearning Global Epoch  = 16
Federated Unlearning Global Epoch  = 17
Federated Unlearning Global Epoch  = 18
Federated Unlearning Global Epoch  = 19
#####  Federated Unlearning without Calibration End  #####
 Learning time consuming = 48.220736026763916 secods
 Unlearning time consuming = 418.1633858680725 secods
 Unlearning no Cali time consuming = 0.06675577163696289 secods


#####  【Federated Retraining Start】  #####
Unlearn a client
Global Federated Learning epoch = 0
Test Loss=0.0096, Test accuracy=0.4552
Unlearn a client
Global Federated Learning epoch = 1
Test Loss=0.0095, Test accuracy=0.4585
Unlearn a client
Global Federated Learning epoch = 2
Test Loss=0.0094, Test accuracy=0.4634
Unlearn a client
Global Federated Learning epoch = 3
Test Loss=0.0094, Test accuracy=0.4631
Unlearn a client
Global Federated Learning epoch = 4
Test Loss=0.0094, Test accuracy=0.4662
Unlearn a client
Global Federated Learning epoch = 5
Test Loss=0.0093, Test accuracy=0.4678
Unlearn a client
Global Federated Learning epoch = 6
Test Loss=0.0093, Test accuracy=0.4708
Unlearn a client
Global Federated Learning epoch = 7
Test Loss=0.0093, Test accuracy=0.4733
Unlearn a client
Global Federated Learning epoch = 8
Test Loss=0.0093, Test accuracy=0.4737
Unlearn a client
Global Federated Learning epoch = 9
Test Loss=0.0093, Test accuracy=0.4740
Unlearn a client
Global Federated Learning epoch = 10
Test Loss=0.0093, Test accuracy=0.4768
Unlearn a client
Global Federated Learning epoch = 11
Test Loss=0.0092, Test accuracy=0.4754
Unlearn a client
Global Federated Learning epoch = 12
Test Loss=0.0092, Test accuracy=0.4768
Unlearn a client
Global Federated Learning epoch = 13
Test Loss=0.0092, Test accuracy=0.4780
Unlearn a client
Global Federated Learning epoch = 14
Test Loss=0.0092, Test accuracy=0.4763
Unlearn a client
Global Federated Learning epoch = 15
Test Loss=0.0092, Test accuracy=0.4810
Unlearn a client
Global Federated Learning epoch = 16
Test Loss=0.0092, Test accuracy=0.4777
Unlearn a client
Global Federated Learning epoch = 17
Test Loss=0.0092, Test accuracy=0.4795
Unlearn a client
Global Federated Learning epoch = 18
Test Loss=0.0092, Test accuracy=0.4832
Unlearn a client
Global Federated Learning epoch = 19
Test Loss=0.0091, Test accuracy=0.4828
#####  Federated Retraining End  #####
Retrain Time using = 66.37886714935303 seconds 3
Test Loss=0.0134, Test accuracy=0.2238
Test Loss=0.0135, Test accuracy=0.1956
Test Loss=0.0091, Test accuracy=0.4837
Test Loss=0.0098, Test accuracy=0.4524
FL_params.unlearn_client:  7
Test Loss=0.2060, Test accuracy=0.4025
Test Loss=0.2688, Test accuracy=0.1792
Test Loss=0.1909, Test accuracy=0.4414
Test Loss=0.2657, Test accuracy=0.2013
*****  Result Summary  *****
[FedEraser] Test set: Average loss = 1.54191889, Average acc = 0.4524
[FedAccum] Test set: Average loss = 2.12493191, Average acc = 0.1956
[FedRetrain] Test set: Average loss = 1.43511146, Average acc = 0.4837
[FedAvg] Test set: Average loss = 2.11153886, Average acc = 0.2238


[FedEraser] Target set: Average loss = 1.64774798, Average acc = 0.4025
[FedAccum] Target set: Average loss = 2.15029219, Average acc = 0.1792
[FedRetrain] Target set: Average loss = 1.52685043, Average acc = 0.4414
[FedAvg] Target set: Average loss = 2.12533349, Average acc = 0.2013
============================================================
Step4. Membership Inference Attack aganist GM...

Epoch  = -1
Attacking against FL Standard  
MIA Attacker accuracy = 0.6400
MIA Attacker precision = 0.8977
MIA Attacker recall = 0.3160
Attacking against FL Retrain  
MIA Attacker accuracy = 0.4920
MIA Attacker precision = 0.4894
MIA Attacker recall = 0.3700
Attacking against FL Unlearn  
MIA Attacker accuracy = 0.5120
MIA Attacker precision = 0.5178
MIA Attacker recall = 0.3500
Attacking against FL Unlearn without calibration  
MIA Attacker accuracy = 0.5010
MIA Attacker precision = 0.5022
MIA Attacker recall = 0.2320
