/opt/miniconda3/envs/fedEdge/lib/python3.9/site-packages/torchtext/data/__init__.py:4: UserWarning: 
/!\ IMPORTANT WARNING ABOUT TORCHTEXT STATUS /!\ 
Torchtext is deprecated and the last released version will be 0.18 (this one). You can silence this warning by calling the following at the beginnign of your scripts: `import torchtext; torchtext.disable_torchtext_deprecation_warning()`
  warnings.warn(torchtext._TORCHTEXT_DEPRECATION_MSG)
/opt/miniconda3/envs/fedEdge/lib/python3.9/site-packages/torchtext/vocab/__init__.py:4: UserWarning: 
/!\ IMPORTANT WARNING ABOUT TORCHTEXT STATUS /!\ 
Torchtext is deprecated and the last released version will be 0.18 (this one). You can silence this warning by calling the following at the beginnign of your scripts: `import torchtext; torchtext.disable_torchtext_deprecation_warning()`
  warnings.warn(torchtext._TORCHTEXT_DEPRECATION_MSG)
/opt/miniconda3/envs/fedEdge/lib/python3.9/site-packages/torchtext/utils.py:4: UserWarning: 
/!\ IMPORTANT WARNING ABOUT TORCHTEXT STATUS /!\ 
Torchtext is deprecated and the last released version will be 0.18 (this one). You can silence this warning by calling the following at the beginnign of your scripts: `import torchtext; torchtext.disable_torchtext_deprecation_warning()`
  warnings.warn(torchtext._TORCHTEXT_DEPRECATION_MSG)
============================================================
Step1. Federated Learning Settings 
 We use dataset: cifar10 for our Federated Unlearning experiment.

============================================================
Step2. Client data loaded, testing data loaded!!!
       Initial Model loaded!!!
Files already downloaded and verified
Files already downloaded and verified
============================================================
Step3. Fedearated Learning and Unlearning Training...
len of selected client loader, 10
#####  Federated Learning Start#####
 Learning time consuming = 1.1920928955078125e-06 secods
#####  Federated Learning End#####


#####  Federated Unlearning Start  #####
#### Client-level Unlearning ####
-------Using pre-trained model------
K, b:  2 1
split_clients [array([0, 1]), array([2, 3]), array([4, 5]), array([6, 7]), array([8, 9])]
Files already downloaded and verified
Files already downloaded and verified
single tfidf Selected least important clients: [0, 3]
Forget Client Index: [1, 9]
Client chosen by MoE:  [1, 9]
Initial model type <class 'moe.MoE'> MoE(
  (experts): ModuleList(
    (0-9): 10 x Net_cifar10(
      (conv1): Conv2d(3, 6, kernel_size=(5, 5), stride=(1, 1))
      (pool): MaxPool2d(kernel_size=2, stride=2, padding=0, dilation=1, ceil_mode=False)
      (conv2): Conv2d(6, 16, kernel_size=(5, 5), stride=(1, 1))
      (fc1): Linear(in_features=400, out_features=120, bias=True)
      (fc2): Linear(in_features=120, out_features=84, bias=True)
      (fc3): Linear(in_features=84, out_features=10, bias=True)
    )
  )
  (softplus): Softplus(beta=1.0, threshold=20.0)
  (softmax): Softmax(dim=1)
)
Remove one [0, 2, 3, 4, 5, 6, 7, 8]
Updated global [[MoE(
  (experts): ModuleList(
    (0-9): 10 x Net_cifar10(
      (conv1): Conv2d(3, 6, kernel_size=(5, 5), stride=(1, 1))
      (pool): MaxPool2d(kernel_size=2, stride=2, padding=0, dilation=1, ceil_mode=False)
      (conv2): Conv2d(6, 16, kernel_size=(5, 5), stride=(1, 1))
      (fc1): Linear(in_features=400, out_features=120, bias=True)
      (fc2): Linear(in_features=120, out_features=84, bias=True)
      (fc3): Linear(in_features=84, out_features=10, bias=True)
    )
  )
  (softplus): Softplus(beta=1.0, threshold=20.0)
  (softmax): Softmax(dim=1)
)]] <class 'list'> 1 <class 'list'>
#####  Federated Fine-tuning Start#####
Global Federated Learning epoch = 0
Test Loss=0.0138, Test accuracy=0.2167
Test Loss=0.0044, Test accuracy=0.1600
Global Federated Learning epoch = 1
Test Loss=0.0134, Test accuracy=0.2204
Test Loss=0.0043, Test accuracy=0.1940
Global Federated Learning epoch = 2
Test Loss=0.0133, Test accuracy=0.2186
Test Loss=0.0042, Test accuracy=0.2020
Global Federated Learning epoch = 3
Test Loss=0.0132, Test accuracy=0.2244
Test Loss=0.0041, Test accuracy=0.2160
Global Federated Learning epoch = 4
Test Loss=0.0130, Test accuracy=0.2307
Test Loss=0.0042, Test accuracy=0.2300
Global Federated Learning epoch = 5
Test Loss=0.0129, Test accuracy=0.2265
Test Loss=0.0041, Test accuracy=0.2320
Global Federated Learning epoch = 6
Test Loss=0.0129, Test accuracy=0.2289
Test Loss=0.0041, Test accuracy=0.2240
Global Federated Learning epoch = 7
Test Loss=0.0128, Test accuracy=0.2297
Test Loss=0.0041, Test accuracy=0.2200
Global Federated Learning epoch = 8
Test Loss=0.0126, Test accuracy=0.2572
Test Loss=0.0040, Test accuracy=0.2040
Global Federated Learning epoch = 9
Test Loss=0.0125, Test accuracy=0.2570
Test Loss=0.0040, Test accuracy=0.2360
Global Federated Learning epoch = 10
Test Loss=0.0124, Test accuracy=0.2636
Test Loss=0.0040, Test accuracy=0.2660
Global Federated Learning epoch = 11
Test Loss=0.0124, Test accuracy=0.2577
Test Loss=0.0040, Test accuracy=0.2700
Global Federated Learning epoch = 12
Test Loss=0.0123, Test accuracy=0.2624
Test Loss=0.0040, Test accuracy=0.2440
Global Federated Learning epoch = 13
Test Loss=0.0123, Test accuracy=0.2606
Test Loss=0.0039, Test accuracy=0.2720
Global Federated Learning epoch = 14
Test Loss=0.0122, Test accuracy=0.2699
Test Loss=0.0039, Test accuracy=0.2680
Global Federated Learning epoch = 15
Test Loss=0.0122, Test accuracy=0.2686
Test Loss=0.0039, Test accuracy=0.2500
Global Federated Learning epoch = 16
Test Loss=0.0122, Test accuracy=0.2802
Test Loss=0.0039, Test accuracy=0.2700
Global Federated Learning epoch = 17
Test Loss=0.0120, Test accuracy=0.2795
Test Loss=0.0038, Test accuracy=0.2560
Global Federated Learning epoch = 18
Test Loss=0.0122, Test accuracy=0.2583
Test Loss=0.0039, Test accuracy=0.2620
Global Federated Learning epoch = 19
Test Loss=0.0121, Test accuracy=0.2674
Test Loss=0.0038, Test accuracy=0.2380
Fine-tuning train acc:0.2380
Fine-tuning train epoch:19
#####  Federated Fine-tuning End#####
 Client-level Unlearning time consuming = 1921.7051417827606 secods
#####  Federated Unlearning End  #####


#####  Federated Retraining Start  #####
Global Federated Learning epoch = 0
Test Loss=0.0120, Test accuracy=0.2676
Global Federated Learning epoch = 1
Test Loss=0.0120, Test accuracy=0.2701
Global Federated Learning epoch = 2
Test Loss=0.0120, Test accuracy=0.2731
Global Federated Learning epoch = 3
Test Loss=0.0120, Test accuracy=0.2746
Global Federated Learning epoch = 4
Test Loss=0.0120, Test accuracy=0.2759
Global Federated Learning epoch = 5
Test Loss=0.0120, Test accuracy=0.2789
Global Federated Learning epoch = 6
Test Loss=0.0120, Test accuracy=0.2794
Global Federated Learning epoch = 7
Test Loss=0.0119, Test accuracy=0.2795
Global Federated Learning epoch = 8
Test Loss=0.0119, Test accuracy=0.2803
Global Federated Learning epoch = 9
Test Loss=0.0119, Test accuracy=0.2809
Global Federated Learning epoch = 10
Test Loss=0.0119, Test accuracy=0.2822
Global Federated Learning epoch = 11
Test Loss=0.0119, Test accuracy=0.2827
Global Federated Learning epoch = 12
Test Loss=0.0119, Test accuracy=0.2847
Global Federated Learning epoch = 13
Test Loss=0.0119, Test accuracy=0.2858
Global Federated Learning epoch = 14
Test Loss=0.0118, Test accuracy=0.2872
Global Federated Learning epoch = 15
Test Loss=0.0118, Test accuracy=0.2890
Global Federated Learning epoch = 16
Test Loss=0.0118, Test accuracy=0.2890
Global Federated Learning epoch = 17
Test Loss=0.0118, Test accuracy=0.2901
Global Federated Learning epoch = 18
Test Loss=0.0118, Test accuracy=0.2906
Global Federated Learning epoch = 19
Test Loss=0.0118, Test accuracy=0.2917
#####  Federated Retraining End  #####
Retrain Time using = 288.70825481414795 seconds 3
Test Loss=0.0147, Test accuracy=0.0998
Test Loss=0.0118, Test accuracy=0.2917
Test Loss=0.0121, Test accuracy=0.2674
FL_params.unlearn_client:  [1, 9]
Test Loss=0.2366, Test accuracy=0.2860
Test Loss=0.2388, Test accuracy=0.2680
Test Loss=0.2337, Test accuracy=0.2940
Test Loss=0.2885, Test accuracy=0.0920
*****  Result Summary  *****
[FedPruner] Test set: Average loss = 1.89222428, Average acc = 0.2674
[FedRetrain] Test set: Average loss = 1.84898545, Average acc = 0.2917
[FedAvg] Test set: Average loss = 2.30318177, Average acc = 0.0998


[FedPruner] Target set: Average loss = 1.91079691, Average acc = 0.2680
[FedRetrain] Target set: Average loss = 1.86940625, Average acc = 0.2940
[FedAvg] Target set: Average loss = 2.30801111, Average acc = 0.0920
============================================================
Step4. Membership Inference Attack aganist GM...

Epoch  = -1
Attacking against FL Standard  
MIA Attacker accuracy = 0.6430
MIA Attacker precision = 0.9181
MIA Attacker recall = 0.3140
Attacking against FL Retrain  
MIA Attacker accuracy = 0.5495
MIA Attacker precision = 0.5576
MIA Attacker recall = 0.4790
Attacking against FL Client Unlearn  
MIA Attacker accuracy = 0.5280
MIA Attacker precision = 0.5326
MIA Attacker recall = 0.4570
