/opt/miniconda3/envs/fedEdge/lib/python3.9/site-packages/torchtext/data/__init__.py:4: UserWarning: 
/!\ IMPORTANT WARNING ABOUT TORCHTEXT STATUS /!\ 
Torchtext is deprecated and the last released version will be 0.18 (this one). You can silence this warning by calling the following at the beginnign of your scripts: `import torchtext; torchtext.disable_torchtext_deprecation_warning()`
  warnings.warn(torchtext._TORCHTEXT_DEPRECATION_MSG)
/opt/miniconda3/envs/fedEdge/lib/python3.9/site-packages/torchtext/vocab/__init__.py:4: UserWarning: 
/!\ IMPORTANT WARNING ABOUT TORCHTEXT STATUS /!\ 
Torchtext is deprecated and the last released version will be 0.18 (this one). You can silence this warning by calling the following at the beginnign of your scripts: `import torchtext; torchtext.disable_torchtext_deprecation_warning()`
  warnings.warn(torchtext._TORCHTEXT_DEPRECATION_MSG)
/opt/miniconda3/envs/fedEdge/lib/python3.9/site-packages/torchtext/utils.py:4: UserWarning: 
/!\ IMPORTANT WARNING ABOUT TORCHTEXT STATUS /!\ 
Torchtext is deprecated and the last released version will be 0.18 (this one). You can silence this warning by calling the following at the beginnign of your scripts: `import torchtext; torchtext.disable_torchtext_deprecation_warning()`
  warnings.warn(torchtext._TORCHTEXT_DEPRECATION_MSG)
============================================================
Step1. Federated Learning Settings 
 We use dataset: cifar10 for our Federated Unlearning experiment.

We set rouc =  0.2 , K =  2  and M =  3000  with  20 epochs fine tuning 
============================================================
Step2. Client data loaded, testing data loaded!!!
       Initial Model loaded!!!
Files already downloaded and verified
Files already downloaded and verified
============================================================
Step3. Fedearated Learning and Unlearning Training...
len of selected client loader, 10
#####  Federated Learning Start#####
 Learning time consuming = 1.1920928955078125e-06 secods
#####  Federated Learning End#####


#####  Federated Unlearning Start  #####
#### Client-level Unlearning ####
-------Using pre-trained model------
K, b:  2 1
split_clients [array([0, 1]), array([2, 3]), array([4, 5]), array([6, 7]), array([8, 9])]
Files already downloaded and verified
Files already downloaded and verified
single tfidf Selected least important clients: [0, 3]
Forget Client Index: [2, 1, 9, 7]
Client chosen by MoE:  [2, 1, 9, 7]
Initial model type <class 'moe.MoE'> MoE(
  (experts): ModuleList(
    (0-9): 10 x Net_cifar10(
      (conv1): Conv2d(3, 6, kernel_size=(5, 5), stride=(1, 1))
      (pool): MaxPool2d(kernel_size=2, stride=2, padding=0, dilation=1, ceil_mode=False)
      (conv2): Conv2d(6, 16, kernel_size=(5, 5), stride=(1, 1))
      (fc1): Linear(in_features=400, out_features=120, bias=True)
      (fc2): Linear(in_features=120, out_features=84, bias=True)
      (fc3): Linear(in_features=84, out_features=10, bias=True)
    )
  )
  (softplus): Softplus(beta=1.0, threshold=20.0)
  (softmax): Softmax(dim=1)
)
Remove one [0, 3, 4, 5, 6, 8]
Updated global [[MoE(
  (experts): ModuleList(
    (0-9): 10 x Net_cifar10(
      (conv1): Conv2d(3, 6, kernel_size=(5, 5), stride=(1, 1))
      (pool): MaxPool2d(kernel_size=2, stride=2, padding=0, dilation=1, ceil_mode=False)
      (conv2): Conv2d(6, 16, kernel_size=(5, 5), stride=(1, 1))
      (fc1): Linear(in_features=400, out_features=120, bias=True)
      (fc2): Linear(in_features=120, out_features=84, bias=True)
      (fc3): Linear(in_features=84, out_features=10, bias=True)
    )
  )
  (softplus): Softplus(beta=1.0, threshold=20.0)
  (softmax): Softmax(dim=1)
)]] <class 'list'> 1 <class 'list'>
#####  Federated Fine-tuning Start#####
Global Federated Learning epoch = 0
Test Loss=0.0139, Test accuracy=0.1854
Test Loss=0.0044, Test accuracy=0.1760
Global Federated Learning epoch = 1
Test Loss=0.0136, Test accuracy=0.2230
Test Loss=0.0043, Test accuracy=0.2140
Global Federated Learning epoch = 2
Test Loss=0.0135, Test accuracy=0.1994
Test Loss=0.0042, Test accuracy=0.1860
Global Federated Learning epoch = 3
Test Loss=0.0134, Test accuracy=0.2284
Test Loss=0.0042, Test accuracy=0.2300
Global Federated Learning epoch = 4
Test Loss=0.0131, Test accuracy=0.2532
Test Loss=0.0041, Test accuracy=0.2820
Global Federated Learning epoch = 5
Test Loss=0.0132, Test accuracy=0.2313
Test Loss=0.0041, Test accuracy=0.2220
Global Federated Learning epoch = 6
Test Loss=0.0129, Test accuracy=0.2483
Test Loss=0.0041, Test accuracy=0.2780
Global Federated Learning epoch = 7
Test Loss=0.0129, Test accuracy=0.2385
Test Loss=0.0041, Test accuracy=0.2400
Global Federated Learning epoch = 8
Test Loss=0.0129, Test accuracy=0.2457
Test Loss=0.0040, Test accuracy=0.2620
Global Federated Learning epoch = 9
Test Loss=0.0126, Test accuracy=0.2649
Test Loss=0.0040, Test accuracy=0.2720
Global Federated Learning epoch = 10
Test Loss=0.0127, Test accuracy=0.2520
Test Loss=0.0040, Test accuracy=0.2360
Global Federated Learning epoch = 11
Test Loss=0.0129, Test accuracy=0.2393
Test Loss=0.0041, Test accuracy=0.2420
Global Federated Learning epoch = 12
Test Loss=0.0129, Test accuracy=0.2302
Test Loss=0.0041, Test accuracy=0.2080
Global Federated Learning epoch = 13
Test Loss=0.0127, Test accuracy=0.2527
Test Loss=0.0040, Test accuracy=0.2480
Global Federated Learning epoch = 14
Test Loss=0.0126, Test accuracy=0.2501
Test Loss=0.0040, Test accuracy=0.2580
Global Federated Learning epoch = 15
Test Loss=0.0125, Test accuracy=0.2550
Test Loss=0.0040, Test accuracy=0.2420
Global Federated Learning epoch = 16
Test Loss=0.0124, Test accuracy=0.2769
Test Loss=0.0039, Test accuracy=0.2920
Global Federated Learning epoch = 17
Test Loss=0.0124, Test accuracy=0.2954
Test Loss=0.0039, Test accuracy=0.3040
Global Federated Learning epoch = 18
Test Loss=0.0123, Test accuracy=0.2850
Test Loss=0.0038, Test accuracy=0.3080
Global Federated Learning epoch = 19
Test Loss=0.0124, Test accuracy=0.2797
Test Loss=0.0038, Test accuracy=0.2780
Fine-tuning train acc:0.2780
Fine-tuning train epoch:19
#####  Federated Fine-tuning End#####
 Client-level Unlearning time consuming = 1650.1970357894897 secods
#####  Federated Unlearning End  #####


#####  Federated Retraining Start  #####
Global Federated Learning epoch = 0
Test Loss=0.0123, Test accuracy=0.2805
Global Federated Learning epoch = 1
Test Loss=0.0123, Test accuracy=0.2814
Global Federated Learning epoch = 2
Test Loss=0.0123, Test accuracy=0.2816
Global Federated Learning epoch = 3
Test Loss=0.0123, Test accuracy=0.2837
Global Federated Learning epoch = 4
Test Loss=0.0123, Test accuracy=0.2851
Global Federated Learning epoch = 5
Test Loss=0.0122, Test accuracy=0.2862
Global Federated Learning epoch = 6
Test Loss=0.0122, Test accuracy=0.2888
Global Federated Learning epoch = 7
Test Loss=0.0122, Test accuracy=0.2919
Global Federated Learning epoch = 8
Test Loss=0.0122, Test accuracy=0.2937
Global Federated Learning epoch = 9
Test Loss=0.0122, Test accuracy=0.2947
Global Federated Learning epoch = 10
Test Loss=0.0121, Test accuracy=0.2968
Global Federated Learning epoch = 11
Test Loss=0.0121, Test accuracy=0.2984
Global Federated Learning epoch = 12
Test Loss=0.0121, Test accuracy=0.2988
Global Federated Learning epoch = 13
Test Loss=0.0121, Test accuracy=0.3016
Global Federated Learning epoch = 14
Test Loss=0.0121, Test accuracy=0.3032
Global Federated Learning epoch = 15
Test Loss=0.0120, Test accuracy=0.3048
Global Federated Learning epoch = 16
Test Loss=0.0120, Test accuracy=0.3058
Global Federated Learning epoch = 17
Test Loss=0.0120, Test accuracy=0.3061
Global Federated Learning epoch = 18
Test Loss=0.0120, Test accuracy=0.3087
Global Federated Learning epoch = 19
Test Loss=0.0120, Test accuracy=0.3091
#####  Federated Retraining End  #####
Retrain Time using = 301.7300090789795 seconds 3
Test Loss=0.0147, Test accuracy=0.0998
Test Loss=0.0120, Test accuracy=0.3091
Test Loss=0.0124, Test accuracy=0.2797
FL_params.unlearn_client:  [2, 1, 9, 7]
Test Loss=0.2453, Test accuracy=0.2380
Test Loss=0.2431, Test accuracy=0.3000
Test Loss=0.2408, Test accuracy=0.2720
Test Loss=0.2439, Test accuracy=0.2580
Test Loss=0.2356, Test accuracy=0.2980
Test Loss=0.2876, Test accuracy=0.0900
*****  Result Summary  *****
[FedPruner] Test set: Average loss = 1.94337855, Average acc = 0.2797
[FedRetrain] Test set: Average loss = 1.87888443, Average acc = 0.3091
[FedAvg] Test set: Average loss = 2.30318177, Average acc = 0.0998


[FedPruner] Target set: Average loss = 1.95103697, Average acc = 0.2580
[FedRetrain] Target set: Average loss = 1.88441569, Average acc = 0.2980
[FedAvg] Target set: Average loss = 2.30058140, Average acc = 0.0900
============================================================
Step4. Membership Inference Attack aganist GM...

Epoch  = -1
Attacking against FL Standard  
MIA Attacker accuracy = 0.6432
MIA Attacker precision = 0.9387
MIA Attacker recall = 0.3065
Attacking against FL Retrain  
MIA Attacker accuracy = 0.4925
MIA Attacker precision = 0.4661
MIA Attacker recall = 0.1030
Attacking against FL Client Unlearn  
MIA Attacker accuracy = 0.4950
MIA Attacker precision = 0.4832
MIA Attacker recall = 0.1440
