============================================================
Step1. Federated Learning Settings 
 We use dataset: cifar10 for our Federated Unlearning experiment.

============================================================
Step2. Client data loaded, testing data loaded!!!
       Initial Model loaded!!!
Files already downloaded and verified
Files already downloaded and verified
============================================================
Step3. Fedearated Learning and Unlearning Training...
Files already downloaded and verified
Files already downloaded and verified
len of selected client loader, 12
#####  Federated Learning Start#####
Global Federated Learning epoch = 0
Global Federated Learning epoch = 1
Global Federated Learning epoch = 2
Global Federated Learning epoch = 3
Global Federated Learning epoch = 4
Global Federated Learning epoch = 5
Global Federated Learning epoch = 6
Global Federated Learning epoch = 7
Global Federated Learning epoch = 8
Global Federated Learning epoch = 9
Global Federated Learning epoch = 10
Global Federated Learning epoch = 11
Global Federated Learning epoch = 12
Global Federated Learning epoch = 13
Global Federated Learning epoch = 14
Global Federated Learning epoch = 15
Global Federated Learning epoch = 16
Global Federated Learning epoch = 17
Global Federated Learning epoch = 18
Global Federated Learning epoch = 19
#####  Federated Learning End#####


#####  Federated Unlearning Start  #####
#### Client-level Unlearning ####
Federated Unlearning Global Epoch  = 1
Federated Unlearning Global Epoch  = 2
Federated Unlearning Global Epoch  = 3
Federated Unlearning Global Epoch  = 4
Federated Unlearning Global Epoch  = 5
Federated Unlearning Global Epoch  = 6
Federated Unlearning Global Epoch  = 7
Federated Unlearning Global Epoch  = 8
Federated Unlearning Global Epoch  = 9
Federated Unlearning Global Epoch  = 10
Federated Unlearning Global Epoch  = 11
Federated Unlearning Global Epoch  = 12
Federated Unlearning Global Epoch  = 13
Federated Unlearning Global Epoch  = 14
Federated Unlearning Global Epoch  = 15
Federated Unlearning Global Epoch  = 16
Federated Unlearning Global Epoch  = 17
Federated Unlearning Global Epoch  = 18
Federated Unlearning Global Epoch  = 19
split_clients [array([0, 1]), array([2, 3]), array([4, 5]), array([6, 7]), array([8, 9])]
Files already downloaded and verified
Files already downloaded and verified
batch_idx 0
{'conv1': tensor([0.0796, 0.1075, 0.0747, 0.1782, 0.0329, 0.0620]), 'conv2': tensor([0.0543, 0.0638, 0.0199, 0.0352, 0.0301, 0.0664, 0.0130, 0.0390, 0.0110,
        0.0386, 0.0117, 0.0020, 0.0583, 0.0335, 0.0299, 0.0483])}
[6, 9, 9, 4, 1, 1, 2, 7, 8, 3, 4, 7, 7, 2, 9, 9, 9, 3, 2, 6, 4, 3, 6, 6, 2, 6, 3, 5, 4, 0, 0, 9, 1, 3, 4, 0, 3, 7, 3, 3, 5, 2, 2, 7, 1, 1, 1, 2, 2, 0, 9, 5, 7, 9, 2, 2, 5, 2, 4, 3, 1, 1, 8, 2]
Feature: conv1, Score length: 6, Scores: tensor([0.0796, 0.1075, 0.0747, 0.1782, 0.0329, 0.0620])
Error: score_indices contains more than one element.
Chosen index: [1]
Feature: conv2, Score length: 16, Scores: tensor([0.0543, 0.0638, 0.0199, 0.0352, 0.0301, 0.0664, 0.0130, 0.0390, 0.0110,
        0.0386, 0.0117, 0.0020, 0.0583, 0.0335, 0.0299, 0.0483])
Error: score_indices contains more than one element.
Chosen index: [1, 1]
Classes indices:  [1, 1]
Max index:  1
selected_client 1
Pruned sample index here: 1
Updated global [[Net_cifar10(
  (conv1): Conv2d(3, 6, kernel_size=(5, 5), stride=(1, 1))
  (pool): MaxPool2d(kernel_size=2, stride=2, padding=0, dilation=1, ceil_mode=False)
  (conv2): Conv2d(6, 16, kernel_size=(5, 5), stride=(1, 1))
  (fc1): Linear(in_features=400, out_features=120, bias=True)
  (fc2): Linear(in_features=120, out_features=84, bias=True)
  (fc3): Linear(in_features=84, out_features=10, bias=True)
)]] <class 'list'> 1 <class 'list'>
#####  Federated Fine-tuning Start#####
Unlearn a client
Global Federated Learning epoch = 0
Test Loss=0.0212, Test accuracy=0.1980
Test Loss=0.0211, Test accuracy=0.2200
Unlearn a client
Global Federated Learning epoch = 1
Test Loss=0.0209, Test accuracy=0.2300
Test Loss=0.0207, Test accuracy=0.2380
Unlearn a client
Global Federated Learning epoch = 2
Test Loss=0.0203, Test accuracy=0.2400
Test Loss=0.0202, Test accuracy=0.2640
Unlearn a client
Global Federated Learning epoch = 3
Test Loss=0.0199, Test accuracy=0.2480
Test Loss=0.0199, Test accuracy=0.2780
Unlearn a client
Global Federated Learning epoch = 4
Test Loss=0.0193, Test accuracy=0.2900
Test Loss=0.0192, Test accuracy=0.3060
Unlearn a client
Global Federated Learning epoch = 5
Test Loss=0.0187, Test accuracy=0.3480
Test Loss=0.0190, Test accuracy=0.3260
Unlearn a client
Global Federated Learning epoch = 6
Test Loss=0.0187, Test accuracy=0.3180
Test Loss=0.0185, Test accuracy=0.3560
Unlearn a client
Global Federated Learning epoch = 7
Test Loss=0.0183, Test accuracy=0.3320
Test Loss=0.0185, Test accuracy=0.3380
Unlearn a client
Global Federated Learning epoch = 8
Test Loss=0.0179, Test accuracy=0.3620
Test Loss=0.0178, Test accuracy=0.3580
Unlearn a client
Global Federated Learning epoch = 9
Test Loss=0.0173, Test accuracy=0.3720
Test Loss=0.0177, Test accuracy=0.3500
Unlearn a client
Global Federated Learning epoch = 10
Test Loss=0.0175, Test accuracy=0.3740
Test Loss=0.0175, Test accuracy=0.3620
Unlearn a client
Global Federated Learning epoch = 11
Test Loss=0.0172, Test accuracy=0.3600
Test Loss=0.0173, Test accuracy=0.3900
Unlearn a client
Global Federated Learning epoch = 12
Test Loss=0.0172, Test accuracy=0.3780
Test Loss=0.0171, Test accuracy=0.3840
Unlearn a client
Global Federated Learning epoch = 13
Test Loss=0.0170, Test accuracy=0.3960
Test Loss=0.0170, Test accuracy=0.3880
Unlearn a client
Global Federated Learning epoch = 14
Test Loss=0.0170, Test accuracy=0.3880
Test Loss=0.0168, Test accuracy=0.4120
Unlearn a client
Global Federated Learning epoch = 15
Test Loss=0.0168, Test accuracy=0.4100
Test Loss=0.0167, Test accuracy=0.4120
Unlearn a client
Global Federated Learning epoch = 16
Test Loss=0.0170, Test accuracy=0.4140
Test Loss=0.0169, Test accuracy=0.3980
Unlearn a client
Global Federated Learning epoch = 17
Test Loss=0.0167, Test accuracy=0.3880
Test Loss=0.0168, Test accuracy=0.3880
Unlearn a client
Global Federated Learning epoch = 18
Test Loss=0.0165, Test accuracy=0.4060
Test Loss=0.0164, Test accuracy=0.4060
Unlearn a client
Global Federated Learning epoch = 19
Test Loss=0.0166, Test accuracy=0.4120
Test Loss=0.0162, Test accuracy=0.4000
Fine-tuning train acc:0.4000
Fine-tuning train epoch:19
#####  Federated Fine-tuning End#####
#####  Federated Unlearning End  #####


#####  Federated Unlearning without Calibration Start  #####
FL_params.forget_client_idx:  1
Federated Unlearning without Clibration Global Epoch  = 0
Federated Unlearning without Clibration Global Epoch  = 1
Federated Unlearning without Clibration Global Epoch  = 2
Federated Unlearning without Clibration Global Epoch  = 3
Federated Unlearning without Clibration Global Epoch  = 4
Federated Unlearning without Clibration Global Epoch  = 5
Federated Unlearning without Clibration Global Epoch  = 6
Federated Unlearning without Clibration Global Epoch  = 7
Federated Unlearning without Clibration Global Epoch  = 8
Federated Unlearning without Clibration Global Epoch  = 9
Federated Unlearning without Clibration Global Epoch  = 10
Federated Unlearning without Clibration Global Epoch  = 11
Federated Unlearning without Clibration Global Epoch  = 12
Federated Unlearning without Clibration Global Epoch  = 13
Federated Unlearning without Clibration Global Epoch  = 14
Federated Unlearning without Clibration Global Epoch  = 15
Federated Unlearning without Clibration Global Epoch  = 16
Federated Unlearning without Clibration Global Epoch  = 17
Federated Unlearning without Clibration Global Epoch  = 18
Federated Unlearning without Clibration Global Epoch  = 19
Federated Unlearning Global Epoch  = 1
Federated Unlearning Global Epoch  = 2
Federated Unlearning Global Epoch  = 3
Federated Unlearning Global Epoch  = 4
Federated Unlearning Global Epoch  = 5
Federated Unlearning Global Epoch  = 6
Federated Unlearning Global Epoch  = 7
Federated Unlearning Global Epoch  = 8
Federated Unlearning Global Epoch  = 9
Federated Unlearning Global Epoch  = 10
Federated Unlearning Global Epoch  = 11
Federated Unlearning Global Epoch  = 12
Federated Unlearning Global Epoch  = 13
Federated Unlearning Global Epoch  = 14
Federated Unlearning Global Epoch  = 15
Federated Unlearning Global Epoch  = 16
Federated Unlearning Global Epoch  = 17
Federated Unlearning Global Epoch  = 18
Federated Unlearning Global Epoch  = 19
#####  Federated Unlearning without Calibration End  #####
 Learning time consuming = 53.717405796051025 secods
 Unlearning time consuming = 84.60494709014893 secods
 Unlearning no Cali time consuming = 0.07253313064575195 secods


#####  【Federated Retraining Start】  #####
Unlearn a client
Global Federated Learning epoch = 0
Test Loss=0.0097, Test accuracy=0.4505
Unlearn a client
Global Federated Learning epoch = 1
Test Loss=0.0096, Test accuracy=0.4623
Unlearn a client
Global Federated Learning epoch = 2
Test Loss=0.0095, Test accuracy=0.4623
Unlearn a client
Global Federated Learning epoch = 3
Test Loss=0.0094, Test accuracy=0.4669
Unlearn a client
Global Federated Learning epoch = 4
Test Loss=0.0094, Test accuracy=0.4693
Unlearn a client
Global Federated Learning epoch = 5
Test Loss=0.0094, Test accuracy=0.4708
Unlearn a client
Global Federated Learning epoch = 6
Test Loss=0.0093, Test accuracy=0.4726
Unlearn a client
Global Federated Learning epoch = 7
Test Loss=0.0093, Test accuracy=0.4728
Unlearn a client
Global Federated Learning epoch = 8
Test Loss=0.0093, Test accuracy=0.4742
Unlearn a client
Global Federated Learning epoch = 9
Test Loss=0.0093, Test accuracy=0.4756
Unlearn a client
Global Federated Learning epoch = 10
Test Loss=0.0093, Test accuracy=0.4748
Unlearn a client
Global Federated Learning epoch = 11
Test Loss=0.0092, Test accuracy=0.4749
Unlearn a client
Global Federated Learning epoch = 12
Test Loss=0.0092, Test accuracy=0.4761
Unlearn a client
Global Federated Learning epoch = 13
Test Loss=0.0092, Test accuracy=0.4772
Unlearn a client
Global Federated Learning epoch = 14
Test Loss=0.0092, Test accuracy=0.4793
Unlearn a client
Global Federated Learning epoch = 15
Test Loss=0.0092, Test accuracy=0.4789
Unlearn a client
Global Federated Learning epoch = 16
Test Loss=0.0092, Test accuracy=0.4797
Unlearn a client
Global Federated Learning epoch = 17
Test Loss=0.0092, Test accuracy=0.4802
Unlearn a client
Global Federated Learning epoch = 18
Test Loss=0.0091, Test accuracy=0.4800
Unlearn a client
Global Federated Learning epoch = 19
Test Loss=0.0091, Test accuracy=0.4813
#####  Federated Retraining End  #####
Retrain Time using = 82.75127506256104 seconds 3
Test Loss=0.0134, Test accuracy=0.2531
Test Loss=0.0135, Test accuracy=0.2445
Test Loss=0.0091, Test accuracy=0.4813
Test Loss=0.0100, Test accuracy=0.4262
FL_params.unlearn_client:  1
Test Loss=0.2104, Test accuracy=0.3600
Test Loss=0.2697, Test accuracy=0.2240
Test Loss=0.1921, Test accuracy=0.4360
Test Loss=0.2660, Test accuracy=0.2460
*****  Result Summary  *****
[FedEraser] Test set: Average loss = 1.56901988, Average acc = 0.4262
[FedAccum] Test set: Average loss = 2.12542920, Average acc = 0.2445
[FedRetrain] Test set: Average loss = 1.43467441, Average acc = 0.4813
[FedAvg] Test set: Average loss = 2.10907010, Average acc = 0.2531


[FedEraser] Target set: Average loss = 1.68323638, Average acc = 0.3600
[FedAccum] Target set: Average loss = 2.15790841, Average acc = 0.2240
[FedRetrain] Target set: Average loss = 1.53690641, Average acc = 0.4360
[FedAvg] Target set: Average loss = 2.12805638, Average acc = 0.2460
============================================================
Step4. Membership Inference Attack aganist GM...

Epoch  = -1
Attacking against FL Standard  
MIA Attacker accuracy = 0.6690
MIA Attacker precision = 0.9424
MIA Attacker recall = 0.3600
Attacking against FL Retrain  
MIA Attacker accuracy = 0.5210
MIA Attacker precision = 0.5376
MIA Attacker recall = 0.3000
Attacking against FL Unlearn  
MIA Attacker accuracy = 0.5110
MIA Attacker precision = 0.5144
MIA Attacker recall = 0.3940
Attacking against FL Unlearn without calibration  
MIA Attacker accuracy = 0.5230
MIA Attacker precision = 0.5350
MIA Attacker recall = 0.3520
