[92mINFO [0m:      Starting Flower server, config: num_rounds=4, no round_timeout
[92mINFO [0m:      Flower ECE: gRPC server running (4 rounds), SSL is disabled
[92mINFO [0m:      [INIT]
[92mINFO [0m:      Using initial global parameters provided by strategy
[92mINFO [0m:      Evaluating initial global parameters
[92mINFO [0m:      initial parameters (loss, other metrics): 2.303444723732555, {'Server test accuracy': 0.108}
[92mINFO [0m:      
[92mINFO [0m:      [ROUND 1]
Starting client 0 on port 8081
Starting client 1 on port 8082
Starting client 2 on port 8083
Starting client 3 on port 8084
Starting client 4 on port 8085
Starting client 5 on port 8086
Starting client 6 on port 8087
Starting client 7 on port 8088
Starting client 8 on port 8089
Starting client 9 on port 8090
[92mINFO [0m:      configure_fit: strategy sampled 2 clients (out of 10)
[92mINFO [0m:      
[92mINFO [0m:      [RUN 0, ROUND ]
[92mINFO [0m:      Received: train message 128ca652-a452-4a69-b304-40b5819a02f5
[92mINFO [0m:      
[92mINFO [0m:      [RUN 0, ROUND ]
[92mINFO [0m:      Received: train message 8b6e5c0d-ba76-4a95-b4b7-7699b853ec51
Files already downloaded and verified
Files already downloaded and verified
select_clients:  [6 2 4 2 6 1 0 1 3 6 3 8]
Files already downloaded and verified
Files already downloaded and verified
batch_idx 0
Feature: conv1, TF-IDF: tensor([0.0675, 0.0863, 0.0193, 0.1249, 0.1188, 0.0976])
Feature: conv2, TF-IDF: tensor([5.1833e-02, 5.4977e-02, 6.2890e-02, 3.6617e-03, 1.9687e-02, 7.1263e-02,
        3.0917e-05, 7.1163e-03, 2.3378e-02, 5.0315e-02, 3.5924e-02, 3.8184e-02,
        4.6873e-03, 1.8158e-02, 3.8553e-02, 6.3809e-02])
Feature: conv1, Score length: 6, Scores: tensor([0.0675, 0.0863, 0.0193, 0.1249, 0.1188, 0.0976])
Max score index for feature conv1: 3
Chosen index for feature conv1: 3
Feature: conv2, Score length: 16, Scores: tensor([5.1833e-02, 5.4977e-02, 6.2890e-02, 3.6617e-03, 1.9687e-02, 7.1263e-02,
        3.0917e-05, 7.1163e-03, 2.3378e-02, 5.0315e-02, 3.5924e-02, 3.8184e-02,
        4.6873e-03, 1.8158e-02, 3.8553e-02, 6.3809e-02])
Max score index for feature conv2: 5
Chosen index for feature conv2: 5
Classes indices:  [3, 3, 5, 5]
Max index:  5
select_clients pruner:  [6 2 4 2 6 1 0 1 3 6 3 8]
#####  Federated Learning Start#####
Global Federated Learning epoch = 0
Global Federated Learning epoch = 1
Global Federated Learning epoch = 2
Global Federated Learning epoch = 3
Global Federated Learning epoch = 4
Global Federated Learning epoch = 5
Global Federated Learning epoch = 6
Global Federated Learning epoch = 7
Global Federated Learning epoch = 8
Global Federated Learning epoch = 9
Global Federated Learning epoch = 10
Global Federated Learning epoch = 11
Global Federated Learning epoch = 12
Global Federated Learning epoch = 13
Global Federated Learning epoch = 14
Global Federated Learning epoch = 15
Global Federated Learning epoch = 16
Global Federated Learning epoch = 17
Global Federated Learning epoch = 18
Global Federated Learning epoch = 19
##### FL_Train time consuming:  63.274972915649414 #####
#####  Federated Learning End#####


#####  Federated Unlearning Start  #####
#### Client-level Unlearning ####
Client-level Federated Unlearning Global Epoch  = 1
Client-level Federated Unlearning Global Epoch  = 2
Client-level Federated Unlearning Global Epoch  = 3
Client-level Federated Unlearning Global Epoch  = 4
Client-level Federated Unlearning Global Epoch  = 5
Client-level Federated Unlearning Global Epoch  = 6
Client-level Federated Unlearning Global Epoch  = 7
Client-level Federated Unlearning Global Epoch  = 8
Client-level Federated Unlearning Global Epoch  = 9
Client-level Federated Unlearning Global Epoch  = 10
Client-level Federated Unlearning Global Epoch  = 11
Client-level Federated Unlearning Global Epoch  = 12
Client-level Federated Unlearning Global Epoch  = 13
Client-level Federated Unlearning Global Epoch  = 14
Client-level Federated Unlearning Global Epoch  = 15
Client-level Federated Unlearning Global Epoch  = 16
Client-level Federated Unlearning Global Epoch  = 17
Client-level Federated Unlearning Global Epoch  = 18
Client-level Federated Unlearning Global Epoch  = 19
K, b:  2 5
split_clients [array([0, 1]), array([2, 3]), array([4, 5]), array([6, 7]), array([8, 9])]
Files already downloaded and verified
Files already downloaded and verified
batch_idx 0
Feature: conv1, TF-IDF: tensor([0.0601, 0.0434, 0.0590, 0.1647, 0.1273, 0.0511])
Feature: conv2, TF-IDF: tensor([0.0096, 0.0649, 0.0030, 0.0792, 0.0012, 0.1694, 0.0885, 0.0022, 0.0486,
        0.0050, 0.0641, 0.0033, 0.0159, 0.0032, 0.0124, 0.0096])
Feature: conv1, Score length: 6, Scores: tensor([0.0601, 0.0434, 0.0590, 0.1647, 0.1273, 0.0511])
Max score index for feature conv1: 3
Chosen index for feature conv1: 3
Feature: conv2, Score length: 16, Scores: tensor([0.0096, 0.0649, 0.0030, 0.0792, 0.0012, 0.1694, 0.0885, 0.0022, 0.0486,
        0.0050, 0.0641, 0.0033, 0.0159, 0.0032, 0.0124, 0.0096])
Max score index for feature conv2: 5
Chosen index for feature conv2: 5
Classes indices:  [3, 3, 5, 5]
Max index:  5
selected_client 5
Pruned sample index here: 5
Updated global [[Net_cifar10(
  (conv1): Conv2d(3, 6, kernel_size=(5, 5), stride=(1, 1))
  (pool): MaxPool2d(kernel_size=2, stride=2, padding=0, dilation=1, ceil_mode=False)
  (conv2): Conv2d(6, 16, kernel_size=(5, 5), stride=(1, 1))
  (fc1): Linear(in_features=400, out_features=120, bias=True)
  (fc2): Linear(in_features=120, out_features=84, bias=True)
  (fc3): Linear(in_features=84, out_features=10, bias=True)
)]] <class 'list'> 1 <class 'list'>
#####  Federated Fine-tuning Start#####
Unlearn a client
Global Federated Learning epoch = 0
Test Loss=0.0216, Test accuracy=0.2160
Test Loss=0.0216, Test accuracy=0.2160
Unlearn a client
Global Federated Learning epoch = 1
Test Loss=0.0205, Test accuracy=0.2680
Test Loss=0.0205, Test accuracy=0.2680
Unlearn a client
Global Federated Learning epoch = 2
Test Loss=0.0198, Test accuracy=0.2560
Test Loss=0.0198, Test accuracy=0.2560
Unlearn a client
Global Federated Learning epoch = 3
Test Loss=0.0191, Test accuracy=0.2860
Test Loss=0.0191, Test accuracy=0.2860
Unlearn a client
Global Federated Learning epoch = 4
Test Loss=0.0184, Test accuracy=0.3400
Test Loss=0.0184, Test accuracy=0.3400
Unlearn a client
Global Federated Learning epoch = 5
Test Loss=0.0179, Test accuracy=0.3560
Test Loss=0.0179, Test accuracy=0.3560
Unlearn a client
Global Federated Learning epoch = 6
Test Loss=0.0177, Test accuracy=0.3580
Test Loss=0.0177, Test accuracy=0.3580
Unlearn a client
Global Federated Learning epoch = 7
Test Loss=0.0177, Test accuracy=0.3880
Test Loss=0.0177, Test accuracy=0.3880
Unlearn a client
Global Federated Learning epoch = 8
Test Loss=0.0182, Test accuracy=0.3660
Test Loss=0.0182, Test accuracy=0.3660
Unlearn a client
Global Federated Learning epoch = 9
Test Loss=0.0185, Test accuracy=0.3760
Test Loss=0.0185, Test accuracy=0.3760
Unlearn a client
Global Federated Learning epoch = 10
Test Loss=0.0194, Test accuracy=0.3660
Test Loss=0.0194, Test accuracy=0.3660
Unlearn a client
Global Federated Learning epoch = 11
Test Loss=0.0194, Test accuracy=0.3840
Test Loss=0.0194, Test accuracy=0.3840
Unlearn a client
Global Federated Learning epoch = 12
Test Loss=0.0194, Test accuracy=0.3820
Test Loss=0.0194, Test accuracy=0.3820
Unlearn a client
Global Federated Learning epoch = 13
Test Loss=0.0207, Test accuracy=0.3600
Test Loss=0.0207, Test accuracy=0.3600
Unlearn a client
Global Federated Learning epoch = 14
Test Loss=0.0199, Test accuracy=0.3820
Test Loss=0.0199, Test accuracy=0.3820
Unlearn a client
Global Federated Learning epoch = 15
Test Loss=0.0222, Test accuracy=0.3580
Test Loss=0.0222, Test accuracy=0.3580
Unlearn a client
Global Federated Learning epoch = 16
Test Loss=0.0219, Test accuracy=0.3560
Test Loss=0.0219, Test accuracy=0.3560
Unlearn a client
Global Federated Learning epoch = 17
Test Loss=0.0231, Test accuracy=0.3440
Test Loss=0.0231, Test accuracy=0.3440
Unlearn a client
Global Federated Learning epoch = 18
Test Loss=0.0235, Test accuracy=0.3620
Test Loss=0.0235, Test accuracy=0.3620
Unlearn a client
Global Federated Learning epoch = 19
Test Loss=0.0248, Test accuracy=0.3180
Test Loss=0.0248, Test accuracy=0.3180
Fine-tuning train acc:0.3180
Fine-tuning train epoch:19
#####  Federated Fine-tuning End#####
##### Total_variance time consuming:  110.7069947719574 #####
#####  Federated Unlearning End  #####
Files already downloaded and verified
Files already downloaded and verified
select_clients:  [7 3 2 3 7 3 2 9 9 5 0 4]
Files already downloaded and verified
Files already downloaded and verified
batch_idx 0
Feature: conv1, TF-IDF: tensor([0.0675, 0.0863, 0.0193, 0.1249, 0.1188, 0.0976])
Feature: conv2, TF-IDF: tensor([5.1833e-02, 5.4977e-02, 6.2890e-02, 3.6617e-03, 1.9687e-02, 7.1263e-02,
        3.0917e-05, 7.1163e-03, 2.3378e-02, 5.0315e-02, 3.5924e-02, 3.8184e-02,
        4.6873e-03, 1.8158e-02, 3.8553e-02, 6.3809e-02])
Feature: conv1, Score length: 6, Scores: tensor([0.0675, 0.0863, 0.0193, 0.1249, 0.1188, 0.0976])
Max score index for feature conv1: 3
Chosen index for feature conv1: 3
Feature: conv2, Score length: 16, Scores: tensor([5.1833e-02, 5.4977e-02, 6.2890e-02, 3.6617e-03, 1.9687e-02, 7.1263e-02,
        3.0917e-05, 7.1163e-03, 2.3378e-02, 5.0315e-02, 3.5924e-02, 3.8184e-02,
        4.6873e-03, 1.8158e-02, 3.8553e-02, 6.3809e-02])
Max score index for feature conv2: 5
Chosen index for feature conv2: 5
Classes indices:  [3, 3, 5, 5]
Max index:  5
select_clients pruner:  [7 3 2 3 7 3 2 9 9 5 0 4]
#####  Federated Learning Start#####
Global Federated Learning epoch = 0
Global Federated Learning epoch = 1
Global Federated Learning epoch = 2
Global Federated Learning epoch = 3
Global Federated Learning epoch = 4
Global Federated Learning epoch = 5
Global Federated Learning epoch = 6
Global Federated Learning epoch = 7
Global Federated Learning epoch = 8
Global Federated Learning epoch = 9
Global Federated Learning epoch = 10
Global Federated Learning epoch = 11
Global Federated Learning epoch = 12
Global Federated Learning epoch = 13
Global Federated Learning epoch = 14
Global Federated Learning epoch = 15
Global Federated Learning epoch = 16
Global Federated Learning epoch = 17
Global Federated Learning epoch = 18
Global Federated Learning epoch = 19
##### FL_Train time consuming:  63.11313986778259 #####
#####  Federated Learning End#####


#####  Federated Unlearning Start  #####
#### Client-level Unlearning ####
Client-level Federated Unlearning Global Epoch  = 1
Client-level Federated Unlearning Global Epoch  = 2
Client-level Federated Unlearning Global Epoch  = 3
Client-level Federated Unlearning Global Epoch  = 4
Client-level Federated Unlearning Global Epoch  = 5
Client-level Federated Unlearning Global Epoch  = 6
Client-level Federated Unlearning Global Epoch  = 7
Client-level Federated Unlearning Global Epoch  = 8
Client-level Federated Unlearning Global Epoch  = 9
Client-level Federated Unlearning Global Epoch  = 10
Client-level Federated Unlearning Global Epoch  = 11
Client-level Federated Unlearning Global Epoch  = 12
Client-level Federated Unlearning Global Epoch  = 13
Client-level Federated Unlearning Global Epoch  = 14
Client-level Federated Unlearning Global Epoch  = 15
Client-level Federated Unlearning Global Epoch  = 16
Client-level Federated Unlearning Global Epoch  = 17
Client-level Federated Unlearning Global Epoch  = 18
Client-level Federated Unlearning Global Epoch  = 19
K, b:  2 5
split_clients [array([0, 1]), array([2, 3]), array([4, 5]), array([6, 7]), array([8, 9])]
Files already downloaded and verified
Files already downloaded and verified
batch_idx 0
Feature: conv1, TF-IDF: tensor([0.0601, 0.0434, 0.0590, 0.1647, 0.1273, 0.0511])
Feature: conv2, TF-IDF: tensor([0.0096, 0.0649, 0.0030, 0.0792, 0.0012, 0.1694, 0.0885, 0.0022, 0.0486,
        0.0050, 0.0641, 0.0033, 0.0159, 0.0032, 0.0124, 0.0096])
Feature: conv1, Score length: 6, Scores: tensor([0.0601, 0.0434, 0.0590, 0.1647, 0.1273, 0.0511])
Max score index for feature conv1: 3
Chosen index for feature conv1: 3
Feature: conv2, Score length: 16, Scores: tensor([0.0096, 0.0649, 0.0030, 0.0792, 0.0012, 0.1694, 0.0885, 0.0022, 0.0486,
        0.0050, 0.0641, 0.0033, 0.0159, 0.0032, 0.0124, 0.0096])
Max score index for feature conv2: 5
Chosen index for feature conv2: 5
Classes indices:  [3, 3, 5, 5]
Max index:  5
selected_client 5
Pruned sample index here: 5
Updated global [[Net_cifar10(
  (conv1): Conv2d(3, 6, kernel_size=(5, 5), stride=(1, 1))
  (pool): MaxPool2d(kernel_size=2, stride=2, padding=0, dilation=1, ceil_mode=False)
  (conv2): Conv2d(6, 16, kernel_size=(5, 5), stride=(1, 1))
  (fc1): Linear(in_features=400, out_features=120, bias=True)
  (fc2): Linear(in_features=120, out_features=84, bias=True)
  (fc3): Linear(in_features=84, out_features=10, bias=True)
)]] <class 'list'> 1 <class 'list'>
#####  Federated Fine-tuning Start#####
Unlearn a client
Global Federated Learning epoch = 0
Test Loss=0.0217, Test accuracy=0.1900
Test Loss=0.0217, Test accuracy=0.1900
Unlearn a client
Global Federated Learning epoch = 1
Test Loss=0.0206, Test accuracy=0.2900
Test Loss=0.0206, Test accuracy=0.2900
Unlearn a client
Global Federated Learning epoch = 2
Test Loss=0.0197, Test accuracy=0.3160
Test Loss=0.0197, Test accuracy=0.3160
Unlearn a client
Global Federated Learning epoch = 3
Test Loss=0.0190, Test accuracy=0.3420
Test Loss=0.0190, Test accuracy=0.3420
Unlearn a client
Global Federated Learning epoch = 4
Test Loss=0.0180, Test accuracy=0.3620
Test Loss=0.0180, Test accuracy=0.3620
Unlearn a client
Global Federated Learning epoch = 5
Test Loss=0.0174, Test accuracy=0.3780
Test Loss=0.0174, Test accuracy=0.3780
Unlearn a client
Global Federated Learning epoch = 6
Test Loss=0.0174, Test accuracy=0.3940
Test Loss=0.0174, Test accuracy=0.3940
Unlearn a client
Global Federated Learning epoch = 7
Test Loss=0.0170, Test accuracy=0.4220
Test Loss=0.0170, Test accuracy=0.4220
Unlearn a client
Global Federated Learning epoch = 8
Test Loss=0.0168, Test accuracy=0.4200
Test Loss=0.0168, Test accuracy=0.4200
Unlearn a client
Global Federated Learning epoch = 9
Test Loss=0.0168, Test accuracy=0.4340
Test Loss=0.0168, Test accuracy=0.4340
Unlearn a client
Global Federated Learning epoch = 10
Test Loss=0.0172, Test accuracy=0.4380
Test Loss=0.0172, Test accuracy=0.4380
Unlearn a client
Global Federated Learning epoch = 11
Test Loss=0.0178, Test accuracy=0.4280
Test Loss=0.0178, Test accuracy=0.4280
Unlearn a client
Global Federated Learning epoch = 12
Test Loss=0.0178, Test accuracy=0.4240
Test Loss=0.0178, Test accuracy=0.4240
Unlearn a client
Global Federated Learning epoch = 13
Test Loss=0.0179, Test accuracy=0.4080
Test Loss=0.0179, Test accuracy=0.4080
Unlearn a client
Global Federated Learning epoch = 14
Test Loss=0.0190, Test accuracy=0.3980
Test Loss=0.0190, Test accuracy=0.3980
Unlearn a client
Global Federated Learning epoch = 15
Test Loss=0.0184, Test accuracy=0.4040
Test Loss=0.0184, Test accuracy=0.4040
Unlearn a client
Global Federated Learning epoch = 16
Test Loss=0.0194, Test accuracy=0.4080
Test Loss=0.0194, Test accuracy=0.4080
Unlearn a client
Global Federated Learning epoch = 17
Test Loss=0.0206, Test accuracy=0.3860
Test Loss=0.0206, Test accuracy=0.3860
Unlearn a client
Global Federated Learning epoch = 18
Test Loss=0.0208, Test accuracy=0.3840
Test Loss=0.0208, Test accuracy=0.3840
Unlearn a client
Global Federated Learning epoch = 19
Test Loss=0.0208, Test accuracy=0.4180
Test Loss=0.0208, Test accuracy=0.4180
Fine-tuning train acc:0.4180
Fine-tuning train epoch:19
#####  Federated Fine-tuning End#####
##### Total_variance time consuming:  111.09638500213623 #####
#####  Federated Unlearning End  #####
Files already downloaded and verified
Files already downloaded and verified
Files already downloaded and verified
Files already downloaded and verified
Files already downloaded and verified
Files already downloaded and verified
Files already downloaded and verified
Files already downloaded and verified
Test Loss=0.0065, Test accuracy=0.4043
FL_Params.unlearn_client:  5
Test Loss=0.0549, Test accuracy=0.8600
*****  Result Summary  *****
[FedEraser] Test set: Average loss = 2.03550504, Average acc = 0.4043
============================================================
Step4. Membership Inference Attack aganist GM...
Test Loss=0.0075, Test accuracy=0.3651
FL_Params.unlearn_client:  5
Test Loss=0.1673, Test accuracy=0.5540
*****  Result Summary  *****
[FedEraser] Test set: Average loss = 2.33623576, Average acc = 0.3651
============================================================
Step4. Membership Inference Attack aganist GM...
Files already downloaded and verified
Files already downloaded and verified
Files already downloaded and verified
Files already downloaded and verified
Files already downloaded and verified
Files already downloaded and verified
Files already downloaded and verified
Files already downloaded and verified
Attacking against FL Unlearn without calibration  
Attacking against FL Unlearn without calibration  
Files already downloaded and verified
Files already downloaded and verified
Files already downloaded and verified
Files already downloaded and verified
Files already downloaded and verified
Files already downloaded and verified
Files already downloaded and verified
Files already downloaded and verified
[92mINFO [0m:      Sent reply
[92mINFO [0m:      Sent reply
[92mINFO [0m:      aggregate_fit: received 2 results and 0 failures
[93mWARNING [0m:   No fit_metrics_aggregation_fn provided
[92mINFO [0m:      fit progress: (1, 2.303444723732555, {'Server test accuracy': 0.108}, 281.46622675)
[92mINFO [0m:      configure_evaluate: strategy sampled 2 clients (out of 10)
[92mINFO [0m:      
[92mINFO [0m:      [RUN 0, ROUND ]
[92mINFO [0m:      Received: evaluate message bde4e268-ba9c-4461-9f86-254f8fd75bda
[92mINFO [0m:      
[92mINFO [0m:      [RUN 0, ROUND ]
[92mINFO [0m:      Received: evaluate message 77cd6eb7-e441-4018-8430-01f7485ab258
[92mINFO [0m:      Sent reply
[92mINFO [0m:      Sent reply
[92mINFO [0m:      aggregate_evaluate: received 2 results and 0 failures
[92mINFO [0m:      
[92mINFO [0m:      [ROUND 2]
[92mINFO [0m:      configure_fit: strategy sampled 2 clients (out of 10)
[92mINFO [0m:      
[92mINFO [0m:      [RUN 0, ROUND ]
[92mINFO [0m:      Received: train message 15b83f83-f941-47a1-b34b-3c588cc5ae0a
[92mINFO [0m:      
[92mINFO [0m:      [RUN 0, ROUND ]
[92mINFO [0m:      Received: train message 0753bc8f-724c-4cd9-a509-9b615a0fd540
Files already downloaded and verified
Files already downloaded and verified
select_clients:  [1 1 6 3 4 9 2 6 1 6 5 2]
Files already downloaded and verified
Files already downloaded and verified
batch_idx 0
Feature: conv1, TF-IDF: tensor([0.0675, 0.0863, 0.0193, 0.1249, 0.1188, 0.0976])
Feature: conv2, TF-IDF: tensor([5.1833e-02, 5.4977e-02, 6.2890e-02, 3.6617e-03, 1.9687e-02, 7.1263e-02,
        3.0917e-05, 7.1163e-03, 2.3378e-02, 5.0315e-02, 3.5924e-02, 3.8184e-02,
        4.6873e-03, 1.8158e-02, 3.8553e-02, 6.3809e-02])
Feature: conv1, Score length: 6, Scores: tensor([0.0675, 0.0863, 0.0193, 0.1249, 0.1188, 0.0976])
Max score index for feature conv1: 3
Chosen index for feature conv1: 3
Feature: conv2, Score length: 16, Scores: tensor([5.1833e-02, 5.4977e-02, 6.2890e-02, 3.6617e-03, 1.9687e-02, 7.1263e-02,
        3.0917e-05, 7.1163e-03, 2.3378e-02, 5.0315e-02, 3.5924e-02, 3.8184e-02,
        4.6873e-03, 1.8158e-02, 3.8553e-02, 6.3809e-02])
Max score index for feature conv2: 5
Chosen index for feature conv2: 5
Classes indices:  [3, 3, 5, 5]
Max index:  5
select_clients pruner:  [1 1 6 3 4 9 2 6 1 6 5 2]
Test Loss=0.0037, Test accuracy=0.0943
#####  Federated Learning Start#####
Global Federated Learning epoch = 0
Global Federated Learning epoch = 1
Global Federated Learning epoch = 2
Global Federated Learning epoch = 3
Global Federated Learning epoch = 4
Global Federated Learning epoch = 5
Global Federated Learning epoch = 6
Global Federated Learning epoch = 7
Global Federated Learning epoch = 8
Global Federated Learning epoch = 9
Global Federated Learning epoch = 10
Global Federated Learning epoch = 11
Global Federated Learning epoch = 12
Global Federated Learning epoch = 13
Global Federated Learning epoch = 14
Global Federated Learning epoch = 15
Global Federated Learning epoch = 16
Global Federated Learning epoch = 17
Global Federated Learning epoch = 18
Global Federated Learning epoch = 19
##### FL_Train time consuming:  111.69631791114807 #####
#####  Federated Learning End#####


#####  Federated Unlearning Start  #####
#### Client-level Unlearning ####
Client-level Federated Unlearning Global Epoch  = 1
Client-level Federated Unlearning Global Epoch  = 2
Client-level Federated Unlearning Global Epoch  = 3
Client-level Federated Unlearning Global Epoch  = 4
Client-level Federated Unlearning Global Epoch  = 5
Client-level Federated Unlearning Global Epoch  = 6
Client-level Federated Unlearning Global Epoch  = 7
Client-level Federated Unlearning Global Epoch  = 8
Client-level Federated Unlearning Global Epoch  = 9
Client-level Federated Unlearning Global Epoch  = 10
Client-level Federated Unlearning Global Epoch  = 11
Client-level Federated Unlearning Global Epoch  = 12
Client-level Federated Unlearning Global Epoch  = 13
Client-level Federated Unlearning Global Epoch  = 14
Client-level Federated Unlearning Global Epoch  = 15
Client-level Federated Unlearning Global Epoch  = 16
Client-level Federated Unlearning Global Epoch  = 17
Client-level Federated Unlearning Global Epoch  = 18
Client-level Federated Unlearning Global Epoch  = 19
K, b:  2 5
split_clients [array([0, 1]), array([2, 3]), array([4, 5]), array([6, 7]), array([8, 9])]
Files already downloaded and verified
Files already downloaded and verified
batch_idx 0
Feature: conv1, TF-IDF: tensor([0.0316, 0.0391, 0.0523, 0.1209, 0.1070, 0.0994])
Feature: conv2, TF-IDF: tensor([0.0404, 0.1356, 0.0007, 0.0559, 0.0106, 0.0690, 0.0806, 0.0051, 0.0326,
        0.0030, 0.1031, 0.0044, 0.0176, 0.0024, 0.0107, 0.0200])
Feature: conv1, Score length: 6, Scores: tensor([0.0316, 0.0391, 0.0523, 0.1209, 0.1070, 0.0994])
Max score index for feature conv1: 3
Chosen index for feature conv1: 3
Feature: conv2, Score length: 16, Scores: tensor([0.0404, 0.1356, 0.0007, 0.0559, 0.0106, 0.0690, 0.0806, 0.0051, 0.0326,
        0.0030, 0.1031, 0.0044, 0.0176, 0.0024, 0.0107, 0.0200])
Max score index for feature conv2: 1
Chosen index for feature conv2: 1
Classes indices:  [3, 3, 1, 1]
Max index:  3
selected_client 3
Pruned sample index here: 3
Updated global [[Net_cifar10(
  (conv1): Conv2d(3, 6, kernel_size=(5, 5), stride=(1, 1))
  (pool): MaxPool2d(kernel_size=2, stride=2, padding=0, dilation=1, ceil_mode=False)
  (conv2): Conv2d(6, 16, kernel_size=(5, 5), stride=(1, 1))
  (fc1): Linear(in_features=400, out_features=120, bias=True)
  (fc2): Linear(in_features=120, out_features=84, bias=True)
  (fc3): Linear(in_features=84, out_features=10, bias=True)
)]] <class 'list'> 1 <class 'list'>
#####  Federated Fine-tuning Start#####
Unlearn a client
Global Federated Learning epoch = 0
Test Loss=0.0217, Test accuracy=0.2100
Test Loss=0.0217, Test accuracy=0.2100
Unlearn a client
Global Federated Learning epoch = 1
Test Loss=0.0205, Test accuracy=0.2560
Test Loss=0.0205, Test accuracy=0.2560
Unlearn a client
Global Federated Learning epoch = 2
Test Loss=0.0200, Test accuracy=0.2900
Test Loss=0.0200, Test accuracy=0.2900
Unlearn a client
Global Federated Learning epoch = 3
Test Loss=0.0193, Test accuracy=0.3000
Test Loss=0.0193, Test accuracy=0.3000
Unlearn a client
Global Federated Learning epoch = 4
Test Loss=0.0187, Test accuracy=0.3320
Test Loss=0.0187, Test accuracy=0.3320
Unlearn a client
Global Federated Learning epoch = 5
Test Loss=0.0178, Test accuracy=0.3440
Test Loss=0.0178, Test accuracy=0.3440
Unlearn a client
Global Federated Learning epoch = 6
Test Loss=0.0171, Test accuracy=0.3760
Test Loss=0.0171, Test accuracy=0.3760
Unlearn a client
Global Federated Learning epoch = 7
Test Loss=0.0166, Test accuracy=0.3800
Test Loss=0.0166, Test accuracy=0.3800
Unlearn a client
Global Federated Learning epoch = 8
Test Loss=0.0163, Test accuracy=0.3960
Test Loss=0.0163, Test accuracy=0.3960
Unlearn a client
Global Federated Learning epoch = 9
Test Loss=0.0164, Test accuracy=0.4000
Test Loss=0.0164, Test accuracy=0.4000
Unlearn a client
Global Federated Learning epoch = 10
Test Loss=0.0156, Test accuracy=0.4060
Test Loss=0.0156, Test accuracy=0.4060
Unlearn a client
Global Federated Learning epoch = 11
Test Loss=0.0150, Test accuracy=0.4560
Test Loss=0.0150, Test accuracy=0.4560
Unlearn a client
Global Federated Learning epoch = 12
Test Loss=0.0151, Test accuracy=0.4660
Test Loss=0.0151, Test accuracy=0.4660
Unlearn a client
Global Federated Learning epoch = 13
Test Loss=0.0144, Test accuracy=0.4780
Test Loss=0.0144, Test accuracy=0.4780
Unlearn a client
Global Federated Learning epoch = 14
Test Loss=0.0144, Test accuracy=0.4700
Test Loss=0.0144, Test accuracy=0.4700
Unlearn a client
Global Federated Learning epoch = 15
Test Loss=0.0135, Test accuracy=0.4900
Test Loss=0.0135, Test accuracy=0.4900
Unlearn a client
Global Federated Learning epoch = 16
Test Loss=0.0135, Test accuracy=0.5060
Test Loss=0.0135, Test accuracy=0.5060
Unlearn a client
Global Federated Learning epoch = 17
Test Loss=0.0128, Test accuracy=0.5440
Test Loss=0.0128, Test accuracy=0.5440
Unlearn a client
Global Federated Learning epoch = 18
Test Loss=0.0125, Test accuracy=0.5480
Test Loss=0.0125, Test accuracy=0.5480
Unlearn a client
Global Federated Learning epoch = 19
Test Loss=0.0120, Test accuracy=0.6080
Test Loss=0.0120, Test accuracy=0.6080
Fine-tuning train acc:0.6080
Fine-tuning train epoch:19
#####  Federated Fine-tuning End#####
##### Total_variance time consuming:  146.60720992088318 #####
#####  Federated Unlearning End  #####
Files already downloaded and verified
Files already downloaded and verified
select_clients:  [3 4 0 1 9 3 4 4 3 4 7 0]
Files already downloaded and verified
Files already downloaded and verified
batch_idx 0
Feature: conv1, TF-IDF: tensor([0.0675, 0.0863, 0.0193, 0.1249, 0.1188, 0.0976])
Feature: conv2, TF-IDF: tensor([5.1833e-02, 5.4977e-02, 6.2890e-02, 3.6617e-03, 1.9687e-02, 7.1263e-02,
        3.0917e-05, 7.1163e-03, 2.3378e-02, 5.0315e-02, 3.5924e-02, 3.8184e-02,
        4.6873e-03, 1.8158e-02, 3.8553e-02, 6.3809e-02])
Feature: conv1, Score length: 6, Scores: tensor([0.0675, 0.0863, 0.0193, 0.1249, 0.1188, 0.0976])
Max score index for feature conv1: 3
Chosen index for feature conv1: 3
Feature: conv2, Score length: 16, Scores: tensor([5.1833e-02, 5.4977e-02, 6.2890e-02, 3.6617e-03, 1.9687e-02, 7.1263e-02,
        3.0917e-05, 7.1163e-03, 2.3378e-02, 5.0315e-02, 3.5924e-02, 3.8184e-02,
        4.6873e-03, 1.8158e-02, 3.8553e-02, 6.3809e-02])
Max score index for feature conv2: 5
Chosen index for feature conv2: 5
Classes indices:  [3, 3, 5, 5]
Max index:  5
select_clients pruner:  [3 4 0 1 9 3 4 4 3 4 7 0]
#####  Federated Learning Start#####
Global Federated Learning epoch = 0
Global Federated Learning epoch = 1
Global Federated Learning epoch = 2
Global Federated Learning epoch = 3
Global Federated Learning epoch = 4
Global Federated Learning epoch = 5
Global Federated Learning epoch = 6
Global Federated Learning epoch = 7
Global Federated Learning epoch = 8
Global Federated Learning epoch = 9
Global Federated Learning epoch = 10
Global Federated Learning epoch = 11
Global Federated Learning epoch = 12
Global Federated Learning epoch = 13
Global Federated Learning epoch = 14
Global Federated Learning epoch = 15
Global Federated Learning epoch = 16
Global Federated Learning epoch = 17
Global Federated Learning epoch = 18
Global Federated Learning epoch = 19
##### FL_Train time consuming:  111.75618815422058 #####
#####  Federated Learning End#####


#####  Federated Unlearning Start  #####
#### Client-level Unlearning ####
Client-level Federated Unlearning Global Epoch  = 1
Client-level Federated Unlearning Global Epoch  = 2
Client-level Federated Unlearning Global Epoch  = 3
Client-level Federated Unlearning Global Epoch  = 4
Client-level Federated Unlearning Global Epoch  = 5
Client-level Federated Unlearning Global Epoch  = 6
Client-level Federated Unlearning Global Epoch  = 7
Client-level Federated Unlearning Global Epoch  = 8
Client-level Federated Unlearning Global Epoch  = 9
Client-level Federated Unlearning Global Epoch  = 10
Client-level Federated Unlearning Global Epoch  = 11
Client-level Federated Unlearning Global Epoch  = 12
Client-level Federated Unlearning Global Epoch  = 13
Client-level Federated Unlearning Global Epoch  = 14
Client-level Federated Unlearning Global Epoch  = 15
Client-level Federated Unlearning Global Epoch  = 16
Client-level Federated Unlearning Global Epoch  = 17
Client-level Federated Unlearning Global Epoch  = 18
Client-level Federated Unlearning Global Epoch  = 19
K, b:  2 5
split_clients [array([0, 1]), array([2, 3]), array([4, 5]), array([6, 7]), array([8, 9])]
Files already downloaded and verified
Files already downloaded and verified
batch_idx 0
Feature: conv1, TF-IDF: tensor([0.0601, 0.0434, 0.0590, 0.1647, 0.1273, 0.0511])
Feature: conv2, TF-IDF: tensor([0.0096, 0.0649, 0.0030, 0.0792, 0.0012, 0.1694, 0.0885, 0.0022, 0.0486,
        0.0050, 0.0641, 0.0033, 0.0159, 0.0032, 0.0124, 0.0096])
Feature: conv1, Score length: 6, Scores: tensor([0.0601, 0.0434, 0.0590, 0.1647, 0.1273, 0.0511])
Max score index for feature conv1: 3
Chosen index for feature conv1: 3
Feature: conv2, Score length: 16, Scores: tensor([0.0096, 0.0649, 0.0030, 0.0792, 0.0012, 0.1694, 0.0885, 0.0022, 0.0486,
        0.0050, 0.0641, 0.0033, 0.0159, 0.0032, 0.0124, 0.0096])
Max score index for feature conv2: 5
Chosen index for feature conv2: 5
Classes indices:  [3, 3, 5, 5]
Max index:  5
selected_client 5
Pruned sample index here: 5
Updated global [[Net_cifar10(
  (conv1): Conv2d(3, 6, kernel_size=(5, 5), stride=(1, 1))
  (pool): MaxPool2d(kernel_size=2, stride=2, padding=0, dilation=1, ceil_mode=False)
  (conv2): Conv2d(6, 16, kernel_size=(5, 5), stride=(1, 1))
  (fc1): Linear(in_features=400, out_features=120, bias=True)
  (fc2): Linear(in_features=120, out_features=84, bias=True)
  (fc3): Linear(in_features=84, out_features=10, bias=True)
)]] <class 'list'> 1 <class 'list'>
#####  Federated Fine-tuning Start#####
Unlearn a client
Global Federated Learning epoch = 0
Test Loss=0.0213, Test accuracy=0.2160
Test Loss=0.0213, Test accuracy=0.2160
Unlearn a client
Global Federated Learning epoch = 1
Test Loss=0.0198, Test accuracy=0.2700
Test Loss=0.0198, Test accuracy=0.2700
Unlearn a client
Global Federated Learning epoch = 2
Test Loss=0.0188, Test accuracy=0.3160
Test Loss=0.0188, Test accuracy=0.3160
Unlearn a client
Global Federated Learning epoch = 3
Test Loss=0.0178, Test accuracy=0.3420
Test Loss=0.0178, Test accuracy=0.3420
Unlearn a client
Global Federated Learning epoch = 4
Test Loss=0.0169, Test accuracy=0.4040
Test Loss=0.0169, Test accuracy=0.4040
Unlearn a client
Global Federated Learning epoch = 5
Test Loss=0.0162, Test accuracy=0.4220
Test Loss=0.0162, Test accuracy=0.4220
Unlearn a client
Global Federated Learning epoch = 6
Test Loss=0.0154, Test accuracy=0.4540
Test Loss=0.0154, Test accuracy=0.4540
Unlearn a client
Global Federated Learning epoch = 7
Test Loss=0.0150, Test accuracy=0.4560
Test Loss=0.0150, Test accuracy=0.4560
Unlearn a client
Global Federated Learning epoch = 8
Test Loss=0.0145, Test accuracy=0.4760
Test Loss=0.0145, Test accuracy=0.4760
Unlearn a client
Global Federated Learning epoch = 9
Test Loss=0.0146, Test accuracy=0.5020
Test Loss=0.0146, Test accuracy=0.5020
Unlearn a client
Global Federated Learning epoch = 10
Test Loss=0.0139, Test accuracy=0.5000
Test Loss=0.0139, Test accuracy=0.5000
Unlearn a client
Global Federated Learning epoch = 11
Test Loss=0.0131, Test accuracy=0.5280
Test Loss=0.0131, Test accuracy=0.5280
Unlearn a client
Global Federated Learning epoch = 12
Test Loss=0.0135, Test accuracy=0.5000
Test Loss=0.0135, Test accuracy=0.5000
Unlearn a client
Global Federated Learning epoch = 13
Test Loss=0.0125, Test accuracy=0.5340
Test Loss=0.0125, Test accuracy=0.5340
Unlearn a client
Global Federated Learning epoch = 14
Test Loss=0.0121, Test accuracy=0.5880
Test Loss=0.0121, Test accuracy=0.5880
Unlearn a client
Global Federated Learning epoch = 15
Test Loss=0.0122, Test accuracy=0.5700
Test Loss=0.0122, Test accuracy=0.5700
Unlearn a client
Global Federated Learning epoch = 16
Test Loss=0.0116, Test accuracy=0.5740
Test Loss=0.0116, Test accuracy=0.5740
Unlearn a client
Global Federated Learning epoch = 17
Test Loss=0.0113, Test accuracy=0.5800
Test Loss=0.0113, Test accuracy=0.5800
Unlearn a client
Global Federated Learning epoch = 18
Test Loss=0.0108, Test accuracy=0.6060
Test Loss=0.0108, Test accuracy=0.6060
Unlearn a client
Global Federated Learning epoch = 19
Test Loss=0.0102, Test accuracy=0.6160
Test Loss=0.0102, Test accuracy=0.6160
Fine-tuning train acc:0.6160
Fine-tuning train epoch:19
#####  Federated Fine-tuning End#####
##### Total_variance time consuming:  154.7814211845398 #####
#####  Federated Unlearning End  #####
Files already downloaded and verified
Files already downloaded and verified
Files already downloaded and verified
Files already downloaded and verified
Files already downloaded and verified
Files already downloaded and verified
Files already downloaded and verified
Files already downloaded and verified
Test Loss=0.0079, Test accuracy=0.3683
FL_Params.unlearn_client:  3
Test Loss=0.2929, Test accuracy=0.3680
*****  Result Summary  *****
[FedEraser] Test set: Average loss = 2.46366451, Average acc = 0.3683
============================================================
Step4. Membership Inference Attack aganist GM...
Test Loss=0.0068, Test accuracy=0.3981
FL_Params.unlearn_client:  5
Test Loss=0.0578, Test accuracy=0.8700
*****  Result Summary  *****
[FedEraser] Test set: Average loss = 2.13550749, Average acc = 0.3981
============================================================
Step4. Membership Inference Attack aganist GM...
Files already downloaded and verified
Files already downloaded and verified
Files already downloaded and verified
Files already downloaded and verified
Files already downloaded and verified
Files already downloaded and verified
Files already downloaded and verified
Files already downloaded and verified
Attacking against FL Unlearn without calibration  
Attacking against FL Unlearn without calibration  
Files already downloaded and verified
Files already downloaded and verified
Files already downloaded and verified
Files already downloaded and verified
Files already downloaded and verified
Files already downloaded and verified
Files already downloaded and verified
Files already downloaded and verified
[92mINFO [0m:      Sent reply
[92mINFO [0m:      Sent reply
[92mINFO [0m:      aggregate_fit: received 2 results and 0 failures
[92mINFO [0m:      fit progress: (2, 2.303444723732555, {'Server test accuracy': 0.108}, 623.427130666)
[92mINFO [0m:      configure_evaluate: strategy sampled 2 clients (out of 10)
[92mINFO [0m:      
[92mINFO [0m:      [RUN 0, ROUND ]
[92mINFO [0m:      Received: evaluate message ae1fa093-d248-4262-b02e-49edb64493d3
[92mINFO [0m:      
[92mINFO [0m:      [RUN 0, ROUND ]
[92mINFO [0m:      Received: evaluate message 58cab426-b5b9-4700-8f2b-a923e4b67aec
[92mINFO [0m:      Sent reply
[92mINFO [0m:      Sent reply
[92mINFO [0m:      aggregate_evaluate: received 2 results and 0 failures
[92mINFO [0m:      
[92mINFO [0m:      [ROUND 3]
[92mINFO [0m:      configure_fit: strategy sampled 2 clients (out of 10)
[92mINFO [0m:      
[92mINFO [0m:      [RUN 0, ROUND ]
[92mINFO [0m:      Received: train message b904cba9-939e-4ad6-b8f0-765c1157f31c
[91mERROR [0m:     Client raised an exception.
Traceback (most recent call last):
  File "/opt/miniconda3/envs/fedEdge/lib/python3.9/site-packages/flwr/client/app.py", line 496, in _start_client_internal
    reply_message = client_app(message=message, context=context)
  File "/opt/miniconda3/envs/fedEdge/lib/python3.9/site-packages/flwr/client/client_app.py", line 98, in __call__
    return self._call(message, context)
  File "/opt/miniconda3/envs/fedEdge/lib/python3.9/site-packages/flwr/client/client_app.py", line 81, in ffn
    out_message = handle_legacy_message_from_msgtype(
  File "/opt/miniconda3/envs/fedEdge/lib/python3.9/site-packages/flwr/client/message_handler/message_handler.py", line 130, in handle_legacy_message_from_msgtype
    fit_res = maybe_call_fit(
  File "/opt/miniconda3/envs/fedEdge/lib/python3.9/site-packages/flwr/client/client.py", line 234, in maybe_call_fit
    return client.fit(fit_ins)
  File "/opt/miniconda3/envs/fedEdge/lib/python3.9/site-packages/flwr/client/numpy_client.py", line 238, in _fit
    results = self.numpy_client.fit(parameters, ins.config)  # type: ignore
  File "/Users/wangjiayi/Desktop/fededgepruneeraser/fedEdgePruneEraser/client.py", line 96, in fit
    old_GMs, old_CMs = FL_Train(self.model, self.client_loaders, testloader, FL_Params)
  File "/Users/wangjiayi/Desktop/fededgepruneeraser/fedEdgePruneEraser/FL_base.py", line 31, in FL_Train
    raise ValueError('FL_params.if_unlearning should be set to False, if you want to train, not unlearning FL model')
ValueError: FL_params.if_unlearning should be set to False, if you want to train, not unlearning FL model
[92mINFO [0m:      
[92mINFO [0m:      [RUN 0, ROUND ]
[92mINFO [0m:      Received: train message 9a957c9e-4296-431c-866d-18496b53bd66
MIA Attacker accuracy = 0.5710
MIA Attacker precision = 0.5475
MIA Attacker recall = 0.8180
#####  Federated Learning Start#####
Traceback (most recent call last):
  File "/Users/wangjiayi/Desktop/fededgepruneeraser/fedEdgePruneEraser/client.py", line 265, in <module>
    main()
  File "/Users/wangjiayi/Desktop/fededgepruneeraser/fedEdgePruneEraser/client.py", line 260, in main
    fl.client.start_client(server_address="127.0.0.1:8080", client=client)
  File "/opt/miniconda3/envs/fedEdge/lib/python3.9/site-packages/flwr/client/app.py", line 291, in start_client
    _start_client_internal(
  File "/opt/miniconda3/envs/fedEdge/lib/python3.9/site-packages/flwr/client/app.py", line 503, in _start_client_internal
    raise ex
  File "/opt/miniconda3/envs/fedEdge/lib/python3.9/site-packages/flwr/client/app.py", line 496, in _start_client_internal
    reply_message = client_app(message=message, context=context)
  File "/opt/miniconda3/envs/fedEdge/lib/python3.9/site-packages/flwr/client/client_app.py", line 98, in __call__
    return self._call(message, context)
  File "/opt/miniconda3/envs/fedEdge/lib/python3.9/site-packages/flwr/client/client_app.py", line 81, in ffn
    out_message = handle_legacy_message_from_msgtype(
  File "/opt/miniconda3/envs/fedEdge/lib/python3.9/site-packages/flwr/client/message_handler/message_handler.py", line 130, in handle_legacy_message_from_msgtype
    fit_res = maybe_call_fit(
  File "/opt/miniconda3/envs/fedEdge/lib/python3.9/site-packages/flwr/client/client.py", line 234, in maybe_call_fit
    return client.fit(fit_ins)
  File "/opt/miniconda3/envs/fedEdge/lib/python3.9/site-packages/flwr/client/numpy_client.py", line 238, in _fit
    results = self.numpy_client.fit(parameters, ins.config)  # type: ignore
  File "/Users/wangjiayi/Desktop/fededgepruneeraser/fedEdgePruneEraser/client.py", line 96, in fit
    old_GMs, old_CMs = FL_Train(self.model, self.client_loaders, testloader, FL_Params)
  File "/Users/wangjiayi/Desktop/fededgepruneeraser/fedEdgePruneEraser/FL_base.py", line 31, in FL_Train
    raise ValueError('FL_params.if_unlearning should be set to False, if you want to train, not unlearning FL model')
ValueError: FL_params.if_unlearning should be set to False, if you want to train, not unlearning FL model
Files already downloaded and verified
Files already downloaded and verified
select_clients:  [7 0 7 9 5 4 2 1 7 7 9 5]
Files already downloaded and verified
Files already downloaded and verified
batch_idx 0
Feature: conv1, TF-IDF: tensor([0.0675, 0.0863, 0.0193, 0.1249, 0.1188, 0.0976])
Feature: conv2, TF-IDF: tensor([5.1833e-02, 5.4977e-02, 6.2890e-02, 3.6617e-03, 1.9687e-02, 7.1263e-02,
        3.0917e-05, 7.1163e-03, 2.3378e-02, 5.0315e-02, 3.5924e-02, 3.8184e-02,
        4.6873e-03, 1.8158e-02, 3.8553e-02, 6.3809e-02])
Feature: conv1, Score length: 6, Scores: tensor([0.0675, 0.0863, 0.0193, 0.1249, 0.1188, 0.0976])
Max score index for feature conv1: 3
Chosen index for feature conv1: 3
Feature: conv2, Score length: 16, Scores: tensor([5.1833e-02, 5.4977e-02, 6.2890e-02, 3.6617e-03, 1.9687e-02, 7.1263e-02,
        3.0917e-05, 7.1163e-03, 2.3378e-02, 5.0315e-02, 3.5924e-02, 3.8184e-02,
        4.6873e-03, 1.8158e-02, 3.8553e-02, 6.3809e-02])
Max score index for feature conv2: 5
Chosen index for feature conv2: 5
Classes indices:  [3, 3, 5, 5]
Max index:  5
select_clients pruner:  [7 0 7 9 5 4 2 1 7 7 9 5]
#####  Federated Learning Start#####
Global Federated Learning epoch = 0
Global Federated Learning epoch = 1
Global Federated Learning epoch = 2
Global Federated Learning epoch = 3
Global Federated Learning epoch = 4
Global Federated Learning epoch = 5
Global Federated Learning epoch = 6
Global Federated Learning epoch = 7
Global Federated Learning epoch = 8
Global Federated Learning epoch = 9
Global Federated Learning epoch = 10
Global Federated Learning epoch = 11
Global Federated Learning epoch = 12
Global Federated Learning epoch = 13
Global Federated Learning epoch = 14
Global Federated Learning epoch = 15
Global Federated Learning epoch = 16
Global Federated Learning epoch = 17
Global Federated Learning epoch = 18
Global Federated Learning epoch = 19
##### FL_Train time consuming:  55.216832876205444 #####
#####  Federated Learning End#####


#####  Federated Unlearning Start  #####
#### Client-level Unlearning ####
Client-level Federated Unlearning Global Epoch  = 1
Client-level Federated Unlearning Global Epoch  = 2
Client-level Federated Unlearning Global Epoch  = 3
Client-level Federated Unlearning Global Epoch  = 4
Client-level Federated Unlearning Global Epoch  = 5
Client-level Federated Unlearning Global Epoch  = 6
Client-level Federated Unlearning Global Epoch  = 7
Client-level Federated Unlearning Global Epoch  = 8
Client-level Federated Unlearning Global Epoch  = 9
Client-level Federated Unlearning Global Epoch  = 10
Client-level Federated Unlearning Global Epoch  = 11
Client-level Federated Unlearning Global Epoch  = 12
Client-level Federated Unlearning Global Epoch  = 13
Client-level Federated Unlearning Global Epoch  = 14
Client-level Federated Unlearning Global Epoch  = 15
Client-level Federated Unlearning Global Epoch  = 16
Client-level Federated Unlearning Global Epoch  = 17
Client-level Federated Unlearning Global Epoch  = 18
Client-level Federated Unlearning Global Epoch  = 19
K, b:  2 5
split_clients [array([0, 1]), array([2, 3]), array([4, 5]), array([6, 7]), array([8, 9])]
Files already downloaded and verified
Files already downloaded and verified
batch_idx 0
Feature: conv1, TF-IDF: tensor([0.0601, 0.0434, 0.0590, 0.1647, 0.1273, 0.0511])
Feature: conv2, TF-IDF: tensor([0.0096, 0.0649, 0.0030, 0.0792, 0.0012, 0.1694, 0.0885, 0.0022, 0.0486,
        0.0050, 0.0641, 0.0033, 0.0159, 0.0032, 0.0124, 0.0096])
Feature: conv1, Score length: 6, Scores: tensor([0.0601, 0.0434, 0.0590, 0.1647, 0.1273, 0.0511])
Max score index for feature conv1: 3
Chosen index for feature conv1: 3
Feature: conv2, Score length: 16, Scores: tensor([0.0096, 0.0649, 0.0030, 0.0792, 0.0012, 0.1694, 0.0885, 0.0022, 0.0486,
        0.0050, 0.0641, 0.0033, 0.0159, 0.0032, 0.0124, 0.0096])
Max score index for feature conv2: 5
Chosen index for feature conv2: 5
Classes indices:  [3, 3, 5, 5]
Max index:  5
selected_client 5
Pruned sample index here: 5
Updated global [[Net_cifar10(
  (conv1): Conv2d(3, 6, kernel_size=(5, 5), stride=(1, 1))
  (pool): MaxPool2d(kernel_size=2, stride=2, padding=0, dilation=1, ceil_mode=False)
  (conv2): Conv2d(6, 16, kernel_size=(5, 5), stride=(1, 1))
  (fc1): Linear(in_features=400, out_features=120, bias=True)
  (fc2): Linear(in_features=120, out_features=84, bias=True)
  (fc3): Linear(in_features=84, out_features=10, bias=True)
)]] <class 'list'> 1 <class 'list'>
#####  Federated Fine-tuning Start#####
Unlearn a client
Global Federated Learning epoch = 0
Test Loss=0.0216, Test accuracy=0.2080
Test Loss=0.0216, Test accuracy=0.2080
Unlearn a client
Global Federated Learning epoch = 1
Test Loss=0.0204, Test accuracy=0.2520
Test Loss=0.0204, Test accuracy=0.2520
Unlearn a client
Global Federated Learning epoch = 2
Test Loss=0.0196, Test accuracy=0.3100
Test Loss=0.0196, Test accuracy=0.3100
Unlearn a client
Global Federated Learning epoch = 3
Test Loss=0.0189, Test accuracy=0.3440
Test Loss=0.0189, Test accuracy=0.3440
Unlearn a client
Global Federated Learning epoch = 4
Test Loss=0.0183, Test accuracy=0.3600
Test Loss=0.0183, Test accuracy=0.3600
Unlearn a client
Global Federated Learning epoch = 5
Test Loss=0.0176, Test accuracy=0.3840
Test Loss=0.0176, Test accuracy=0.3840
Unlearn a client
Global Federated Learning epoch = 6
Test Loss=0.0175, Test accuracy=0.3980
Test Loss=0.0175, Test accuracy=0.3980
Unlearn a client
Global Federated Learning epoch = 7
Test Loss=0.0166, Test accuracy=0.3980
Test Loss=0.0166, Test accuracy=0.3980
Unlearn a client
Global Federated Learning epoch = 8
Test Loss=0.0169, Test accuracy=0.4240
Test Loss=0.0169, Test accuracy=0.4240
Unlearn a client
Global Federated Learning epoch = 9
Test Loss=0.0159, Test accuracy=0.4440
Test Loss=0.0159, Test accuracy=0.4440
Unlearn a client
Global Federated Learning epoch = 10
Test Loss=0.0158, Test accuracy=0.4340
Test Loss=0.0158, Test accuracy=0.4340
Unlearn a client
Global Federated Learning epoch = 11
Test Loss=0.0158, Test accuracy=0.4680
Test Loss=0.0158, Test accuracy=0.4680
Unlearn a client
Global Federated Learning epoch = 12
Test Loss=0.0160, Test accuracy=0.4380
Test Loss=0.0160, Test accuracy=0.4380
Unlearn a client
Global Federated Learning epoch = 13
Test Loss=0.0146, Test accuracy=0.5040
Test Loss=0.0146, Test accuracy=0.5040
Unlearn a client
Global Federated Learning epoch = 14
Test Loss=0.0141, Test accuracy=0.4920
Test Loss=0.0141, Test accuracy=0.4920
Unlearn a client
Global Federated Learning epoch = 15
Test Loss=0.0141, Test accuracy=0.5480
Test Loss=0.0141, Test accuracy=0.5480
Unlearn a client
Global Federated Learning epoch = 16
Test Loss=0.0134, Test accuracy=0.5380
Test Loss=0.0134, Test accuracy=0.5380
Unlearn a client
Global Federated Learning epoch = 17
Test Loss=0.0127, Test accuracy=0.5460
Test Loss=0.0127, Test accuracy=0.5460
Unlearn a client
Global Federated Learning epoch = 18
Test Loss=0.0132, Test accuracy=0.5560
Test Loss=0.0132, Test accuracy=0.5560
Unlearn a client
Global Federated Learning epoch = 19
Test Loss=0.0117, Test accuracy=0.6240
Test Loss=0.0117, Test accuracy=0.6240
Fine-tuning train acc:0.6240
Fine-tuning train epoch:19
#####  Federated Fine-tuning End#####
##### Total_variance time consuming:  120.64374995231628 #####
#####  Federated Unlearning End  #####
Files already downloaded and verified
Files already downloaded and verified
Files already downloaded and verified
Files already downloaded and verified
Test Loss=0.0080, Test accuracy=0.3864
FL_Params.unlearn_client:  5
Test Loss=0.3120, Test accuracy=0.4100
*****  Result Summary  *****
[FedEraser] Test set: Average loss = 2.49012117, Average acc = 0.3864
============================================================
Step4. Membership Inference Attack aganist GM...
Files already downloaded and verified
Files already downloaded and verified
Files already downloaded and verified
Files already downloaded and verified
Attacking against FL Unlearn without calibration  
Files already downloaded and verified
Files already downloaded and verified
Files already downloaded and verified
Files already downloaded and verified
[92mINFO [0m:      Sent reply
[92mINFO [0m:      aggregate_fit: received 1 results and 1 failures
[92mINFO [0m:      fit progress: (3, 2.303444723732555, {'Server test accuracy': 0.108}, 909.851985666)
