[92mINFO [0m:      Starting Flower server, config: num_rounds=4, no round_timeout
[92mINFO [0m:      Flower ECE: gRPC server running (4 rounds), SSL is disabled
[92mINFO [0m:      [INIT]
[92mINFO [0m:      Using initial global parameters provided by strategy
[92mINFO [0m:      Evaluating initial global parameters
[92mINFO [0m:      initial parameters (loss, other metrics): 2.303444723732555, {'Server test accuracy': 0.108}
[92mINFO [0m:      
[92mINFO [0m:      [ROUND 1]
Starting client 0 on port 8081
Starting client 1 on port 8082
Starting client 2 on port 8083
Starting client 3 on port 8084
Starting client 4 on port 8085
Starting client 5 on port 8086
Starting client 6 on port 8087
Starting client 7 on port 8088
Starting client 8 on port 8089
Starting client 9 on port 8090
[92mINFO [0m:      configure_fit: strategy sampled 2 clients (out of 10)
[92mINFO [0m:      
[92mINFO [0m:      [RUN 0, ROUND ]
[92mINFO [0m:      Received: train message 3a707750-127a-4342-b71a-6ed0590d9c09
[92mINFO [0m:      
[92mINFO [0m:      [RUN 0, ROUND ]
[92mINFO [0m:      Received: train message 9cff9521-fde8-4c6a-882a-3b3b26131a0b
Files already downloaded and verified
Files already downloaded and verified
select_clients:  [2 1 5 0 8 8 6 2 6 2 5 0]
Files already downloaded and verified
Files already downloaded and verified
batch_idx 0
TF for unlearn class shape: torch.Size([6])
Feature: conv1, TF-IDF: tensor([0.0675, 0.0863, 0.0193, 0.1249, 0.1188, 0.0976])
TF for unlearn class shape: torch.Size([16])
Feature: conv2, TF-IDF: tensor([5.1833e-02, 5.4977e-02, 6.2890e-02, 3.6617e-03, 1.9687e-02, 7.1263e-02,
        3.0917e-05, 7.1163e-03, 2.3378e-02, 5.0315e-02, 3.5924e-02, 3.8184e-02,
        4.6873e-03, 1.8158e-02, 3.8553e-02, 6.3809e-02])
CLIENT tf_idf_map {'conv1': tensor([0.0675, 0.0863, 0.0193, 0.1249, 0.1188, 0.0976]), 'conv2': tensor([5.1833e-02, 5.4977e-02, 6.2890e-02, 3.6617e-03, 1.9687e-02, 7.1263e-02,
        3.0917e-05, 7.1163e-03, 2.3378e-02, 5.0315e-02, 3.5924e-02, 3.8184e-02,
        4.6873e-03, 1.8158e-02, 3.8553e-02, 6.3809e-02])}
CLIENT LIST [6, 9, 9, 4, 1, 1, 2, 7, 8, 3, 4, 7, 7, 2, 9, 9, 9, 3, 2, 6, 4, 3, 6, 6, 2, 6, 3, 5, 4, 0, 0, 9, 1, 3, 4, 0, 3, 7, 3, 3, 5, 2, 2, 7, 1, 1, 1, 2, 2, 0, 9, 5, 7, 9, 2, 2, 5, 2, 4, 3, 1, 1, 8, 2]
Feature: conv1, Score length: 6, Scores: tensor([0.0675, 0.0863, 0.0193, 0.1249, 0.1188, 0.0976])
Max score index for feature conv1: 3
Chosen index for feature conv1: 3
Feature: conv2, Score length: 16, Scores: tensor([5.1833e-02, 5.4977e-02, 6.2890e-02, 3.6617e-03, 1.9687e-02, 7.1263e-02,
        3.0917e-05, 7.1163e-03, 2.3378e-02, 5.0315e-02, 3.5924e-02, 3.8184e-02,
        4.6873e-03, 1.8158e-02, 3.8553e-02, 6.3809e-02])
Max score index for feature conv2: 5
Chosen index for feature conv2: 5
Classes indices:  [3, 3, 5, 5]
Max index:  5
select_clients pruner:  [2 1 5 0 8 8 6 2 6 2 5 0]
split_index [500, 500, 500, 500, 500, 500, 500, 500, 500, 500, 500, 500, 500, 500, 500, 500, 500, 500, 500, 500, 500, 500, 500, 500, 500, 500, 500, 500, 500, 500, 500, 500, 500, 500, 500, 500, 500, 500, 500, 500, 500, 500, 500, 500, 500, 500, 500, 500, 500, 500, 500, 500, 500, 500, 500, 500, 500, 500, 500, 500, 500, 500, 500, 500, 500, 500, 500, 500, 500, 500, 500, 500, 500, 500, 500, 500, 500, 500, 500, 500, 500, 500, 500, 500, 500, 500, 500, 500, 500, 500, 500, 500, 500, 500, 500, 500, 500, 500, 500, 500]
Client: client_all_loaders:  100 <torch.utils.data.dataloader.DataLoader object at 0x10682f5e0>
Client: client_loaders:  12 <torch.utils.data.dataloader.DataLoader object at 0x30cb83f70>
#####  Federated Learning Start#####
Global Federated Learning epoch = 0
Global Federated Learning epoch = 1
Global Federated Learning epoch = 2
Global Federated Learning epoch = 3
Global Federated Learning epoch = 4
Global Federated Learning epoch = 5
Global Federated Learning epoch = 6
Global Federated Learning epoch = 7
Global Federated Learning epoch = 8
Global Federated Learning epoch = 9
Global Federated Learning epoch = 10
Global Federated Learning epoch = 11
Global Federated Learning epoch = 12
Global Federated Learning epoch = 13
Global Federated Learning epoch = 14
Global Federated Learning epoch = 15
Global Federated Learning epoch = 16
Global Federated Learning epoch = 17
Global Federated Learning epoch = 18
Global Federated Learning epoch = 19
Loaders:: [<torch.utils.data.dataloader.DataLoader object at 0x30cb83f70>, <torch.utils.data.dataloader.DataLoader object at 0x30cb83dc0>, <torch.utils.data.dataloader.DataLoader object at 0x30cb93250>, <torch.utils.data.dataloader.DataLoader object at 0x10682f5e0>, <torch.utils.data.dataloader.DataLoader object at 0x30cb93520>, <torch.utils.data.dataloader.DataLoader object at 0x30cb93520>, <torch.utils.data.dataloader.DataLoader object at 0x30cb93310>, <torch.utils.data.dataloader.DataLoader object at 0x30cb83f70>, <torch.utils.data.dataloader.DataLoader object at 0x30cb93310>, <torch.utils.data.dataloader.DataLoader object at 0x30cb83f70>, <torch.utils.data.dataloader.DataLoader object at 0x30cb93250>, <torch.utils.data.dataloader.DataLoader object at 0x10682f5e0>]
old gms: [Net_cifar10(
  (conv1): Conv2d(3, 6, kernel_size=(5, 5), stride=(1, 1))
  (pool): MaxPool2d(kernel_size=2, stride=2, padding=0, dilation=1, ceil_mode=False)
  (conv2): Conv2d(6, 16, kernel_size=(5, 5), stride=(1, 1))
  (fc1): Linear(in_features=400, out_features=120, bias=True)
  (fc2): Linear(in_features=120, out_features=84, bias=True)
  (fc3): Linear(in_features=84, out_features=10, bias=True)
), Net_cifar10(
  (conv1): Conv2d(3, 6, kernel_size=(5, 5), stride=(1, 1))
  (pool): MaxPool2d(kernel_size=2, stride=2, padding=0, dilation=1, ceil_mode=False)
  (conv2): Conv2d(6, 16, kernel_size=(5, 5), stride=(1, 1))
  (fc1): Linear(in_features=400, out_features=120, bias=True)
  (fc2): Linear(in_features=120, out_features=84, bias=True)
  (fc3): Linear(in_features=84, out_features=10, bias=True)
), Net_cifar10(
  (conv1): Conv2d(3, 6, kernel_size=(5, 5), stride=(1, 1))
  (pool): MaxPool2d(kernel_size=2, stride=2, padding=0, dilation=1, ceil_mode=False)
  (conv2): Conv2d(6, 16, kernel_size=(5, 5), stride=(1, 1))
  (fc1): Linear(in_features=400, out_features=120, bias=True)
  (fc2): Linear(in_features=120, out_features=84, bias=True)
  (fc3): Linear(in_features=84, out_features=10, bias=True)
), Net_cifar10(
  (conv1): Conv2d(3, 6, kernel_size=(5, 5), stride=(1, 1))
  (pool): MaxPool2d(kernel_size=2, stride=2, padding=0, dilation=1, ceil_mode=False)
  (conv2): Conv2d(6, 16, kernel_size=(5, 5), stride=(1, 1))
  (fc1): Linear(in_features=400, out_features=120, bias=True)
  (fc2): Linear(in_features=120, out_features=84, bias=True)
  (fc3): Linear(in_features=84, out_features=10, bias=True)
), Net_cifar10(
  (conv1): Conv2d(3, 6, kernel_size=(5, 5), stride=(1, 1))
  (pool): MaxPool2d(kernel_size=2, stride=2, padding=0, dilation=1, ceil_mode=False)
  (conv2): Conv2d(6, 16, kernel_size=(5, 5), stride=(1, 1))
  (fc1): Linear(in_features=400, out_features=120, bias=True)
  (fc2): Linear(in_features=120, out_features=84, bias=True)
  (fc3): Linear(in_features=84, out_features=10, bias=True)
), Net_cifar10(
  (conv1): Conv2d(3, 6, kernel_size=(5, 5), stride=(1, 1))
  (pool): MaxPool2d(kernel_size=2, stride=2, padding=0, dilation=1, ceil_mode=False)
  (conv2): Conv2d(6, 16, kernel_size=(5, 5), stride=(1, 1))
  (fc1): Linear(in_features=400, out_features=120, bias=True)
  (fc2): Linear(in_features=120, out_features=84, bias=True)
  (fc3): Linear(in_features=84, out_features=10, bias=True)
), Net_cifar10(
  (conv1): Conv2d(3, 6, kernel_size=(5, 5), stride=(1, 1))
  (pool): MaxPool2d(kernel_size=2, stride=2, padding=0, dilation=1, ceil_mode=False)
  (conv2): Conv2d(6, 16, kernel_size=(5, 5), stride=(1, 1))
  (fc1): Linear(in_features=400, out_features=120, bias=True)
  (fc2): Linear(in_features=120, out_features=84, bias=True)
  (fc3): Linear(in_features=84, out_features=10, bias=True)
), Net_cifar10(
  (conv1): Conv2d(3, 6, kernel_size=(5, 5), stride=(1, 1))
  (pool): MaxPool2d(kernel_size=2, stride=2, padding=0, dilation=1, ceil_mode=False)
  (conv2): Conv2d(6, 16, kernel_size=(5, 5), stride=(1, 1))
  (fc1): Linear(in_features=400, out_features=120, bias=True)
  (fc2): Linear(in_features=120, out_features=84, bias=True)
  (fc3): Linear(in_features=84, out_features=10, bias=True)
), Net_cifar10(
  (conv1): Conv2d(3, 6, kernel_size=(5, 5), stride=(1, 1))
  (pool): MaxPool2d(kernel_size=2, stride=2, padding=0, dilation=1, ceil_mode=False)
  (conv2): Conv2d(6, 16, kernel_size=(5, 5), stride=(1, 1))
  (fc1): Linear(in_features=400, out_features=120, bias=True)
  (fc2): Linear(in_features=120, out_features=84, bias=True)
  (fc3): Linear(in_features=84, out_features=10, bias=True)
), Net_cifar10(
  (conv1): Conv2d(3, 6, kernel_size=(5, 5), stride=(1, 1))
  (pool): MaxPool2d(kernel_size=2, stride=2, padding=0, dilation=1, ceil_mode=False)
  (conv2): Conv2d(6, 16, kernel_size=(5, 5), stride=(1, 1))
  (fc1): Linear(in_features=400, out_features=120, bias=True)
  (fc2): Linear(in_features=120, out_features=84, bias=True)
  (fc3): Linear(in_features=84, out_features=10, bias=True)
), Net_cifar10(
  (conv1): Conv2d(3, 6, kernel_size=(5, 5), stride=(1, 1))
  (pool): MaxPool2d(kernel_size=2, stride=2, padding=0, dilation=1, ceil_mode=False)
  (conv2): Conv2d(6, 16, kernel_size=(5, 5), stride=(1, 1))
  (fc1): Linear(in_features=400, out_features=120, bias=True)
  (fc2): Linear(in_features=120, out_features=84, bias=True)
  (fc3): Linear(in_features=84, out_features=10, bias=True)
), Net_cifar10(
  (conv1): Conv2d(3, 6, kernel_size=(5, 5), stride=(1, 1))
  (pool): MaxPool2d(kernel_size=2, stride=2, padding=0, dilation=1, ceil_mode=False)
  (conv2): Conv2d(6, 16, kernel_size=(5, 5), stride=(1, 1))
  (fc1): Linear(in_features=400, out_features=120, bias=True)
  (fc2): Linear(in_features=120, out_features=84, bias=True)
  (fc3): Linear(in_features=84, out_features=10, bias=True)
), Net_cifar10(
  (conv1): Conv2d(3, 6, kernel_size=(5, 5), stride=(1, 1))
  (pool): MaxPool2d(kernel_size=2, stride=2, padding=0, dilation=1, ceil_mode=False)
  (conv2): Conv2d(6, 16, kernel_size=(5, 5), stride=(1, 1))
  (fc1): Linear(in_features=400, out_features=120, bias=True)
  (fc2): Linear(in_features=120, out_features=84, bias=True)
  (fc3): Linear(in_features=84, out_features=10, bias=True)
), Net_cifar10(
  (conv1): Conv2d(3, 6, kernel_size=(5, 5), stride=(1, 1))
  (pool): MaxPool2d(kernel_size=2, stride=2, padding=0, dilation=1, ceil_mode=False)
  (conv2): Conv2d(6, 16, kernel_size=(5, 5), stride=(1, 1))
  (fc1): Linear(in_features=400, out_features=120, bias=True)
  (fc2): Linear(in_features=120, out_features=84, bias=True)
  (fc3): Linear(in_features=84, out_features=10, bias=True)
), Net_cifar10(
  (conv1): Conv2d(3, 6, kernel_size=(5, 5), stride=(1, 1))
  (pool): MaxPool2d(kernel_size=2, stride=2, padding=0, dilation=1, ceil_mode=False)
  (conv2): Conv2d(6, 16, kernel_size=(5, 5), stride=(1, 1))
  (fc1): Linear(in_features=400, out_features=120, bias=True)
  (fc2): Linear(in_features=120, out_features=84, bias=True)
  (fc3): Linear(in_features=84, out_features=10, bias=True)
), Net_cifar10(
  (conv1): Conv2d(3, 6, kernel_size=(5, 5), stride=(1, 1))
  (pool): MaxPool2d(kernel_size=2, stride=2, padding=0, dilation=1, ceil_mode=False)
  (conv2): Conv2d(6, 16, kernel_size=(5, 5), stride=(1, 1))
  (fc1): Linear(in_features=400, out_features=120, bias=True)
  (fc2): Linear(in_features=120, out_features=84, bias=True)
  (fc3): Linear(in_features=84, out_features=10, bias=True)
), Net_cifar10(
  (conv1): Conv2d(3, 6, kernel_size=(5, 5), stride=(1, 1))
  (pool): MaxPool2d(kernel_size=2, stride=2, padding=0, dilation=1, ceil_mode=False)
  (conv2): Conv2d(6, 16, kernel_size=(5, 5), stride=(1, 1))
  (fc1): Linear(in_features=400, out_features=120, bias=True)
  (fc2): Linear(in_features=120, out_features=84, bias=True)
  (fc3): Linear(in_features=84, out_features=10, bias=True)
), Net_cifar10(
  (conv1): Conv2d(3, 6, kernel_size=(5, 5), stride=(1, 1))
  (pool): MaxPool2d(kernel_size=2, stride=2, padding=0, dilation=1, ceil_mode=False)
  (conv2): Conv2d(6, 16, kernel_size=(5, 5), stride=(1, 1))
  (fc1): Linear(in_features=400, out_features=120, bias=True)
  (fc2): Linear(in_features=120, out_features=84, bias=True)
  (fc3): Linear(in_features=84, out_features=10, bias=True)
), Net_cifar10(
  (conv1): Conv2d(3, 6, kernel_size=(5, 5), stride=(1, 1))
  (pool): MaxPool2d(kernel_size=2, stride=2, padding=0, dilation=1, ceil_mode=False)
  (conv2): Conv2d(6, 16, kernel_size=(5, 5), stride=(1, 1))
  (fc1): Linear(in_features=400, out_features=120, bias=True)
  (fc2): Linear(in_features=120, out_features=84, bias=True)
  (fc3): Linear(in_features=84, out_features=10, bias=True)
), Net_cifar10(
  (conv1): Conv2d(3, 6, kernel_size=(5, 5), stride=(1, 1))
  (pool): MaxPool2d(kernel_size=2, stride=2, padding=0, dilation=1, ceil_mode=False)
  (conv2): Conv2d(6, 16, kernel_size=(5, 5), stride=(1, 1))
  (fc1): Linear(in_features=400, out_features=120, bias=True)
  (fc2): Linear(in_features=120, out_features=84, bias=True)
  (fc3): Linear(in_features=84, out_features=10, bias=True)
), Net_cifar10(
  (conv1): Conv2d(3, 6, kernel_size=(5, 5), stride=(1, 1))
  (pool): MaxPool2d(kernel_size=2, stride=2, padding=0, dilation=1, ceil_mode=False)
  (conv2): Conv2d(6, 16, kernel_size=(5, 5), stride=(1, 1))
  (fc1): Linear(in_features=400, out_features=120, bias=True)
  (fc2): Linear(in_features=120, out_features=84, bias=True)
  (fc3): Linear(in_features=84, out_features=10, bias=True)
)]Files already downloaded and verified
Files already downloaded and verified
select_clients:  [0 7 6 3 6 1 7 7 4 5 4 4]
Files already downloaded and verified
Files already downloaded and verified
batch_idx 0
TF for unlearn class shape: torch.Size([6])
Feature: conv1, TF-IDF: tensor([0.0675, 0.0863, 0.0193, 0.1249, 0.1188, 0.0976])
TF for unlearn class shape: torch.Size([16])
Feature: conv2, TF-IDF: tensor([5.1833e-02, 5.4977e-02, 6.2890e-02, 3.6617e-03, 1.9687e-02, 7.1263e-02,
        3.0917e-05, 7.1163e-03, 2.3378e-02, 5.0315e-02, 3.5924e-02, 3.8184e-02,
        4.6873e-03, 1.8158e-02, 3.8553e-02, 6.3809e-02])
CLIENT tf_idf_map {'conv1': tensor([0.0675, 0.0863, 0.0193, 0.1249, 0.1188, 0.0976]), 'conv2': tensor([5.1833e-02, 5.4977e-02, 6.2890e-02, 3.6617e-03, 1.9687e-02, 7.1263e-02,
        3.0917e-05, 7.1163e-03, 2.3378e-02, 5.0315e-02, 3.5924e-02, 3.8184e-02,
        4.6873e-03, 1.8158e-02, 3.8553e-02, 6.3809e-02])}
CLIENT LIST [6, 9, 9, 4, 1, 1, 2, 7, 8, 3, 4, 7, 7, 2, 9, 9, 9, 3, 2, 6, 4, 3, 6, 6, 2, 6, 3, 5, 4, 0, 0, 9, 1, 3, 4, 0, 3, 7, 3, 3, 5, 2, 2, 7, 1, 1, 1, 2, 2, 0, 9, 5, 7, 9, 2, 2, 5, 2, 4, 3, 1, 1, 8, 2]
Feature: conv1, Score length: 6, Scores: tensor([0.0675, 0.0863, 0.0193, 0.1249, 0.1188, 0.0976])
Max score index for feature conv1: 3
Chosen index for feature conv1: 3
Feature: conv2, Score length: 16, Scores: tensor([5.1833e-02, 5.4977e-02, 6.2890e-02, 3.6617e-03, 1.9687e-02, 7.1263e-02,
        3.0917e-05, 7.1163e-03, 2.3378e-02, 5.0315e-02, 3.5924e-02, 3.8184e-02,
        4.6873e-03, 1.8158e-02, 3.8553e-02, 6.3809e-02])
Max score index for feature conv2: 5
Chosen index for feature conv2: 5
Classes indices:  [3, 3, 5, 5]
Max index:  5
select_clients pruner:  [0 7 6 3 6 1 7 7 4 5 4 4]
split_index [500, 500, 500, 500, 500, 500, 500, 500, 500, 500, 500, 500, 500, 500, 500, 500, 500, 500, 500, 500, 500, 500, 500, 500, 500, 500, 500, 500, 500, 500, 500, 500, 500, 500, 500, 500, 500, 500, 500, 500, 500, 500, 500, 500, 500, 500, 500, 500, 500, 500, 500, 500, 500, 500, 500, 500, 500, 500, 500, 500, 500, 500, 500, 500, 500, 500, 500, 500, 500, 500, 500, 500, 500, 500, 500, 500, 500, 500, 500, 500, 500, 500, 500, 500, 500, 500, 500, 500, 500, 500, 500, 500, 500, 500, 500, 500, 500, 500, 500, 500]
Client: client_all_loaders:  100 <torch.utils.data.dataloader.DataLoader object at 0x3109c7640>
Client: client_loaders:  12 <torch.utils.data.dataloader.DataLoader object at 0x3109c7640>
#####  Federated Learning Start#####
Global Federated Learning epoch = 0
Global Federated Learning epoch = 1
Global Federated Learning epoch = 2
Global Federated Learning epoch = 3
Global Federated Learning epoch = 4
Global Federated Learning epoch = 5
Global Federated Learning epoch = 6
Global Federated Learning epoch = 7
Global Federated Learning epoch = 8
Global Federated Learning epoch = 9
Global Federated Learning epoch = 10
Global Federated Learning epoch = 11
Global Federated Learning epoch = 12
Global Federated Learning epoch = 13
Global Federated Learning epoch = 14
Global Federated Learning epoch = 15
Global Federated Learning epoch = 16
Global Federated Learning epoch = 17
Global Federated Learning epoch = 18
Global Federated Learning epoch = 19
Loaders:: [<torch.utils.data.dataloader.DataLoader object at 0x3109c7640>, <torch.utils.data.dataloader.DataLoader object at 0x310d133d0>, <torch.utils.data.dataloader.DataLoader object at 0x310d13370>, <torch.utils.data.dataloader.DataLoader object at 0x310d13160>, <torch.utils.data.dataloader.DataLoader object at 0x310d13370>, <torch.utils.data.dataloader.DataLoader object at 0x310d03d30>, <torch.utils.data.dataloader.DataLoader object at 0x310d133d0>, <torch.utils.data.dataloader.DataLoader object at 0x310d133d0>, <torch.utils.data.dataloader.DataLoader object at 0x310d13070>, <torch.utils.data.dataloader.DataLoader object at 0x310d132b0>, <torch.utils.data.dataloader.DataLoader object at 0x310d13070>, <torch.utils.data.dataloader.DataLoader object at 0x310d13070>]
old gms: [Net_cifar10(
  (conv1): Conv2d(3, 6, kernel_size=(5, 5), stride=(1, 1))
  (pool): MaxPool2d(kernel_size=2, stride=2, padding=0, dilation=1, ceil_mode=False)
  (conv2): Conv2d(6, 16, kernel_size=(5, 5), stride=(1, 1))
  (fc1): Linear(in_features=400, out_features=120, bias=True)
  (fc2): Linear(in_features=120, out_features=84, bias=True)
  (fc3): Linear(in_features=84, out_features=10, bias=True)
), Net_cifar10(
  (conv1): Conv2d(3, 6, kernel_size=(5, 5), stride=(1, 1))
  (pool): MaxPool2d(kernel_size=2, stride=2, padding=0, dilation=1, ceil_mode=False)
  (conv2): Conv2d(6, 16, kernel_size=(5, 5), stride=(1, 1))
  (fc1): Linear(in_features=400, out_features=120, bias=True)
  (fc2): Linear(in_features=120, out_features=84, bias=True)
  (fc3): Linear(in_features=84, out_features=10, bias=True)
), Net_cifar10(
  (conv1): Conv2d(3, 6, kernel_size=(5, 5), stride=(1, 1))
  (pool): MaxPool2d(kernel_size=2, stride=2, padding=0, dilation=1, ceil_mode=False)
  (conv2): Conv2d(6, 16, kernel_size=(5, 5), stride=(1, 1))
  (fc1): Linear(in_features=400, out_features=120, bias=True)
  (fc2): Linear(in_features=120, out_features=84, bias=True)
  (fc3): Linear(in_features=84, out_features=10, bias=True)
), Net_cifar10(
  (conv1): Conv2d(3, 6, kernel_size=(5, 5), stride=(1, 1))
  (pool): MaxPool2d(kernel_size=2, stride=2, padding=0, dilation=1, ceil_mode=False)
  (conv2): Conv2d(6, 16, kernel_size=(5, 5), stride=(1, 1))
  (fc1): Linear(in_features=400, out_features=120, bias=True)
  (fc2): Linear(in_features=120, out_features=84, bias=True)
  (fc3): Linear(in_features=84, out_features=10, bias=True)
), Net_cifar10(
  (conv1): Conv2d(3, 6, kernel_size=(5, 5), stride=(1, 1))
  (pool): MaxPool2d(kernel_size=2, stride=2, padding=0, dilation=1, ceil_mode=False)
  (conv2): Conv2d(6, 16, kernel_size=(5, 5), stride=(1, 1))
  (fc1): Linear(in_features=400, out_features=120, bias=True)
  (fc2): Linear(in_features=120, out_features=84, bias=True)
  (fc3): Linear(in_features=84, out_features=10, bias=True)
), Net_cifar10(
  (conv1): Conv2d(3, 6, kernel_size=(5, 5), stride=(1, 1))
  (pool): MaxPool2d(kernel_size=2, stride=2, padding=0, dilation=1, ceil_mode=False)
  (conv2): Conv2d(6, 16, kernel_size=(5, 5), stride=(1, 1))
  (fc1): Linear(in_features=400, out_features=120, bias=True)
  (fc2): Linear(in_features=120, out_features=84, bias=True)
  (fc3): Linear(in_features=84, out_features=10, bias=True)
), Net_cifar10(
  (conv1): Conv2d(3, 6, kernel_size=(5, 5), stride=(1, 1))
  (pool): MaxPool2d(kernel_size=2, stride=2, padding=0, dilation=1, ceil_mode=False)
  (conv2): Conv2d(6, 16, kernel_size=(5, 5), stride=(1, 1))
  (fc1): Linear(in_features=400, out_features=120, bias=True)
  (fc2): Linear(in_features=120, out_features=84, bias=True)
  (fc3): Linear(in_features=84, out_features=10, bias=True)
), Net_cifar10(
  (conv1): Conv2d(3, 6, kernel_size=(5, 5), stride=(1, 1))
  (pool): MaxPool2d(kernel_size=2, stride=2, padding=0, dilation=1, ceil_mode=False)
  (conv2): Conv2d(6, 16, kernel_size=(5, 5), stride=(1, 1))
  (fc1): Linear(in_features=400, out_features=120, bias=True)
  (fc2): Linear(in_features=120, out_features=84, bias=True)
  (fc3): Linear(in_features=84, out_features=10, bias=True)
), Net_cifar10(
  (conv1): Conv2d(3, 6, kernel_size=(5, 5), stride=(1, 1))
  (pool): MaxPool2d(kernel_size=2, stride=2, padding=0, dilation=1, ceil_mode=False)
  (conv2): Conv2d(6, 16, kernel_size=(5, 5), stride=(1, 1))
  (fc1): Linear(in_features=400, out_features=120, bias=True)
  (fc2): Linear(in_features=120, out_features=84, bias=True)
  (fc3): Linear(in_features=84, out_features=10, bias=True)
), Net_cifar10(
  (conv1): Conv2d(3, 6, kernel_size=(5, 5), stride=(1, 1))
  (pool): MaxPool2d(kernel_size=2, stride=2, padding=0, dilation=1, ceil_mode=False)
  (conv2): Conv2d(6, 16, kernel_size=(5, 5), stride=(1, 1))
  (fc1): Linear(in_features=400, out_features=120, bias=True)
  (fc2): Linear(in_features=120, out_features=84, bias=True)
  (fc3): Linear(in_features=84, out_features=10, bias=True)
), Net_cifar10(
  (conv1): Conv2d(3, 6, kernel_size=(5, 5), stride=(1, 1))
  (pool): MaxPool2d(kernel_size=2, stride=2, padding=0, dilation=1, ceil_mode=False)
  (conv2): Conv2d(6, 16, kernel_size=(5, 5), stride=(1, 1))
  (fc1): Linear(in_features=400, out_features=120, bias=True)
  (fc2): Linear(in_features=120, out_features=84, bias=True)
  (fc3): Linear(in_features=84, out_features=10, bias=True)
), Net_cifar10(
  (conv1): Conv2d(3, 6, kernel_size=(5, 5), stride=(1, 1))
  (pool): MaxPool2d(kernel_size=2, stride=2, padding=0, dilation=1, ceil_mode=False)
  (conv2): Conv2d(6, 16, kernel_size=(5, 5), stride=(1, 1))
  (fc1): Linear(in_features=400, out_features=120, bias=True)
  (fc2): Linear(in_features=120, out_features=84, bias=True)
  (fc3): Linear(in_features=84, out_features=10, bias=True)
), Net_cifar10(
  (conv1): Conv2d(3, 6, kernel_size=(5, 5), stride=(1, 1))
  (pool): MaxPool2d(kernel_size=2, stride=2, padding=0, dilation=1, ceil_mode=False)
  (conv2): Conv2d(6, 16, kernel_size=(5, 5), stride=(1, 1))
  (fc1): Linear(in_features=400, out_features=120, bias=True)
  (fc2): Linear(in_features=120, out_features=84, bias=True)
  (fc3): Linear(in_features=84, out_features=10, bias=True)
), Net_cifar10(
  (conv1): Conv2d(3, 6, kernel_size=(5, 5), stride=(1, 1))
  (pool): MaxPool2d(kernel_size=2, stride=2, padding=0, dilation=1, ceil_mode=False)
  (conv2): Conv2d(6, 16, kernel_size=(5, 5), stride=(1, 1))
  (fc1): Linear(in_features=400, out_features=120, bias=True)
  (fc2): Linear(in_features=120, out_features=84, bias=True)
  (fc3): Linear(in_features=84, out_features=10, bias=True)
), Net_cifar10(
  (conv1): Conv2d(3, 6, kernel_size=(5, 5), stride=(1, 1))
  (pool): MaxPool2d(kernel_size=2, stride=2, padding=0, dilation=1, ceil_mode=False)
  (conv2): Conv2d(6, 16, kernel_size=(5, 5), stride=(1, 1))
  (fc1): Linear(in_features=400, out_features=120, bias=True)
  (fc2): Linear(in_features=120, out_features=84, bias=True)
  (fc3): Linear(in_features=84, out_features=10, bias=True)
), Net_cifar10(
  (conv1): Conv2d(3, 6, kernel_size=(5, 5), stride=(1, 1))
  (pool): MaxPool2d(kernel_size=2, stride=2, padding=0, dilation=1, ceil_mode=False)
  (conv2): Conv2d(6, 16, kernel_size=(5, 5), stride=(1, 1))
  (fc1): Linear(in_features=400, out_features=120, bias=True)
  (fc2): Linear(in_features=120, out_features=84, bias=True)
  (fc3): Linear(in_features=84, out_features=10, bias=True)
), Net_cifar10(
  (conv1): Conv2d(3, 6, kernel_size=(5, 5), stride=(1, 1))
  (pool): MaxPool2d(kernel_size=2, stride=2, padding=0, dilation=1, ceil_mode=False)
  (conv2): Conv2d(6, 16, kernel_size=(5, 5), stride=(1, 1))
  (fc1): Linear(in_features=400, out_features=120, bias=True)
  (fc2): Linear(in_features=120, out_features=84, bias=True)
  (fc3): Linear(in_features=84, out_features=10, bias=True)
), Net_cifar10(
  (conv1): Conv2d(3, 6, kernel_size=(5, 5), stride=(1, 1))
  (pool): MaxPool2d(kernel_size=2, stride=2, padding=0, dilation=1, ceil_mode=False)
  (conv2): Conv2d(6, 16, kernel_size=(5, 5), stride=(1, 1))
  (fc1): Linear(in_features=400, out_features=120, bias=True)
  (fc2): Linear(in_features=120, out_features=84, bias=True)
  (fc3): Linear(in_features=84, out_features=10, bias=True)
), Net_cifar10(
  (conv1): Conv2d(3, 6, kernel_size=(5, 5), stride=(1, 1))
  (pool): MaxPool2d(kernel_size=2, stride=2, padding=0, dilation=1, ceil_mode=False)
  (conv2): Conv2d(6, 16, kernel_size=(5, 5), stride=(1, 1))
  (fc1): Linear(in_features=400, out_features=120, bias=True)
  (fc2): Linear(in_features=120, out_features=84, bias=True)
  (fc3): Linear(in_features=84, out_features=10, bias=True)
), Net_cifar10(
  (conv1): Conv2d(3, 6, kernel_size=(5, 5), stride=(1, 1))
  (pool): MaxPool2d(kernel_size=2, stride=2, padding=0, dilation=1, ceil_mode=False)
  (conv2): Conv2d(6, 16, kernel_size=(5, 5), stride=(1, 1))
  (fc1): Linear(in_features=400, out_features=120, bias=True)
  (fc2): Linear(in_features=120, out_features=84, bias=True)
  (fc3): Linear(in_features=84, out_features=10, bias=True)
), Net_cifar10(
  (conv1): Conv2d(3, 6, kernel_size=(5, 5), stride=(1, 1))
  (pool): MaxPool2d(kernel_size=2, stride=2, padding=0, dilation=1, ceil_mode=False)
  (conv2): Conv2d(6, 16, kernel_size=(5, 5), stride=(1, 1))
  (fc1): Linear(in_features=400, out_features=120, bias=True)
  (fc2): Linear(in_features=120, out_features=84, bias=True)
  (fc3): Linear(in_features=84, out_features=10, bias=True)
)]
##### FL_Train time consuming:  61.17406702041626 #####
#####  Federated Learning End#####


#####  Federated Unlearning Start  #####
#### Client-level Unlearning ####
Client-level Federated Unlearning Global Epoch  = 1
Client-level Federated Unlearning Global Epoch  = 2
Client-level Federated Unlearning Global Epoch  = 3
Client-level Federated Unlearning Global Epoch  = 4
Client-level Federated Unlearning Global Epoch  = 5
Client-level Federated Unlearning Global Epoch  = 6
Client-level Federated Unlearning Global Epoch  = 7
Client-level Federated Unlearning Global Epoch  = 8
Client-level Federated Unlearning Global Epoch  = 9
Client-level Federated Unlearning Global Epoch  = 10
Client-level Federated Unlearning Global Epoch  = 11
Client-level Federated Unlearning Global Epoch  = 12
Client-level Federated Unlearning Global Epoch  = 13
Client-level Federated Unlearning Global Epoch  = 14
Client-level Federated Unlearning Global Epoch  = 15
Client-level Federated Unlearning Global Epoch  = 16
Client-level Federated Unlearning Global Epoch  = 17
Client-level Federated Unlearning Global Epoch  = 18
Client-level Federated Unlearning Global Epoch  = 19
K, b:  2 5
split_clients [array([0, 1]), array([2, 3]), array([4, 5]), array([6, 7]), array([8, 9])]
Files already downloaded and verified
Files already downloaded and verified
batch_idx 0
TF for unlearn class shape: torch.Size([6])
Feature: conv1, TF-IDF: tensor([0.0601, 0.0434, 0.0590, 0.1647, 0.1273, 0.0511])
TF for unlearn class shape: torch.Size([16])
Feature: conv2, TF-IDF: tensor([0.0096, 0.0649, 0.0030, 0.0792, 0.0012, 0.1694, 0.0885, 0.0022, 0.0486,
        0.0050, 0.0641, 0.0033, 0.0159, 0.0032, 0.0124, 0.0096])
CLIENT tf_idf_map {'conv1': tensor([0.0601, 0.0434, 0.0590, 0.1647, 0.1273, 0.0511]), 'conv2': tensor([0.0096, 0.0649, 0.0030, 0.0792, 0.0012, 0.1694, 0.0885, 0.0022, 0.0486,
        0.0050, 0.0641, 0.0033, 0.0159, 0.0032, 0.0124, 0.0096])}
CLIENT LIST [6, 9, 9, 4, 1, 1, 2, 7, 8, 3, 4, 7, 7, 2, 9, 9, 9, 3, 2, 6, 4, 3, 6, 6, 2, 6, 3, 5, 4, 0, 0, 9, 1, 3, 4, 0, 3, 7, 3, 3, 5, 2, 2, 7, 1, 1, 1, 2, 2, 0, 9, 5, 7, 9, 2, 2, 5, 2, 4, 3, 1, 1, 8, 2]
Feature: conv1, Score length: 6, Scores: tensor([0.0601, 0.0434, 0.0590, 0.1647, 0.1273, 0.0511])
Max score index for feature conv1: 3
Chosen index for feature conv1: 3
Feature: conv2, Score length: 16, Scores: tensor([0.0096, 0.0649, 0.0030, 0.0792, 0.0012, 0.1694, 0.0885, 0.0022, 0.0486,
        0.0050, 0.0641, 0.0033, 0.0159, 0.0032, 0.0124, 0.0096])
Max score index for feature conv2: 5
Chosen index for feature conv2: 5
Classes indices:  [3, 3, 5, 5]
Max index:  5
selected_client 5
Pruned sample index here: 5
Updated global [[Net_cifar10(
  (conv1): Conv2d(3, 6, kernel_size=(5, 5), stride=(1, 1))
  (pool): MaxPool2d(kernel_size=2, stride=2, padding=0, dilation=1, ceil_mode=False)
  (conv2): Conv2d(6, 16, kernel_size=(5, 5), stride=(1, 1))
  (fc1): Linear(in_features=400, out_features=120, bias=True)
  (fc2): Linear(in_features=120, out_features=84, bias=True)
  (fc3): Linear(in_features=84, out_features=10, bias=True)
)]] <class 'list'> 1 <class 'list'>
#####  Federated Fine-tuning Start#####
Unlearn a client
Global Federated Learning epoch = 0
Test Loss=0.0213, Test accuracy=0.2360
Test Loss=0.0213, Test accuracy=0.2360
Unlearn a client
Global Federated Learning epoch = 1
Test Loss=0.0200, Test accuracy=0.2820
Test Loss=0.0200, Test accuracy=0.2820
Unlearn a client
Global Federated Learning epoch = 2
Test Loss=0.0191, Test accuracy=0.3020
Test Loss=0.0191, Test accuracy=0.3020
Unlearn a client
Global Federated Learning epoch = 3
Test Loss=0.0180, Test accuracy=0.3300
Test Loss=0.0180, Test accuracy=0.3300
Unlearn a client
Global Federated Learning epoch = 4
Test Loss=0.0172, Test accuracy=0.3640
Test Loss=0.0172, Test accuracy=0.3640
Unlearn a client
Global Federated Learning epoch = 5
Test Loss=0.0164, Test accuracy=0.3940
Test Loss=0.0164, Test accuracy=0.3940
Unlearn a client
Global Federated Learning epoch = 6
Test Loss=0.0159, Test accuracy=0.4220
Test Loss=0.0159, Test accuracy=0.4220
Unlearn a client
Global Federated Learning epoch = 7
Test Loss=0.0157, Test accuracy=0.4320
Test Loss=0.0157, Test accuracy=0.4320
Unlearn a client
Global Federated Learning epoch = 8
Test Loss=0.0158, Test accuracy=0.4240
Test Loss=0.0158, Test accuracy=0.4240
Unlearn a client
Global Federated Learning epoch = 9
Test Loss=0.0154, Test accuracy=0.4120
Test Loss=0.0154, Test accuracy=0.4120
Unlearn a client
Global Federated Learning epoch = 10
Test Loss=0.0150, Test accuracy=0.4660
Test Loss=0.0150, Test accuracy=0.4660
Unlearn a client
Global Federated Learning epoch = 11
Test Loss=0.0150, Test accuracy=0.4520
Test Loss=0.0150, Test accuracy=0.4520
Unlearn a client
Global Federated Learning epoch = 12
Test Loss=0.0144, Test accuracy=0.4680
Test Loss=0.0144, Test accuracy=0.4680
Unlearn a client
Global Federated Learning epoch = 13
Test Loss=0.0145, Test accuracy=0.4820
Test Loss=0.0145, Test accuracy=0.4820
Unlearn a client
Global Federated Learning epoch = 14
Test Loss=0.0145, Test accuracy=0.4980
Test Loss=0.0145, Test accuracy=0.4980
Unlearn a client
Global Federated Learning epoch = 15
Test Loss=0.0136, Test accuracy=0.5440
Test Loss=0.0136, Test accuracy=0.5440
Unlearn a client
Global Federated Learning epoch = 16
Test Loss=0.0133, Test accuracy=0.4960
Test Loss=0.0133, Test accuracy=0.4960
Unlearn a client
Global Federated Learning epoch = 17
Test Loss=0.0131, Test accuracy=0.4880
Test Loss=0.0131, Test accuracy=0.4880
Unlearn a client
Global Federated Learning epoch = 18
Test Loss=0.0121, Test accuracy=0.5460
Test Loss=0.0121, Test accuracy=0.5460
Unlearn a client
Global Federated Learning epoch = 19
Test Loss=0.0116, Test accuracy=0.5800
Test Loss=0.0116, Test accuracy=0.5800
Fine-tuning train acc:0.5800
Fine-tuning train epoch:19
#####  Federated Fine-tuning End#####
##### Total_variance time consuming:  125.24463987350464 #####
#####  Federated Unlearning End  #####

##### FL_Train time consuming:  61.372050046920776 #####
#####  Federated Learning End#####


#####  Federated Unlearning Start  #####
#### Client-level Unlearning ####
Client-level Federated Unlearning Global Epoch  = 1
Client-level Federated Unlearning Global Epoch  = 2
Client-level Federated Unlearning Global Epoch  = 3
Client-level Federated Unlearning Global Epoch  = 4
Client-level Federated Unlearning Global Epoch  = 5
Client-level Federated Unlearning Global Epoch  = 6
Client-level Federated Unlearning Global Epoch  = 7
Client-level Federated Unlearning Global Epoch  = 8
Client-level Federated Unlearning Global Epoch  = 9
Client-level Federated Unlearning Global Epoch  = 10
Client-level Federated Unlearning Global Epoch  = 11
Client-level Federated Unlearning Global Epoch  = 12
Client-level Federated Unlearning Global Epoch  = 13
Client-level Federated Unlearning Global Epoch  = 14
Client-level Federated Unlearning Global Epoch  = 15
Client-level Federated Unlearning Global Epoch  = 16
Client-level Federated Unlearning Global Epoch  = 17
Client-level Federated Unlearning Global Epoch  = 18
Client-level Federated Unlearning Global Epoch  = 19
K, b:  2 5
split_clients [array([0, 1]), array([2, 3]), array([4, 5]), array([6, 7]), array([8, 9])]
Files already downloaded and verified
Files already downloaded and verified
batch_idx 0
TF for unlearn class shape: torch.Size([6])
Feature: conv1, TF-IDF: tensor([0.0601, 0.0434, 0.0590, 0.1647, 0.1273, 0.0511])
TF for unlearn class shape: torch.Size([16])
Feature: conv2, TF-IDF: tensor([0.0096, 0.0649, 0.0030, 0.0792, 0.0012, 0.1694, 0.0885, 0.0022, 0.0486,
        0.0050, 0.0641, 0.0033, 0.0159, 0.0032, 0.0124, 0.0096])
CLIENT tf_idf_map {'conv1': tensor([0.0601, 0.0434, 0.0590, 0.1647, 0.1273, 0.0511]), 'conv2': tensor([0.0096, 0.0649, 0.0030, 0.0792, 0.0012, 0.1694, 0.0885, 0.0022, 0.0486,
        0.0050, 0.0641, 0.0033, 0.0159, 0.0032, 0.0124, 0.0096])}
CLIENT LIST [6, 9, 9, 4, 1, 1, 2, 7, 8, 3, 4, 7, 7, 2, 9, 9, 9, 3, 2, 6, 4, 3, 6, 6, 2, 6, 3, 5, 4, 0, 0, 9, 1, 3, 4, 0, 3, 7, 3, 3, 5, 2, 2, 7, 1, 1, 1, 2, 2, 0, 9, 5, 7, 9, 2, 2, 5, 2, 4, 3, 1, 1, 8, 2]
Feature: conv1, Score length: 6, Scores: tensor([0.0601, 0.0434, 0.0590, 0.1647, 0.1273, 0.0511])
Max score index for feature conv1: 3
Chosen index for feature conv1: 3
Feature: conv2, Score length: 16, Scores: tensor([0.0096, 0.0649, 0.0030, 0.0792, 0.0012, 0.1694, 0.0885, 0.0022, 0.0486,
        0.0050, 0.0641, 0.0033, 0.0159, 0.0032, 0.0124, 0.0096])
Max score index for feature conv2: 5
Chosen index for feature conv2: 5
Classes indices:  [3, 3, 5, 5]
Max index:  5
selected_client 5
Pruned sample index here: 5
Updated global [[Net_cifar10(
  (conv1): Conv2d(3, 6, kernel_size=(5, 5), stride=(1, 1))
  (pool): MaxPool2d(kernel_size=2, stride=2, padding=0, dilation=1, ceil_mode=False)
  (conv2): Conv2d(6, 16, kernel_size=(5, 5), stride=(1, 1))
  (fc1): Linear(in_features=400, out_features=120, bias=True)
  (fc2): Linear(in_features=120, out_features=84, bias=True)
  (fc3): Linear(in_features=84, out_features=10, bias=True)
)]] <class 'list'> 1 <class 'list'>
#####  Federated Fine-tuning Start#####
Unlearn a client
Global Federated Learning epoch = 0
Test Loss=0.0217, Test accuracy=0.2400
Test Loss=0.0217, Test accuracy=0.2400
Unlearn a client
Global Federated Learning epoch = 1
Test Loss=0.0204, Test accuracy=0.2820
Test Loss=0.0204, Test accuracy=0.2820
Unlearn a client
Global Federated Learning epoch = 2
Test Loss=0.0196, Test accuracy=0.3180
Test Loss=0.0196, Test accuracy=0.3180
Unlearn a client
Global Federated Learning epoch = 3
Test Loss=0.0186, Test accuracy=0.3540
Test Loss=0.0186, Test accuracy=0.3540
Unlearn a client
Global Federated Learning epoch = 4
Test Loss=0.0174, Test accuracy=0.4000
Test Loss=0.0174, Test accuracy=0.4000
Unlearn a client
Global Federated Learning epoch = 5
Test Loss=0.0161, Test accuracy=0.4460
Test Loss=0.0161, Test accuracy=0.4460
Unlearn a client
Global Federated Learning epoch = 6
Test Loss=0.0150, Test accuracy=0.4780
Test Loss=0.0150, Test accuracy=0.4780
Unlearn a client
Global Federated Learning epoch = 7
Test Loss=0.0139, Test accuracy=0.5140
Test Loss=0.0139, Test accuracy=0.5140
Unlearn a client
Global Federated Learning epoch = 8
Test Loss=0.0128, Test accuracy=0.5760
Test Loss=0.0128, Test accuracy=0.5760
Unlearn a client
Global Federated Learning epoch = 9
Test Loss=0.0120, Test accuracy=0.6240
Test Loss=0.0120, Test accuracy=0.6240
Unlearn a client
Global Federated Learning epoch = 10
Test Loss=0.0110, Test accuracy=0.6460
Test Loss=0.0110, Test accuracy=0.6460
Unlearn a client
Global Federated Learning epoch = 11
Test Loss=0.0100, Test accuracy=0.6820
Test Loss=0.0100, Test accuracy=0.6820
Unlearn a client
Global Federated Learning epoch = 12
Test Loss=0.0096, Test accuracy=0.6880
Test Loss=0.0096, Test accuracy=0.6880
Unlearn a client
Global Federated Learning epoch = 13
Test Loss=0.0087, Test accuracy=0.7200
Test Loss=0.0087, Test accuracy=0.7200
Unlearn a client
Global Federated Learning epoch = 14
Test Loss=0.0090, Test accuracy=0.7260
Test Loss=0.0090, Test accuracy=0.7260
Unlearn a client
Global Federated Learning epoch = 15
Test Loss=0.0070, Test accuracy=0.7640
Test Loss=0.0070, Test accuracy=0.7640
Unlearn a client
Global Federated Learning epoch = 16
Test Loss=0.0071, Test accuracy=0.7680
Test Loss=0.0071, Test accuracy=0.7680
Unlearn a client
Global Federated Learning epoch = 17
Test Loss=0.0058, Test accuracy=0.8460
Test Loss=0.0058, Test accuracy=0.8460
Unlearn a client
Global Federated Learning epoch = 18
Test Loss=0.0059, Test accuracy=0.8480
Test Loss=0.0059, Test accuracy=0.8480
Unlearn a client
Global Federated Learning epoch = 19
Test Loss=0.0052, Test accuracy=0.8740
Test Loss=0.0052, Test accuracy=0.8740
Fine-tuning train acc:0.8740
Fine-tuning train epoch:19
#####  Federated Fine-tuning End#####
##### Total_variance time consuming:  124.78402614593506 #####
#####  Federated Unlearning End  #####
Files already downloaded and verified
Files already downloaded and verified
Files already downloaded and verified
Files already downloaded and verified
Files already downloaded and verified
Files already downloaded and verified
Files already downloaded and verified
Files already downloaded and verified
Test Loss=0.0064, Test accuracy=0.3848
FL_Params.unlearn_client:  5
Test Loss=0.2498, Test accuracy=0.4040
*****  Result Summary  *****
[FedEraser] Test set: Average loss = 2.01099886, Average acc = 0.3848
============================================================
Step4. Membership Inference Attack aganist GM...
Test Loss=0.0069, Test accuracy=0.3557
FL_Params.unlearn_client:  5
Test Loss=0.1611, Test accuracy=0.5800
*****  Result Summary  *****
[FedEraser] Test set: Average loss = 2.15144325, Average acc = 0.3557
============================================================
Step4. Membership Inference Attack aganist GM...
Files already downloaded and verified
Files already downloaded and verified
Files already downloaded and verified
Files already downloaded and verified
Files already downloaded and verified
Files already downloaded and verified
Files already downloaded and verified
Files already downloaded and verified
Attacking against FL Unlearn without calibration  
Attacking against FL Unlearn without calibration  
Files already downloaded and verified
Files already downloaded and verified
Files already downloaded and verified
Files already downloaded and verified
Files already downloaded and verified
Files already downloaded and verified
Files already downloaded and verified
Files already downloaded and verified
[92mINFO [0m:      Sent reply
[92mINFO [0m:      Sent reply
[92mINFO [0m:      aggregate_fit: received 2 results and 0 failures
[93mWARNING [0m:   No fit_metrics_aggregation_fn provided
[92mINFO [0m:      fit progress: (1, 2.303444723732555, {'Server test accuracy': 0.108}, 290.97478258300004)
[92mINFO [0m:      configure_evaluate: strategy sampled 2 clients (out of 10)
[92mINFO [0m:      
[92mINFO [0m:      [RUN 0, ROUND ]
[92mINFO [0m:      Received: evaluate message 5aadd4a6-3d1b-42e1-9104-07acec5b3d92
[92mINFO [0m:      
[92mINFO [0m:      [RUN 0, ROUND ]
[92mINFO [0m:      Received: evaluate message 15755852-74aa-49e3-91db-9ab82313b57b
[92mINFO [0m:      Sent reply
[92mINFO [0m:      Sent reply
[92mINFO [0m:      aggregate_evaluate: received 2 results and 0 failures
[92mINFO [0m:      
[92mINFO [0m:      [ROUND 2]
[92mINFO [0m:      configure_fit: strategy sampled 2 clients (out of 10)
[92mINFO [0m:      
[92mINFO [0m:      [RUN 0, ROUND ]
[92mINFO [0m:      Received: train message 3f3b6c46-50ea-4b30-b9d3-307a04625f6b
[92mINFO [0m:      
[92mINFO [0m:      [RUN 0, ROUND ]
[92mINFO [0m:      Received: train message b6a683a4-5a59-4f91-85da-bec36ad9072e
[91mERROR [0m:     Client raised an exception.
Traceback (most recent call last):
  File "/opt/miniconda3/envs/fedEdge/lib/python3.9/site-packages/flwr/client/app.py", line 496, in _start_client_internal
    reply_message = client_app(message=message, context=context)
  File "/opt/miniconda3/envs/fedEdge/lib/python3.9/site-packages/flwr/client/client_app.py", line 98, in __call__
    return self._call(message, context)
  File "/opt/miniconda3/envs/fedEdge/lib/python3.9/site-packages/flwr/client/client_app.py", line 81, in ffn
    out_message = handle_legacy_message_from_msgtype(
  File "/opt/miniconda3/envs/fedEdge/lib/python3.9/site-packages/flwr/client/message_handler/message_handler.py", line 130, in handle_legacy_message_from_msgtype
    fit_res = maybe_call_fit(
  File "/opt/miniconda3/envs/fedEdge/lib/python3.9/site-packages/flwr/client/client.py", line 234, in maybe_call_fit
    return client.fit(fit_ins)
  File "/opt/miniconda3/envs/fedEdge/lib/python3.9/site-packages/flwr/client/numpy_client.py", line 238, in _fit
    results = self.numpy_client.fit(parameters, ins.config)  # type: ignore
  File "/Users/wangjiayi/Desktop/fededgepruneeraser/fedEdgePruneEraser/client.py", line 96, in fit
    old_GMs, old_CMs = FL_Train(self.model, self.client_loaders, testloader, FL_Params)
  File "/Users/wangjiayi/Desktop/fededgepruneeraser/fedEdgePruneEraser/FL_base.py", line 31, in FL_Train
    raise ValueError('FL_params.if_unlearning should be set to False, if you want to train, not unlearning FL model')
ValueError: FL_params.if_unlearning should be set to False, if you want to train, not unlearning FL model
MIA Attacker accuracy = 0.5000
MIA Attacker precision = 0.0000
MIA Attacker recall = 0.0000
#####  Federated Learning Start#####
Traceback (most recent call last):
  File "/Users/wangjiayi/Desktop/fededgepruneeraser/fedEdgePruneEraser/client.py", line 265, in <module>
    main()
  File "/Users/wangjiayi/Desktop/fededgepruneeraser/fedEdgePruneEraser/client.py", line 260, in main
    fl.client.start_client(server_address="127.0.0.1:8080", client=client)
  File "/opt/miniconda3/envs/fedEdge/lib/python3.9/site-packages/flwr/client/app.py", line 291, in start_client
    _start_client_internal(
  File "/opt/miniconda3/envs/fedEdge/lib/python3.9/site-packages/flwr/client/app.py", line 503, in _start_client_internal
    raise ex
  File "/opt/miniconda3/envs/fedEdge/lib/python3.9/site-packages/flwr/client/app.py", line 496, in _start_client_internal
    reply_message = client_app(message=message, context=context)
  File "/opt/miniconda3/envs/fedEdge/lib/python3.9/site-packages/flwr/client/client_app.py", line 98, in __call__
    return self._call(message, context)
  File "/opt/miniconda3/envs/fedEdge/lib/python3.9/site-packages/flwr/client/client_app.py", line 81, in ffn
    out_message = handle_legacy_message_from_msgtype(
  File "/opt/miniconda3/envs/fedEdge/lib/python3.9/site-packages/flwr/client/message_handler/message_handler.py", line 130, in handle_legacy_message_from_msgtype
    fit_res = maybe_call_fit(
  File "/opt/miniconda3/envs/fedEdge/lib/python3.9/site-packages/flwr/client/client.py", line 234, in maybe_call_fit
    return client.fit(fit_ins)
  File "/opt/miniconda3/envs/fedEdge/lib/python3.9/site-packages/flwr/client/numpy_client.py", line 238, in _fit
    results = self.numpy_client.fit(parameters, ins.config)  # type: ignore
  File "/Users/wangjiayi/Desktop/fededgepruneeraser/fedEdgePruneEraser/client.py", line 96, in fit
    old_GMs, old_CMs = FL_Train(self.model, self.client_loaders, testloader, FL_Params)
  File "/Users/wangjiayi/Desktop/fededgepruneeraser/fedEdgePruneEraser/FL_base.py", line 31, in FL_Train
    raise ValueError('FL_params.if_unlearning should be set to False, if you want to train, not unlearning FL model')
ValueError: FL_params.if_unlearning should be set to False, if you want to train, not unlearning FL model
Files already downloaded and verified
Files already downloaded and verified
select_clients:  [5 8 1 0 7 5 3 7 6 2 4 1]
Files already downloaded and verified
Files already downloaded and verified
batch_idx 0
TF for unlearn class shape: torch.Size([6])
Feature: conv1, TF-IDF: tensor([0.0675, 0.0863, 0.0193, 0.1249, 0.1188, 0.0976])
TF for unlearn class shape: torch.Size([16])
Feature: conv2, TF-IDF: tensor([5.1833e-02, 5.4977e-02, 6.2890e-02, 3.6617e-03, 1.9687e-02, 7.1263e-02,
        3.0917e-05, 7.1163e-03, 2.3378e-02, 5.0315e-02, 3.5924e-02, 3.8184e-02,
        4.6873e-03, 1.8158e-02, 3.8553e-02, 6.3809e-02])
CLIENT tf_idf_map {'conv1': tensor([0.0675, 0.0863, 0.0193, 0.1249, 0.1188, 0.0976]), 'conv2': tensor([5.1833e-02, 5.4977e-02, 6.2890e-02, 3.6617e-03, 1.9687e-02, 7.1263e-02,
        3.0917e-05, 7.1163e-03, 2.3378e-02, 5.0315e-02, 3.5924e-02, 3.8184e-02,
        4.6873e-03, 1.8158e-02, 3.8553e-02, 6.3809e-02])}
CLIENT LIST [6, 9, 9, 4, 1, 1, 2, 7, 8, 3, 4, 7, 7, 2, 9, 9, 9, 3, 2, 6, 4, 3, 6, 6, 2, 6, 3, 5, 4, 0, 0, 9, 1, 3, 4, 0, 3, 7, 3, 3, 5, 2, 2, 7, 1, 1, 1, 2, 2, 0, 9, 5, 7, 9, 2, 2, 5, 2, 4, 3, 1, 1, 8, 2]
Feature: conv1, Score length: 6, Scores: tensor([0.0675, 0.0863, 0.0193, 0.1249, 0.1188, 0.0976])
Max score index for feature conv1: 3
Chosen index for feature conv1: 3
Feature: conv2, Score length: 16, Scores: tensor([5.1833e-02, 5.4977e-02, 6.2890e-02, 3.6617e-03, 1.9687e-02, 7.1263e-02,
        3.0917e-05, 7.1163e-03, 2.3378e-02, 5.0315e-02, 3.5924e-02, 3.8184e-02,
        4.6873e-03, 1.8158e-02, 3.8553e-02, 6.3809e-02])
Max score index for feature conv2: 5
Chosen index for feature conv2: 5
Classes indices:  [3, 3, 5, 5]
Max index:  5
select_clients pruner:  [5 8 1 0 7 5 3 7 6 2 4 1]
split_index [500, 500, 500, 500, 500, 500, 500, 500, 500, 500, 500, 500, 500, 500, 500, 500, 500, 500, 500, 500, 500, 500, 500, 500, 500, 500, 500, 500, 500, 500, 500, 500, 500, 500, 500, 500, 500, 500, 500, 500, 500, 500, 500, 500, 500, 500, 500, 500, 500, 500, 500, 500, 500, 500, 500, 500, 500, 500, 500, 500, 500, 500, 500, 500, 500, 500, 500, 500, 500, 500, 500, 500, 500, 500, 500, 500, 500, 500, 500, 500, 500, 500, 500, 500, 500, 500, 500, 500, 500, 500, 500, 500, 500, 500, 500, 500, 500, 500, 500, 500]
Client: client_all_loaders:  100 <torch.utils.data.dataloader.DataLoader object at 0x310fa85b0>
Client: client_loaders:  12 <torch.utils.data.dataloader.DataLoader object at 0x311934220>
Test Loss=0.0037, Test accuracy=0.0943
#####  Federated Learning Start#####
Global Federated Learning epoch = 0
Global Federated Learning epoch = 1
Global Federated Learning epoch = 2
Global Federated Learning epoch = 3
Global Federated Learning epoch = 4
Global Federated Learning epoch = 5
Global Federated Learning epoch = 6
Global Federated Learning epoch = 7
Global Federated Learning epoch = 8
Global Federated Learning epoch = 9
Global Federated Learning epoch = 10
Global Federated Learning epoch = 11
Global Federated Learning epoch = 12
Global Federated Learning epoch = 13
Global Federated Learning epoch = 14
Global Federated Learning epoch = 15
Global Federated Learning epoch = 16
Global Federated Learning epoch = 17
Global Federated Learning epoch = 18
Global Federated Learning epoch = 19
Loaders:: [<torch.utils.data.dataloader.DataLoader object at 0x311934220>, <torch.utils.data.dataloader.DataLoader object at 0x3119344f0>, <torch.utils.data.dataloader.DataLoader object at 0x311923dc0>, <torch.utils.data.dataloader.DataLoader object at 0x310fa85b0>, <torch.utils.data.dataloader.DataLoader object at 0x311934340>, <torch.utils.data.dataloader.DataLoader object at 0x311934220>, <torch.utils.data.dataloader.DataLoader object at 0x311923f10>, <torch.utils.data.dataloader.DataLoader object at 0x311934340>, <torch.utils.data.dataloader.DataLoader object at 0x3119342e0>, <torch.utils.data.dataloader.DataLoader object at 0x311923f40>, <torch.utils.data.dataloader.DataLoader object at 0x311934190>, <torch.utils.data.dataloader.DataLoader object at 0x311923dc0>]
old gms: [Net_cifar10(
  (conv1): Conv2d(3, 6, kernel_size=(5, 5), stride=(1, 1))
  (pool): MaxPool2d(kernel_size=2, stride=2, padding=0, dilation=1, ceil_mode=False)
  (conv2): Conv2d(6, 16, kernel_size=(5, 5), stride=(1, 1))
  (fc1): Linear(in_features=400, out_features=120, bias=True)
  (fc2): Linear(in_features=120, out_features=84, bias=True)
  (fc3): Linear(in_features=84, out_features=10, bias=True)
), Net_cifar10(
  (conv1): Conv2d(3, 6, kernel_size=(5, 5), stride=(1, 1))
  (pool): MaxPool2d(kernel_size=2, stride=2, padding=0, dilation=1, ceil_mode=False)
  (conv2): Conv2d(6, 16, kernel_size=(5, 5), stride=(1, 1))
  (fc1): Linear(in_features=400, out_features=120, bias=True)
  (fc2): Linear(in_features=120, out_features=84, bias=True)
  (fc3): Linear(in_features=84, out_features=10, bias=True)
), Net_cifar10(
  (conv1): Conv2d(3, 6, kernel_size=(5, 5), stride=(1, 1))
  (pool): MaxPool2d(kernel_size=2, stride=2, padding=0, dilation=1, ceil_mode=False)
  (conv2): Conv2d(6, 16, kernel_size=(5, 5), stride=(1, 1))
  (fc1): Linear(in_features=400, out_features=120, bias=True)
  (fc2): Linear(in_features=120, out_features=84, bias=True)
  (fc3): Linear(in_features=84, out_features=10, bias=True)
), Net_cifar10(
  (conv1): Conv2d(3, 6, kernel_size=(5, 5), stride=(1, 1))
  (pool): MaxPool2d(kernel_size=2, stride=2, padding=0, dilation=1, ceil_mode=False)
  (conv2): Conv2d(6, 16, kernel_size=(5, 5), stride=(1, 1))
  (fc1): Linear(in_features=400, out_features=120, bias=True)
  (fc2): Linear(in_features=120, out_features=84, bias=True)
  (fc3): Linear(in_features=84, out_features=10, bias=True)
), Net_cifar10(
  (conv1): Conv2d(3, 6, kernel_size=(5, 5), stride=(1, 1))
  (pool): MaxPool2d(kernel_size=2, stride=2, padding=0, dilation=1, ceil_mode=False)
  (conv2): Conv2d(6, 16, kernel_size=(5, 5), stride=(1, 1))
  (fc1): Linear(in_features=400, out_features=120, bias=True)
  (fc2): Linear(in_features=120, out_features=84, bias=True)
  (fc3): Linear(in_features=84, out_features=10, bias=True)
), Net_cifar10(
  (conv1): Conv2d(3, 6, kernel_size=(5, 5), stride=(1, 1))
  (pool): MaxPool2d(kernel_size=2, stride=2, padding=0, dilation=1, ceil_mode=False)
  (conv2): Conv2d(6, 16, kernel_size=(5, 5), stride=(1, 1))
  (fc1): Linear(in_features=400, out_features=120, bias=True)
  (fc2): Linear(in_features=120, out_features=84, bias=True)
  (fc3): Linear(in_features=84, out_features=10, bias=True)
), Net_cifar10(
  (conv1): Conv2d(3, 6, kernel_size=(5, 5), stride=(1, 1))
  (pool): MaxPool2d(kernel_size=2, stride=2, padding=0, dilation=1, ceil_mode=False)
  (conv2): Conv2d(6, 16, kernel_size=(5, 5), stride=(1, 1))
  (fc1): Linear(in_features=400, out_features=120, bias=True)
  (fc2): Linear(in_features=120, out_features=84, bias=True)
  (fc3): Linear(in_features=84, out_features=10, bias=True)
), Net_cifar10(
  (conv1): Conv2d(3, 6, kernel_size=(5, 5), stride=(1, 1))
  (pool): MaxPool2d(kernel_size=2, stride=2, padding=0, dilation=1, ceil_mode=False)
  (conv2): Conv2d(6, 16, kernel_size=(5, 5), stride=(1, 1))
  (fc1): Linear(in_features=400, out_features=120, bias=True)
  (fc2): Linear(in_features=120, out_features=84, bias=True)
  (fc3): Linear(in_features=84, out_features=10, bias=True)
), Net_cifar10(
  (conv1): Conv2d(3, 6, kernel_size=(5, 5), stride=(1, 1))
  (pool): MaxPool2d(kernel_size=2, stride=2, padding=0, dilation=1, ceil_mode=False)
  (conv2): Conv2d(6, 16, kernel_size=(5, 5), stride=(1, 1))
  (fc1): Linear(in_features=400, out_features=120, bias=True)
  (fc2): Linear(in_features=120, out_features=84, bias=True)
  (fc3): Linear(in_features=84, out_features=10, bias=True)
), Net_cifar10(
  (conv1): Conv2d(3, 6, kernel_size=(5, 5), stride=(1, 1))
  (pool): MaxPool2d(kernel_size=2, stride=2, padding=0, dilation=1, ceil_mode=False)
  (conv2): Conv2d(6, 16, kernel_size=(5, 5), stride=(1, 1))
  (fc1): Linear(in_features=400, out_features=120, bias=True)
  (fc2): Linear(in_features=120, out_features=84, bias=True)
  (fc3): Linear(in_features=84, out_features=10, bias=True)
), Net_cifar10(
  (conv1): Conv2d(3, 6, kernel_size=(5, 5), stride=(1, 1))
  (pool): MaxPool2d(kernel_size=2, stride=2, padding=0, dilation=1, ceil_mode=False)
  (conv2): Conv2d(6, 16, kernel_size=(5, 5), stride=(1, 1))
  (fc1): Linear(in_features=400, out_features=120, bias=True)
  (fc2): Linear(in_features=120, out_features=84, bias=True)
  (fc3): Linear(in_features=84, out_features=10, bias=True)
), Net_cifar10(
  (conv1): Conv2d(3, 6, kernel_size=(5, 5), stride=(1, 1))
  (pool): MaxPool2d(kernel_size=2, stride=2, padding=0, dilation=1, ceil_mode=False)
  (conv2): Conv2d(6, 16, kernel_size=(5, 5), stride=(1, 1))
  (fc1): Linear(in_features=400, out_features=120, bias=True)
  (fc2): Linear(in_features=120, out_features=84, bias=True)
  (fc3): Linear(in_features=84, out_features=10, bias=True)
), Net_cifar10(
  (conv1): Conv2d(3, 6, kernel_size=(5, 5), stride=(1, 1))
  (pool): MaxPool2d(kernel_size=2, stride=2, padding=0, dilation=1, ceil_mode=False)
  (conv2): Conv2d(6, 16, kernel_size=(5, 5), stride=(1, 1))
  (fc1): Linear(in_features=400, out_features=120, bias=True)
  (fc2): Linear(in_features=120, out_features=84, bias=True)
  (fc3): Linear(in_features=84, out_features=10, bias=True)
), Net_cifar10(
  (conv1): Conv2d(3, 6, kernel_size=(5, 5), stride=(1, 1))
  (pool): MaxPool2d(kernel_size=2, stride=2, padding=0, dilation=1, ceil_mode=False)
  (conv2): Conv2d(6, 16, kernel_size=(5, 5), stride=(1, 1))
  (fc1): Linear(in_features=400, out_features=120, bias=True)
  (fc2): Linear(in_features=120, out_features=84, bias=True)
  (fc3): Linear(in_features=84, out_features=10, bias=True)
), Net_cifar10(
  (conv1): Conv2d(3, 6, kernel_size=(5, 5), stride=(1, 1))
  (pool): MaxPool2d(kernel_size=2, stride=2, padding=0, dilation=1, ceil_mode=False)
  (conv2): Conv2d(6, 16, kernel_size=(5, 5), stride=(1, 1))
  (fc1): Linear(in_features=400, out_features=120, bias=True)
  (fc2): Linear(in_features=120, out_features=84, bias=True)
  (fc3): Linear(in_features=84, out_features=10, bias=True)
), Net_cifar10(
  (conv1): Conv2d(3, 6, kernel_size=(5, 5), stride=(1, 1))
  (pool): MaxPool2d(kernel_size=2, stride=2, padding=0, dilation=1, ceil_mode=False)
  (conv2): Conv2d(6, 16, kernel_size=(5, 5), stride=(1, 1))
  (fc1): Linear(in_features=400, out_features=120, bias=True)
  (fc2): Linear(in_features=120, out_features=84, bias=True)
  (fc3): Linear(in_features=84, out_features=10, bias=True)
), Net_cifar10(
  (conv1): Conv2d(3, 6, kernel_size=(5, 5), stride=(1, 1))
  (pool): MaxPool2d(kernel_size=2, stride=2, padding=0, dilation=1, ceil_mode=False)
  (conv2): Conv2d(6, 16, kernel_size=(5, 5), stride=(1, 1))
  (fc1): Linear(in_features=400, out_features=120, bias=True)
  (fc2): Linear(in_features=120, out_features=84, bias=True)
  (fc3): Linear(in_features=84, out_features=10, bias=True)
), Net_cifar10(
  (conv1): Conv2d(3, 6, kernel_size=(5, 5), stride=(1, 1))
  (pool): MaxPool2d(kernel_size=2, stride=2, padding=0, dilation=1, ceil_mode=False)
  (conv2): Conv2d(6, 16, kernel_size=(5, 5), stride=(1, 1))
  (fc1): Linear(in_features=400, out_features=120, bias=True)
  (fc2): Linear(in_features=120, out_features=84, bias=True)
  (fc3): Linear(in_features=84, out_features=10, bias=True)
), Net_cifar10(
  (conv1): Conv2d(3, 6, kernel_size=(5, 5), stride=(1, 1))
  (pool): MaxPool2d(kernel_size=2, stride=2, padding=0, dilation=1, ceil_mode=False)
  (conv2): Conv2d(6, 16, kernel_size=(5, 5), stride=(1, 1))
  (fc1): Linear(in_features=400, out_features=120, bias=True)
  (fc2): Linear(in_features=120, out_features=84, bias=True)
  (fc3): Linear(in_features=84, out_features=10, bias=True)
), Net_cifar10(
  (conv1): Conv2d(3, 6, kernel_size=(5, 5), stride=(1, 1))
  (pool): MaxPool2d(kernel_size=2, stride=2, padding=0, dilation=1, ceil_mode=False)
  (conv2): Conv2d(6, 16, kernel_size=(5, 5), stride=(1, 1))
  (fc1): Linear(in_features=400, out_features=120, bias=True)
  (fc2): Linear(in_features=120, out_features=84, bias=True)
  (fc3): Linear(in_features=84, out_features=10, bias=True)
), Net_cifar10(
  (conv1): Conv2d(3, 6, kernel_size=(5, 5), stride=(1, 1))
  (pool): MaxPool2d(kernel_size=2, stride=2, padding=0, dilation=1, ceil_mode=False)
  (conv2): Conv2d(6, 16, kernel_size=(5, 5), stride=(1, 1))
  (fc1): Linear(in_features=400, out_features=120, bias=True)
  (fc2): Linear(in_features=120, out_features=84, bias=True)
  (fc3): Linear(in_features=84, out_features=10, bias=True)
)]
##### FL_Train time consuming:  52.716795206069946 #####
#####  Federated Learning End#####


#####  Federated Unlearning Start  #####
#### Client-level Unlearning ####
Client-level Federated Unlearning Global Epoch  = 1
Client-level Federated Unlearning Global Epoch  = 2
Client-level Federated Unlearning Global Epoch  = 3
Client-level Federated Unlearning Global Epoch  = 4
Client-level Federated Unlearning Global Epoch  = 5
Client-level Federated Unlearning Global Epoch  = 6
Client-level Federated Unlearning Global Epoch  = 7
Client-level Federated Unlearning Global Epoch  = 8
Client-level Federated Unlearning Global Epoch  = 9
Client-level Federated Unlearning Global Epoch  = 10
Client-level Federated Unlearning Global Epoch  = 11
Client-level Federated Unlearning Global Epoch  = 12
Client-level Federated Unlearning Global Epoch  = 13
Client-level Federated Unlearning Global Epoch  = 14
Client-level Federated Unlearning Global Epoch  = 15
Client-level Federated Unlearning Global Epoch  = 16
Client-level Federated Unlearning Global Epoch  = 17
Client-level Federated Unlearning Global Epoch  = 18
Client-level Federated Unlearning Global Epoch  = 19
K, b:  2 5
split_clients [array([0, 1]), array([2, 3]), array([4, 5]), array([6, 7]), array([8, 9])]
Files already downloaded and verified
Files already downloaded and verified
batch_idx 0
TF for unlearn class shape: torch.Size([6])
Feature: conv1, TF-IDF: tensor([0.0316, 0.0391, 0.0523, 0.1209, 0.1070, 0.0994])
TF for unlearn class shape: torch.Size([16])
Feature: conv2, TF-IDF: tensor([0.0404, 0.1356, 0.0007, 0.0559, 0.0106, 0.0690, 0.0806, 0.0051, 0.0326,
        0.0030, 0.1031, 0.0044, 0.0176, 0.0024, 0.0107, 0.0200])
CLIENT tf_idf_map {'conv1': tensor([0.0316, 0.0391, 0.0523, 0.1209, 0.1070, 0.0994]), 'conv2': tensor([0.0404, 0.1356, 0.0007, 0.0559, 0.0106, 0.0690, 0.0806, 0.0051, 0.0326,
        0.0030, 0.1031, 0.0044, 0.0176, 0.0024, 0.0107, 0.0200])}
CLIENT LIST [6, 9, 9, 4, 1, 1, 2, 7, 8, 3, 4, 7, 7, 2, 9, 9, 9, 3, 2, 6, 4, 3, 6, 6, 2, 6, 3, 5, 4, 0, 0, 9, 1, 3, 4, 0, 3, 7, 3, 3, 5, 2, 2, 7, 1, 1, 1, 2, 2, 0, 9, 5, 7, 9, 2, 2, 5, 2, 4, 3, 1, 1, 8, 2]
Feature: conv1, Score length: 6, Scores: tensor([0.0316, 0.0391, 0.0523, 0.1209, 0.1070, 0.0994])
Max score index for feature conv1: 3
Chosen index for feature conv1: 3
Feature: conv2, Score length: 16, Scores: tensor([0.0404, 0.1356, 0.0007, 0.0559, 0.0106, 0.0690, 0.0806, 0.0051, 0.0326,
        0.0030, 0.1031, 0.0044, 0.0176, 0.0024, 0.0107, 0.0200])
Max score index for feature conv2: 1
Chosen index for feature conv2: 1
Classes indices:  [3, 3, 1, 1]
Max index:  3
selected_client 3
Pruned sample index here: 3
Updated global [[Net_cifar10(
  (conv1): Conv2d(3, 6, kernel_size=(5, 5), stride=(1, 1))
  (pool): MaxPool2d(kernel_size=2, stride=2, padding=0, dilation=1, ceil_mode=False)
  (conv2): Conv2d(6, 16, kernel_size=(5, 5), stride=(1, 1))
  (fc1): Linear(in_features=400, out_features=120, bias=True)
  (fc2): Linear(in_features=120, out_features=84, bias=True)
  (fc3): Linear(in_features=84, out_features=10, bias=True)
)]] <class 'list'> 1 <class 'list'>
#####  Federated Fine-tuning Start#####
Unlearn a client
Global Federated Learning epoch = 0
Test Loss=0.0215, Test accuracy=0.2420
Test Loss=0.0215, Test accuracy=0.2420
Unlearn a client
Global Federated Learning epoch = 1
Test Loss=0.0202, Test accuracy=0.2600
Test Loss=0.0202, Test accuracy=0.2600
Unlearn a client
Global Federated Learning epoch = 2
Test Loss=0.0194, Test accuracy=0.3020
Test Loss=0.0194, Test accuracy=0.3020
Unlearn a client
Global Federated Learning epoch = 3
Test Loss=0.0185, Test accuracy=0.3280
Test Loss=0.0185, Test accuracy=0.3280
Unlearn a client
Global Federated Learning epoch = 4
Test Loss=0.0175, Test accuracy=0.3660
Test Loss=0.0175, Test accuracy=0.3660
Unlearn a client
Global Federated Learning epoch = 5
Test Loss=0.0167, Test accuracy=0.4000
Test Loss=0.0167, Test accuracy=0.4000
Unlearn a client
Global Federated Learning epoch = 6
Test Loss=0.0160, Test accuracy=0.4360
Test Loss=0.0160, Test accuracy=0.4360
Unlearn a client
Global Federated Learning epoch = 7
Test Loss=0.0152, Test accuracy=0.4540
Test Loss=0.0152, Test accuracy=0.4540
Unlearn a client
Global Federated Learning epoch = 8
Test Loss=0.0144, Test accuracy=0.4980
Test Loss=0.0144, Test accuracy=0.4980
Unlearn a client
Global Federated Learning epoch = 9
Test Loss=0.0137, Test accuracy=0.5300
Test Loss=0.0137, Test accuracy=0.5300
Unlearn a client
Global Federated Learning epoch = 10
Test Loss=0.0136, Test accuracy=0.5300
Test Loss=0.0136, Test accuracy=0.5300
Unlearn a client
Global Federated Learning epoch = 11
Test Loss=0.0130, Test accuracy=0.5440
Test Loss=0.0130, Test accuracy=0.5440
Unlearn a client
Global Federated Learning epoch = 12
Test Loss=0.0122, Test accuracy=0.5600
Test Loss=0.0122, Test accuracy=0.5600
Unlearn a client
Global Federated Learning epoch = 13
Test Loss=0.0118, Test accuracy=0.5660
Test Loss=0.0118, Test accuracy=0.5660
Unlearn a client
Global Federated Learning epoch = 14
Test Loss=0.0113, Test accuracy=0.6160
Test Loss=0.0113, Test accuracy=0.6160
Unlearn a client
Global Federated Learning epoch = 15
Test Loss=0.0111, Test accuracy=0.6000
Test Loss=0.0111, Test accuracy=0.6000
Unlearn a client
Global Federated Learning epoch = 16
Test Loss=0.0104, Test accuracy=0.6380
Test Loss=0.0104, Test accuracy=0.6380
Unlearn a client
Global Federated Learning epoch = 17
Test Loss=0.0100, Test accuracy=0.6720
Test Loss=0.0100, Test accuracy=0.6720
Unlearn a client
Global Federated Learning epoch = 18
Test Loss=0.0088, Test accuracy=0.6920
Test Loss=0.0088, Test accuracy=0.6920
Unlearn a client
Global Federated Learning epoch = 19
Test Loss=0.0089, Test accuracy=0.7040
Test Loss=0.0089, Test accuracy=0.7040
Fine-tuning train acc:0.7040
Fine-tuning train epoch:19
#####  Federated Fine-tuning End#####
##### Total_variance time consuming:  94.94434714317322 #####
#####  Federated Unlearning End  #####
Files already downloaded and verified
Files already downloaded and verified
Files already downloaded and verified
Files already downloaded and verified
Test Loss=0.0061, Test accuracy=0.3886
FL_Params.unlearn_client:  3
Test Loss=0.2324, Test accuracy=0.4360
*****  Result Summary  *****
[FedEraser] Test set: Average loss = 1.90342557, Average acc = 0.3886
============================================================
Step4. Membership Inference Attack aganist GM...
Files already downloaded and verified
Files already downloaded and verified
Files already downloaded and verified
Files already downloaded and verified
Attacking against FL Unlearn without calibration  
Files already downloaded and verified
Files already downloaded and verified
Files already downloaded and verified
Files already downloaded and verified
[92mINFO [0m:      Sent reply
[92mINFO [0m:      aggregate_fit: received 1 results and 1 failures
[92mINFO [0m:      fit progress: (2, 2.303444723732555, {'Server test accuracy': 0.108}, 505.73068641699996)
