Using the latest cached version of the dataset since cifar10 couldn't be found on the Hugging Face Hub
Found the latest cached dataset configuration 'plain_text' at /Users/wangjiayi/.cache/huggingface/datasets/cifar10/plain_text/0.0.0/0b2714987fa478483af9968de7c934580d0bb9a2 (last modified on Sun May 12 11:04:15 2024).
[92mINFO [0m:      Starting Flower server, config: num_rounds=4, no round_timeout
[92mINFO [0m:      Flower ECE: gRPC server running (4 rounds), SSL is disabled
[92mINFO [0m:      [INIT]
[92mINFO [0m:      Using initial global parameters provided by strategy
[92mINFO [0m:      Evaluating initial global parameters
[92mINFO [0m:      initial parameters (loss, other metrics): 2.303444723732555, {'Server test accuracy': 0.108}
[92mINFO [0m:      
[92mINFO [0m:      [ROUND 1]
Starting client 0 on port 8081
Starting client 1 on port 8082
Starting client 2 on port 8083
Starting client 3 on port 8084
Starting client 4 on port 8085
Starting client 5 on port 8086
Starting client 6 on port 8087
Starting client 7 on port 8088
Starting client 8 on port 8089
Starting client 9 on port 8090
[92mINFO [0m:      configure_fit: strategy sampled 2 clients (out of 10)
[92mINFO [0m:      
[92mINFO [0m:      [RUN 0, ROUND ]
[92mINFO [0m:      Received: train message 478b7f1a-951c-4f44-b3f8-af6bc94ca196
[92mINFO [0m:      
[92mINFO [0m:      [RUN 0, ROUND ]
[92mINFO [0m:      Received: train message 62eb2246-8451-47e3-b72b-89488f754a6b
Files already downloaded and verified
Files already downloaded and verified
select_clients:  [1 0 0 9 4 0 4 0 2 8 9 3]
Files already downloaded and verified
Files already downloaded and verified
batch_idx 0
Feature: conv1, TF-IDF: tensor([0.0675, 0.0863, 0.0193, 0.1249, 0.1188, 0.0976])
Feature: conv2, TF-IDF: tensor([5.1833e-02, 5.4977e-02, 6.2890e-02, 3.6617e-03, 1.9687e-02, 7.1263e-02,
        3.0917e-05, 7.1163e-03, 2.3378e-02, 5.0315e-02, 3.5924e-02, 3.8184e-02,
        4.6873e-03, 1.8158e-02, 3.8553e-02, 6.3809e-02])
Feature: conv1, Score length: 6, Scores: tensor([0.0675, 0.0863, 0.0193, 0.1249, 0.1188, 0.0976])
Max score index for feature conv1: 3
Chosen index for feature conv1: 3
Feature: conv2, Score length: 16, Scores: tensor([5.1833e-02, 5.4977e-02, 6.2890e-02, 3.6617e-03, 1.9687e-02, 7.1263e-02,
        3.0917e-05, 7.1163e-03, 2.3378e-02, 5.0315e-02, 3.5924e-02, 3.8184e-02,
        4.6873e-03, 1.8158e-02, 3.8553e-02, 6.3809e-02])
Max score index for feature conv2: 5
Chosen index for feature conv2: 5
Classes indices:  [3, 3, 5, 5]
Max index:  5
select_clients pruner:  [1 0 0 9 4 0 4 0 2 8 9 3]
#####  Federated Learning Start#####
Global Federated Learning epoch = 0
Global Federated Learning epoch = 1
Global Federated Learning epoch = 2
Global Federated Learning epoch = 3
Global Federated Learning epoch = 4
Global Federated Learning epoch = 5
Global Federated Learning epoch = 6
Global Federated Learning epoch = 7
Global Federated Learning epoch = 8
Global Federated Learning epoch = 9
Global Federated Learning epoch = 10
Global Federated Learning epoch = 11
Global Federated Learning epoch = 12
Global Federated Learning epoch = 13
Global Federated Learning epoch = 14
Global Federated Learning epoch = 15
Global Federated Learning epoch = 16
Global Federated Learning epoch = 17
Global Federated Learning epoch = 18
Global Federated Learning epoch = 19
##### FL_Train time consuming:  61.20597696304321 #####
#####  Federated Learning End#####


#####  Federated Unlearning Start  #####
#### Client-level Unlearning ####
Client-level Federated Unlearning Global Epoch  = 1
Client-level Federated Unlearning Global Epoch  = 2
Client-level Federated Unlearning Global Epoch  = 3
Client-level Federated Unlearning Global Epoch  = 4
Client-level Federated Unlearning Global Epoch  = 5
Client-level Federated Unlearning Global Epoch  = 6
Client-level Federated Unlearning Global Epoch  = 7
Client-level Federated Unlearning Global Epoch  = 8
Client-level Federated Unlearning Global Epoch  = 9
Client-level Federated Unlearning Global Epoch  = 10
Client-level Federated Unlearning Global Epoch  = 11
Client-level Federated Unlearning Global Epoch  = 12
Client-level Federated Unlearning Global Epoch  = 13
Client-level Federated Unlearning Global Epoch  = 14
Client-level Federated Unlearning Global Epoch  = 15
Client-level Federated Unlearning Global Epoch  = 16
Client-level Federated Unlearning Global Epoch  = 17
Client-level Federated Unlearning Global Epoch  = 18
Client-level Federated Unlearning Global Epoch  = 19
K, b:  2 5
split_clients [array([0, 1]), array([2, 3]), array([4, 5]), array([6, 7]), array([8, 9])]
Files already downloaded and verified
Files already downloaded and verified
batch_idx 0
Feature: conv1, TF-IDF: tensor([0.0601, 0.0434, 0.0590, 0.1647, 0.1273, 0.0511])
Feature: conv2, TF-IDF: tensor([0.0096, 0.0649, 0.0030, 0.0792, 0.0012, 0.1694, 0.0885, 0.0022, 0.0486,
        0.0050, 0.0641, 0.0033, 0.0159, 0.0032, 0.0124, 0.0096])
Feature: conv1, Score length: 6, Scores: tensor([0.0601, 0.0434, 0.0590, 0.1647, 0.1273, 0.0511])
Max score index for feature conv1: 3
Chosen index for feature conv1: 3
Feature: conv2, Score length: 16, Scores: tensor([0.0096, 0.0649, 0.0030, 0.0792, 0.0012, 0.1694, 0.0885, 0.0022, 0.0486,
        0.0050, 0.0641, 0.0033, 0.0159, 0.0032, 0.0124, 0.0096])
Max score index for feature conv2: 5
Chosen index for feature conv2: 5
Classes indices:  [3, 3, 5, 5]
Max index:  5
selected_client 5
Pruned sample index here: 5
Updated global [[Net_cifar10(
  (conv1): Conv2d(3, 6, kernel_size=(5, 5), stride=(1, 1))
  (pool): MaxPool2d(kernel_size=2, stride=2, padding=0, dilation=1, ceil_mode=False)
  (conv2): Conv2d(6, 16, kernel_size=(5, 5), stride=(1, 1))
  (fc1): Linear(in_features=400, out_features=120, bias=True)
  (fc2): Linear(in_features=120, out_features=84, bias=True)
  (fc3): Linear(in_features=84, out_features=10, bias=True)
)]] <class 'list'> 1 <class 'list'>
#####  Federated Fine-tuning Start#####
Unlearn a client
Global Federated Learning epoch = 0
Test Loss=0.0215, Test accuracy=0.1900
Test Loss=0.0215, Test accuracy=0.1900
Unlearn a client
Global Federated Learning epoch = 1
Test Loss=0.0200, Test accuracy=0.2780
Test Loss=0.0200, Test accuracy=0.2780
Unlearn a client
Global Federated Learning epoch = 2
Test Loss=0.0189, Test accuracy=0.3340
Test Loss=0.0189, Test accuracy=0.3340
Unlearn a client
Global Federated Learning epoch = 3
Test Loss=0.0176, Test accuracy=0.3580
Test Loss=0.0176, Test accuracy=0.3580
Unlearn a client
Global Federated Learning epoch = 4
Test Loss=0.0166, Test accuracy=0.3840
Test Loss=0.0166, Test accuracy=0.3840
Unlearn a client
Global Federated Learning epoch = 5
Test Loss=0.0160, Test accuracy=0.3780
Test Loss=0.0160, Test accuracy=0.3780
Unlearn a client
Global Federated Learning epoch = 6
Test Loss=0.0158, Test accuracy=0.3960
Test Loss=0.0158, Test accuracy=0.3960
Unlearn a client
Global Federated Learning epoch = 7
Test Loss=0.0160, Test accuracy=0.3840
Test Loss=0.0160, Test accuracy=0.3840
Unlearn a client
Global Federated Learning epoch = 8
Test Loss=0.0155, Test accuracy=0.4160
Test Loss=0.0155, Test accuracy=0.4160
Unlearn a client
Global Federated Learning epoch = 9
Test Loss=0.0155, Test accuracy=0.4300
Test Loss=0.0155, Test accuracy=0.4300
Unlearn a client
Global Federated Learning epoch = 10
Test Loss=0.0156, Test accuracy=0.4280
Test Loss=0.0156, Test accuracy=0.4280
Unlearn a client
Global Federated Learning epoch = 11
Test Loss=0.0153, Test accuracy=0.4300
Test Loss=0.0153, Test accuracy=0.4300
Unlearn a client
Global Federated Learning epoch = 12
Test Loss=0.0159, Test accuracy=0.4320
Test Loss=0.0159, Test accuracy=0.4320
Unlearn a client
Global Federated Learning epoch = 13
Test Loss=0.0161, Test accuracy=0.4360
Test Loss=0.0161, Test accuracy=0.4360
Unlearn a client
Global Federated Learning epoch = 14
Test Loss=0.0166, Test accuracy=0.3960
Test Loss=0.0166, Test accuracy=0.3960
Unlearn a client
Global Federated Learning epoch = 15
Test Loss=0.0170, Test accuracy=0.4280
Test Loss=0.0170, Test accuracy=0.4280
Unlearn a client
Global Federated Learning epoch = 16
Test Loss=0.0169, Test accuracy=0.4040
Test Loss=0.0169, Test accuracy=0.4040
Unlearn a client
Global Federated Learning epoch = 17
Test Loss=0.0183, Test accuracy=0.4120
Test Loss=0.0183, Test accuracy=0.4120
Unlearn a client
Global Federated Learning epoch = 18
Test Loss=0.0181, Test accuracy=0.4120
Test Loss=0.0181, Test accuracy=0.4120
Unlearn a client
Global Federated Learning epoch = 19
Test Loss=0.0195, Test accuracy=0.4160
Test Loss=0.0195, Test accuracy=0.4160
Fine-tuning train acc:0.4160
Fine-tuning train epoch:19
#####  Federated Fine-tuning End#####
##### Total_variance time consuming:  112.0286328792572 #####
#####  Federated Unlearning End  #####
Files already downloaded and verified
Files already downloaded and verified
select_clients:  [0 7 3 7 8 3 0 3 1 8 5 2]
Files already downloaded and verified
Files already downloaded and verified
batch_idx 0
Feature: conv1, TF-IDF: tensor([0.0675, 0.0863, 0.0193, 0.1249, 0.1188, 0.0976])
Feature: conv2, TF-IDF: tensor([5.1833e-02, 5.4977e-02, 6.2890e-02, 3.6617e-03, 1.9687e-02, 7.1263e-02,
        3.0917e-05, 7.1163e-03, 2.3378e-02, 5.0315e-02, 3.5924e-02, 3.8184e-02,
        4.6873e-03, 1.8158e-02, 3.8553e-02, 6.3809e-02])
Feature: conv1, Score length: 6, Scores: tensor([0.0675, 0.0863, 0.0193, 0.1249, 0.1188, 0.0976])
Max score index for feature conv1: 3
Chosen index for feature conv1: 3
Feature: conv2, Score length: 16, Scores: tensor([5.1833e-02, 5.4977e-02, 6.2890e-02, 3.6617e-03, 1.9687e-02, 7.1263e-02,
        3.0917e-05, 7.1163e-03, 2.3378e-02, 5.0315e-02, 3.5924e-02, 3.8184e-02,
        4.6873e-03, 1.8158e-02, 3.8553e-02, 6.3809e-02])
Max score index for feature conv2: 5
Chosen index for feature conv2: 5
Classes indices:  [3, 3, 5, 5]
Max index:  5
select_clients pruner:  [0 7 3 7 8 3 0 3 1 8 5 2]
#####  Federated Learning Start#####
Global Federated Learning epoch = 0
Global Federated Learning epoch = 1
Global Federated Learning epoch = 2
Global Federated Learning epoch = 3
Global Federated Learning epoch = 4
Global Federated Learning epoch = 5
Global Federated Learning epoch = 6
Global Federated Learning epoch = 7
Global Federated Learning epoch = 8
Global Federated Learning epoch = 9
Global Federated Learning epoch = 10
Global Federated Learning epoch = 11
Global Federated Learning epoch = 12
Global Federated Learning epoch = 13
Global Federated Learning epoch = 14
Global Federated Learning epoch = 15
Global Federated Learning epoch = 16
Global Federated Learning epoch = 17
Global Federated Learning epoch = 18
Global Federated Learning epoch = 19
##### FL_Train time consuming:  61.29184699058533 #####
#####  Federated Learning End#####


#####  Federated Unlearning Start  #####
#### Client-level Unlearning ####
Client-level Federated Unlearning Global Epoch  = 1
Client-level Federated Unlearning Global Epoch  = 2
Client-level Federated Unlearning Global Epoch  = 3
Client-level Federated Unlearning Global Epoch  = 4
Client-level Federated Unlearning Global Epoch  = 5
Client-level Federated Unlearning Global Epoch  = 6
Client-level Federated Unlearning Global Epoch  = 7
Client-level Federated Unlearning Global Epoch  = 8
Client-level Federated Unlearning Global Epoch  = 9
Client-level Federated Unlearning Global Epoch  = 10
Client-level Federated Unlearning Global Epoch  = 11
Client-level Federated Unlearning Global Epoch  = 12
Client-level Federated Unlearning Global Epoch  = 13
Client-level Federated Unlearning Global Epoch  = 14
Client-level Federated Unlearning Global Epoch  = 15
Client-level Federated Unlearning Global Epoch  = 16
Client-level Federated Unlearning Global Epoch  = 17
Client-level Federated Unlearning Global Epoch  = 18
Client-level Federated Unlearning Global Epoch  = 19
K, b:  2 5
split_clients [array([0, 1]), array([2, 3]), array([4, 5]), array([6, 7]), array([8, 9])]
Files already downloaded and verified
Files already downloaded and verified
batch_idx 0
Feature: conv1, TF-IDF: tensor([0.0601, 0.0434, 0.0590, 0.1647, 0.1273, 0.0511])
Feature: conv2, TF-IDF: tensor([0.0096, 0.0649, 0.0030, 0.0792, 0.0012, 0.1694, 0.0885, 0.0022, 0.0486,
        0.0050, 0.0641, 0.0033, 0.0159, 0.0032, 0.0124, 0.0096])
Feature: conv1, Score length: 6, Scores: tensor([0.0601, 0.0434, 0.0590, 0.1647, 0.1273, 0.0511])
Max score index for feature conv1: 3
Chosen index for feature conv1: 3
Feature: conv2, Score length: 16, Scores: tensor([0.0096, 0.0649, 0.0030, 0.0792, 0.0012, 0.1694, 0.0885, 0.0022, 0.0486,
        0.0050, 0.0641, 0.0033, 0.0159, 0.0032, 0.0124, 0.0096])
Max score index for feature conv2: 5
Chosen index for feature conv2: 5
Classes indices:  [3, 3, 5, 5]
Max index:  5
selected_client 5
Pruned sample index here: 5
Updated global [[Net_cifar10(
  (conv1): Conv2d(3, 6, kernel_size=(5, 5), stride=(1, 1))
  (pool): MaxPool2d(kernel_size=2, stride=2, padding=0, dilation=1, ceil_mode=False)
  (conv2): Conv2d(6, 16, kernel_size=(5, 5), stride=(1, 1))
  (fc1): Linear(in_features=400, out_features=120, bias=True)
  (fc2): Linear(in_features=120, out_features=84, bias=True)
  (fc3): Linear(in_features=84, out_features=10, bias=True)
)]] <class 'list'> 1 <class 'list'>
#####  Federated Fine-tuning Start#####
Unlearn a client
Global Federated Learning epoch = 0
Test Loss=0.0216, Test accuracy=0.2100
Test Loss=0.0216, Test accuracy=0.2100
Unlearn a client
Global Federated Learning epoch = 1
Test Loss=0.0202, Test accuracy=0.2680
Test Loss=0.0202, Test accuracy=0.2680
Unlearn a client
Global Federated Learning epoch = 2
Test Loss=0.0194, Test accuracy=0.3060
Test Loss=0.0194, Test accuracy=0.3060
Unlearn a client
Global Federated Learning epoch = 3
Test Loss=0.0187, Test accuracy=0.3300
Test Loss=0.0187, Test accuracy=0.3300
Unlearn a client
Global Federated Learning epoch = 4
Test Loss=0.0180, Test accuracy=0.3440
Test Loss=0.0180, Test accuracy=0.3440
Unlearn a client
Global Federated Learning epoch = 5
Test Loss=0.0176, Test accuracy=0.3640
Test Loss=0.0176, Test accuracy=0.3640
Unlearn a client
Global Federated Learning epoch = 6
Test Loss=0.0174, Test accuracy=0.3720
Test Loss=0.0174, Test accuracy=0.3720
Unlearn a client
Global Federated Learning epoch = 7
Test Loss=0.0172, Test accuracy=0.3700
Test Loss=0.0172, Test accuracy=0.3700
Unlearn a client
Global Federated Learning epoch = 8
Test Loss=0.0169, Test accuracy=0.3900
Test Loss=0.0169, Test accuracy=0.3900
Unlearn a client
Global Federated Learning epoch = 9
Test Loss=0.0172, Test accuracy=0.3960
Test Loss=0.0172, Test accuracy=0.3960
Unlearn a client
Global Federated Learning epoch = 10
Test Loss=0.0172, Test accuracy=0.3820
Test Loss=0.0172, Test accuracy=0.3820
Unlearn a client
Global Federated Learning epoch = 11
Test Loss=0.0176, Test accuracy=0.3840
Test Loss=0.0176, Test accuracy=0.3840
Unlearn a client
Global Federated Learning epoch = 12
Test Loss=0.0175, Test accuracy=0.4000
Test Loss=0.0175, Test accuracy=0.4000
Unlearn a client
Global Federated Learning epoch = 13
Test Loss=0.0177, Test accuracy=0.3920
Test Loss=0.0177, Test accuracy=0.3920
Unlearn a client
Global Federated Learning epoch = 14
Test Loss=0.0182, Test accuracy=0.3980
Test Loss=0.0182, Test accuracy=0.3980
Unlearn a client
Global Federated Learning epoch = 15
Test Loss=0.0182, Test accuracy=0.4120
Test Loss=0.0182, Test accuracy=0.4120
Unlearn a client
Global Federated Learning epoch = 16
Test Loss=0.0180, Test accuracy=0.3960
Test Loss=0.0180, Test accuracy=0.3960
Unlearn a client
Global Federated Learning epoch = 17
Test Loss=0.0187, Test accuracy=0.4180
Test Loss=0.0187, Test accuracy=0.4180
Unlearn a client
Global Federated Learning epoch = 18
Test Loss=0.0192, Test accuracy=0.4160
Test Loss=0.0192, Test accuracy=0.4160
Unlearn a client
Global Federated Learning epoch = 19
Test Loss=0.0194, Test accuracy=0.3780
Test Loss=0.0194, Test accuracy=0.3780
Fine-tuning train acc:0.3780
Fine-tuning train epoch:19
#####  Federated Fine-tuning End#####
##### Total_variance time consuming:  116.34117197990417 #####
#####  Federated Unlearning End  #####
Files already downloaded and verified
Files already downloaded and verified
Files already downloaded and verified
Files already downloaded and verified
Files already downloaded and verified
Files already downloaded and verified
Files already downloaded and verified
Files already downloaded and verified
Test Loss=0.0069, Test accuracy=0.3933
FL_Params.unlearn_client:  5
Test Loss=0.0333, Test accuracy=0.9420
*****  Result Summary  *****
[FedEraser] Test set: Average loss = 2.17375830, Average acc = 0.3933
============================================================
Step4. Membership Inference Attack aganist GM...
Test Loss=0.0062, Test accuracy=0.3812
FL_Params.unlearn_client:  5
Test Loss=0.0729, Test accuracy=0.8320
*****  Result Summary  *****
[FedEraser] Test set: Average loss = 1.94735476, Average acc = 0.3812
============================================================
Step4. Membership Inference Attack aganist GM...
Files already downloaded and verified
Files already downloaded and verified
Files already downloaded and verified
Files already downloaded and verified
Files already downloaded and verified
Files already downloaded and verified
Files already downloaded and verified
Files already downloaded and verified
Attacking against FL Unlearn without calibration  
Attacking against FL Unlearn without calibration  
Files already downloaded and verified
Files already downloaded and verified
Files already downloaded and verified
Files already downloaded and verified
Files already downloaded and verified
Files already downloaded and verified
Files already downloaded and verified
Files already downloaded and verified
[92mINFO [0m:      Sent reply
[92mINFO [0m:      Sent reply
[92mINFO [0m:      aggregate_fit: received 2 results and 0 failures
[93mWARNING [0m:   No fit_metrics_aggregation_fn provided
[92mINFO [0m:      fit progress: (1, 2.303444723732555, {'Server test accuracy': 0.108}, 270.15725449999996)
[92mINFO [0m:      configure_evaluate: strategy sampled 2 clients (out of 10)
[92mINFO [0m:      
[92mINFO [0m:      [RUN 0, ROUND ]
[92mINFO [0m:      Received: evaluate message 5f427b76-edec-466e-aed7-499c15b549bb
[92mINFO [0m:      
[92mINFO [0m:      [RUN 0, ROUND ]
[92mINFO [0m:      Received: evaluate message fee78e51-7a26-4ef1-925c-3473d303bfcc
[92mINFO [0m:      Sent reply
[92mINFO [0m:      Sent reply
[92mINFO [0m:      aggregate_evaluate: received 2 results and 0 failures
[92mINFO [0m:      
[92mINFO [0m:      [ROUND 2]
[92mINFO [0m:      configure_fit: strategy sampled 2 clients (out of 10)
[92mINFO [0m:      
[92mINFO [0m:      [RUN 0, ROUND ]
[92mINFO [0m:      Received: train message a6d1e7ad-8b5c-4149-8c9b-508895fc0e04
[92mINFO [0m:      
[91mERROR [0m:     Client raised an exception.
Traceback (most recent call last):
  File "/opt/miniconda3/envs/fedEdge/lib/python3.9/site-packages/flwr/client/app.py", line 496, in _start_client_internal
    reply_message = client_app(message=message, context=context)
  File "/opt/miniconda3/envs/fedEdge/lib/python3.9/site-packages/flwr/client/client_app.py", line 98, in __call__
    return self._call(message, context)
  File "/opt/miniconda3/envs/fedEdge/lib/python3.9/site-packages/flwr/client/client_app.py", line 81, in ffn
    out_message = handle_legacy_message_from_msgtype(
  File "/opt/miniconda3/envs/fedEdge/lib/python3.9/site-packages/flwr/client/message_handler/message_handler.py", line 130, in handle_legacy_message_from_msgtype
    fit_res = maybe_call_fit(
  File "/opt/miniconda3/envs/fedEdge/lib/python3.9/site-packages/flwr/client/client.py", line 234, in maybe_call_fit
    return client.fit(fit_ins)
  File "/opt/miniconda3/envs/fedEdge/lib/python3.9/site-packages/flwr/client/numpy_client.py", line 238, in _fit
    results = self.numpy_client.fit(parameters, ins.config)  # type: ignore
  File "/Users/wangjiayi/Desktop/fededgepruneeraser/fedEdgePruneEraser/client.py", line 96, in fit
    old_GMs, old_CMs = FL_Train(self.model, self.client_loaders, testloader, FL_Params)
  File "/Users/wangjiayi/Desktop/fededgepruneeraser/fedEdgePruneEraser/FL_base.py", line 31, in FL_Train
    raise ValueError('FL_params.if_unlearning should be set to False, if you want to train, not unlearning FL model')
ValueError: FL_params.if_unlearning should be set to False, if you want to train, not unlearning FL model
[92mINFO [0m:      [RUN 0, ROUND ]
[92mINFO [0m:      Received: train message fff69300-9b8b-4fe5-a358-14f88acdf665
MIA Attacker accuracy = 0.5010
MIA Attacker precision = 1.0000
MIA Attacker recall = 0.0020
Test Loss=0.0037, Test accuracy=0.0943
#####  Federated Learning Start#####
Traceback (most recent call last):
  File "/Users/wangjiayi/Desktop/fededgepruneeraser/fedEdgePruneEraser/client.py", line 265, in <module>
    main()
  File "/Users/wangjiayi/Desktop/fededgepruneeraser/fedEdgePruneEraser/client.py", line 260, in main
    fl.client.start_client(server_address="127.0.0.1:8080", client=client)
  File "/opt/miniconda3/envs/fedEdge/lib/python3.9/site-packages/flwr/client/app.py", line 291, in start_client
    _start_client_internal(
  File "/opt/miniconda3/envs/fedEdge/lib/python3.9/site-packages/flwr/client/app.py", line 503, in _start_client_internal
    raise ex
  File "/opt/miniconda3/envs/fedEdge/lib/python3.9/site-packages/flwr/client/app.py", line 496, in _start_client_internal
    reply_message = client_app(message=message, context=context)
  File "/opt/miniconda3/envs/fedEdge/lib/python3.9/site-packages/flwr/client/client_app.py", line 98, in __call__
    return self._call(message, context)
  File "/opt/miniconda3/envs/fedEdge/lib/python3.9/site-packages/flwr/client/client_app.py", line 81, in ffn
    out_message = handle_legacy_message_from_msgtype(
  File "/opt/miniconda3/envs/fedEdge/lib/python3.9/site-packages/flwr/client/message_handler/message_handler.py", line 130, in handle_legacy_message_from_msgtype
    fit_res = maybe_call_fit(
  File "/opt/miniconda3/envs/fedEdge/lib/python3.9/site-packages/flwr/client/client.py", line 234, in maybe_call_fit
    return client.fit(fit_ins)
  File "/opt/miniconda3/envs/fedEdge/lib/python3.9/site-packages/flwr/client/numpy_client.py", line 238, in _fit
    results = self.numpy_client.fit(parameters, ins.config)  # type: ignore
  File "/Users/wangjiayi/Desktop/fededgepruneeraser/fedEdgePruneEraser/client.py", line 96, in fit
    old_GMs, old_CMs = FL_Train(self.model, self.client_loaders, testloader, FL_Params)
  File "/Users/wangjiayi/Desktop/fededgepruneeraser/fedEdgePruneEraser/FL_base.py", line 31, in FL_Train
    raise ValueError('FL_params.if_unlearning should be set to False, if you want to train, not unlearning FL model')
ValueError: FL_params.if_unlearning should be set to False, if you want to train, not unlearning FL model
Files already downloaded and verified
Files already downloaded and verified
select_clients:  [9 9 8 8 3 8 6 6 3 6 2 5]
Files already downloaded and verified
Files already downloaded and verified
batch_idx 0
Feature: conv1, TF-IDF: tensor([0.0675, 0.0863, 0.0193, 0.1249, 0.1188, 0.0976])
Feature: conv2, TF-IDF: tensor([5.1833e-02, 5.4977e-02, 6.2890e-02, 3.6617e-03, 1.9687e-02, 7.1263e-02,
        3.0917e-05, 7.1163e-03, 2.3378e-02, 5.0315e-02, 3.5924e-02, 3.8184e-02,
        4.6873e-03, 1.8158e-02, 3.8553e-02, 6.3809e-02])
Feature: conv1, Score length: 6, Scores: tensor([0.0675, 0.0863, 0.0193, 0.1249, 0.1188, 0.0976])
Max score index for feature conv1: 3
Chosen index for feature conv1: 3
Feature: conv2, Score length: 16, Scores: tensor([5.1833e-02, 5.4977e-02, 6.2890e-02, 3.6617e-03, 1.9687e-02, 7.1263e-02,
        3.0917e-05, 7.1163e-03, 2.3378e-02, 5.0315e-02, 3.5924e-02, 3.8184e-02,
        4.6873e-03, 1.8158e-02, 3.8553e-02, 6.3809e-02])
Max score index for feature conv2: 5
Chosen index for feature conv2: 5
Classes indices:  [3, 3, 5, 5]
Max index:  5
select_clients pruner:  [9 9 8 8 3 8 6 6 3 6 2 5]
#####  Federated Learning Start#####
Global Federated Learning epoch = 0
Global Federated Learning epoch = 1
Global Federated Learning epoch = 2
Global Federated Learning epoch = 3
Global Federated Learning epoch = 4
Global Federated Learning epoch = 5
Global Federated Learning epoch = 6
Global Federated Learning epoch = 7
Global Federated Learning epoch = 8
Global Federated Learning epoch = 9
Global Federated Learning epoch = 10
Global Federated Learning epoch = 11
Global Federated Learning epoch = 12
Global Federated Learning epoch = 13
Global Federated Learning epoch = 14
Global Federated Learning epoch = 15
Global Federated Learning epoch = 16
Global Federated Learning epoch = 17
Global Federated Learning epoch = 18
Global Federated Learning epoch = 19
##### FL_Train time consuming:  47.6561119556427 #####
#####  Federated Learning End#####


#####  Federated Unlearning Start  #####
#### Client-level Unlearning ####
Client-level Federated Unlearning Global Epoch  = 1
Client-level Federated Unlearning Global Epoch  = 2
Client-level Federated Unlearning Global Epoch  = 3
Client-level Federated Unlearning Global Epoch  = 4
Client-level Federated Unlearning Global Epoch  = 5
Client-level Federated Unlearning Global Epoch  = 6
Client-level Federated Unlearning Global Epoch  = 7
Client-level Federated Unlearning Global Epoch  = 8
Client-level Federated Unlearning Global Epoch  = 9
Client-level Federated Unlearning Global Epoch  = 10
Client-level Federated Unlearning Global Epoch  = 11
Client-level Federated Unlearning Global Epoch  = 12
Client-level Federated Unlearning Global Epoch  = 13
Client-level Federated Unlearning Global Epoch  = 14
Client-level Federated Unlearning Global Epoch  = 15
Client-level Federated Unlearning Global Epoch  = 16
Client-level Federated Unlearning Global Epoch  = 17
Client-level Federated Unlearning Global Epoch  = 18
Client-level Federated Unlearning Global Epoch  = 19
K, b:  2 5
split_clients [array([0, 1]), array([2, 3]), array([4, 5]), array([6, 7]), array([8, 9])]
Files already downloaded and verified
Files already downloaded and verified
batch_idx 0
Feature: conv1, TF-IDF: tensor([0.0601, 0.0434, 0.0590, 0.1647, 0.1273, 0.0511])
Feature: conv2, TF-IDF: tensor([0.0096, 0.0649, 0.0030, 0.0792, 0.0012, 0.1694, 0.0885, 0.0022, 0.0486,
        0.0050, 0.0641, 0.0033, 0.0159, 0.0032, 0.0124, 0.0096])
Feature: conv1, Score length: 6, Scores: tensor([0.0601, 0.0434, 0.0590, 0.1647, 0.1273, 0.0511])
Max score index for feature conv1: 3
Chosen index for feature conv1: 3
Feature: conv2, Score length: 16, Scores: tensor([0.0096, 0.0649, 0.0030, 0.0792, 0.0012, 0.1694, 0.0885, 0.0022, 0.0486,
        0.0050, 0.0641, 0.0033, 0.0159, 0.0032, 0.0124, 0.0096])
Max score index for feature conv2: 5
Chosen index for feature conv2: 5
Classes indices:  [3, 3, 5, 5]
Max index:  5
selected_client 5
Pruned sample index here: 5
Updated global [[Net_cifar10(
  (conv1): Conv2d(3, 6, kernel_size=(5, 5), stride=(1, 1))
  (pool): MaxPool2d(kernel_size=2, stride=2, padding=0, dilation=1, ceil_mode=False)
  (conv2): Conv2d(6, 16, kernel_size=(5, 5), stride=(1, 1))
  (fc1): Linear(in_features=400, out_features=120, bias=True)
  (fc2): Linear(in_features=120, out_features=84, bias=True)
  (fc3): Linear(in_features=84, out_features=10, bias=True)
)]] <class 'list'> 1 <class 'list'>
#####  Federated Fine-tuning Start#####
Unlearn a client
Global Federated Learning epoch = 0
Test Loss=0.0213, Test accuracy=0.2460
Test Loss=0.0213, Test accuracy=0.2460
Unlearn a client
Global Federated Learning epoch = 1
Test Loss=0.0200, Test accuracy=0.2720
Test Loss=0.0200, Test accuracy=0.2720
Unlearn a client
Global Federated Learning epoch = 2
Test Loss=0.0193, Test accuracy=0.3020
Test Loss=0.0193, Test accuracy=0.3020
Unlearn a client
Global Federated Learning epoch = 3
Test Loss=0.0185, Test accuracy=0.3380
Test Loss=0.0185, Test accuracy=0.3380
Unlearn a client
Global Federated Learning epoch = 4
Test Loss=0.0178, Test accuracy=0.3800
Test Loss=0.0178, Test accuracy=0.3800
Unlearn a client
Global Federated Learning epoch = 5
Test Loss=0.0174, Test accuracy=0.4200
Test Loss=0.0174, Test accuracy=0.4200
Unlearn a client
Global Federated Learning epoch = 6
Test Loss=0.0173, Test accuracy=0.4340
Test Loss=0.0173, Test accuracy=0.4340
Unlearn a client
Global Federated Learning epoch = 7
Test Loss=0.0173, Test accuracy=0.4020
Test Loss=0.0173, Test accuracy=0.4020
Unlearn a client
Global Federated Learning epoch = 8
Test Loss=0.0173, Test accuracy=0.4240
Test Loss=0.0173, Test accuracy=0.4240
Unlearn a client
Global Federated Learning epoch = 9
Test Loss=0.0179, Test accuracy=0.4020
Test Loss=0.0179, Test accuracy=0.4020
Unlearn a client
Global Federated Learning epoch = 10
Test Loss=0.0180, Test accuracy=0.4000
Test Loss=0.0180, Test accuracy=0.4000
Unlearn a client
Global Federated Learning epoch = 11
Test Loss=0.0184, Test accuracy=0.4140
Test Loss=0.0184, Test accuracy=0.4140
Unlearn a client
Global Federated Learning epoch = 12
Test Loss=0.0187, Test accuracy=0.4020
Test Loss=0.0187, Test accuracy=0.4020
Unlearn a client
Global Federated Learning epoch = 13
Test Loss=0.0190, Test accuracy=0.3980
Test Loss=0.0190, Test accuracy=0.3980
Unlearn a client
Global Federated Learning epoch = 14
Test Loss=0.0198, Test accuracy=0.3580
Test Loss=0.0198, Test accuracy=0.3580
Unlearn a client
Global Federated Learning epoch = 15
Test Loss=0.0205, Test accuracy=0.3660
Test Loss=0.0205, Test accuracy=0.3660
Unlearn a client
Global Federated Learning epoch = 16
Test Loss=0.0215, Test accuracy=0.3700
Test Loss=0.0215, Test accuracy=0.3700
Unlearn a client
Global Federated Learning epoch = 17
Test Loss=0.0221, Test accuracy=0.3700
Test Loss=0.0221, Test accuracy=0.3700
Unlearn a client
Global Federated Learning epoch = 18
Test Loss=0.0219, Test accuracy=0.3760
Test Loss=0.0219, Test accuracy=0.3760
Unlearn a client
Global Federated Learning epoch = 19
Test Loss=0.0223, Test accuracy=0.3920
Test Loss=0.0223, Test accuracy=0.3920
Fine-tuning train acc:0.3920
Fine-tuning train epoch:19
#####  Federated Fine-tuning End#####
##### Total_variance time consuming:  81.63475394248962 #####
#####  Federated Unlearning End  #####
Files already downloaded and verified
Files already downloaded and verified
Files already downloaded and verified
Files already downloaded and verified
Test Loss=0.0069, Test accuracy=0.3741
FL_Params.unlearn_client:  5
Test Loss=0.0775, Test accuracy=0.8000
*****  Result Summary  *****
[FedEraser] Test set: Average loss = 2.15806555, Average acc = 0.3741
============================================================
Step4. Membership Inference Attack aganist GM...
Files already downloaded and verified
Files already downloaded and verified
Files already downloaded and verified
Files already downloaded and verified
Attacking against FL Unlearn without calibration  
Files already downloaded and verified
Files already downloaded and verified
Files already downloaded and verified
Files already downloaded and verified
[92mINFO [0m:      Sent reply
[92mINFO [0m:      aggregate_fit: received 1 results and 1 failures
[92mINFO [0m:      fit progress: (2, 2.303444723732555, {'Server test accuracy': 0.108}, 462.918212167)
