/opt/miniconda3/envs/fedEdge/lib/python3.9/site-packages/torchtext/data/__init__.py:4: UserWarning: 
/!\ IMPORTANT WARNING ABOUT TORCHTEXT STATUS /!\ 
Torchtext is deprecated and the last released version will be 0.18 (this one). You can silence this warning by calling the following at the beginnign of your scripts: `import torchtext; torchtext.disable_torchtext_deprecation_warning()`
  warnings.warn(torchtext._TORCHTEXT_DEPRECATION_MSG)
/opt/miniconda3/envs/fedEdge/lib/python3.9/site-packages/torchtext/vocab/__init__.py:4: UserWarning: 
/!\ IMPORTANT WARNING ABOUT TORCHTEXT STATUS /!\ 
Torchtext is deprecated and the last released version will be 0.18 (this one). You can silence this warning by calling the following at the beginnign of your scripts: `import torchtext; torchtext.disable_torchtext_deprecation_warning()`
  warnings.warn(torchtext._TORCHTEXT_DEPRECATION_MSG)
/opt/miniconda3/envs/fedEdge/lib/python3.9/site-packages/torchtext/utils.py:4: UserWarning: 
/!\ IMPORTANT WARNING ABOUT TORCHTEXT STATUS /!\ 
Torchtext is deprecated and the last released version will be 0.18 (this one). You can silence this warning by calling the following at the beginnign of your scripts: `import torchtext; torchtext.disable_torchtext_deprecation_warning()`
  warnings.warn(torchtext._TORCHTEXT_DEPRECATION_MSG)
============================================================
Step1. Federated Learning Settings 
 We use dataset: cifar10 for our Federated Unlearning experiment.

============================================================
Step2. Client data loaded, testing data loaded!!!
       Initial Model loaded!!!
Files already downloaded and verified
Files already downloaded and verified
============================================================
Step3. Fedearated Learning and Unlearning Training...
len of selected client loader, 10
#####  Federated Learning Start#####
 Learning time consuming = 1.1920928955078125e-06 secods
#####  Federated Learning End#####


#####  Federated Unlearning Start  #####
#### Client-level Unlearning ####
-------Using pre-trained model------
K, b:  2 1
split_clients [array([0, 1]), array([2, 3]), array([4, 5]), array([6, 7]), array([8, 9])]
Files already downloaded and verified
Files already downloaded and verified
single tfidf Selected least important clients: [0, 3]
Forget Client Index: [1]
Client chosen by MoE:  [1]
Initial model type <class 'moe.MoE'> MoE(
  (experts): ModuleList(
    (0-9): 10 x Net_cifar10(
      (conv1): Conv2d(3, 6, kernel_size=(5, 5), stride=(1, 1))
      (pool): MaxPool2d(kernel_size=2, stride=2, padding=0, dilation=1, ceil_mode=False)
      (conv2): Conv2d(6, 16, kernel_size=(5, 5), stride=(1, 1))
      (fc1): Linear(in_features=400, out_features=120, bias=True)
      (fc2): Linear(in_features=120, out_features=84, bias=True)
      (fc3): Linear(in_features=84, out_features=10, bias=True)
    )
  )
  (softplus): Softplus(beta=1.0, threshold=20.0)
  (softmax): Softmax(dim=1)
)
Remove one [0, 2, 3, 4, 5, 6, 7, 8, 9]
Updated global [[MoE(
  (experts): ModuleList(
    (0-9): 10 x Net_cifar10(
      (conv1): Conv2d(3, 6, kernel_size=(5, 5), stride=(1, 1))
      (pool): MaxPool2d(kernel_size=2, stride=2, padding=0, dilation=1, ceil_mode=False)
      (conv2): Conv2d(6, 16, kernel_size=(5, 5), stride=(1, 1))
      (fc1): Linear(in_features=400, out_features=120, bias=True)
      (fc2): Linear(in_features=120, out_features=84, bias=True)
      (fc3): Linear(in_features=84, out_features=10, bias=True)
    )
  )
  (softplus): Softplus(beta=1.0, threshold=20.0)
  (softmax): Softmax(dim=1)
)]] <class 'list'> 1 <class 'list'>
#####  Federated Fine-tuning Start#####
Global Federated Learning epoch = 0
Test Loss=0.0145, Test accuracy=0.1568
Test Loss=0.0046, Test accuracy=0.1400
Global Federated Learning epoch = 1
Test Loss=0.0144, Test accuracy=0.1775
Test Loss=0.0045, Test accuracy=0.1920
Global Federated Learning epoch = 2
Test Loss=0.0145, Test accuracy=0.1340
Test Loss=0.0045, Test accuracy=0.1920
Global Federated Learning epoch = 3
Test Loss=0.0142, Test accuracy=0.1929
Test Loss=0.0045, Test accuracy=0.1960
Global Federated Learning epoch = 4
Test Loss=0.0143, Test accuracy=0.1980
Test Loss=0.0045, Test accuracy=0.2200
Global Federated Learning epoch = 5
Test Loss=0.0142, Test accuracy=0.1469
Test Loss=0.0045, Test accuracy=0.1440
Global Federated Learning epoch = 6
Test Loss=0.0142, Test accuracy=0.1832
Test Loss=0.0045, Test accuracy=0.1820
Global Federated Learning epoch = 7
Test Loss=0.0140, Test accuracy=0.1789
Test Loss=0.0044, Test accuracy=0.1820
Global Federated Learning epoch = 8
Test Loss=0.0139, Test accuracy=0.2091
Test Loss=0.0044, Test accuracy=0.2100
Global Federated Learning epoch = 9
Test Loss=0.0140, Test accuracy=0.2100
Test Loss=0.0044, Test accuracy=0.2080
Global Federated Learning epoch = 10
Test Loss=0.0140, Test accuracy=0.2028
Test Loss=0.0044, Test accuracy=0.2180
Global Federated Learning epoch = 11
Test Loss=0.0138, Test accuracy=0.2040
Test Loss=0.0044, Test accuracy=0.1960
Global Federated Learning epoch = 12
Test Loss=0.0136, Test accuracy=0.2055
Test Loss=0.0043, Test accuracy=0.2060
Global Federated Learning epoch = 13
Test Loss=0.0137, Test accuracy=0.1856
Test Loss=0.0043, Test accuracy=0.1780
Global Federated Learning epoch = 14
Test Loss=0.0139, Test accuracy=0.1773
Test Loss=0.0043, Test accuracy=0.2060
Global Federated Learning epoch = 15
Test Loss=0.0135, Test accuracy=0.2093
Test Loss=0.0042, Test accuracy=0.2320
Global Federated Learning epoch = 16
Test Loss=0.0136, Test accuracy=0.2124
Test Loss=0.0042, Test accuracy=0.2560
Global Federated Learning epoch = 17
Test Loss=0.0135, Test accuracy=0.2190
Test Loss=0.0042, Test accuracy=0.2100
Global Federated Learning epoch = 18
Test Loss=0.0134, Test accuracy=0.2288
Test Loss=0.0042, Test accuracy=0.2580
Global Federated Learning epoch = 19
Test Loss=0.0133, Test accuracy=0.2221
Test Loss=0.0042, Test accuracy=0.2520
Fine-tuning train acc:0.2520
Fine-tuning train epoch:19
#####  Federated Fine-tuning End#####
 Client-level Unlearning time consuming = 1053.3849861621857 secods
#####  Federated Unlearning End  #####


#####  Federated Retraining Start  #####
Global Federated Learning epoch = 0
Test Loss=0.0133, Test accuracy=0.2255
Global Federated Learning epoch = 1
Test Loss=0.0133, Test accuracy=0.2268
Global Federated Learning epoch = 2
Test Loss=0.0132, Test accuracy=0.2288
Global Federated Learning epoch = 3
Test Loss=0.0132, Test accuracy=0.2304
Global Federated Learning epoch = 4
Test Loss=0.0132, Test accuracy=0.2332
Global Federated Learning epoch = 5
Test Loss=0.0131, Test accuracy=0.2335
Global Federated Learning epoch = 6
Test Loss=0.0131, Test accuracy=0.2338
Global Federated Learning epoch = 7
Test Loss=0.0131, Test accuracy=0.2340
Global Federated Learning epoch = 8
Test Loss=0.0131, Test accuracy=0.2346
Global Federated Learning epoch = 9
Test Loss=0.0131, Test accuracy=0.2350
Global Federated Learning epoch = 10
Test Loss=0.0130, Test accuracy=0.2342
Global Federated Learning epoch = 11
Test Loss=0.0130, Test accuracy=0.2344
Global Federated Learning epoch = 12
Test Loss=0.0130, Test accuracy=0.2344
Global Federated Learning epoch = 13
Test Loss=0.0130, Test accuracy=0.2342
Global Federated Learning epoch = 14
Test Loss=0.0130, Test accuracy=0.2325
Global Federated Learning epoch = 15
Test Loss=0.0129, Test accuracy=0.2326
Global Federated Learning epoch = 16
Test Loss=0.0129, Test accuracy=0.2334
Global Federated Learning epoch = 17
Test Loss=0.0129, Test accuracy=0.2333
Global Federated Learning epoch = 18
Test Loss=0.0129, Test accuracy=0.2337
Global Federated Learning epoch = 19
Test Loss=0.0129, Test accuracy=0.2339
#####  Federated Retraining End  #####
Retrain Time using = 119.78989291191101 seconds 3
Test Loss=0.0147, Test accuracy=0.0998
Test Loss=0.0129, Test accuracy=0.2339
Test Loss=0.0133, Test accuracy=0.2221
FL_params.unlearn_client:  [1]
Test Loss=0.2615, Test accuracy=0.2180
Test Loss=0.2542, Test accuracy=0.2060
Test Loss=0.2881, Test accuracy=0.0860
*****  Result Summary  *****
[FedPruner] Test set: Average loss = 2.09086762, Average acc = 0.2221
[FedRetrain] Test set: Average loss = 2.02134015, Average acc = 0.2339
[FedAvg] Test set: Average loss = 2.30318177, Average acc = 0.0998


[FedPruner] Target set: Average loss = 2.09220076, Average acc = 0.2180
[FedRetrain] Target set: Average loss = 2.03397292, Average acc = 0.2060
[FedAvg] Target set: Average loss = 2.30466670, Average acc = 0.0860
============================================================
Step4. Membership Inference Attack aganist GM...

Epoch  = -1
Attacking against FL Standard  
MIA Attacker accuracy = 0.6300
MIA Attacker precision = 0.9062
MIA Attacker recall = 0.2900
Attacking against FL Retrain  
MIA Attacker accuracy = 0.4960
MIA Attacker precision = 0.4412
MIA Attacker recall = 0.0300
Attacking against FL Client Unlearn  
MIA Attacker accuracy = 0.4970
MIA Attacker precision = 0.4706
MIA Attacker recall = 0.0480
