============================================================
Step1. Federated Learning Settings 
 We use dataset: mnist for our Federated Unlearning experiment.

============================================================
Step2. Client data loaded, testing data loaded!!!
       Initial Model loaded!!!
============================================================
Step3. Fedearated Learning and Unlearning Training...
len of selected client loader, 10
#####  Federated Learning Start#####
 Learning time consuming = 9.5367431640625e-07 secods
#####  Federated Learning End#####


#####  Federated Unlearning Start  #####
#### Client-level Unlearning ####
-------Using pre-trained model------
K, b:  2 5
split_clients [array([0, 1]), array([2, 3]), array([4, 5]), array([6, 7]), array([8, 9])]
Forget Client Index: [8, 1]
Client chosen by MoE:  [8, 1]
Initial model type <class 'moe.MoE'> MoE(
  (experts): ModuleList(
    (0-9): 10 x Net_mnist(
      (conv1): Conv2d(1, 20, kernel_size=(5, 5), stride=(1, 1))
      (conv2): Conv2d(20, 50, kernel_size=(5, 5), stride=(1, 1))
      (fc1): Linear(in_features=800, out_features=500, bias=True)
      (fc2): Linear(in_features=500, out_features=10, bias=True)
    )
  )
  (softplus): Softplus(beta=1.0, threshold=20.0)
  (softmax): Softmax(dim=1)
)
Remove one [0, 2, 3, 4, 5, 6, 7, 9]
Updated global [[MoE(
  (experts): ModuleList(
    (0-9): 10 x Net_mnist(
      (conv1): Conv2d(1, 20, kernel_size=(5, 5), stride=(1, 1))
      (conv2): Conv2d(20, 50, kernel_size=(5, 5), stride=(1, 1))
      (fc1): Linear(in_features=800, out_features=500, bias=True)
      (fc2): Linear(in_features=500, out_features=10, bias=True)
    )
  )
  (softplus): Softplus(beta=1.0, threshold=20.0)
  (softmax): Softmax(dim=1)
)]] <class 'list'> 1 <class 'list'>
#####  Federated Fine-tuning Start#####
Global Federated Learning epoch = 0
Test Loss=0.0024, Test accuracy=0.8929
Test Loss=0.0032, Test accuracy=0.8850
Global Federated Learning epoch = 1
Test Loss=0.0013, Test accuracy=0.9362
Test Loss=0.0017, Test accuracy=0.9267
Global Federated Learning epoch = 2
Test Loss=0.0010, Test accuracy=0.9515
Test Loss=0.0011, Test accuracy=0.9600
Global Federated Learning epoch = 3
Test Loss=0.0008, Test accuracy=0.9596
Test Loss=0.0008, Test accuracy=0.9750
Global Federated Learning epoch = 4
Test Loss=0.0007, Test accuracy=0.9648
Test Loss=0.0005, Test accuracy=0.9733
Global Federated Learning epoch = 5
Test Loss=0.0006, Test accuracy=0.9682
Test Loss=0.0004, Test accuracy=0.9800
Global Federated Learning epoch = 6
Test Loss=0.0006, Test accuracy=0.9713
Test Loss=0.0003, Test accuracy=0.9900
Global Federated Learning epoch = 7
Test Loss=0.0006, Test accuracy=0.9732
Test Loss=0.0002, Test accuracy=0.9917
Global Federated Learning epoch = 8
Test Loss=0.0006, Test accuracy=0.9747
Test Loss=0.0002, Test accuracy=0.9917
Global Federated Learning epoch = 9
Test Loss=0.0005, Test accuracy=0.9756
Test Loss=0.0001, Test accuracy=0.9950
Global Federated Learning epoch = 10
Test Loss=0.0005, Test accuracy=0.9752
Test Loss=0.0001, Test accuracy=0.9983
Global Federated Learning epoch = 11
Test Loss=0.0005, Test accuracy=0.9768
Test Loss=0.0001, Test accuracy=0.9983
Global Federated Learning epoch = 12
Test Loss=0.0005, Test accuracy=0.9773
Test Loss=0.0001, Test accuracy=1.0000
Global Federated Learning epoch = 13
Test Loss=0.0005, Test accuracy=0.9782
Test Loss=0.0001, Test accuracy=0.9983
Global Federated Learning epoch = 14
Test Loss=0.0005, Test accuracy=0.9773
Test Loss=0.0000, Test accuracy=1.0000
Global Federated Learning epoch = 15
Test Loss=0.0005, Test accuracy=0.9773
Test Loss=0.0000, Test accuracy=1.0000
Global Federated Learning epoch = 16
Test Loss=0.0005, Test accuracy=0.9785
Test Loss=0.0000, Test accuracy=1.0000
Global Federated Learning epoch = 17
Test Loss=0.0005, Test accuracy=0.9791
Test Loss=0.0000, Test accuracy=1.0000
Global Federated Learning epoch = 18
Test Loss=0.0005, Test accuracy=0.9788
Test Loss=0.0000, Test accuracy=1.0000
Global Federated Learning epoch = 19
Test Loss=0.0005, Test accuracy=0.9801
Test Loss=0.0000, Test accuracy=1.0000
Fine-tuning train acc:1.0000
Fine-tuning train epoch:19
#####  Federated Fine-tuning End#####
 Client-level Unlearning time consuming = 707.3822407722473 secods
#####  Federated Unlearning End  #####


#####  Federated Retraining Start  #####
Global Federated Learning epoch = 0
Test Loss=0.0005, Test accuracy=0.9801
save path /Users/wangjiayi/Desktop/fededgepruneeraser/fedEdgePruneEraser/ckpt/retrained/seed_acc98.00_epoch0_2024-06-11 16-41-54.pth
#####  Federated Retraining End  #####
Retrain Time using = 11.904055118560791 seconds 3
Test Loss=0.0017, Test accuracy=0.9194
Test Loss=0.0005, Test accuracy=0.9801
Test Loss=0.0005, Test accuracy=0.9801
FL_params.unlearn_client:  [8, 1]
Test Loss=0.0004, Test accuracy=1.0000
Test Loss=0.0005, Test accuracy=1.0000
Test Loss=0.0004, Test accuracy=1.0000
Test Loss=0.0277, Test accuracy=0.9300
*****  Result Summary  *****
[FedPruner] Test set: Average loss = 0.07731524, Average acc = 0.9801
[FedRetrain] Test set: Average loss = 0.07730842, Average acc = 0.9801
[FedAvg] Test set: Average loss = 0.26122949, Average acc = 0.9194


[FedPruner] Target set: Average loss = 0.00480361, Average acc = 1.0000
[FedRetrain] Target set: Average loss = 0.00447373, Average acc = 1.0000
[FedAvg] Target set: Average loss = 0.27699351, Average acc = 0.9300
============================================================
Step4. Membership Inference Attack aganist GM...

Epoch  = -1
Attacking against FL Standard  
MIA Attacker accuracy = 0.9446
MIA Attacker precision = 0.9668
MIA Attacker recall = 0.9208
Attacking against FL Retrain  
MIA Attacker accuracy = 0.5262
MIA Attacker precision = 0.5162
MIA Attacker recall = 0.8342
Attacking against FL Client Unlearn  
MIA Attacker accuracy = 0.5221
MIA Attacker precision = 0.5137
MIA Attacker recall = 0.8283
