/opt/miniconda3/envs/fedEdge/lib/python3.9/site-packages/torchtext/data/__init__.py:4: UserWarning: 
/!\ IMPORTANT WARNING ABOUT TORCHTEXT STATUS /!\ 
Torchtext is deprecated and the last released version will be 0.18 (this one). You can silence this warning by calling the following at the beginnign of your scripts: `import torchtext; torchtext.disable_torchtext_deprecation_warning()`
  warnings.warn(torchtext._TORCHTEXT_DEPRECATION_MSG)
/opt/miniconda3/envs/fedEdge/lib/python3.9/site-packages/torchtext/vocab/__init__.py:4: UserWarning: 
/!\ IMPORTANT WARNING ABOUT TORCHTEXT STATUS /!\ 
Torchtext is deprecated and the last released version will be 0.18 (this one). You can silence this warning by calling the following at the beginnign of your scripts: `import torchtext; torchtext.disable_torchtext_deprecation_warning()`
  warnings.warn(torchtext._TORCHTEXT_DEPRECATION_MSG)
/opt/miniconda3/envs/fedEdge/lib/python3.9/site-packages/torchtext/utils.py:4: UserWarning: 
/!\ IMPORTANT WARNING ABOUT TORCHTEXT STATUS /!\ 
Torchtext is deprecated and the last released version will be 0.18 (this one). You can silence this warning by calling the following at the beginnign of your scripts: `import torchtext; torchtext.disable_torchtext_deprecation_warning()`
  warnings.warn(torchtext._TORCHTEXT_DEPRECATION_MSG)
============================================================
Step1. Federated Learning Settings 
 We use dataset: cifar10 for our Federated Unlearning experiment.

============================================================
Step2. Client data loaded, testing data loaded!!!
       Initial Model loaded!!!
Files already downloaded and verified
Files already downloaded and verified
============================================================
Step3. Fedearated Learning and Unlearning Training...
len of selected client loader, 10
#####  Federated Learning Start#####
 Learning time consuming = 1.1920928955078125e-06 secods
#####  Federated Learning End#####


#####  Federated Unlearning Start  #####
#### Client-level Unlearning ####
-------Using pre-trained model------
K, b:  2 1
split_clients [array([0, 1]), array([2, 3]), array([4, 5]), array([6, 7]), array([8, 9])]
Files already downloaded and verified
Files already downloaded and verified
single tfidf Selected least important clients: [0, 3]
Forget Client Index: [1]
Client chosen by MoE:  [1]
Initial model type <class 'moe.MoE'> MoE(
  (experts): ModuleList(
    (0-9): 10 x Net_cifar10(
      (conv1): Conv2d(3, 6, kernel_size=(5, 5), stride=(1, 1))
      (pool): MaxPool2d(kernel_size=2, stride=2, padding=0, dilation=1, ceil_mode=False)
      (conv2): Conv2d(6, 16, kernel_size=(5, 5), stride=(1, 1))
      (fc1): Linear(in_features=400, out_features=120, bias=True)
      (fc2): Linear(in_features=120, out_features=84, bias=True)
      (fc3): Linear(in_features=84, out_features=10, bias=True)
    )
  )
  (softplus): Softplus(beta=1.0, threshold=20.0)
  (softmax): Softmax(dim=1)
)
Remove one [0, 2, 3, 4, 5, 6, 7, 8, 9]
Updated global [[MoE(
  (experts): ModuleList(
    (0-9): 10 x Net_cifar10(
      (conv1): Conv2d(3, 6, kernel_size=(5, 5), stride=(1, 1))
      (pool): MaxPool2d(kernel_size=2, stride=2, padding=0, dilation=1, ceil_mode=False)
      (conv2): Conv2d(6, 16, kernel_size=(5, 5), stride=(1, 1))
      (fc1): Linear(in_features=400, out_features=120, bias=True)
      (fc2): Linear(in_features=120, out_features=84, bias=True)
      (fc3): Linear(in_features=84, out_features=10, bias=True)
    )
  )
  (softplus): Softplus(beta=1.0, threshold=20.0)
  (softmax): Softmax(dim=1)
)]] <class 'list'> 1 <class 'list'>
#####  Federated Fine-tuning Start#####
Global Federated Learning epoch = 0
Test Loss=0.0146, Test accuracy=0.1177
Test Loss=0.0046, Test accuracy=0.1460
Global Federated Learning epoch = 1
Test Loss=0.0145, Test accuracy=0.1535
Test Loss=0.0045, Test accuracy=0.1800
Global Federated Learning epoch = 2
Test Loss=0.0145, Test accuracy=0.1712
Test Loss=0.0045, Test accuracy=0.2000
Global Federated Learning epoch = 3
Test Loss=0.0144, Test accuracy=0.1680
Test Loss=0.0045, Test accuracy=0.1900
Global Federated Learning epoch = 4
Test Loss=0.0144, Test accuracy=0.1797
Test Loss=0.0045, Test accuracy=0.1720
Global Federated Learning epoch = 5
Test Loss=0.0143, Test accuracy=0.1894
Test Loss=0.0045, Test accuracy=0.1720
Global Federated Learning epoch = 6
Test Loss=0.0142, Test accuracy=0.2116
Test Loss=0.0044, Test accuracy=0.2300
Global Federated Learning epoch = 7
Test Loss=0.0141, Test accuracy=0.2024
Test Loss=0.0044, Test accuracy=0.1940
Global Federated Learning epoch = 8
Test Loss=0.0141, Test accuracy=0.2148
Test Loss=0.0045, Test accuracy=0.2140
Global Federated Learning epoch = 9
Test Loss=0.0140, Test accuracy=0.1958
Test Loss=0.0044, Test accuracy=0.1980
Global Federated Learning epoch = 10
Test Loss=0.0139, Test accuracy=0.1732
Test Loss=0.0044, Test accuracy=0.2260
Global Federated Learning epoch = 11
Test Loss=0.0137, Test accuracy=0.2100
Test Loss=0.0043, Test accuracy=0.2500
Global Federated Learning epoch = 12
Test Loss=0.0137, Test accuracy=0.2066
Test Loss=0.0043, Test accuracy=0.2160
Global Federated Learning epoch = 13
Test Loss=0.0136, Test accuracy=0.2259
Test Loss=0.0042, Test accuracy=0.2600
Global Federated Learning epoch = 14
Test Loss=0.0137, Test accuracy=0.2249
Test Loss=0.0043, Test accuracy=0.2460
Global Federated Learning epoch = 15
Test Loss=0.0134, Test accuracy=0.2435
Test Loss=0.0042, Test accuracy=0.2440
Global Federated Learning epoch = 16
Test Loss=0.0135, Test accuracy=0.2208
Test Loss=0.0042, Test accuracy=0.2320
Global Federated Learning epoch = 17
Test Loss=0.0136, Test accuracy=0.1940
Test Loss=0.0042, Test accuracy=0.2360
Global Federated Learning epoch = 18
Test Loss=0.0134, Test accuracy=0.2102
Test Loss=0.0042, Test accuracy=0.2140
Global Federated Learning epoch = 19
Test Loss=0.0133, Test accuracy=0.2153
Test Loss=0.0042, Test accuracy=0.2140
Fine-tuning train acc:0.2140
Fine-tuning train epoch:19
#####  Federated Fine-tuning End#####
 Client-level Unlearning time consuming = 1086.9763541221619 secods
#####  Federated Unlearning End  #####


#####  Federated Retraining Start  #####
Global Federated Learning epoch = 0
Test Loss=0.0133, Test accuracy=0.2159
Global Federated Learning epoch = 1
Test Loss=0.0133, Test accuracy=0.2173
Global Federated Learning epoch = 2
Test Loss=0.0133, Test accuracy=0.2183
Global Federated Learning epoch = 3
Test Loss=0.0132, Test accuracy=0.2176
Global Federated Learning epoch = 4
Test Loss=0.0132, Test accuracy=0.2188
Global Federated Learning epoch = 5
Test Loss=0.0132, Test accuracy=0.2181
Global Federated Learning epoch = 6
Test Loss=0.0132, Test accuracy=0.2202
Global Federated Learning epoch = 7
Test Loss=0.0132, Test accuracy=0.2205
Global Federated Learning epoch = 8
Test Loss=0.0132, Test accuracy=0.2197
Global Federated Learning epoch = 9
Test Loss=0.0131, Test accuracy=0.2195
Global Federated Learning epoch = 10
Test Loss=0.0131, Test accuracy=0.2184
Global Federated Learning epoch = 11
Test Loss=0.0131, Test accuracy=0.2188
Global Federated Learning epoch = 12
Test Loss=0.0131, Test accuracy=0.2190
Global Federated Learning epoch = 13
Test Loss=0.0131, Test accuracy=0.2191
Global Federated Learning epoch = 14
Test Loss=0.0131, Test accuracy=0.2202
Global Federated Learning epoch = 15
Test Loss=0.0131, Test accuracy=0.2210
Global Federated Learning epoch = 16
Test Loss=0.0130, Test accuracy=0.2208
Global Federated Learning epoch = 17
Test Loss=0.0130, Test accuracy=0.2232
Global Federated Learning epoch = 18
Test Loss=0.0130, Test accuracy=0.2260
Global Federated Learning epoch = 19
Test Loss=0.0130, Test accuracy=0.2257
#####  Federated Retraining End  #####
Retrain Time using = 118.88296484947205 seconds 3
Test Loss=0.0147, Test accuracy=0.0998
Test Loss=0.0130, Test accuracy=0.2257
Test Loss=0.0133, Test accuracy=0.2153
FL_params.unlearn_client:  [1]
Test Loss=0.2665, Test accuracy=0.1860
Test Loss=0.2599, Test accuracy=0.1880
Test Loss=0.2882, Test accuracy=0.0960
*****  Result Summary  *****
[FedPruner] Test set: Average loss = 2.09276507, Average acc = 0.2153
[FedRetrain] Test set: Average loss = 2.04038726, Average acc = 0.2257
[FedAvg] Test set: Average loss = 2.30318177, Average acc = 0.0998


[FedPruner] Target set: Average loss = 2.13175371, Average acc = 0.1860
[FedRetrain] Target set: Average loss = 2.07905275, Average acc = 0.1880
[FedAvg] Target set: Average loss = 2.30533165, Average acc = 0.0960
============================================================
Step4. Membership Inference Attack aganist GM...

Epoch  = -1
Attacking against FL Standard  
MIA Attacker accuracy = 0.6300
MIA Attacker precision = 0.9276
MIA Attacker recall = 0.2820
Attacking against FL Retrain  
MIA Attacker accuracy = 0.5010
MIA Attacker precision = 0.6000
MIA Attacker recall = 0.0060
Attacking against FL Client Unlearn  
MIA Attacker accuracy = 0.5070
MIA Attacker precision = 1.0000
MIA Attacker recall = 0.0140
