/opt/miniconda3/envs/fedEdge/lib/python3.9/site-packages/torchtext/data/__init__.py:4: UserWarning: 
/!\ IMPORTANT WARNING ABOUT TORCHTEXT STATUS /!\ 
Torchtext is deprecated and the last released version will be 0.18 (this one). You can silence this warning by calling the following at the beginnign of your scripts: `import torchtext; torchtext.disable_torchtext_deprecation_warning()`
  warnings.warn(torchtext._TORCHTEXT_DEPRECATION_MSG)
/opt/miniconda3/envs/fedEdge/lib/python3.9/site-packages/torchtext/vocab/__init__.py:4: UserWarning: 
/!\ IMPORTANT WARNING ABOUT TORCHTEXT STATUS /!\ 
Torchtext is deprecated and the last released version will be 0.18 (this one). You can silence this warning by calling the following at the beginnign of your scripts: `import torchtext; torchtext.disable_torchtext_deprecation_warning()`
  warnings.warn(torchtext._TORCHTEXT_DEPRECATION_MSG)
/opt/miniconda3/envs/fedEdge/lib/python3.9/site-packages/torchtext/utils.py:4: UserWarning: 
/!\ IMPORTANT WARNING ABOUT TORCHTEXT STATUS /!\ 
Torchtext is deprecated and the last released version will be 0.18 (this one). You can silence this warning by calling the following at the beginnign of your scripts: `import torchtext; torchtext.disable_torchtext_deprecation_warning()`
  warnings.warn(torchtext._TORCHTEXT_DEPRECATION_MSG)
============================================================
Step1. Federated Learning Settings 
 We use dataset: cifar10 for our Federated Unlearning experiment.

============================================================
Step2. Client data loaded, testing data loaded!!!
       Initial Model loaded!!!
Files already downloaded and verified
Files already downloaded and verified
============================================================
Step3. Fedearated Learning and Unlearning Training...
len of selected client loader, 10
#####  Federated Learning Start#####
 Learning time consuming = 9.5367431640625e-07 secods
#####  Federated Learning End#####


#####  Federated Unlearning Start  #####
#### Client-level Unlearning ####
-------Using pre-trained model------
K, b:  60 5
split_clients [array([0, 1, 2, 3, 4, 5, 6, 7, 8, 9])]
Files already downloaded and verified
Files already downloaded and verified
Here tf_idf:  [{'conv1': tensor([0.2119, 0.0805, 0.0821, 0.2007, 0.6214, 0.3271]), 'conv2': tensor([1.4799e-01, 3.0404e-01, 2.1549e-01, 4.2178e-02, 1.1687e-01, 9.2215e-02,
        2.4778e-04, 1.4733e-02, 1.3182e-01, 7.3409e-02, 1.2889e-01, 1.7225e-01,
        4.0669e-02, 8.7215e-02, 1.6560e-01, 8.1967e-02])}, {'conv1': tensor([0.1927, 0.0850, 0.0561, 0.1909, 0.6476, 0.4496]), 'conv2': tensor([1.4892e-01, 3.0064e-01, 2.1469e-01, 4.1036e-02, 1.1477e-01, 9.3594e-02,
        1.7352e-04, 3.1961e-02, 1.3163e-01, 7.4134e-02, 9.7564e-02, 2.2884e-01,
        4.0047e-02, 4.4719e-02, 1.7544e-01, 7.9591e-02])}, {'conv1': tensor([0.1533, 0.0742, 0.0550, 0.2025, 0.6325, 0.4499]), 'conv2': tensor([2.0810e-01, 4.0065e-01, 2.1259e-01, 4.0086e-02, 1.1311e-01, 1.0233e-01,
        1.5350e-04, 2.0979e-02, 1.8814e-01, 7.9638e-02, 8.9636e-02, 2.2835e-01,
        4.1153e-02, 4.6963e-02, 1.6854e-01, 1.2143e-01])}, {'conv1': tensor([0.1955, 0.0897, 0.0837, 0.1175, 0.6420, 0.3278]), 'conv2': tensor([2.1438e-01, 4.0629e-01, 1.5717e-01, 4.1480e-02, 1.1327e-01, 9.4804e-02,
        1.3912e-04, 2.3391e-02, 1.8817e-01, 7.3662e-02, 9.6774e-02, 2.2816e-01,
        4.1526e-02, 6.2244e-02, 1.7665e-01, 5.0160e-02])}, {'conv1': tensor([0.2045, 0.0841, 0.0574, 0.2762, 0.6369, 0.4440]), 'conv2': tensor([2.1290e-01, 4.1143e-01, 2.1273e-01, 4.2062e-02, 1.1720e-01, 1.3439e-01,
        1.9737e-04, 3.2014e-02, 1.3088e-01, 1.0606e-01, 9.6209e-02, 2.3244e-01,
        4.0241e-02, 2.7227e-02, 1.7420e-01, 7.8373e-02])}, {'conv1': tensor([0.2070, 0.0748, 0.0800, 0.2793, 0.6427, 0.4527]), 'conv2': tensor([9.2188e-02, 3.0377e-01, 1.5586e-01, 4.3479e-02, 1.1522e-01, 5.8751e-02,
        1.3182e-04, 2.2056e-02, 1.3127e-01, 1.0884e-01, 9.4161e-02, 2.3938e-01,
        4.0487e-02, 6.0131e-02, 2.3501e-01, 1.1240e-01])}, {'conv1': tensor([0.2113, 0.0730, 0.0756, 0.2000, 0.6407, 0.4500]), 'conv2': tensor([1.4602e-01, 4.0779e-01, 2.1645e-01, 3.3423e-02, 1.5325e-01, 9.5977e-02,
        1.2082e-04, 3.8157e-02, 1.3124e-01, 7.6683e-02, 1.2395e-01, 1.7123e-01,
        4.0318e-02, 6.4124e-02, 1.7031e-01, 8.4758e-02])}, {'conv1': tensor([0.2084, 0.0760, 0.0528, 0.1290, 0.6304, 0.4452]), 'conv2': tensor([0.0908, 0.2990, 0.2825, 0.0330, 0.1169, 0.0981, 0.0004, 0.0309, 0.1308,
        0.0774, 0.1271, 0.2257, 0.0391, 0.0641, 0.2278, 0.0855])}, {'conv1': tensor([0.1565, 0.1185, 0.0803, 0.2892, 0.4594, 0.4373]), 'conv2': tensor([2.1215e-01, 3.0398e-01, 1.5666e-01, 3.3031e-02, 1.1685e-01, 5.9328e-02,
        1.6063e-04, 3.2063e-02, 2.5496e-01, 7.4970e-02, 1.2776e-01, 2.2755e-01,
        4.0084e-02, 2.6627e-02, 2.3448e-01, 1.1606e-01])}, {'conv1': tensor([0.1972, 0.1187, 0.0560, 0.1853, 0.6550, 0.4527]), 'conv2': tensor([9.5212e-02, 3.0228e-01, 2.8608e-01, 3.9619e-02, 1.1772e-01, 9.0241e-02,
        2.2165e-04, 2.3514e-02, 1.3142e-01, 1.0526e-01, 1.2956e-01, 1.7287e-01,
        4.1002e-02, 4.1080e-02, 2.4218e-01, 1.0805e-01])}]
Selected least important clients: [0, 3, 1, 7, 5, 8, 9, 6, 2, 4]
Traceback (most recent call last):
  File "/Users/wangjiayi/Desktop/fededgepruneeraser/fedEdgePruneEraser/Fed_Unlearn_main.py", line 217, in <module>
    Federated_Unlearning()
  File "/Users/wangjiayi/Desktop/fededgepruneeraser/fedEdgePruneEraser/Fed_Unlearn_main.py", line 133, in Federated_Unlearning
    old_GMs, unlearn_GMs, old_CMs = federated_learning_unlearning(init_global_model,
  File "/Users/wangjiayi/Desktop/fededgepruneeraser/fedEdgePruneEraser/Fed_Unlearn_base.py", line 119, in federated_learning_unlearning
    unlearn_GMs, train_acc, train_loss, test_acc, test_loss = total_variance.client_level_unlearning(old_GMs, old_CMs, client_loaders, test_loader, FL_params)
  File "/Users/wangjiayi/Desktop/fededgepruneeraser/fedEdgePruneEraser/total_variance.py", line 212, in client_level_unlearning
    outputs = moe_model(images.view(-1, 3 * 32 * 32))
  File "/opt/miniconda3/envs/fedEdge/lib/python3.9/site-packages/torch/nn/modules/module.py", line 1532, in _wrapped_call_impl
    return self._call_impl(*args, **kwargs)
  File "/opt/miniconda3/envs/fedEdge/lib/python3.9/site-packages/torch/nn/modules/module.py", line 1541, in _call_impl
    return forward_call(*args, **kwargs)
  File "/Users/wangjiayi/Desktop/fededgepruneeraser/fedEdgePruneEraser/moe.py", line 304, in forward
    gates, load = self.noisy_top_k_gating(x, self.training)
  File "/Users/wangjiayi/Desktop/fededgepruneeraser/fedEdgePruneEraser/moe.py", line 244, in noisy_top_k_gating
    clean_logits = x @ self.w_gate
RuntimeError: expected m1 and m2 to have the same dtype, but got: float != double
