============================================================
Step1. Federated Learning Settings 
 We use dataset: mnist for our Federated Unlearning experiment.

============================================================
Step2. Client data loaded, testing data loaded!!!
       Initial Model loaded!!!
============================================================
Step3. Fedearated Learning and Unlearning Training...
len of selected client loader, 10
#####  Federated Learning Start#####
 Learning time consuming = 7.152557373046875e-07 secods
#####  Federated Learning End#####


#####  Federated Unlearning Start  #####
#### Client-level Unlearning ####
-------Using pre-trained model------
K, b:  2 5
split_clients [array([0, 1]), array([2, 3]), array([4, 5]), array([6, 7]), array([8, 9])]
Forget Client Index: [8, 1]
Client chosen by MoE:  [8, 1]
Initial model type <class 'moe.MoE'> MoE(
  (experts): ModuleList(
    (0-9): 10 x Net_mnist(
      (conv1): Conv2d(1, 20, kernel_size=(5, 5), stride=(1, 1))
      (conv2): Conv2d(20, 50, kernel_size=(5, 5), stride=(1, 1))
      (fc1): Linear(in_features=800, out_features=500, bias=True)
      (fc2): Linear(in_features=500, out_features=10, bias=True)
    )
  )
  (softplus): Softplus(beta=1.0, threshold=20.0)
  (softmax): Softmax(dim=1)
)
Remove one [0, 2, 3, 4, 5, 6, 7, 9]
Updated global [[MoE(
  (experts): ModuleList(
    (0-9): 10 x Net_mnist(
      (conv1): Conv2d(1, 20, kernel_size=(5, 5), stride=(1, 1))
      (conv2): Conv2d(20, 50, kernel_size=(5, 5), stride=(1, 1))
      (fc1): Linear(in_features=800, out_features=500, bias=True)
      (fc2): Linear(in_features=500, out_features=10, bias=True)
    )
  )
  (softplus): Softplus(beta=1.0, threshold=20.0)
  (softmax): Softmax(dim=1)
)]] <class 'list'> 1 <class 'list'>
#####  Federated Fine-tuning Start#####
Global Federated Learning epoch = 0
Test Loss=0.0021, Test accuracy=0.9089
Test Loss=0.0026, Test accuracy=0.9117
Global Federated Learning epoch = 1
Test Loss=0.0012, Test accuracy=0.9407
Test Loss=0.0012, Test accuracy=0.9517
Global Federated Learning epoch = 2
Test Loss=0.0009, Test accuracy=0.9555
Test Loss=0.0007, Test accuracy=0.9767
Global Federated Learning epoch = 3
Test Loss=0.0008, Test accuracy=0.9584
Test Loss=0.0005, Test accuracy=0.9817
Global Federated Learning epoch = 4
Test Loss=0.0007, Test accuracy=0.9630
Test Loss=0.0004, Test accuracy=0.9783
Global Federated Learning epoch = 5
Test Loss=0.0007, Test accuracy=0.9644
Test Loss=0.0004, Test accuracy=0.9833
Global Federated Learning epoch = 6
Test Loss=0.0006, Test accuracy=0.9698
Test Loss=0.0003, Test accuracy=0.9900
Global Federated Learning epoch = 7
Test Loss=0.0006, Test accuracy=0.9709
Test Loss=0.0002, Test accuracy=0.9950
Global Federated Learning epoch = 8
Test Loss=0.0006, Test accuracy=0.9721
Test Loss=0.0002, Test accuracy=0.9933
Global Federated Learning epoch = 9
Test Loss=0.0006, Test accuracy=0.9733
Test Loss=0.0001, Test accuracy=0.9967
Global Federated Learning epoch = 10
Test Loss=0.0006, Test accuracy=0.9748
Test Loss=0.0002, Test accuracy=0.9950
Global Federated Learning epoch = 11
Test Loss=0.0006, Test accuracy=0.9753
Test Loss=0.0001, Test accuracy=0.9967
Global Federated Learning epoch = 12
Test Loss=0.0006, Test accuracy=0.9756
Test Loss=0.0001, Test accuracy=0.9950
Global Federated Learning epoch = 13
Test Loss=0.0006, Test accuracy=0.9759
Test Loss=0.0001, Test accuracy=0.9983
Global Federated Learning epoch = 14
Test Loss=0.0005, Test accuracy=0.9771
Test Loss=0.0001, Test accuracy=0.9983
Global Federated Learning epoch = 15
Test Loss=0.0005, Test accuracy=0.9767
Test Loss=0.0001, Test accuracy=0.9983
Global Federated Learning epoch = 16
Test Loss=0.0006, Test accuracy=0.9771
Test Loss=0.0000, Test accuracy=1.0000
Global Federated Learning epoch = 17
Test Loss=0.0006, Test accuracy=0.9775
Test Loss=0.0000, Test accuracy=1.0000
Global Federated Learning epoch = 18
Test Loss=0.0006, Test accuracy=0.9779
Test Loss=0.0000, Test accuracy=0.9983
Global Federated Learning epoch = 19
Test Loss=0.0006, Test accuracy=0.9785
Test Loss=0.0000, Test accuracy=1.0000
Fine-tuning train acc:1.0000
Fine-tuning train epoch:19
#####  Federated Fine-tuning End#####
 Client-level Unlearning time consuming = 801.966276884079 secods
#####  Federated Unlearning End  #####


#####  Federated Retraining Start  #####
Global Federated Learning epoch = 0
Test Loss=0.0006, Test accuracy=0.9783
save path /Users/wangjiayi/Desktop/fededgepruneeraser/fedEdgePruneEraser/ckpt/retrained/seed_acc97.83_epoch0_2024-06-11 18-39-04.pth
#####  Federated Retraining End  #####
Retrain Time using = 13.296186208724976 seconds 3
Test Loss=0.0006, Test accuracy=0.9780
Test Loss=0.0006, Test accuracy=0.9783
Test Loss=0.0006, Test accuracy=0.9785
FL_params.unlearn_client:  [8, 1]
Test Loss=0.0004, Test accuracy=1.0000
Test Loss=0.0007, Test accuracy=0.9983
Test Loss=0.0007, Test accuracy=0.9983
Test Loss=0.0094, Test accuracy=0.9750
*****  Result Summary  *****
[FedPruner] Test set: Average loss = 0.08929691, Average acc = 0.9785
[FedRetrain] Test set: Average loss = 0.08907844, Average acc = 0.9783
[FedAvg] Test set: Average loss = 0.10165548, Average acc = 0.9780


[FedPruner] Target set: Average loss = 0.00697037, Average acc = 0.9983
[FedRetrain] Target set: Average loss = 0.00717785, Average acc = 0.9983
[FedAvg] Target set: Average loss = 0.09428841, Average acc = 0.9750
============================================================
Step4. Membership Inference Attack aganist GM...

Epoch  = -1
Attacking against FL Standard  
MIA Attacker accuracy = 0.9463
MIA Attacker precision = 0.9685
MIA Attacker recall = 0.9225
Attacking against FL Retrain  
MIA Attacker accuracy = 0.4929
MIA Attacker precision = 0.4870
MIA Attacker recall = 0.2658
Attacking against FL Client Unlearn  
MIA Attacker accuracy = 0.4938
MIA Attacker precision = 0.4884
MIA Attacker recall = 0.2625
