============================================================
Step1. Federated Learning Settings 
 We use dataset: cifar10 for our Federated Unlearning experiment.

============================================================
Step2. Client data loaded, testing data loaded!!!
       Initial Model loaded!!!
Files already downloaded and verified
Files already downloaded and verified
============================================================
Step3. Fedearated Learning and Unlearning Training...
len of selected client loader, 10
#####  Federated Learning Start#####
 Learning time consuming = 7.152557373046875e-07 secods
#####  Federated Learning End#####


#####  Federated Unlearning Start  #####
#### Client-level Unlearning ####
-------Using pre-trained model------
K, b:  2 5
split_clients [array([0, 1]), array([2, 3]), array([4, 5]), array([6, 7]), array([8, 9])]
Files already downloaded and verified
Files already downloaded and verified
Traceback (most recent call last):
  File "/Users/wangjiayi/Desktop/fededgepruneeraser/fedEdgePruneEraser/Fed_Unlearn_main.py", line 217, in <module>
    Federated_Unlearning()
  File "/Users/wangjiayi/Desktop/fededgepruneeraser/fedEdgePruneEraser/Fed_Unlearn_main.py", line 133, in Federated_Unlearning
    old_GMs, unlearn_GMs, old_CMs = federated_learning_unlearning(init_global_model,
  File "/Users/wangjiayi/Desktop/fededgepruneeraser/fedEdgePruneEraser/Fed_Unlearn_base.py", line 146, in federated_learning_unlearning
    unlearn_GMs, train_acc, train_loss, test_acc, test_loss = total_variance.client_level_unlearning(old_GMs, old_CMs, client_loaders, test_loader, FL_params)
  File "/Users/wangjiayi/Desktop/fededgepruneeraser/fedEdgePruneEraser/total_variance.py", line 204, in client_level_unlearning
    outputs = moe_model(images.view(-1, 3 * 32 * 32))
  File "/opt/miniconda3/envs/fedEdge/lib/python3.9/site-packages/torch/nn/modules/module.py", line 1532, in _wrapped_call_impl
    return self._call_impl(*args, **kwargs)
  File "/opt/miniconda3/envs/fedEdge/lib/python3.9/site-packages/torch/nn/modules/module.py", line 1541, in _call_impl
    return forward_call(*args, **kwargs)
  File "/Users/wangjiayi/Desktop/fededgepruneeraser/fedEdgePruneEraser/moe.py", line 315, in forward
    expert_outputs = [self.experts[i](expert_inputs[i].view(-1, 1, 28, 28)) for i in range(self.num_experts)]
  File "/Users/wangjiayi/Desktop/fededgepruneeraser/fedEdgePruneEraser/moe.py", line 315, in <listcomp>
    expert_outputs = [self.experts[i](expert_inputs[i].view(-1, 1, 28, 28)) for i in range(self.num_experts)]
RuntimeError: shape '[-1, 1, 28, 28]' is invalid for input of size 39936
