============================================================
Step1. Federated Learning Settings 
 We use dataset: cifar10 for our Federated Unlearning experiment.

============================================================
Step2. Client data loaded, testing data loaded!!!
       Initial Model loaded!!!
Files already downloaded and verified
Files already downloaded and verified
============================================================
Step3. Fedearated Learning and Unlearning Training...
len of selected client loader, 10
#####  Federated Learning Start#####
 Learning time consuming = 1.1920928955078125e-06 secods
#####  Federated Learning End#####


#####  Federated Unlearning Start  #####
#### Client-level Unlearning ####
-------Using pre-trained model------
K, b:  2 5
split_clients [array([0, 1]), array([2, 3]), array([4, 5]), array([6, 7]), array([8, 9])]
Files already downloaded and verified
Files already downloaded and verified
Forget Client Index: [1, 9]
Client chosen by MoE:  [1, 9]
Initial model type <class 'moe.MoE'> MoE(
  (experts): ModuleList(
    (0-9): 10 x Net_cifar10(
      (conv1): Conv2d(3, 6, kernel_size=(5, 5), stride=(1, 1))
      (pool): MaxPool2d(kernel_size=2, stride=2, padding=0, dilation=1, ceil_mode=False)
      (conv2): Conv2d(6, 16, kernel_size=(5, 5), stride=(1, 1))
      (fc1): Linear(in_features=400, out_features=120, bias=True)
      (fc2): Linear(in_features=120, out_features=84, bias=True)
      (fc3): Linear(in_features=84, out_features=10, bias=True)
    )
  )
  (softplus): Softplus(beta=1.0, threshold=20.0)
  (softmax): Softmax(dim=1)
)
Remove one [0, 2, 3, 4, 5, 6, 7, 8]
Updated global [[MoE(
  (experts): ModuleList(
    (0-9): 10 x Net_cifar10(
      (conv1): Conv2d(3, 6, kernel_size=(5, 5), stride=(1, 1))
      (pool): MaxPool2d(kernel_size=2, stride=2, padding=0, dilation=1, ceil_mode=False)
      (conv2): Conv2d(6, 16, kernel_size=(5, 5), stride=(1, 1))
      (fc1): Linear(in_features=400, out_features=120, bias=True)
      (fc2): Linear(in_features=120, out_features=84, bias=True)
      (fc3): Linear(in_features=84, out_features=10, bias=True)
    )
  )
  (softplus): Softplus(beta=1.0, threshold=20.0)
  (softmax): Softmax(dim=1)
)]] <class 'list'> 1 <class 'list'>
#####  Federated Fine-tuning Start#####
Global Federated Learning epoch = 0
Test Loss=0.0135, Test accuracy=0.2460
Test Loss=0.0213, Test accuracy=0.2540
Global Federated Learning epoch = 1
Test Loss=0.0131, Test accuracy=0.2655
Test Loss=0.0207, Test accuracy=0.2400
Global Federated Learning epoch = 2
Test Loss=0.0129, Test accuracy=0.2672
Test Loss=0.0206, Test accuracy=0.2700
Global Federated Learning epoch = 3
Test Loss=0.0127, Test accuracy=0.2747
Test Loss=0.0203, Test accuracy=0.2520
Global Federated Learning epoch = 4
Test Loss=0.0125, Test accuracy=0.2780
Test Loss=0.0202, Test accuracy=0.2700
Global Federated Learning epoch = 5
Test Loss=0.0123, Test accuracy=0.3049
Test Loss=0.0195, Test accuracy=0.2920
Global Federated Learning epoch = 6
Test Loss=0.0122, Test accuracy=0.3101
Test Loss=0.0194, Test accuracy=0.3140
Global Federated Learning epoch = 7
Test Loss=0.0120, Test accuracy=0.3212
Test Loss=0.0190, Test accuracy=0.3100
Global Federated Learning epoch = 8
Test Loss=0.0118, Test accuracy=0.3334
Test Loss=0.0189, Test accuracy=0.3480
Global Federated Learning epoch = 9
Test Loss=0.0117, Test accuracy=0.3400
Test Loss=0.0187, Test accuracy=0.3140
Global Federated Learning epoch = 10
Test Loss=0.0114, Test accuracy=0.3541
Test Loss=0.0180, Test accuracy=0.3900
Global Federated Learning epoch = 11
Test Loss=0.0113, Test accuracy=0.3630
Test Loss=0.0176, Test accuracy=0.3840
Global Federated Learning epoch = 12
Test Loss=0.0113, Test accuracy=0.3679
Test Loss=0.0176, Test accuracy=0.3720
Global Federated Learning epoch = 13
Test Loss=0.0112, Test accuracy=0.3682
Test Loss=0.0172, Test accuracy=0.3840
Global Federated Learning epoch = 14
Test Loss=0.0111, Test accuracy=0.3738
Test Loss=0.0172, Test accuracy=0.3760
Global Federated Learning epoch = 15
Test Loss=0.0110, Test accuracy=0.3814
Test Loss=0.0171, Test accuracy=0.3840
Global Federated Learning epoch = 16
Test Loss=0.0109, Test accuracy=0.3964
Test Loss=0.0168, Test accuracy=0.4100
Global Federated Learning epoch = 17
Test Loss=0.0108, Test accuracy=0.3977
Test Loss=0.0169, Test accuracy=0.3760
Global Federated Learning epoch = 18
Test Loss=0.0106, Test accuracy=0.3974
Test Loss=0.0166, Test accuracy=0.3860
Global Federated Learning epoch = 19
Test Loss=0.0106, Test accuracy=0.3976
Test Loss=0.0166, Test accuracy=0.3960
Fine-tuning train acc:0.3960
Fine-tuning train epoch:19
#####  Federated Fine-tuning End#####
 Client-level Unlearning time consuming = 489.2329351902008 secods
#####  Federated Unlearning End  #####


#####  Federated Retraining Start  #####
Global Federated Learning epoch = 0
Test Loss=0.0104, Test accuracy=0.4020
Global Federated Learning epoch = 1
Test Loss=0.0103, Test accuracy=0.4087
Global Federated Learning epoch = 2
Test Loss=0.0103, Test accuracy=0.4124
Global Federated Learning epoch = 3
Test Loss=0.0102, Test accuracy=0.4151
Global Federated Learning epoch = 4
Test Loss=0.0102, Test accuracy=0.4174
Global Federated Learning epoch = 5
Test Loss=0.0102, Test accuracy=0.4184
Global Federated Learning epoch = 6
Test Loss=0.0102, Test accuracy=0.4202
Global Federated Learning epoch = 7
Test Loss=0.0101, Test accuracy=0.4212
Global Federated Learning epoch = 8
Test Loss=0.0101, Test accuracy=0.4211
Global Federated Learning epoch = 9
Test Loss=0.0101, Test accuracy=0.4227
Global Federated Learning epoch = 10
Test Loss=0.0101, Test accuracy=0.4238
Global Federated Learning epoch = 11
Test Loss=0.0101, Test accuracy=0.4263
Global Federated Learning epoch = 12
Test Loss=0.0101, Test accuracy=0.4262
Global Federated Learning epoch = 13
Test Loss=0.0100, Test accuracy=0.4273
Global Federated Learning epoch = 14
Test Loss=0.0100, Test accuracy=0.4273
Global Federated Learning epoch = 15
Test Loss=0.0100, Test accuracy=0.4308
Global Federated Learning epoch = 16
Test Loss=0.0100, Test accuracy=0.4294
Global Federated Learning epoch = 17
Test Loss=0.0100, Test accuracy=0.4291
Global Federated Learning epoch = 18
Test Loss=0.0100, Test accuracy=0.4311
Global Federated Learning epoch = 19
Test Loss=0.0100, Test accuracy=0.4316
Traceback (most recent call last):
  File "/Users/wangjiayi/Desktop/fededgepruneeraser/fedEdgePruneEraser/Fed_Unlearn_main.py", line 217, in <module>
    Federated_Unlearning()
  File "/Users/wangjiayi/Desktop/fededgepruneeraser/fedEdgePruneEraser/Fed_Unlearn_main.py", line 142, in Federated_Unlearning
    retrain_GMs = FL_Retrain(unlearn_GMs, client_loaders, test_loader, FL_params)
  File "/Users/wangjiayi/Desktop/fededgepruneeraser/fedEdgePruneEraser/FL_base.py", line 301, in FL_Retrain
    excel_file = FL_params.data_name + '_' + FL_params.model_name + '_retrained.xlsx'
TypeError: can only concatenate str (not "type") to str
