/opt/miniconda3/envs/fedEdge/lib/python3.9/site-packages/torchtext/data/__init__.py:4: UserWarning: 
/!\ IMPORTANT WARNING ABOUT TORCHTEXT STATUS /!\ 
Torchtext is deprecated and the last released version will be 0.18 (this one). You can silence this warning by calling the following at the beginnign of your scripts: `import torchtext; torchtext.disable_torchtext_deprecation_warning()`
  warnings.warn(torchtext._TORCHTEXT_DEPRECATION_MSG)
/opt/miniconda3/envs/fedEdge/lib/python3.9/site-packages/torchtext/vocab/__init__.py:4: UserWarning: 
/!\ IMPORTANT WARNING ABOUT TORCHTEXT STATUS /!\ 
Torchtext is deprecated and the last released version will be 0.18 (this one). You can silence this warning by calling the following at the beginnign of your scripts: `import torchtext; torchtext.disable_torchtext_deprecation_warning()`
  warnings.warn(torchtext._TORCHTEXT_DEPRECATION_MSG)
/opt/miniconda3/envs/fedEdge/lib/python3.9/site-packages/torchtext/utils.py:4: UserWarning: 
/!\ IMPORTANT WARNING ABOUT TORCHTEXT STATUS /!\ 
Torchtext is deprecated and the last released version will be 0.18 (this one). You can silence this warning by calling the following at the beginnign of your scripts: `import torchtext; torchtext.disable_torchtext_deprecation_warning()`
  warnings.warn(torchtext._TORCHTEXT_DEPRECATION_MSG)
============================================================
Step1. Federated Learning Settings 
 We use dataset: cifar10 for our Federated Unlearning experiment.

============================================================
Step2. Client data loaded, testing data loaded!!!
       Initial Model loaded!!!
Files already downloaded and verified
Files already downloaded and verified
============================================================
Step3. Fedearated Learning and Unlearning Training...
len of selected client loader, 10
#####  Federated Learning Start#####
 Learning time consuming = 1.1920928955078125e-06 secods
#####  Federated Learning End#####


#####  Federated Unlearning Start  #####
#### Client-level Unlearning ####
-------Using pre-trained model------
K, b:  2 1
split_clients [array([0, 1]), array([2, 3]), array([4, 5]), array([6, 7]), array([8, 9])]
Files already downloaded and verified
Files already downloaded and verified
single tfidf Selected least important clients: [0, 3]
Forget Client Index: [1]
Client chosen by MoE:  [1]
Initial model type <class 'moe.MoE'> MoE(
  (experts): ModuleList(
    (0-9): 10 x Net_cifar10(
      (conv1): Conv2d(3, 6, kernel_size=(5, 5), stride=(1, 1))
      (pool): MaxPool2d(kernel_size=2, stride=2, padding=0, dilation=1, ceil_mode=False)
      (conv2): Conv2d(6, 16, kernel_size=(5, 5), stride=(1, 1))
      (fc1): Linear(in_features=400, out_features=120, bias=True)
      (fc2): Linear(in_features=120, out_features=84, bias=True)
      (fc3): Linear(in_features=84, out_features=10, bias=True)
    )
  )
  (softplus): Softplus(beta=1.0, threshold=20.0)
  (softmax): Softmax(dim=1)
)
Remove one [0, 2, 3, 4, 5, 6, 7, 8, 9]
Updated global [[MoE(
  (experts): ModuleList(
    (0-9): 10 x Net_cifar10(
      (conv1): Conv2d(3, 6, kernel_size=(5, 5), stride=(1, 1))
      (pool): MaxPool2d(kernel_size=2, stride=2, padding=0, dilation=1, ceil_mode=False)
      (conv2): Conv2d(6, 16, kernel_size=(5, 5), stride=(1, 1))
      (fc1): Linear(in_features=400, out_features=120, bias=True)
      (fc2): Linear(in_features=120, out_features=84, bias=True)
      (fc3): Linear(in_features=84, out_features=10, bias=True)
    )
  )
  (softplus): Softplus(beta=1.0, threshold=20.0)
  (softmax): Softmax(dim=1)
)]] <class 'list'> 1 <class 'list'>
#####  Federated Fine-tuning Start#####
Global Federated Learning epoch = 0
Test Loss=0.0146, Test accuracy=0.1418
Test Loss=0.0046, Test accuracy=0.1680
Global Federated Learning epoch = 1
Test Loss=0.0145, Test accuracy=0.1730
Test Loss=0.0045, Test accuracy=0.1640
Global Federated Learning epoch = 2
Test Loss=0.0145, Test accuracy=0.1352
Test Loss=0.0046, Test accuracy=0.1440
Global Federated Learning epoch = 3
Test Loss=0.0143, Test accuracy=0.1673
Test Loss=0.0045, Test accuracy=0.1440
Global Federated Learning epoch = 4
Test Loss=0.0143, Test accuracy=0.1727
Test Loss=0.0045, Test accuracy=0.1520
Global Federated Learning epoch = 5
Test Loss=0.0143, Test accuracy=0.1655
Test Loss=0.0045, Test accuracy=0.1720
Global Federated Learning epoch = 6
Test Loss=0.0142, Test accuracy=0.1775
Test Loss=0.0045, Test accuracy=0.1500
Global Federated Learning epoch = 7
Test Loss=0.0141, Test accuracy=0.1778
Test Loss=0.0045, Test accuracy=0.1800
Global Federated Learning epoch = 8
Test Loss=0.0140, Test accuracy=0.2006
Test Loss=0.0044, Test accuracy=0.1960
Global Federated Learning epoch = 9
Test Loss=0.0141, Test accuracy=0.1994
Test Loss=0.0044, Test accuracy=0.1900
Global Federated Learning epoch = 10
Test Loss=0.0141, Test accuracy=0.1841
Test Loss=0.0044, Test accuracy=0.1920
Global Federated Learning epoch = 11
Test Loss=0.0139, Test accuracy=0.1929
Test Loss=0.0044, Test accuracy=0.2400
Global Federated Learning epoch = 12
Test Loss=0.0137, Test accuracy=0.2069
Test Loss=0.0043, Test accuracy=0.1880
Global Federated Learning epoch = 13
Test Loss=0.0137, Test accuracy=0.1846
Test Loss=0.0043, Test accuracy=0.1980
Global Federated Learning epoch = 14
Test Loss=0.0135, Test accuracy=0.2024
Test Loss=0.0043, Test accuracy=0.1800
Global Federated Learning epoch = 15
Test Loss=0.0136, Test accuracy=0.2111
Test Loss=0.0043, Test accuracy=0.2140
Global Federated Learning epoch = 16
Test Loss=0.0135, Test accuracy=0.2248
Test Loss=0.0043, Test accuracy=0.2040
Global Federated Learning epoch = 17
Test Loss=0.0135, Test accuracy=0.2113
Test Loss=0.0042, Test accuracy=0.2200
Global Federated Learning epoch = 18
Test Loss=0.0134, Test accuracy=0.2200
Test Loss=0.0042, Test accuracy=0.2260
Global Federated Learning epoch = 19
Test Loss=0.0134, Test accuracy=0.1917
Test Loss=0.0042, Test accuracy=0.1920
Fine-tuning train acc:0.1920
Fine-tuning train epoch:19
#####  Federated Fine-tuning End#####
 Client-level Unlearning time consuming = 1150.8817059993744 secods
#####  Federated Unlearning End  #####


#####  Federated Retraining Start  #####
Global Federated Learning epoch = 0
Test Loss=0.0134, Test accuracy=0.1910
Global Federated Learning epoch = 1
Test Loss=0.0134, Test accuracy=0.1926
Global Federated Learning epoch = 2
Test Loss=0.0133, Test accuracy=0.1910
Global Federated Learning epoch = 3
Test Loss=0.0133, Test accuracy=0.1905
Global Federated Learning epoch = 4
Test Loss=0.0133, Test accuracy=0.1904
Global Federated Learning epoch = 5
Test Loss=0.0133, Test accuracy=0.1903
Global Federated Learning epoch = 6
Test Loss=0.0133, Test accuracy=0.1917
Global Federated Learning epoch = 7
Test Loss=0.0132, Test accuracy=0.1919
Global Federated Learning epoch = 8
Test Loss=0.0132, Test accuracy=0.1920
Global Federated Learning epoch = 9
Test Loss=0.0132, Test accuracy=0.1924
Global Federated Learning epoch = 10
Test Loss=0.0132, Test accuracy=0.1932
Global Federated Learning epoch = 11
Test Loss=0.0132, Test accuracy=0.1941
Global Federated Learning epoch = 12
Test Loss=0.0131, Test accuracy=0.1937
Global Federated Learning epoch = 13
Test Loss=0.0131, Test accuracy=0.1948
Global Federated Learning epoch = 14
Test Loss=0.0131, Test accuracy=0.1961
Global Federated Learning epoch = 15
Test Loss=0.0131, Test accuracy=0.1963
Global Federated Learning epoch = 16
Test Loss=0.0131, Test accuracy=0.1966
Global Federated Learning epoch = 17
Test Loss=0.0131, Test accuracy=0.1965
Global Federated Learning epoch = 18
Test Loss=0.0130, Test accuracy=0.1971
Global Federated Learning epoch = 19
Test Loss=0.0130, Test accuracy=0.1966
#####  Federated Retraining End  #####
Retrain Time using = 30836.320599079132 seconds 3
Test Loss=0.0147, Test accuracy=0.0998
Test Loss=0.0130, Test accuracy=0.1966
Test Loss=0.0134, Test accuracy=0.1917
FL_params.unlearn_client:  [1]
Test Loss=0.2649, Test accuracy=0.1980
Test Loss=0.2563, Test accuracy=0.1820
Test Loss=0.2886, Test accuracy=0.0740
*****  Result Summary  *****
[FedPruner] Test set: Average loss = 2.10301334, Average acc = 0.1917
[FedRetrain] Test set: Average loss = 2.04525673, Average acc = 0.1966
[FedAvg] Test set: Average loss = 2.30318177, Average acc = 0.0998


[FedPruner] Target set: Average loss = 2.11921829, Average acc = 0.1980
[FedRetrain] Target set: Average loss = 2.05039915, Average acc = 0.1820
[FedAvg] Target set: Average loss = 2.30894348, Average acc = 0.0740
============================================================
Step4. Membership Inference Attack aganist GM...

Epoch  = -1
Attacking against FL Standard  
MIA Attacker accuracy = 0.6410
MIA Attacker precision = 0.9548
MIA Attacker recall = 0.2960
Attacking against FL Retrain  
MIA Attacker accuracy = 0.4970
MIA Attacker precision = 0.3846
MIA Attacker recall = 0.0100
Attacking against FL Client Unlearn  
MIA Attacker accuracy = 0.4940
MIA Attacker precision = 0.2857
MIA Attacker recall = 0.0080
