/opt/miniconda3/envs/fedEdge/lib/python3.9/site-packages/torchtext/data/__init__.py:4: UserWarning: 
/!\ IMPORTANT WARNING ABOUT TORCHTEXT STATUS /!\ 
Torchtext is deprecated and the last released version will be 0.18 (this one). You can silence this warning by calling the following at the beginnign of your scripts: `import torchtext; torchtext.disable_torchtext_deprecation_warning()`
  warnings.warn(torchtext._TORCHTEXT_DEPRECATION_MSG)
/opt/miniconda3/envs/fedEdge/lib/python3.9/site-packages/torchtext/vocab/__init__.py:4: UserWarning: 
/!\ IMPORTANT WARNING ABOUT TORCHTEXT STATUS /!\ 
Torchtext is deprecated and the last released version will be 0.18 (this one). You can silence this warning by calling the following at the beginnign of your scripts: `import torchtext; torchtext.disable_torchtext_deprecation_warning()`
  warnings.warn(torchtext._TORCHTEXT_DEPRECATION_MSG)
/opt/miniconda3/envs/fedEdge/lib/python3.9/site-packages/torchtext/utils.py:4: UserWarning: 
/!\ IMPORTANT WARNING ABOUT TORCHTEXT STATUS /!\ 
Torchtext is deprecated and the last released version will be 0.18 (this one). You can silence this warning by calling the following at the beginnign of your scripts: `import torchtext; torchtext.disable_torchtext_deprecation_warning()`
  warnings.warn(torchtext._TORCHTEXT_DEPRECATION_MSG)
============================================================
Step1. Federated Learning Settings 
 We use dataset: cifar10 for our Federated Unlearning experiment.

============================================================
Step2. Client data loaded, testing data loaded!!!
       Initial Model loaded!!!
Files already downloaded and verified
Files already downloaded and verified
============================================================
Step3. Fedearated Learning and Unlearning Training...
len of selected client loader, 10
#####  Federated Learning Start#####
 Learning time consuming = 9.5367431640625e-07 secods
#####  Federated Learning End#####


#####  Federated Unlearning Start  #####
#### Client-level Unlearning ####
-------Using pre-trained model------
K, b:  2 1
split_clients [array([0, 1]), array([2, 3]), array([4, 5]), array([6, 7]), array([8, 9])]
Files already downloaded and verified
Files already downloaded and verified
single tfidf Selected least important clients: [0, 3]
Forget Client Index: [1]
Client chosen by MoE:  [1]
Initial model type <class 'moe.MoE'> MoE(
  (experts): ModuleList(
    (0-9): 10 x Net_cifar10(
      (conv1): Conv2d(3, 6, kernel_size=(5, 5), stride=(1, 1))
      (pool): MaxPool2d(kernel_size=2, stride=2, padding=0, dilation=1, ceil_mode=False)
      (conv2): Conv2d(6, 16, kernel_size=(5, 5), stride=(1, 1))
      (fc1): Linear(in_features=400, out_features=120, bias=True)
      (fc2): Linear(in_features=120, out_features=84, bias=True)
      (fc3): Linear(in_features=84, out_features=10, bias=True)
    )
  )
  (softplus): Softplus(beta=1.0, threshold=20.0)
  (softmax): Softmax(dim=1)
)
Remove one [0, 2, 3, 4, 5, 6, 7, 8, 9]
Updated global [[MoE(
  (experts): ModuleList(
    (0-9): 10 x Net_cifar10(
      (conv1): Conv2d(3, 6, kernel_size=(5, 5), stride=(1, 1))
      (pool): MaxPool2d(kernel_size=2, stride=2, padding=0, dilation=1, ceil_mode=False)
      (conv2): Conv2d(6, 16, kernel_size=(5, 5), stride=(1, 1))
      (fc1): Linear(in_features=400, out_features=120, bias=True)
      (fc2): Linear(in_features=120, out_features=84, bias=True)
      (fc3): Linear(in_features=84, out_features=10, bias=True)
    )
  )
  (softplus): Softplus(beta=1.0, threshold=20.0)
  (softmax): Softmax(dim=1)
)]] <class 'list'> 1 <class 'list'>
#####  Federated Fine-tuning Start#####
Global Federated Learning epoch = 0
Test Loss=0.0146, Test accuracy=0.1366
Test Loss=0.0046, Test accuracy=0.1260
Global Federated Learning epoch = 1
Test Loss=0.0144, Test accuracy=0.1638
Test Loss=0.0045, Test accuracy=0.1540
Global Federated Learning epoch = 2
Test Loss=0.0146, Test accuracy=0.1457
Test Loss=0.0045, Test accuracy=0.1340
Global Federated Learning epoch = 3
Test Loss=0.0144, Test accuracy=0.1287
Test Loss=0.0045, Test accuracy=0.1320
Global Federated Learning epoch = 4
Test Loss=0.0144, Test accuracy=0.1660
Test Loss=0.0045, Test accuracy=0.1540
Global Federated Learning epoch = 5
Test Loss=0.0143, Test accuracy=0.1674
Test Loss=0.0045, Test accuracy=0.1780
Global Federated Learning epoch = 6
Test Loss=0.0142, Test accuracy=0.1458
Test Loss=0.0045, Test accuracy=0.1500
Global Federated Learning epoch = 7
Test Loss=0.0141, Test accuracy=0.1570
Test Loss=0.0045, Test accuracy=0.1400
Global Federated Learning epoch = 8
Test Loss=0.0142, Test accuracy=0.1803
Test Loss=0.0045, Test accuracy=0.1800
Global Federated Learning epoch = 9
Test Loss=0.0142, Test accuracy=0.1507
Test Loss=0.0044, Test accuracy=0.1800
Global Federated Learning epoch = 10
Test Loss=0.0140, Test accuracy=0.1962
Test Loss=0.0044, Test accuracy=0.1720
Global Federated Learning epoch = 11
Test Loss=0.0138, Test accuracy=0.2050
Test Loss=0.0044, Test accuracy=0.1760
Global Federated Learning epoch = 12
Test Loss=0.0139, Test accuracy=0.2023
Test Loss=0.0044, Test accuracy=0.1880
Global Federated Learning epoch = 13
Test Loss=0.0138, Test accuracy=0.2035
Test Loss=0.0044, Test accuracy=0.1780
Global Federated Learning epoch = 14
Test Loss=0.0136, Test accuracy=0.2000
Test Loss=0.0043, Test accuracy=0.1680
Global Federated Learning epoch = 15
Test Loss=0.0135, Test accuracy=0.2098
Test Loss=0.0043, Test accuracy=0.1800
Global Federated Learning epoch = 16
Test Loss=0.0135, Test accuracy=0.1805
Test Loss=0.0043, Test accuracy=0.1980
Global Federated Learning epoch = 17
Test Loss=0.0135, Test accuracy=0.1872
Test Loss=0.0043, Test accuracy=0.1980
Global Federated Learning epoch = 18
Test Loss=0.0136, Test accuracy=0.2004
Test Loss=0.0043, Test accuracy=0.1840
Global Federated Learning epoch = 19
Test Loss=0.0135, Test accuracy=0.2070
Test Loss=0.0043, Test accuracy=0.1820
Fine-tuning train acc:0.1820
Fine-tuning train epoch:19
#####  Federated Fine-tuning End#####
 Client-level Unlearning time consuming = 1411.5408079624176 secods
#####  Federated Unlearning End  #####


#####  Federated Retraining Start  #####
Global Federated Learning epoch = 0
Test Loss=0.0134, Test accuracy=0.2085
Global Federated Learning epoch = 1
Test Loss=0.0134, Test accuracy=0.2085
Global Federated Learning epoch = 2
Test Loss=0.0134, Test accuracy=0.2093
Global Federated Learning epoch = 3
Test Loss=0.0134, Test accuracy=0.2101
Global Federated Learning epoch = 4
Test Loss=0.0134, Test accuracy=0.2116
Global Federated Learning epoch = 5
Test Loss=0.0134, Test accuracy=0.2124
Global Federated Learning epoch = 6
Test Loss=0.0133, Test accuracy=0.2143
Global Federated Learning epoch = 7
Test Loss=0.0133, Test accuracy=0.2147
Global Federated Learning epoch = 8
Test Loss=0.0133, Test accuracy=0.2148
Global Federated Learning epoch = 9
Test Loss=0.0133, Test accuracy=0.2164
Global Federated Learning epoch = 10
Test Loss=0.0133, Test accuracy=0.2152
Global Federated Learning epoch = 11
Test Loss=0.0133, Test accuracy=0.2159
Global Federated Learning epoch = 12
Test Loss=0.0132, Test accuracy=0.2156
Global Federated Learning epoch = 13
Test Loss=0.0132, Test accuracy=0.2157
Global Federated Learning epoch = 14
Test Loss=0.0132, Test accuracy=0.2167
Global Federated Learning epoch = 15
Test Loss=0.0132, Test accuracy=0.2172
Global Federated Learning epoch = 16
Test Loss=0.0132, Test accuracy=0.2162
Global Federated Learning epoch = 17
Test Loss=0.0132, Test accuracy=0.2169
Global Federated Learning epoch = 18
Test Loss=0.0131, Test accuracy=0.2168
Global Federated Learning epoch = 19
Test Loss=0.0131, Test accuracy=0.2175
#####  Federated Retraining End  #####
Retrain Time using = 130.5013451576233 seconds 3
Test Loss=0.0147, Test accuracy=0.0998
Test Loss=0.0131, Test accuracy=0.2175
Test Loss=0.0135, Test accuracy=0.2070
FL_params.unlearn_client:  [1]
Test Loss=0.2667, Test accuracy=0.2100
Test Loss=0.2594, Test accuracy=0.2320
Test Loss=0.2880, Test accuracy=0.0840
*****  Result Summary  *****
[FedPruner] Test set: Average loss = 2.11407680, Average acc = 0.2070
[FedRetrain] Test set: Average loss = 2.06161080, Average acc = 0.2175
[FedAvg] Test set: Average loss = 2.30318177, Average acc = 0.0998


[FedPruner] Target set: Average loss = 2.13349786, Average acc = 0.2100
[FedRetrain] Target set: Average loss = 2.07544774, Average acc = 0.2320
[FedAvg] Target set: Average loss = 2.30384830, Average acc = 0.0840
============================================================
Step4. Membership Inference Attack aganist GM...

Epoch  = -1
Attacking against FL Standard  
MIA Attacker accuracy = 0.6510
MIA Attacker precision = 0.9364
MIA Attacker recall = 0.3240
Attacking against FL Retrain  
MIA Attacker accuracy = 0.4930
MIA Attacker precision = 0.2667
MIA Attacker recall = 0.0080
Attacking against FL Client Unlearn  
MIA Attacker accuracy = 0.4990
MIA Attacker precision = 0.4800
MIA Attacker recall = 0.0240
