Files already downloaded and verified
Files already downloaded and verified
============================================================
Step1. Federated Learning Settings 
 We use dataset: cifar10 for our Federated Unlearning experiment.

============================================================
Step2. Client data loaded, testing data loaded!!!
       Initial Model loaded!!!
Initial model type <class 'model_initiation.Net_cifar10'> Net_cifar10(
  (conv1): Conv2d(3, 6, kernel_size=(5, 5), stride=(1, 1))
  (pool): MaxPool2d(kernel_size=2, stride=2, padding=0, dilation=1, ceil_mode=False)
  (conv2): Conv2d(6, 16, kernel_size=(5, 5), stride=(1, 1))
  (fc1): Linear(in_features=400, out_features=120, bias=True)
  (fc2): Linear(in_features=120, out_features=84, bias=True)
  (fc3): Linear(in_features=84, out_features=10, bias=True)
)
Files already downloaded and verified
Files already downloaded and verified
============================================================
Step3. Fedearated Learning and Unlearning Training...
Files already downloaded and verified
Files already downloaded and verified
len of selected client loader, 12
#####  Federated Learning Start#####
Global Federated Learning epoch = 0
Global Federated Learning epoch = 1
Global Federated Learning epoch = 2
Global Federated Learning epoch = 3
Global Federated Learning epoch = 4
Global Federated Learning epoch = 5
Global Federated Learning epoch = 6
Global Federated Learning epoch = 7
Global Federated Learning epoch = 8
Global Federated Learning epoch = 9
Global Federated Learning epoch = 10
Global Federated Learning epoch = 11
Global Federated Learning epoch = 12
Global Federated Learning epoch = 13
Global Federated Learning epoch = 14
Global Federated Learning epoch = 15
Global Federated Learning epoch = 16
Global Federated Learning epoch = 17
Global Federated Learning epoch = 18
Global Federated Learning epoch = 19
#####  Federated Learning End#####


#####  Federated Unlearning Start  #####
#### Client-level Unlearning ####
Client-level Federated Unlearning Global Epoch  = 1
Client-level Federated Unlearning Global Epoch  = 2
Client-level Federated Unlearning Global Epoch  = 3
Client-level Federated Unlearning Global Epoch  = 4
Client-level Federated Unlearning Global Epoch  = 5
Client-level Federated Unlearning Global Epoch  = 6
Client-level Federated Unlearning Global Epoch  = 7
Client-level Federated Unlearning Global Epoch  = 8
Client-level Federated Unlearning Global Epoch  = 9
Client-level Federated Unlearning Global Epoch  = 10
Client-level Federated Unlearning Global Epoch  = 11
Client-level Federated Unlearning Global Epoch  = 12
Client-level Federated Unlearning Global Epoch  = 13
Client-level Federated Unlearning Global Epoch  = 14
Client-level Federated Unlearning Global Epoch  = 15
Client-level Federated Unlearning Global Epoch  = 16
Client-level Federated Unlearning Global Epoch  = 17
Client-level Federated Unlearning Global Epoch  = 18
Client-level Federated Unlearning Global Epoch  = 19
K, b:  2 5
split_clients [array([0, 1]), array([2, 3]), array([4, 5]), array([6, 7]), array([8, 9])]
Files already downloaded and verified
Files already downloaded and verified
client_importance {0: 4.304561614990234, 1: 4.310075044631958, 2: 4.5460450649261475, 3: 4.4751012325286865, 4: 4.419968128204346, 5: 4.46016263961792, 6: 4.603182077407837, 7: 4.542993068695068, 8: 4.602368593215942, 9: 4.4427525997161865}
Selected least important clients: [0]
selected_client [0]
Pruned sample index here: [0]
Updated global [[Net_cifar10(
  (conv1): Conv2d(3, 6, kernel_size=(5, 5), stride=(1, 1))
  (pool): MaxPool2d(kernel_size=2, stride=2, padding=0, dilation=1, ceil_mode=False)
  (conv2): Conv2d(6, 16, kernel_size=(5, 5), stride=(1, 1))
  (fc1): Linear(in_features=400, out_features=120, bias=True)
  (fc2): Linear(in_features=120, out_features=84, bias=True)
  (fc3): Linear(in_features=84, out_features=10, bias=True)
)]] <class 'list'> 1 <class 'list'>
#####  Federated Fine-tuning Start#####
Unlearn a client
Global Federated Learning epoch = 0
Test Loss=0.0208, Test accuracy=0.2480
Test Loss=0.0208, Test accuracy=0.2500
Unlearn a client
Global Federated Learning epoch = 1
Test Loss=0.0204, Test accuracy=0.2660
Test Loss=0.0204, Test accuracy=0.2700
Unlearn a client
Global Federated Learning epoch = 2
Test Loss=0.0198, Test accuracy=0.2740
Test Loss=0.0198, Test accuracy=0.2860
Unlearn a client
Global Federated Learning epoch = 3
Test Loss=0.0193, Test accuracy=0.3100
Test Loss=0.0194, Test accuracy=0.3080
Unlearn a client
Global Federated Learning epoch = 4
Test Loss=0.0187, Test accuracy=0.3460
Test Loss=0.0188, Test accuracy=0.3540
Unlearn a client
Global Federated Learning epoch = 5
Test Loss=0.0186, Test accuracy=0.3380
Test Loss=0.0188, Test accuracy=0.3700
Unlearn a client
Global Federated Learning epoch = 6
Test Loss=0.0183, Test accuracy=0.3640
Test Loss=0.0182, Test accuracy=0.3640
Unlearn a client
Global Federated Learning epoch = 7
Test Loss=0.0183, Test accuracy=0.3420
Test Loss=0.0183, Test accuracy=0.3560
Unlearn a client
Global Federated Learning epoch = 8
Test Loss=0.0181, Test accuracy=0.3540
Test Loss=0.0179, Test accuracy=0.3420
Unlearn a client
Global Federated Learning epoch = 9
Test Loss=0.0175, Test accuracy=0.3760
Test Loss=0.0175, Test accuracy=0.3540
Unlearn a client
Global Federated Learning epoch = 10
Test Loss=0.0175, Test accuracy=0.3720
Test Loss=0.0177, Test accuracy=0.3620
Unlearn a client
Global Federated Learning epoch = 11
Test Loss=0.0175, Test accuracy=0.4160
Test Loss=0.0176, Test accuracy=0.3600
Unlearn a client
Global Federated Learning epoch = 12
Test Loss=0.0175, Test accuracy=0.3980
Test Loss=0.0172, Test accuracy=0.3760
Unlearn a client
Global Federated Learning epoch = 13
Test Loss=0.0169, Test accuracy=0.3940
Test Loss=0.0171, Test accuracy=0.3900
Unlearn a client
Global Federated Learning epoch = 14
Test Loss=0.0165, Test accuracy=0.4240
Test Loss=0.0167, Test accuracy=0.4040
Unlearn a client
Global Federated Learning epoch = 15
Test Loss=0.0163, Test accuracy=0.4280
Test Loss=0.0166, Test accuracy=0.4320
Unlearn a client
Global Federated Learning epoch = 16
Test Loss=0.0168, Test accuracy=0.4080
Test Loss=0.0169, Test accuracy=0.4020
Unlearn a client
Global Federated Learning epoch = 17
Test Loss=0.0166, Test accuracy=0.4280
Test Loss=0.0166, Test accuracy=0.4200
Unlearn a client
Global Federated Learning epoch = 18
Test Loss=0.0163, Test accuracy=0.3980
Test Loss=0.0163, Test accuracy=0.4180
Unlearn a client
Global Federated Learning epoch = 19
Test Loss=0.0161, Test accuracy=0.4300
Test Loss=0.0161, Test accuracy=0.4320
Fine-tuning train acc:0.4320
Fine-tuning train epoch:19
#####  Federated Fine-tuning End#####
#####  Federated Unlearning End  #####


#####  Federated Unlearning without Calibration Start  #####
FL_params.forget_client_idx:  0
Federated Unlearning without Clibration Global Epoch  = 0
Federated Unlearning without Clibration Global Epoch  = 1
Federated Unlearning without Clibration Global Epoch  = 2
Federated Unlearning without Clibration Global Epoch  = 3
Federated Unlearning without Clibration Global Epoch  = 4
Federated Unlearning without Clibration Global Epoch  = 5
Federated Unlearning without Clibration Global Epoch  = 6
Federated Unlearning without Clibration Global Epoch  = 7
Federated Unlearning without Clibration Global Epoch  = 8
Federated Unlearning without Clibration Global Epoch  = 9
Federated Unlearning without Clibration Global Epoch  = 10
Federated Unlearning without Clibration Global Epoch  = 11
Federated Unlearning without Clibration Global Epoch  = 12
Federated Unlearning without Clibration Global Epoch  = 13
Federated Unlearning without Clibration Global Epoch  = 14
Federated Unlearning without Clibration Global Epoch  = 15
Federated Unlearning without Clibration Global Epoch  = 16
Federated Unlearning without Clibration Global Epoch  = 17
Federated Unlearning without Clibration Global Epoch  = 18
Federated Unlearning without Clibration Global Epoch  = 19
Federated Unlearning Global Epoch  = 1
Federated Unlearning Global Epoch  = 2
Federated Unlearning Global Epoch  = 3
Federated Unlearning Global Epoch  = 4
Federated Unlearning Global Epoch  = 5
Federated Unlearning Global Epoch  = 6
Federated Unlearning Global Epoch  = 7
Federated Unlearning Global Epoch  = 8
Federated Unlearning Global Epoch  = 9
Federated Unlearning Global Epoch  = 10
Federated Unlearning Global Epoch  = 11
Federated Unlearning Global Epoch  = 12
Federated Unlearning Global Epoch  = 13
Federated Unlearning Global Epoch  = 14
Federated Unlearning Global Epoch  = 15
Federated Unlearning Global Epoch  = 16
Federated Unlearning Global Epoch  = 17
Federated Unlearning Global Epoch  = 18
Federated Unlearning Global Epoch  = 19
#####  Federated Unlearning without Calibration End  #####
 Learning time consuming = 55.01913285255432 secods
 Unlearning time consuming = 86.95903515815735 secods
 Unlearning no Cali time consuming = 0.09929180145263672 secods


#####  【Federated Retraining Start】  #####
Unlearn a client
Global Federated Learning epoch = 0
Test Loss=0.0095, Test accuracy=0.4632
Unlearn a client
Global Federated Learning epoch = 1
Test Loss=0.0094, Test accuracy=0.4713
Unlearn a client
Global Federated Learning epoch = 2
Test Loss=0.0093, Test accuracy=0.4731
Unlearn a client
Global Federated Learning epoch = 3
Test Loss=0.0093, Test accuracy=0.4747
Unlearn a client
Global Federated Learning epoch = 4
Test Loss=0.0092, Test accuracy=0.4753
Unlearn a client
Global Federated Learning epoch = 5
Test Loss=0.0092, Test accuracy=0.4772
Unlearn a client
Global Federated Learning epoch = 6
Test Loss=0.0092, Test accuracy=0.4761
Unlearn a client
Global Federated Learning epoch = 7
Test Loss=0.0092, Test accuracy=0.4784
Unlearn a client
Global Federated Learning epoch = 8
Test Loss=0.0091, Test accuracy=0.4793
Unlearn a client
Global Federated Learning epoch = 9
Test Loss=0.0092, Test accuracy=0.4790
Unlearn a client
Global Federated Learning epoch = 10
Test Loss=0.0091, Test accuracy=0.4833
Unlearn a client
Global Federated Learning epoch = 11
Test Loss=0.0091, Test accuracy=0.4842
Unlearn a client
Global Federated Learning epoch = 12
Test Loss=0.0091, Test accuracy=0.4830
Unlearn a client
Global Federated Learning epoch = 13
Test Loss=0.0091, Test accuracy=0.4840
Unlearn a client
Global Federated Learning epoch = 14
Test Loss=0.0091, Test accuracy=0.4860
Unlearn a client
Global Federated Learning epoch = 15
Test Loss=0.0090, Test accuracy=0.4874
Unlearn a client
Global Federated Learning epoch = 16
Test Loss=0.0090, Test accuracy=0.4868
Unlearn a client
Global Federated Learning epoch = 17
Test Loss=0.0090, Test accuracy=0.4874
Unlearn a client
Global Federated Learning epoch = 18
Test Loss=0.0090, Test accuracy=0.4913
Unlearn a client
Global Federated Learning epoch = 19
Test Loss=0.0090, Test accuracy=0.4898
#####  Federated Retraining End  #####
Retrain Time using = 84.55360984802246 seconds 3
Test Loss=0.0134, Test accuracy=0.2560
Test Loss=0.0135, Test accuracy=0.2325
Test Loss=0.0090, Test accuracy=0.4898
Test Loss=0.0099, Test accuracy=0.4457
FL_params.unlearn_client:  0
Test Loss=0.2072, Test accuracy=0.4220
Test Loss=0.2689, Test accuracy=0.1980
Test Loss=0.1956, Test accuracy=0.4180
Test Loss=0.2641, Test accuracy=0.2640
*****  Result Summary  *****
[FedEraser] Test set: Average loss = 1.55520477, Average acc = 0.4457
[FedAccum] Test set: Average loss = 2.11497982, Average acc = 0.2325
[FedRetrain] Test set: Average loss = 1.41411553, Average acc = 0.4898
[FedAvg] Test set: Average loss = 2.10101540, Average acc = 0.2560


[FedEraser] Target set: Average loss = 1.65736583, Average acc = 0.4220
[FedAccum] Target set: Average loss = 2.15154532, Average acc = 0.1980
[FedRetrain] Target set: Average loss = 1.56481150, Average acc = 0.4180
[FedAvg] Target set: Average loss = 2.11310005, Average acc = 0.2640
============================================================
Step4. Membership Inference Attack aganist GM...

Epoch  = -1
Attacking against FL Standard  
MIA Attacker accuracy = 0.6620
MIA Attacker precision = 0.9263
MIA Attacker recall = 0.3520
Attacking against FL Retrain  
MIA Attacker accuracy = 0.4920
MIA Attacker precision = 0.4905
MIA Attacker recall = 0.4120
Attacking against FL Unlearn  
MIA Attacker accuracy = 0.4860
MIA Attacker precision = 0.4780
MIA Attacker recall = 0.3040
Attacking against FL Unlearn without calibration  
MIA Attacker accuracy = 0.5320
MIA Attacker precision = 0.5533
MIA Attacker recall = 0.3320
