Files already downloaded and verified
Files already downloaded and verified
============================================================
Step1. Federated Learning Settings 
 We use dataset: cifar10 for our Federated Unlearning experiment.

============================================================
Step2. Client data loaded, testing data loaded!!!
       Initial Model loaded!!!
Initial model type <class 'moe.MoE'> MoE(
  (experts): ModuleList(
    (0-3): 4 x Net_cifar10(
      (conv1): Conv2d(3, 6, kernel_size=(5, 5), stride=(1, 1))
      (pool): MaxPool2d(kernel_size=2, stride=2, padding=0, dilation=1, ceil_mode=False)
      (conv2): Conv2d(6, 16, kernel_size=(5, 5), stride=(1, 1))
      (fc1): Linear(in_features=400, out_features=120, bias=True)
      (fc2): Linear(in_features=120, out_features=84, bias=True)
      (fc3): Linear(in_features=84, out_features=10, bias=True)
    )
  )
  (softplus): Softplus(beta=1.0, threshold=20.0)
  (softmax): Softmax(dim=1)
)
Files already downloaded and verified
Files already downloaded and verified
============================================================
Step3. Fedearated Learning and Unlearning Training...
Files already downloaded and verified
Files already downloaded and verified
len of selected client loader, 12
#####  Federated Learning Start#####
Global Federated Learning epoch = 0
Global Federated Learning epoch = 1
Global Federated Learning epoch = 2
Global Federated Learning epoch = 3
Global Federated Learning epoch = 4
Global Federated Learning epoch = 5
Global Federated Learning epoch = 6
Global Federated Learning epoch = 7
Global Federated Learning epoch = 8
Global Federated Learning epoch = 9
Global Federated Learning epoch = 10
Global Federated Learning epoch = 11
Global Federated Learning epoch = 12
Global Federated Learning epoch = 13
Global Federated Learning epoch = 14
Global Federated Learning epoch = 15
Global Federated Learning epoch = 16
Global Federated Learning epoch = 17
Global Federated Learning epoch = 18
Global Federated Learning epoch = 19
#####  Federated Learning End#####


#####  Federated Unlearning Start  #####
#### Client-level Unlearning ####
Client-level Federated Unlearning Global Epoch  = 1
Client-level Federated Unlearning Global Epoch  = 2
Client-level Federated Unlearning Global Epoch  = 3
Client-level Federated Unlearning Global Epoch  = 4
Client-level Federated Unlearning Global Epoch  = 5
Client-level Federated Unlearning Global Epoch  = 6
Client-level Federated Unlearning Global Epoch  = 7
Client-level Federated Unlearning Global Epoch  = 8
Client-level Federated Unlearning Global Epoch  = 9
Client-level Federated Unlearning Global Epoch  = 10
Client-level Federated Unlearning Global Epoch  = 11
Client-level Federated Unlearning Global Epoch  = 12
Client-level Federated Unlearning Global Epoch  = 13
Client-level Federated Unlearning Global Epoch  = 14
Client-level Federated Unlearning Global Epoch  = 15
Client-level Federated Unlearning Global Epoch  = 16
Client-level Federated Unlearning Global Epoch  = 17
Client-level Federated Unlearning Global Epoch  = 18
Client-level Federated Unlearning Global Epoch  = 19
K, b:  2 5
split_clients [array([0, 1]), array([2, 3]), array([4, 5]), array([6, 7]), array([8, 9])]
Files already downloaded and verified
Files already downloaded and verified
Accumulated Features shape: torch.Size([6400, 10]), Accumulated Classes shape: torch.Size([6400])
Accumulated Features shape: torch.Size([6400, 10]), Accumulated Classes shape: torch.Size([6400])
Accumulated Features shape: torch.Size([6400, 10]), Accumulated Classes shape: torch.Size([6400])
Accumulated Features shape: torch.Size([6400, 10]), Accumulated Classes shape: torch.Size([6400])
Accumulated Features shape: torch.Size([6400, 10]), Accumulated Classes shape: torch.Size([6400])
Accumulated Features shape: torch.Size([6400, 10]), Accumulated Classes shape: torch.Size([6400])
Accumulated Features shape: torch.Size([6400, 10]), Accumulated Classes shape: torch.Size([6400])
Accumulated Features shape: torch.Size([6400, 10]), Accumulated Classes shape: torch.Size([6400])
Accumulated Features shape: torch.Size([6400, 10]), Accumulated Classes shape: torch.Size([6400])
Accumulated Features shape: torch.Size([6400, 10]), Accumulated Classes shape: torch.Size([6400])
client_importance {0: 13.739601731300354, 1: 13.370717167854309, 2: 14.914825439453125, 3: 14.973012924194336, 4: 13.448570489883423, 5: 13.656207084655762, 6: 15.409013509750366, 7: 13.809977173805237, 8: 13.361565828323364, 9: 14.338381886482239}
Selected least important clients: [8]
selected_client [8]
Pruned sample index here: [8]
Updated global [[MoE(
  (experts): ModuleList(
    (0-3): 4 x Net_cifar10(
      (conv1): Conv2d(3, 6, kernel_size=(5, 5), stride=(1, 1))
      (pool): MaxPool2d(kernel_size=2, stride=2, padding=0, dilation=1, ceil_mode=False)
      (conv2): Conv2d(6, 16, kernel_size=(5, 5), stride=(1, 1))
      (fc1): Linear(in_features=400, out_features=120, bias=True)
      (fc2): Linear(in_features=120, out_features=84, bias=True)
      (fc3): Linear(in_features=84, out_features=10, bias=True)
    )
  )
  (softplus): Softplus(beta=1.0, threshold=20.0)
  (softmax): Softmax(dim=1)
)]] <class 'list'> 1 <class 'list'>
#####  Federated Fine-tuning Start#####
Unlearn a client
Global Federated Learning epoch = 0
Test Loss=0.0214, Test accuracy=0.2140
Test Loss=0.0214, Test accuracy=0.2260
Unlearn a client
Global Federated Learning epoch = 1
Test Loss=0.0209, Test accuracy=0.2320
Test Loss=0.0208, Test accuracy=0.2740
Unlearn a client
Global Federated Learning epoch = 2
Test Loss=0.0202, Test accuracy=0.2560
Test Loss=0.0203, Test accuracy=0.2540
Unlearn a client
Global Federated Learning epoch = 3
Test Loss=0.0198, Test accuracy=0.2480
Test Loss=0.0198, Test accuracy=0.2600
Unlearn a client
Global Federated Learning epoch = 4
Test Loss=0.0195, Test accuracy=0.2480
Test Loss=0.0195, Test accuracy=0.2640
Unlearn a client
Global Federated Learning epoch = 5
Test Loss=0.0191, Test accuracy=0.3120
Test Loss=0.0191, Test accuracy=0.3000
Unlearn a client
Global Federated Learning epoch = 6
Test Loss=0.0189, Test accuracy=0.3120
Test Loss=0.0188, Test accuracy=0.3140
Unlearn a client
Global Federated Learning epoch = 7
Test Loss=0.0185, Test accuracy=0.3320
Test Loss=0.0185, Test accuracy=0.3120
Unlearn a client
Global Federated Learning epoch = 8
Test Loss=0.0178, Test accuracy=0.3520
Test Loss=0.0180, Test accuracy=0.3520
Unlearn a client
Global Federated Learning epoch = 9
Test Loss=0.0177, Test accuracy=0.3460
Test Loss=0.0178, Test accuracy=0.3580
Unlearn a client
Global Federated Learning epoch = 10
Test Loss=0.0176, Test accuracy=0.3600
Test Loss=0.0176, Test accuracy=0.3760
Unlearn a client
Global Federated Learning epoch = 11
Test Loss=0.0176, Test accuracy=0.3580
Test Loss=0.0177, Test accuracy=0.3600
Unlearn a client
Global Federated Learning epoch = 12
Test Loss=0.0174, Test accuracy=0.3420
Test Loss=0.0177, Test accuracy=0.3580
Unlearn a client
Global Federated Learning epoch = 13
Test Loss=0.0173, Test accuracy=0.3580
Test Loss=0.0173, Test accuracy=0.3540
Unlearn a client
Global Federated Learning epoch = 14
Test Loss=0.0172, Test accuracy=0.3720
Test Loss=0.0170, Test accuracy=0.3860
Unlearn a client
Global Federated Learning epoch = 15
Test Loss=0.0169, Test accuracy=0.4120
Test Loss=0.0170, Test accuracy=0.3840
Unlearn a client
Global Federated Learning epoch = 16
Test Loss=0.0170, Test accuracy=0.3700
Test Loss=0.0172, Test accuracy=0.3680
Unlearn a client
Global Federated Learning epoch = 17
Test Loss=0.0167, Test accuracy=0.3840
Test Loss=0.0169, Test accuracy=0.3900
Unlearn a client
Global Federated Learning epoch = 18
Test Loss=0.0168, Test accuracy=0.4060
Test Loss=0.0166, Test accuracy=0.4000
Unlearn a client
Global Federated Learning epoch = 19
Test Loss=0.0166, Test accuracy=0.4020
Test Loss=0.0168, Test accuracy=0.3800
Fine-tuning train acc:0.3800
Fine-tuning train epoch:19
#####  Federated Fine-tuning End#####
#####  Federated Unlearning End  #####


#####  Federated Unlearning without Calibration Start  #####
FL_params.forget_client_idx:  8
Federated Unlearning without Clibration Global Epoch  = 0
Federated Unlearning without Clibration Global Epoch  = 1
Federated Unlearning without Clibration Global Epoch  = 2
Federated Unlearning without Clibration Global Epoch  = 3
Federated Unlearning without Clibration Global Epoch  = 4
Federated Unlearning without Clibration Global Epoch  = 5
Federated Unlearning without Clibration Global Epoch  = 6
Federated Unlearning without Clibration Global Epoch  = 7
Federated Unlearning without Clibration Global Epoch  = 8
Federated Unlearning without Clibration Global Epoch  = 9
Federated Unlearning without Clibration Global Epoch  = 10
Federated Unlearning without Clibration Global Epoch  = 11
Federated Unlearning without Clibration Global Epoch  = 12
Federated Unlearning without Clibration Global Epoch  = 13
Federated Unlearning without Clibration Global Epoch  = 14
Federated Unlearning without Clibration Global Epoch  = 15
Federated Unlearning without Clibration Global Epoch  = 16
Federated Unlearning without Clibration Global Epoch  = 17
Federated Unlearning without Clibration Global Epoch  = 18
Federated Unlearning without Clibration Global Epoch  = 19
Federated Unlearning Global Epoch  = 1
Federated Unlearning Global Epoch  = 2
Federated Unlearning Global Epoch  = 3
Federated Unlearning Global Epoch  = 4
Federated Unlearning Global Epoch  = 5
Federated Unlearning Global Epoch  = 6
Federated Unlearning Global Epoch  = 7
Federated Unlearning Global Epoch  = 8
Federated Unlearning Global Epoch  = 9
Federated Unlearning Global Epoch  = 10
Federated Unlearning Global Epoch  = 11
Federated Unlearning Global Epoch  = 12
Federated Unlearning Global Epoch  = 13
Federated Unlearning Global Epoch  = 14
Federated Unlearning Global Epoch  = 15
Federated Unlearning Global Epoch  = 16
Federated Unlearning Global Epoch  = 17
Federated Unlearning Global Epoch  = 18
Federated Unlearning Global Epoch  = 19
#####  Federated Unlearning without Calibration End  #####
 Learning time consuming = 101.97919631004333 secods
 Unlearning time consuming = 243.41535592079163 secods
 Unlearning no Cali time consuming = 1.2258009910583496 secods


#####  【Federated Retraining Start】  #####
Unlearn a client
Global Federated Learning epoch = 0
Test Loss=0.0105, Test accuracy=0.3873
Unlearn a client
Global Federated Learning epoch = 1
Test Loss=0.0104, Test accuracy=0.3917
Unlearn a client
Global Federated Learning epoch = 2
Test Loss=0.0104, Test accuracy=0.3917
Unlearn a client
Global Federated Learning epoch = 3
Test Loss=0.0103, Test accuracy=0.3944
Unlearn a client
Global Federated Learning epoch = 4
Test Loss=0.0103, Test accuracy=0.3966
Unlearn a client
Global Federated Learning epoch = 5
Test Loss=0.0103, Test accuracy=0.4009
Unlearn a client
Global Federated Learning epoch = 6
Test Loss=0.0103, Test accuracy=0.4035
Unlearn a client
Global Federated Learning epoch = 7
Test Loss=0.0103, Test accuracy=0.4039
Unlearn a client
Global Federated Learning epoch = 8
Test Loss=0.0102, Test accuracy=0.4031
Unlearn a client
Global Federated Learning epoch = 9
Test Loss=0.0102, Test accuracy=0.4049
Unlearn a client
Global Federated Learning epoch = 10
Test Loss=0.0102, Test accuracy=0.4052
Unlearn a client
Global Federated Learning epoch = 11
Test Loss=0.0102, Test accuracy=0.4075
Unlearn a client
Global Federated Learning epoch = 12
Test Loss=0.0102, Test accuracy=0.4090
Unlearn a client
Global Federated Learning epoch = 13
Test Loss=0.0102, Test accuracy=0.4107
Unlearn a client
Global Federated Learning epoch = 14
Test Loss=0.0102, Test accuracy=0.4108
Unlearn a client
Global Federated Learning epoch = 15
Test Loss=0.0101, Test accuracy=0.4128
Unlearn a client
Global Federated Learning epoch = 16
Test Loss=0.0101, Test accuracy=0.4136
Unlearn a client
Global Federated Learning epoch = 17
Test Loss=0.0101, Test accuracy=0.4132
Unlearn a client
Global Federated Learning epoch = 18
Test Loss=0.0101, Test accuracy=0.4158
Unlearn a client
Global Federated Learning epoch = 19
Test Loss=0.0101, Test accuracy=0.4155
#####  Federated Retraining End  #####
Retrain Time using = 153.503399848938 seconds 3
Test Loss=0.0136, Test accuracy=0.1834
Test Loss=0.0137, Test accuracy=0.1819
Test Loss=0.0101, Test accuracy=0.4155
Test Loss=0.0107, Test accuracy=0.3844
FL_params.unlearn_client:  8
Test Loss=0.2014, Test accuracy=0.4260
Test Loss=0.2638, Test accuracy=0.1920
Test Loss=0.1945, Test accuracy=0.4340
Test Loss=0.2614, Test accuracy=0.2020
*****  Result Summary  *****
[FedEraser] Test set: Average loss = 1.68324225, Average acc = 0.3844
[FedAccum] Test set: Average loss = 2.15574352, Average acc = 0.1819
[FedRetrain] Test set: Average loss = 1.58513274, Average acc = 0.4155
[FedAvg] Test set: Average loss = 2.13404655, Average acc = 0.1834


[FedEraser] Target set: Average loss = 1.61159398, Average acc = 0.4260
[FedAccum] Target set: Average loss = 2.11076021, Average acc = 0.1920
[FedRetrain] Target set: Average loss = 1.55621950, Average acc = 0.4340
[FedAvg] Target set: Average loss = 2.09158196, Average acc = 0.2020
============================================================
Step4. Membership Inference Attack aganist GM...

Epoch  = -1
Attacking against FL Standard  
MIA Attacker accuracy = 0.7800
MIA Attacker precision = 0.9861
MIA Attacker recall = 0.5680
Attacking against FL Retrain  
MIA Attacker accuracy = 0.5140
MIA Attacker precision = 0.5091
MIA Attacker recall = 0.7820
Attacking against FL Unlearn  
MIA Attacker accuracy = 0.5260
MIA Attacker precision = 0.5190
MIA Attacker recall = 0.7120
Attacking against FL Unlearn without calibration  
MIA Attacker accuracy = 0.6610
MIA Attacker precision = 0.6978
MIA Attacker recall = 0.5680
