Files already downloaded and verified
Files already downloaded and verified
============================================================
Step1. Federated Learning Settings 
 We use dataset: cifar10 for our Federated Unlearning experiment.

============================================================
Step2. Client data loaded, testing data loaded!!!
       Initial Model loaded!!!
Files already downloaded and verified
Files already downloaded and verified
============================================================
Step3. Fedearated Learning and Unlearning Training...
Files already downloaded and verified
Files already downloaded and verified
len of selected client loader, 12
#####  Federated Learning Start#####
Global Federated Learning epoch = 0
Global Federated Learning epoch = 1
Global Federated Learning epoch = 2
Global Federated Learning epoch = 3
Global Federated Learning epoch = 4
Global Federated Learning epoch = 5
Global Federated Learning epoch = 6
Global Federated Learning epoch = 7
Global Federated Learning epoch = 8
Global Federated Learning epoch = 9
Global Federated Learning epoch = 10
Global Federated Learning epoch = 11
Global Federated Learning epoch = 12
Global Federated Learning epoch = 13
Global Federated Learning epoch = 14
Global Federated Learning epoch = 15
Global Federated Learning epoch = 16
Global Federated Learning epoch = 17
Global Federated Learning epoch = 18
Global Federated Learning epoch = 19
#####  Federated Learning End#####


#####  Federated Unlearning Start  #####
#### Client-level Unlearning ####
Client-level Federated Unlearning Global Epoch  = 1
Client-level Federated Unlearning Global Epoch  = 2
Client-level Federated Unlearning Global Epoch  = 3
Client-level Federated Unlearning Global Epoch  = 4
Client-level Federated Unlearning Global Epoch  = 5
Client-level Federated Unlearning Global Epoch  = 6
Client-level Federated Unlearning Global Epoch  = 7
Client-level Federated Unlearning Global Epoch  = 8
Client-level Federated Unlearning Global Epoch  = 9
Client-level Federated Unlearning Global Epoch  = 10
Client-level Federated Unlearning Global Epoch  = 11
Client-level Federated Unlearning Global Epoch  = 12
Client-level Federated Unlearning Global Epoch  = 13
Client-level Federated Unlearning Global Epoch  = 14
Client-level Federated Unlearning Global Epoch  = 15
Client-level Federated Unlearning Global Epoch  = 16
Client-level Federated Unlearning Global Epoch  = 17
Client-level Federated Unlearning Global Epoch  = 18
Client-level Federated Unlearning Global Epoch  = 19
K, b:  2 5
split_clients [array([0, 1]), array([2, 3]), array([4, 5]), array([6, 7]), array([8, 9])]
Files already downloaded and verified
Files already downloaded and verified
batch_idx 0
Feature: conv1, TF-IDF: tensor([0.0796, 0.1075, 0.0747, 0.1782, 0.0329, 0.0620])
Feature: conv2, TF-IDF: tensor([0.0543, 0.0638, 0.0199, 0.0352, 0.0301, 0.0664, 0.0130, 0.0390, 0.0110,
        0.0386, 0.0117, 0.0020, 0.0583, 0.0335, 0.0299, 0.0483])
Feature: conv1, Score length: 6, Scores: tensor([0.0796, 0.1075, 0.0747, 0.1782, 0.0329, 0.0620])
Max score index for feature conv1: 3
Chosen client feature conv1: 3
Feature: conv2, Score length: 16, Scores: tensor([0.0543, 0.0638, 0.0199, 0.0352, 0.0301, 0.0664, 0.0130, 0.0390, 0.0110,
        0.0386, 0.0117, 0.0020, 0.0583, 0.0335, 0.0299, 0.0483])
Max score index for feature conv2: 5
Chosen client feature conv2: 5
Client indices:  [3, 3, 5, 5]
Max index:  5
selected_client 5
Pruned sample index here: 5
Updated global [[Net_cifar10(
  (conv1): Conv2d(3, 6, kernel_size=(5, 5), stride=(1, 1))
  (pool): MaxPool2d(kernel_size=2, stride=2, padding=0, dilation=1, ceil_mode=False)
  (conv2): Conv2d(6, 16, kernel_size=(5, 5), stride=(1, 1))
  (fc1): Linear(in_features=400, out_features=120, bias=True)
  (fc2): Linear(in_features=120, out_features=84, bias=True)
  (fc3): Linear(in_features=84, out_features=10, bias=True)
)]] <class 'list'> 1 <class 'list'>
#####  Federated Fine-tuning Start#####
Unlearn a client
Global Federated Learning epoch = 0
Test Loss=0.0211, Test accuracy=0.2420
Test Loss=0.0211, Test accuracy=0.2100
Unlearn a client
Global Federated Learning epoch = 1
Test Loss=0.0205, Test accuracy=0.2800
Test Loss=0.0204, Test accuracy=0.2880
Unlearn a client
Global Federated Learning epoch = 2
Test Loss=0.0199, Test accuracy=0.2960
Test Loss=0.0198, Test accuracy=0.2740
Unlearn a client
Global Federated Learning epoch = 3
Test Loss=0.0190, Test accuracy=0.3200
Test Loss=0.0192, Test accuracy=0.3180
Unlearn a client
Global Federated Learning epoch = 4
Test Loss=0.0190, Test accuracy=0.3400
Test Loss=0.0189, Test accuracy=0.3020
Unlearn a client
Global Federated Learning epoch = 5
Test Loss=0.0183, Test accuracy=0.3640
Test Loss=0.0183, Test accuracy=0.3440
Unlearn a client
Global Federated Learning epoch = 6
Test Loss=0.0180, Test accuracy=0.3400
Test Loss=0.0178, Test accuracy=0.3400
Unlearn a client
Global Federated Learning epoch = 7
Test Loss=0.0175, Test accuracy=0.3620
Test Loss=0.0173, Test accuracy=0.3960
Unlearn a client
Global Federated Learning epoch = 8
Test Loss=0.0174, Test accuracy=0.3660
Test Loss=0.0175, Test accuracy=0.3700
Unlearn a client
Global Federated Learning epoch = 9
Test Loss=0.0170, Test accuracy=0.4040
Test Loss=0.0171, Test accuracy=0.3980
Unlearn a client
Global Federated Learning epoch = 10
Test Loss=0.0166, Test accuracy=0.4040
Test Loss=0.0169, Test accuracy=0.3900
Unlearn a client
Global Federated Learning epoch = 11
Test Loss=0.0167, Test accuracy=0.4200
Test Loss=0.0171, Test accuracy=0.3620
Unlearn a client
Global Federated Learning epoch = 12
Test Loss=0.0166, Test accuracy=0.3900
Test Loss=0.0168, Test accuracy=0.3980
Unlearn a client
Global Federated Learning epoch = 13
Test Loss=0.0166, Test accuracy=0.4240
Test Loss=0.0167, Test accuracy=0.3980
Unlearn a client
Global Federated Learning epoch = 14
Test Loss=0.0166, Test accuracy=0.4180
Test Loss=0.0167, Test accuracy=0.4140
Unlearn a client
Global Federated Learning epoch = 15
Test Loss=0.0167, Test accuracy=0.4240
Test Loss=0.0163, Test accuracy=0.4280
Unlearn a client
Global Federated Learning epoch = 16
Test Loss=0.0160, Test accuracy=0.4480
Test Loss=0.0161, Test accuracy=0.4260
Unlearn a client
Global Federated Learning epoch = 17
Test Loss=0.0165, Test accuracy=0.4320
Test Loss=0.0162, Test accuracy=0.3960
Unlearn a client
Global Federated Learning epoch = 18
Test Loss=0.0164, Test accuracy=0.4100
Test Loss=0.0165, Test accuracy=0.4060
Unlearn a client
Global Federated Learning epoch = 19
Test Loss=0.0162, Test accuracy=0.4620
Test Loss=0.0161, Test accuracy=0.4340
Fine-tuning train acc:0.4340
Fine-tuning train epoch:19
#####  Federated Fine-tuning End#####
#####  Federated Unlearning End  #####


#####  Federated Unlearning without Calibration Start  #####
FL_params.forget_client_idx:  5
Federated Unlearning without Clibration Global Epoch  = 0
Federated Unlearning without Clibration Global Epoch  = 1
Federated Unlearning without Clibration Global Epoch  = 2
Federated Unlearning without Clibration Global Epoch  = 3
Federated Unlearning without Clibration Global Epoch  = 4
Federated Unlearning without Clibration Global Epoch  = 5
Federated Unlearning without Clibration Global Epoch  = 6
Federated Unlearning without Clibration Global Epoch  = 7
Federated Unlearning without Clibration Global Epoch  = 8
Federated Unlearning without Clibration Global Epoch  = 9
Federated Unlearning without Clibration Global Epoch  = 10
Federated Unlearning without Clibration Global Epoch  = 11
Federated Unlearning without Clibration Global Epoch  = 12
Federated Unlearning without Clibration Global Epoch  = 13
Federated Unlearning without Clibration Global Epoch  = 14
Federated Unlearning without Clibration Global Epoch  = 15
Federated Unlearning without Clibration Global Epoch  = 16
Federated Unlearning without Clibration Global Epoch  = 17
Federated Unlearning without Clibration Global Epoch  = 18
Federated Unlearning without Clibration Global Epoch  = 19
Federated Unlearning Global Epoch  = 1
Federated Unlearning Global Epoch  = 2
Federated Unlearning Global Epoch  = 3
Federated Unlearning Global Epoch  = 4
Federated Unlearning Global Epoch  = 5
Federated Unlearning Global Epoch  = 6
Federated Unlearning Global Epoch  = 7
Federated Unlearning Global Epoch  = 8
Federated Unlearning Global Epoch  = 9
Federated Unlearning Global Epoch  = 10
Federated Unlearning Global Epoch  = 11
Federated Unlearning Global Epoch  = 12
Federated Unlearning Global Epoch  = 13
Federated Unlearning Global Epoch  = 14
Federated Unlearning Global Epoch  = 15
Federated Unlearning Global Epoch  = 16
Federated Unlearning Global Epoch  = 17
Federated Unlearning Global Epoch  = 18
Federated Unlearning Global Epoch  = 19
#####  Federated Unlearning without Calibration End  #####
 Learning time consuming = 52.82773208618164 secods
 Unlearning time consuming = 82.90621900558472 secods
 Unlearning no Cali time consuming = 0.09405088424682617 secods


#####  【Federated Retraining Start】  #####
Unlearn a client
Global Federated Learning epoch = 0
Test Loss=0.0096, Test accuracy=0.4506
Unlearn a client
Global Federated Learning epoch = 1
Test Loss=0.0095, Test accuracy=0.4534
Unlearn a client
Global Federated Learning epoch = 2
Test Loss=0.0095, Test accuracy=0.4549
Unlearn a client
Global Federated Learning epoch = 3
Test Loss=0.0095, Test accuracy=0.4580
Unlearn a client
Global Federated Learning epoch = 4
Test Loss=0.0094, Test accuracy=0.4618
Unlearn a client
Global Federated Learning epoch = 5
Test Loss=0.0094, Test accuracy=0.4627
Unlearn a client
Global Federated Learning epoch = 6
Test Loss=0.0094, Test accuracy=0.4624
Unlearn a client
Global Federated Learning epoch = 7
Test Loss=0.0094, Test accuracy=0.4643
Unlearn a client
Global Federated Learning epoch = 8
Test Loss=0.0093, Test accuracy=0.4659
Unlearn a client
Global Federated Learning epoch = 9
Test Loss=0.0093, Test accuracy=0.4673
Unlearn a client
Global Federated Learning epoch = 10
Test Loss=0.0093, Test accuracy=0.4679
Unlearn a client
Global Federated Learning epoch = 11
Test Loss=0.0093, Test accuracy=0.4699
Unlearn a client
Global Federated Learning epoch = 12
Test Loss=0.0093, Test accuracy=0.4703
Unlearn a client
Global Federated Learning epoch = 13
Test Loss=0.0093, Test accuracy=0.4700
Unlearn a client
Global Federated Learning epoch = 14
Test Loss=0.0093, Test accuracy=0.4709
Unlearn a client
Global Federated Learning epoch = 15
Test Loss=0.0093, Test accuracy=0.4727
Unlearn a client
Global Federated Learning epoch = 16
Test Loss=0.0092, Test accuracy=0.4727
Unlearn a client
Global Federated Learning epoch = 17
Test Loss=0.0092, Test accuracy=0.4743
Unlearn a client
Global Federated Learning epoch = 18
Test Loss=0.0092, Test accuracy=0.4757
Unlearn a client
Global Federated Learning epoch = 19
Test Loss=0.0092, Test accuracy=0.4760
#####  Federated Retraining End  #####
Retrain Time using = 89.31005001068115 seconds 3
Test Loss=0.0135, Test accuracy=0.2299
Test Loss=0.0136, Test accuracy=0.1915
Test Loss=0.0092, Test accuracy=0.4760
Test Loss=0.0101, Test accuracy=0.4388
FL_params.unlearn_client:  5
Test Loss=0.2090, Test accuracy=0.3600
Test Loss=0.2705, Test accuracy=0.1440
Test Loss=0.1917, Test accuracy=0.4460
Test Loss=0.2654, Test accuracy=0.2420
*****  Result Summary  *****
[FedEraser] Test set: Average loss = 1.58019799, Average acc = 0.4388
[FedAccum] Test set: Average loss = 2.14300292, Average acc = 0.1915
[FedRetrain] Test set: Average loss = 1.44547558, Average acc = 0.4760
[FedAvg] Test set: Average loss = 2.11884198, Average acc = 0.2299


[FedEraser] Target set: Average loss = 1.67192762, Average acc = 0.3600
[FedAccum] Target set: Average loss = 2.16408184, Average acc = 0.1440
[FedRetrain] Target set: Average loss = 1.53381903, Average acc = 0.4460
[FedAvg] Target set: Average loss = 2.12301004, Average acc = 0.2420
============================================================
Step4. Membership Inference Attack aganist GM...

Epoch  = -1
Attacking against FL Standard  
MIA Attacker accuracy = 0.6570
MIA Attacker precision = 0.9198
MIA Attacker recall = 0.3440
Attacking against FL Retrain  
MIA Attacker accuracy = 0.5060
MIA Attacker precision = 0.5085
MIA Attacker recall = 0.3580
Attacking against FL Unlearn  
MIA Attacker accuracy = 0.5140
MIA Attacker precision = 0.5185
MIA Attacker recall = 0.3920
Attacking against FL Unlearn without calibration  
MIA Attacker accuracy = 0.5330
MIA Attacker precision = 0.5559
MIA Attacker recall = 0.3280
