Files already downloaded and verified
Files already downloaded and verified
============================================================
Step1. Federated Learning Settings 
 We use dataset: cifar10 for our Federated Unlearning experiment.

============================================================
Step2. Client data loaded, testing data loaded!!!
       Initial Model loaded!!!
Files already downloaded and verified
Files already downloaded and verified
============================================================
Step3. Fedearated Learning and Unlearning Training...
Files already downloaded and verified
Files already downloaded and verified
len of selected client loader, 10
#####  Federated Learning Start#####
-------Using pre-trained model------
#####  Federated Learning End#####


#####  Federated Unlearning Start  #####
#### Client-level Unlearning ####
K, b:  2 5
split_clients [array([0, 1]), array([2, 3]), array([4, 5]), array([6, 7]), array([8, 9])]
Files already downloaded and verified
Files already downloaded and verified
Forget Client Index: [1, 9]
Client chosen by MoE:  [1, 9]
Initial model type <class 'moe.MoE'> MoE(
  (experts): ModuleList(
    (0-9): 10 x Net_cifar10(
      (conv1): Conv2d(3, 6, kernel_size=(5, 5), stride=(1, 1))
      (pool): MaxPool2d(kernel_size=2, stride=2, padding=0, dilation=1, ceil_mode=False)
      (conv2): Conv2d(6, 16, kernel_size=(5, 5), stride=(1, 1))
      (fc1): Linear(in_features=400, out_features=120, bias=True)
      (fc2): Linear(in_features=120, out_features=84, bias=True)
      (fc3): Linear(in_features=84, out_features=10, bias=True)
    )
  )
  (softplus): Softplus(beta=1.0, threshold=20.0)
  (softmax): Softmax(dim=1)
)
Remove one [0, 2, 3, 4, 5, 6, 7, 8]
Updated global [[MoE(
  (experts): ModuleList(
    (0-9): 10 x Net_cifar10(
      (conv1): Conv2d(3, 6, kernel_size=(5, 5), stride=(1, 1))
      (pool): MaxPool2d(kernel_size=2, stride=2, padding=0, dilation=1, ceil_mode=False)
      (conv2): Conv2d(6, 16, kernel_size=(5, 5), stride=(1, 1))
      (fc1): Linear(in_features=400, out_features=120, bias=True)
      (fc2): Linear(in_features=120, out_features=84, bias=True)
      (fc3): Linear(in_features=84, out_features=10, bias=True)
    )
  )
  (softplus): Softplus(beta=1.0, threshold=20.0)
  (softmax): Softmax(dim=1)
)]] <class 'list'> 1 <class 'list'>
#####  Federated Fine-tuning Start#####
Global Federated Learning epoch = 0
Test Loss=0.0135, Test accuracy=0.2202
Test Loss=0.0212, Test accuracy=0.2080
Global Federated Learning epoch = 1
Test Loss=0.0131, Test accuracy=0.2518
Test Loss=0.0205, Test accuracy=0.2640
Global Federated Learning epoch = 2
Test Loss=0.0128, Test accuracy=0.2755
Test Loss=0.0197, Test accuracy=0.2860
Global Federated Learning epoch = 3
Test Loss=0.0125, Test accuracy=0.2946
Test Loss=0.0194, Test accuracy=0.3140
Global Federated Learning epoch = 4
Test Loss=0.0124, Test accuracy=0.3058
Test Loss=0.0191, Test accuracy=0.3240
Global Federated Learning epoch = 5
Test Loss=0.0121, Test accuracy=0.3121
Test Loss=0.0187, Test accuracy=0.3100
Global Federated Learning epoch = 6
Test Loss=0.0120, Test accuracy=0.3238
Test Loss=0.0183, Test accuracy=0.3320
Global Federated Learning epoch = 7
Test Loss=0.0117, Test accuracy=0.3283
Test Loss=0.0179, Test accuracy=0.3440
Global Federated Learning epoch = 8
Test Loss=0.0116, Test accuracy=0.3473
Test Loss=0.0178, Test accuracy=0.3720
Global Federated Learning epoch = 9
Test Loss=0.0114, Test accuracy=0.3557
Test Loss=0.0171, Test accuracy=0.3940
Global Federated Learning epoch = 10
Test Loss=0.0112, Test accuracy=0.3600
Test Loss=0.0169, Test accuracy=0.4080
Global Federated Learning epoch = 11
Test Loss=0.0111, Test accuracy=0.3644
Test Loss=0.0168, Test accuracy=0.4080
Global Federated Learning epoch = 12
Test Loss=0.0110, Test accuracy=0.3787
Test Loss=0.0164, Test accuracy=0.4400
Global Federated Learning epoch = 13
Test Loss=0.0109, Test accuracy=0.3857
Test Loss=0.0162, Test accuracy=0.4320
Global Federated Learning epoch = 14
Test Loss=0.0108, Test accuracy=0.3845
Test Loss=0.0162, Test accuracy=0.4160
Global Federated Learning epoch = 15
Test Loss=0.0107, Test accuracy=0.3909
Test Loss=0.0160, Test accuracy=0.4560
Global Federated Learning epoch = 16
Test Loss=0.0107, Test accuracy=0.3887
Test Loss=0.0161, Test accuracy=0.4240
Global Federated Learning epoch = 17
Test Loss=0.0107, Test accuracy=0.3928
Test Loss=0.0158, Test accuracy=0.4760
Global Federated Learning epoch = 18
Test Loss=0.0105, Test accuracy=0.4024
Test Loss=0.0158, Test accuracy=0.4360
Global Federated Learning epoch = 19
Test Loss=0.0105, Test accuracy=0.4065
Test Loss=0.0155, Test accuracy=0.4540
Fine-tuning train acc:0.4540
Fine-tuning train epoch:19
#####  Federated Fine-tuning End#####
#####  Federated Unlearning End  #####


#####  【Federated Retraining Start】  #####
Global Federated Learning epoch = 0
Test Loss=0.0103, Test accuracy=0.4128
Global Federated Learning epoch = 1
Test Loss=0.0102, Test accuracy=0.4158
Global Federated Learning epoch = 2
Test Loss=0.0101, Test accuracy=0.4171
Global Federated Learning epoch = 3
Test Loss=0.0101, Test accuracy=0.4185
Global Federated Learning epoch = 4
Test Loss=0.0101, Test accuracy=0.4207
Global Federated Learning epoch = 5
Test Loss=0.0101, Test accuracy=0.4206
Global Federated Learning epoch = 6
Test Loss=0.0101, Test accuracy=0.4214
Global Federated Learning epoch = 7
Test Loss=0.0100, Test accuracy=0.4221
Global Federated Learning epoch = 8
Test Loss=0.0100, Test accuracy=0.4227
Global Federated Learning epoch = 9
Test Loss=0.0100, Test accuracy=0.4240
Global Federated Learning epoch = 10
Test Loss=0.0100, Test accuracy=0.4238
Global Federated Learning epoch = 11
Test Loss=0.0100, Test accuracy=0.4239
Global Federated Learning epoch = 12
Test Loss=0.0100, Test accuracy=0.4231
Global Federated Learning epoch = 13
Test Loss=0.0100, Test accuracy=0.4252
Global Federated Learning epoch = 14
Test Loss=0.0100, Test accuracy=0.4256
Global Federated Learning epoch = 15
Test Loss=0.0099, Test accuracy=0.4287
Global Federated Learning epoch = 16
Test Loss=0.0099, Test accuracy=0.4277
Global Federated Learning epoch = 17
Test Loss=0.0099, Test accuracy=0.4290
Global Federated Learning epoch = 18
Test Loss=0.0099, Test accuracy=0.4305
Global Federated Learning epoch = 19
Test Loss=0.0099, Test accuracy=0.4300
#####  Federated Retraining End  #####
Retrain Time using = 201.77109718322754 seconds 3
Test Loss=0.0131, Test accuracy=0.2564
Test Loss=0.0099, Test accuracy=0.4300
Test Loss=0.0105, Test accuracy=0.4065
FL_params.unlearn_client:  [1, 9]
Test Loss=0.1934, Test accuracy=0.4580
Test Loss=0.1929, Test accuracy=0.4620
Test Loss=0.1748, Test accuracy=0.5100
Test Loss=0.2592, Test accuracy=0.2560
*****  Result Summary  *****
[FedPruner] Test set: Average loss = 1.64109979, Average acc = 0.4065
[FedRetrain] Test set: Average loss = 1.55436000, Average acc = 0.4300
[FedAvg] Test set: Average loss = 2.06125076, Average acc = 0.2564


[FedPruner] Target set: Average loss = 1.54307373, Average acc = 0.4620
[FedRetrain] Target set: Average loss = 1.39850765, Average acc = 0.5100
[FedAvg] Target set: Average loss = 2.07370090, Average acc = 0.2560
============================================================
Step4. Membership Inference Attack aganist GM...

Epoch  = -1
Attacking against FL Standard  
MIA Attacker accuracy = 0.6250
MIA Attacker precision = 0.9112
MIA Attacker recall = 0.2770
Attacking against FL Retrain  
MIA Attacker accuracy = 0.5170
MIA Attacker precision = 0.5251
MIA Attacker recall = 0.3550
Attacking against FL Unlearn  
MIA Attacker accuracy = 0.5130
MIA Attacker precision = 0.5238
MIA Attacker recall = 0.2860
Attacking against FL Unlearn without calibration  
Traceback (most recent call last):
  File "/Users/wangjiayi/Desktop/fededgepruneeraser/fedEdgePruneEraser/Fed_Unlearn_main.py", line 279, in <module>
    Federated_Unlearning()
  File "/Users/wangjiayi/Desktop/fededgepruneeraser/fedEdgePruneEraser/Fed_Unlearn_main.py", line 273, in Federated_Unlearning
    attack(target_model, attack_model, client_loaders,test_loader, FL_params)
  File "/Users/wangjiayi/Desktop/fededgepruneeraser/fedEdgePruneEraser/membership_inference.py", line 177, in attack
    target_model.to(device)
AttributeError: 'list' object has no attribute 'to'
