Files already downloaded and verified
Files already downloaded and verified
============================================================
Step1. Federated Learning Settings 
 We use dataset: cifar10 for our Federated Unlearning experiment.

============================================================
Step2. Client data loaded, testing data loaded!!!
       Initial Model loaded!!!
Files already downloaded and verified
Files already downloaded and verified
============================================================
Step3. Fedearated Learning and Unlearning Training...
Files already downloaded and verified
Files already downloaded and verified
len of selected client loader, 10
#####  Federated Learning Start#####
-------Using pre-trained model------
#####  Federated Learning End#####


#####  Federated Unlearning Start  #####
#### Client-level Unlearning ####
K, b:  2 5
split_clients [array([0, 1]), array([2, 3]), array([4, 5]), array([6, 7]), array([8, 9])]
Files already downloaded and verified
Files already downloaded and verified
Forget Client Index: [1, 9]
Client chosen by MoE:  [1, 9]
Initial model type <class 'moe.MoE'> MoE(
  (experts): ModuleList(
    (0-9): 10 x Net_cifar10(
      (conv1): Conv2d(3, 6, kernel_size=(5, 5), stride=(1, 1))
      (pool): MaxPool2d(kernel_size=2, stride=2, padding=0, dilation=1, ceil_mode=False)
      (conv2): Conv2d(6, 16, kernel_size=(5, 5), stride=(1, 1))
      (fc1): Linear(in_features=400, out_features=120, bias=True)
      (fc2): Linear(in_features=120, out_features=84, bias=True)
      (fc3): Linear(in_features=84, out_features=10, bias=True)
    )
  )
  (softplus): Softplus(beta=1.0, threshold=20.0)
  (softmax): Softmax(dim=1)
)
Remove one [0, 2, 3, 4, 5, 6, 7, 8]
Updated global [[MoE(
  (experts): ModuleList(
    (0-9): 10 x Net_cifar10(
      (conv1): Conv2d(3, 6, kernel_size=(5, 5), stride=(1, 1))
      (pool): MaxPool2d(kernel_size=2, stride=2, padding=0, dilation=1, ceil_mode=False)
      (conv2): Conv2d(6, 16, kernel_size=(5, 5), stride=(1, 1))
      (fc1): Linear(in_features=400, out_features=120, bias=True)
      (fc2): Linear(in_features=120, out_features=84, bias=True)
      (fc3): Linear(in_features=84, out_features=10, bias=True)
    )
  )
  (softplus): Softplus(beta=1.0, threshold=20.0)
  (softmax): Softmax(dim=1)
)]] <class 'list'> 1 <class 'list'>
#####  Federated Fine-tuning Start#####
Global Federated Learning epoch = 0
Test Loss=0.0135, Test accuracy=0.2045
Test Loss=0.0212, Test accuracy=0.1780
Global Federated Learning epoch = 1
Test Loss=0.0132, Test accuracy=0.2280
Test Loss=0.0211, Test accuracy=0.1940
Global Federated Learning epoch = 2
Test Loss=0.0129, Test accuracy=0.2513
Test Loss=0.0205, Test accuracy=0.2260
Global Federated Learning epoch = 3
Test Loss=0.0127, Test accuracy=0.2744
Test Loss=0.0201, Test accuracy=0.2520
Global Federated Learning epoch = 4
Test Loss=0.0124, Test accuracy=0.3080
Test Loss=0.0195, Test accuracy=0.3040
Global Federated Learning epoch = 5
Test Loss=0.0121, Test accuracy=0.3174
Test Loss=0.0192, Test accuracy=0.3160
Global Federated Learning epoch = 6
Test Loss=0.0118, Test accuracy=0.3356
Test Loss=0.0184, Test accuracy=0.3640
Global Federated Learning epoch = 7
Test Loss=0.0117, Test accuracy=0.3401
Test Loss=0.0182, Test accuracy=0.3140
Global Federated Learning epoch = 8
Test Loss=0.0115, Test accuracy=0.3515
Test Loss=0.0180, Test accuracy=0.3520
Global Federated Learning epoch = 9
Test Loss=0.0113, Test accuracy=0.3718
Test Loss=0.0174, Test accuracy=0.3900
Global Federated Learning epoch = 10
Test Loss=0.0111, Test accuracy=0.3824
Test Loss=0.0173, Test accuracy=0.3720
Global Federated Learning epoch = 11
Test Loss=0.0109, Test accuracy=0.3900
Test Loss=0.0172, Test accuracy=0.3780
Global Federated Learning epoch = 12
Test Loss=0.0108, Test accuracy=0.3958
Test Loss=0.0169, Test accuracy=0.3880
Global Federated Learning epoch = 13
Test Loss=0.0108, Test accuracy=0.3901
Test Loss=0.0167, Test accuracy=0.3740
Global Federated Learning epoch = 14
Test Loss=0.0108, Test accuracy=0.3985
Test Loss=0.0165, Test accuracy=0.4160
Global Federated Learning epoch = 15
Test Loss=0.0108, Test accuracy=0.3936
Test Loss=0.0165, Test accuracy=0.4000
Global Federated Learning epoch = 16
Test Loss=0.0107, Test accuracy=0.4018
Test Loss=0.0164, Test accuracy=0.3940
Global Federated Learning epoch = 17
Test Loss=0.0105, Test accuracy=0.4047
Test Loss=0.0162, Test accuracy=0.3840
Global Federated Learning epoch = 18
Test Loss=0.0104, Test accuracy=0.4174
Test Loss=0.0159, Test accuracy=0.4220
Global Federated Learning epoch = 19
Test Loss=0.0104, Test accuracy=0.4218
Test Loss=0.0154, Test accuracy=0.4220
Fine-tuning train acc:0.4220
Fine-tuning train epoch:19
#####  Federated Fine-tuning End#####
#####  Federated Unlearning End  #####


#####  【Federated Retraining Start】  #####
Global Federated Learning epoch = 0
Test Loss=0.0102, Test accuracy=0.4235
Global Federated Learning epoch = 1
Test Loss=0.0102, Test accuracy=0.4237
Global Federated Learning epoch = 2
Test Loss=0.0101, Test accuracy=0.4272
Global Federated Learning epoch = 3
Test Loss=0.0101, Test accuracy=0.4271
Global Federated Learning epoch = 4
Test Loss=0.0101, Test accuracy=0.4281
Global Federated Learning epoch = 5
Test Loss=0.0101, Test accuracy=0.4307
Global Federated Learning epoch = 6
Test Loss=0.0101, Test accuracy=0.4317
Global Federated Learning epoch = 7
Test Loss=0.0100, Test accuracy=0.4330
Global Federated Learning epoch = 8
Test Loss=0.0100, Test accuracy=0.4361
Global Federated Learning epoch = 9
Test Loss=0.0100, Test accuracy=0.4361
Global Federated Learning epoch = 10
Test Loss=0.0100, Test accuracy=0.4363
Global Federated Learning epoch = 11
Test Loss=0.0100, Test accuracy=0.4356
Global Federated Learning epoch = 12
Test Loss=0.0100, Test accuracy=0.4362
Global Federated Learning epoch = 13
Test Loss=0.0100, Test accuracy=0.4372
Global Federated Learning epoch = 14
Test Loss=0.0100, Test accuracy=0.4370
Global Federated Learning epoch = 15
Test Loss=0.0099, Test accuracy=0.4391
Global Federated Learning epoch = 16
Test Loss=0.0099, Test accuracy=0.4383
Global Federated Learning epoch = 17
Test Loss=0.0099, Test accuracy=0.4374
Global Federated Learning epoch = 18
Test Loss=0.0099, Test accuracy=0.4426
Global Federated Learning epoch = 19
Test Loss=0.0099, Test accuracy=0.4403
#####  Federated Retraining End  #####
Retrain Time using = 191.82417464256287 seconds 3
Test Loss=0.0131, Test accuracy=0.2564
Test Loss=0.0099, Test accuracy=0.4403
Test Loss=0.0104, Test accuracy=0.4218
FL_params.unlearn_client:  [1, 9]
Test Loss=0.1938, Test accuracy=0.4620
Test Loss=0.1997, Test accuracy=0.4180
Test Loss=0.1824, Test accuracy=0.4400
Test Loss=0.2601, Test accuracy=0.2520
*****  Result Summary  *****
[FedPruner] Test set: Average loss = 1.62889118, Average acc = 0.4218
[FedRetrain] Test set: Average loss = 1.55095195, Average acc = 0.4403
[FedAvg] Test set: Average loss = 2.06125076, Average acc = 0.2564


[FedPruner] Target set: Average loss = 1.59769528, Average acc = 0.4180
[FedRetrain] Target set: Average loss = 1.45883963, Average acc = 0.4400
[FedAvg] Target set: Average loss = 2.08078231, Average acc = 0.2520
============================================================
Step4. Membership Inference Attack aganist GM...

Epoch  = -1
Attacking against FL Standard  
MIA Attacker accuracy = 0.6485
MIA Attacker precision = 0.9569
MIA Attacker recall = 0.3110
Attacking against FL Retrain  
MIA Attacker accuracy = 0.4940
MIA Attacker precision = 0.4846
MIA Attacker recall = 0.1890
Attacking against FL Unlearn  
MIA Attacker accuracy = 0.5010
MIA Attacker precision = 0.5023
MIA Attacker recall = 0.2160
Attacking against FL Unlearn without calibration  
MIA Attacker accuracy = 0.5330
MIA Attacker precision = 0.5581
MIA Attacker recall = 0.3170
Traceback (most recent call last):
  File "/Users/wangjiayi/Desktop/fededgepruneeraser/fedEdgePruneEraser/Fed_Unlearn_main.py", line 280, in <module>
    Federated_Unlearning()
  File "/Users/wangjiayi/Desktop/fededgepruneeraser/fedEdgePruneEraser/Fed_Unlearn_main.py", line 274, in Federated_Unlearning
    attack(target_model[1], attack_model, client_loaders, test_loader, FL_params)
IndexError: list index out of range
