Files already downloaded and verified
Files already downloaded and verified
============================================================
Step1. Federated Learning Settings 
 We use dataset: cifar10 for our Federated Unlearning experiment.

============================================================
Step2. Client data loaded, testing data loaded!!!
       Initial Model loaded!!!
Files already downloaded and verified
Files already downloaded and verified
============================================================
Step3. Fedearated Learning and Unlearning Training...
Files already downloaded and verified
Files already downloaded and verified
len of selected client loader, 10
#####  Federated Learning Start#####
-------Using pre-trained model------
#####  Federated Learning End#####


#####  Federated Unlearning Start  #####
#### Client-level Unlearning ####
K, b:  2 5
split_clients [array([0, 1]), array([2, 3]), array([4, 5]), array([6, 7]), array([8, 9])]
Files already downloaded and verified
Files already downloaded and verified
Forget Client Index: [1, 9]
Client chosen by MoE:  [1, 9]
Initial model type <class 'moe.MoE'> MoE(
  (experts): ModuleList(
    (0-9): 10 x Net_cifar10(
      (conv1): Conv2d(3, 6, kernel_size=(5, 5), stride=(1, 1))
      (pool): MaxPool2d(kernel_size=2, stride=2, padding=0, dilation=1, ceil_mode=False)
      (conv2): Conv2d(6, 16, kernel_size=(5, 5), stride=(1, 1))
      (fc1): Linear(in_features=400, out_features=120, bias=True)
      (fc2): Linear(in_features=120, out_features=84, bias=True)
      (fc3): Linear(in_features=84, out_features=10, bias=True)
    )
  )
  (softplus): Softplus(beta=1.0, threshold=20.0)
  (softmax): Softmax(dim=1)
)
Remove one [0, 2, 3, 4, 5, 6, 7, 8]
Updated global [[MoE(
  (experts): ModuleList(
    (0-9): 10 x Net_cifar10(
      (conv1): Conv2d(3, 6, kernel_size=(5, 5), stride=(1, 1))
      (pool): MaxPool2d(kernel_size=2, stride=2, padding=0, dilation=1, ceil_mode=False)
      (conv2): Conv2d(6, 16, kernel_size=(5, 5), stride=(1, 1))
      (fc1): Linear(in_features=400, out_features=120, bias=True)
      (fc2): Linear(in_features=120, out_features=84, bias=True)
      (fc3): Linear(in_features=84, out_features=10, bias=True)
    )
  )
  (softplus): Softplus(beta=1.0, threshold=20.0)
  (softmax): Softmax(dim=1)
)]] <class 'list'> 1 <class 'list'>
#####  Federated Fine-tuning Start#####
Global Federated Learning epoch = 0
Test Loss=0.0135, Test accuracy=0.2379
Test Loss=0.0214, Test accuracy=0.2220
Global Federated Learning epoch = 1
Test Loss=0.0132, Test accuracy=0.2500
Test Loss=0.0211, Test accuracy=0.2220
Global Federated Learning epoch = 2
Test Loss=0.0129, Test accuracy=0.2551
Test Loss=0.0208, Test accuracy=0.2420
Global Federated Learning epoch = 3
Test Loss=0.0127, Test accuracy=0.2692
Test Loss=0.0205, Test accuracy=0.2560
Global Federated Learning epoch = 4
Test Loss=0.0125, Test accuracy=0.2751
Test Loss=0.0200, Test accuracy=0.2520
Global Federated Learning epoch = 5
Test Loss=0.0123, Test accuracy=0.2852
Test Loss=0.0195, Test accuracy=0.2740
Global Federated Learning epoch = 6
Test Loss=0.0121, Test accuracy=0.3051
Test Loss=0.0189, Test accuracy=0.3140
Global Federated Learning epoch = 7
Test Loss=0.0119, Test accuracy=0.3296
Test Loss=0.0186, Test accuracy=0.3180
Global Federated Learning epoch = 8
Test Loss=0.0119, Test accuracy=0.3203
Test Loss=0.0185, Test accuracy=0.3320
Global Federated Learning epoch = 9
Test Loss=0.0116, Test accuracy=0.3442
Test Loss=0.0181, Test accuracy=0.3220
Global Federated Learning epoch = 10
Test Loss=0.0115, Test accuracy=0.3494
Test Loss=0.0178, Test accuracy=0.3520
Global Federated Learning epoch = 11
Test Loss=0.0113, Test accuracy=0.3487
Test Loss=0.0176, Test accuracy=0.3520
Global Federated Learning epoch = 12
Test Loss=0.0113, Test accuracy=0.3594
Test Loss=0.0174, Test accuracy=0.3640
Global Federated Learning epoch = 13
Test Loss=0.0111, Test accuracy=0.3654
Test Loss=0.0169, Test accuracy=0.3740
Global Federated Learning epoch = 14
Test Loss=0.0111, Test accuracy=0.3704
Test Loss=0.0166, Test accuracy=0.4000
Global Federated Learning epoch = 15
Test Loss=0.0108, Test accuracy=0.3846
Test Loss=0.0165, Test accuracy=0.3980
Global Federated Learning epoch = 16
Test Loss=0.0109, Test accuracy=0.3821
Test Loss=0.0163, Test accuracy=0.4040
Global Federated Learning epoch = 17
Test Loss=0.0107, Test accuracy=0.3958
Test Loss=0.0161, Test accuracy=0.4020
Global Federated Learning epoch = 18
Test Loss=0.0107, Test accuracy=0.3936
Test Loss=0.0160, Test accuracy=0.3980
Global Federated Learning epoch = 19
Test Loss=0.0106, Test accuracy=0.3952
Test Loss=0.0159, Test accuracy=0.4220
Fine-tuning train acc:0.4220
Fine-tuning train epoch:19
#####  Federated Fine-tuning End#####
#####  Federated Unlearning End  #####


#####  Federated Unlearning without Calibration Start  #####
FL_params.forget_client_idx:  [1, 9]
Federated Unlearning without Clibration Global Epoch  = 0
Federated Unlearning without Clibration Global Epoch  = 1
Federated Unlearning without Clibration Global Epoch  = 2
Federated Unlearning without Clibration Global Epoch  = 3
Federated Unlearning without Clibration Global Epoch  = 4
Federated Unlearning without Clibration Global Epoch  = 5
Federated Unlearning without Clibration Global Epoch  = 6
Federated Unlearning without Clibration Global Epoch  = 7
Federated Unlearning without Clibration Global Epoch  = 8
Federated Unlearning without Clibration Global Epoch  = 9
Federated Unlearning without Clibration Global Epoch  = 10
Traceback (most recent call last):
  File "/Users/wangjiayi/Desktop/fededgepruneeraser/fedEdgePruneEraser/Fed_Unlearn_main.py", line 278, in <module>
    Federated_Unlearning()
  File "/Users/wangjiayi/Desktop/fededgepruneeraser/fedEdgePruneEraser/Fed_Unlearn_main.py", line 161, in Federated_Unlearning
    old_GMs, unlearn_GMs, uncali_unlearn_GMs, _ = federated_learning_unlearning(init_global_model,
  File "/Users/wangjiayi/Desktop/fededgepruneeraser/fedEdgePruneEraser/Fed_Unlearn_base.py", line 336, in federated_learning_unlearning
    uncali_unlearn_GMs = unlearning_without_cali(old_GMs, old_CMs, FL_params)
  File "/Users/wangjiayi/Desktop/fededgepruneeraser/fedEdgePruneEraser/Fed_Unlearn_base.py", line 603, in unlearning_without_cali
    temp.pop(k_client)
IndexError: pop index out of range
