Files already downloaded and verified
Files already downloaded and verified
============================================================
Step1. Federated Learning Settings 
 We use dataset: cifar10 for our Federated Unlearning experiment.

============================================================
Step2. Client data loaded, testing data loaded!!!
       Initial Model loaded!!!
Files already downloaded and verified
Files already downloaded and verified
============================================================
Step3. Fedearated Learning and Unlearning Training...
Files already downloaded and verified
Files already downloaded and verified
len of selected client loader, 10
#####  Federated Learning Start#####
-------Using pre-trained model------
#####  Federated Learning End#####


#####  Federated Unlearning Start  #####
#### Client-level Unlearning ####
K, b:  2 5
split_clients [array([0, 1]), array([2, 3]), array([4, 5]), array([6, 7]), array([8, 9])]
Files already downloaded and verified
Files already downloaded and verified
Forget Client Index: [1, 9]
Client chosen by MoE:  [1, 9]
Initial model type <class 'moe.MoE'> MoE(
  (experts): ModuleList(
    (0-9): 10 x Net_cifar10(
      (conv1): Conv2d(3, 6, kernel_size=(5, 5), stride=(1, 1))
      (pool): MaxPool2d(kernel_size=2, stride=2, padding=0, dilation=1, ceil_mode=False)
      (conv2): Conv2d(6, 16, kernel_size=(5, 5), stride=(1, 1))
      (fc1): Linear(in_features=400, out_features=120, bias=True)
      (fc2): Linear(in_features=120, out_features=84, bias=True)
      (fc3): Linear(in_features=84, out_features=10, bias=True)
    )
  )
  (softplus): Softplus(beta=1.0, threshold=20.0)
  (softmax): Softmax(dim=1)
)
Remove one [0, 2, 3, 4, 5, 6, 7, 8]
Updated global [[MoE(
  (experts): ModuleList(
    (0-9): 10 x Net_cifar10(
      (conv1): Conv2d(3, 6, kernel_size=(5, 5), stride=(1, 1))
      (pool): MaxPool2d(kernel_size=2, stride=2, padding=0, dilation=1, ceil_mode=False)
      (conv2): Conv2d(6, 16, kernel_size=(5, 5), stride=(1, 1))
      (fc1): Linear(in_features=400, out_features=120, bias=True)
      (fc2): Linear(in_features=120, out_features=84, bias=True)
      (fc3): Linear(in_features=84, out_features=10, bias=True)
    )
  )
  (softplus): Softplus(beta=1.0, threshold=20.0)
  (softmax): Softmax(dim=1)
)]] <class 'list'> 1 <class 'list'>
#####  Federated Fine-tuning Start#####
Global Federated Learning epoch = 0
Test Loss=0.0135, Test accuracy=0.2386
Test Loss=0.0212, Test accuracy=0.2320
Global Federated Learning epoch = 1
Test Loss=0.0132, Test accuracy=0.2382
Test Loss=0.0207, Test accuracy=0.2320
Global Federated Learning epoch = 2
Test Loss=0.0130, Test accuracy=0.2616
Test Loss=0.0205, Test accuracy=0.2660
Global Federated Learning epoch = 3
Test Loss=0.0127, Test accuracy=0.2718
Test Loss=0.0200, Test accuracy=0.2600
Global Federated Learning epoch = 4
Test Loss=0.0126, Test accuracy=0.2808
Test Loss=0.0199, Test accuracy=0.2600
Global Federated Learning epoch = 5
Test Loss=0.0123, Test accuracy=0.2919
Test Loss=0.0195, Test accuracy=0.2700
Global Federated Learning epoch = 6
Test Loss=0.0121, Test accuracy=0.3063
Test Loss=0.0191, Test accuracy=0.2880
Global Federated Learning epoch = 7
Test Loss=0.0120, Test accuracy=0.3132
Test Loss=0.0191, Test accuracy=0.2980
Global Federated Learning epoch = 8
Test Loss=0.0118, Test accuracy=0.3262
Test Loss=0.0183, Test accuracy=0.3300
Global Federated Learning epoch = 9
Test Loss=0.0115, Test accuracy=0.3393
Test Loss=0.0185, Test accuracy=0.3120
Global Federated Learning epoch = 10
Test Loss=0.0115, Test accuracy=0.3511
Test Loss=0.0182, Test accuracy=0.3120
Global Federated Learning epoch = 11
Test Loss=0.0113, Test accuracy=0.3561
Test Loss=0.0179, Test accuracy=0.3220
Global Federated Learning epoch = 12
Test Loss=0.0112, Test accuracy=0.3672
Test Loss=0.0179, Test accuracy=0.3500
Global Federated Learning epoch = 13
Test Loss=0.0111, Test accuracy=0.3661
Test Loss=0.0174, Test accuracy=0.3660
Global Federated Learning epoch = 14
Test Loss=0.0109, Test accuracy=0.3753
Test Loss=0.0172, Test accuracy=0.3740
Global Federated Learning epoch = 15
Test Loss=0.0108, Test accuracy=0.3803
Test Loss=0.0169, Test accuracy=0.3780
Global Federated Learning epoch = 16
Test Loss=0.0107, Test accuracy=0.3916
Test Loss=0.0168, Test accuracy=0.3800
Global Federated Learning epoch = 17
Test Loss=0.0106, Test accuracy=0.3963
Test Loss=0.0168, Test accuracy=0.3880
Global Federated Learning epoch = 18
Test Loss=0.0106, Test accuracy=0.3991
Test Loss=0.0167, Test accuracy=0.3640
Global Federated Learning epoch = 19
Test Loss=0.0105, Test accuracy=0.3980
Test Loss=0.0165, Test accuracy=0.3960
Fine-tuning train acc:0.3960
Fine-tuning train epoch:19
#####  Federated Fine-tuning End#####
#####  Federated Unlearning End  #####


#####  【Federated Retraining Start】  #####
Global Federated Learning epoch = 0
Test Loss=0.0104, Test accuracy=0.4027
Global Federated Learning epoch = 1
Test Loss=0.0103, Test accuracy=0.4046
Global Federated Learning epoch = 2
Test Loss=0.0103, Test accuracy=0.4058
Global Federated Learning epoch = 3
Test Loss=0.0103, Test accuracy=0.4077
Global Federated Learning epoch = 4
Test Loss=0.0102, Test accuracy=0.4079
Global Federated Learning epoch = 5
Test Loss=0.0102, Test accuracy=0.4100
Global Federated Learning epoch = 6
Test Loss=0.0102, Test accuracy=0.4114
Global Federated Learning epoch = 7
Test Loss=0.0102, Test accuracy=0.4162
Global Federated Learning epoch = 8
Test Loss=0.0102, Test accuracy=0.4157
Global Federated Learning epoch = 9
Test Loss=0.0101, Test accuracy=0.4174
Global Federated Learning epoch = 10
Test Loss=0.0101, Test accuracy=0.4173
Global Federated Learning epoch = 11
Test Loss=0.0101, Test accuracy=0.4201
Global Federated Learning epoch = 12
Test Loss=0.0101, Test accuracy=0.4217
Global Federated Learning epoch = 13
Test Loss=0.0101, Test accuracy=0.4215
Global Federated Learning epoch = 14
Test Loss=0.0101, Test accuracy=0.4215
Global Federated Learning epoch = 15
Test Loss=0.0101, Test accuracy=0.4237
Global Federated Learning epoch = 16
Test Loss=0.0101, Test accuracy=0.4231
Global Federated Learning epoch = 17
Test Loss=0.0101, Test accuracy=0.4251
Global Federated Learning epoch = 18
Test Loss=0.0100, Test accuracy=0.4254
Global Federated Learning epoch = 19
Test Loss=0.0100, Test accuracy=0.4258
#####  Federated Retraining End  #####
Retrain Time using = 246.507737159729 seconds 3
Test Loss=0.0131, Test accuracy=0.2564
Traceback (most recent call last):
  File "/Users/wangjiayi/Desktop/fededgepruneeraser/fedEdgePruneEraser/Fed_Unlearn_main.py", line 278, in <module>
    Federated_Unlearning()
  File "/Users/wangjiayi/Desktop/fededgepruneeraser/fedEdgePruneEraser/Fed_Unlearn_main.py", line 198, in Federated_Unlearning
    fedaccum_test_acc, fedaccum_test_loss = test(uncali_unlearn_GMs[-1], test_loader)#[-1], test_loader)
  File "/Users/wangjiayi/Desktop/fededgepruneeraser/fedEdgePruneEraser/FL_base.py", line 322, in test
    net.eval()
AttributeError: 'list' object has no attribute 'eval'
