Files already downloaded and verified
Files already downloaded and verified
============================================================
Step1. Federated Learning Settings 
 We use dataset: cifar10 for our Federated Unlearning experiment.

============================================================
Step2. Client data loaded, testing data loaded!!!
       Initial Model loaded!!!
Files already downloaded and verified
Files already downloaded and verified
============================================================
Step3. Fedearated Learning and Unlearning Training...
Files already downloaded and verified
Files already downloaded and verified
len of selected client loader, 10
#####  Federated Learning Start#####
-------Using pre-trained model------
#####  Federated Learning End#####


#####  Federated Unlearning Start  #####
#### Client-level Unlearning ####
K, b:  2 5
split_clients [array([0, 1]), array([2, 3]), array([4, 5]), array([6, 7]), array([8, 9])]
Files already downloaded and verified
Files already downloaded and verified
Forget Client Index: [1, 9]
Client chosen by MoE:  [1, 9]
Initial model type <class 'moe.MoE'> MoE(
  (experts): ModuleList(
    (0-9): 10 x Net_cifar10(
      (conv1): Conv2d(3, 6, kernel_size=(5, 5), stride=(1, 1))
      (pool): MaxPool2d(kernel_size=2, stride=2, padding=0, dilation=1, ceil_mode=False)
      (conv2): Conv2d(6, 16, kernel_size=(5, 5), stride=(1, 1))
      (fc1): Linear(in_features=400, out_features=120, bias=True)
      (fc2): Linear(in_features=120, out_features=84, bias=True)
      (fc3): Linear(in_features=84, out_features=10, bias=True)
    )
  )
  (softplus): Softplus(beta=1.0, threshold=20.0)
  (softmax): Softmax(dim=1)
)
Remove one [0, 2, 3, 4, 5, 6, 7, 8]
Updated global [[MoE(
  (experts): ModuleList(
    (0-9): 10 x Net_cifar10(
      (conv1): Conv2d(3, 6, kernel_size=(5, 5), stride=(1, 1))
      (pool): MaxPool2d(kernel_size=2, stride=2, padding=0, dilation=1, ceil_mode=False)
      (conv2): Conv2d(6, 16, kernel_size=(5, 5), stride=(1, 1))
      (fc1): Linear(in_features=400, out_features=120, bias=True)
      (fc2): Linear(in_features=120, out_features=84, bias=True)
      (fc3): Linear(in_features=84, out_features=10, bias=True)
    )
  )
  (softplus): Softplus(beta=1.0, threshold=20.0)
  (softmax): Softmax(dim=1)
)]] <class 'list'> 1 <class 'list'>
#####  Federated Fine-tuning Start#####
Global Federated Learning epoch = 0
Test Loss=0.0134, Test accuracy=0.2243
Test Loss=0.0213, Test accuracy=0.2200
Global Federated Learning epoch = 1
Test Loss=0.0131, Test accuracy=0.2504
Test Loss=0.0207, Test accuracy=0.2340
Global Federated Learning epoch = 2
Test Loss=0.0128, Test accuracy=0.2555
Test Loss=0.0201, Test accuracy=0.2640
Global Federated Learning epoch = 3
Test Loss=0.0126, Test accuracy=0.2769
Test Loss=0.0199, Test accuracy=0.2700
Global Federated Learning epoch = 4
Test Loss=0.0124, Test accuracy=0.2808
Test Loss=0.0195, Test accuracy=0.2880
Global Federated Learning epoch = 5
Test Loss=0.0122, Test accuracy=0.3083
Test Loss=0.0192, Test accuracy=0.3100
Global Federated Learning epoch = 6
Test Loss=0.0120, Test accuracy=0.3255
Test Loss=0.0186, Test accuracy=0.3340
Global Federated Learning epoch = 7
Test Loss=0.0118, Test accuracy=0.3406
Test Loss=0.0180, Test accuracy=0.3620
Global Federated Learning epoch = 8
Test Loss=0.0117, Test accuracy=0.3453
Test Loss=0.0181, Test accuracy=0.3440
Global Federated Learning epoch = 9
Test Loss=0.0115, Test accuracy=0.3487
Test Loss=0.0175, Test accuracy=0.3880
Global Federated Learning epoch = 10
Test Loss=0.0112, Test accuracy=0.3636
Test Loss=0.0171, Test accuracy=0.3760
Global Federated Learning epoch = 11
Test Loss=0.0113, Test accuracy=0.3640
Test Loss=0.0171, Test accuracy=0.3980
Global Federated Learning epoch = 12
Test Loss=0.0111, Test accuracy=0.3750
Test Loss=0.0170, Test accuracy=0.4040
Global Federated Learning epoch = 13
Test Loss=0.0111, Test accuracy=0.3732
Test Loss=0.0170, Test accuracy=0.4180
Global Federated Learning epoch = 14
Test Loss=0.0109, Test accuracy=0.3862
Test Loss=0.0165, Test accuracy=0.4040
Global Federated Learning epoch = 15
Test Loss=0.0109, Test accuracy=0.3831
Test Loss=0.0163, Test accuracy=0.4380
Global Federated Learning epoch = 16
Test Loss=0.0108, Test accuracy=0.3882
Test Loss=0.0163, Test accuracy=0.4200
Global Federated Learning epoch = 17
Test Loss=0.0107, Test accuracy=0.3965
Test Loss=0.0160, Test accuracy=0.4580
Global Federated Learning epoch = 18
Test Loss=0.0107, Test accuracy=0.3940
Test Loss=0.0162, Test accuracy=0.4360
Global Federated Learning epoch = 19
Test Loss=0.0107, Test accuracy=0.3948
Test Loss=0.0162, Test accuracy=0.4200
Fine-tuning train acc:0.4200
Fine-tuning train epoch:19
#####  Federated Fine-tuning End#####
#####  Federated Unlearning End  #####


#####  【Federated Retraining Start】  #####
Global Federated Learning epoch = 0
Test Loss=0.0105, Test accuracy=0.4035
Global Federated Learning epoch = 1
Test Loss=0.0104, Test accuracy=0.4094
Global Federated Learning epoch = 2
Test Loss=0.0103, Test accuracy=0.4107
Global Federated Learning epoch = 3
Test Loss=0.0103, Test accuracy=0.4135
Global Federated Learning epoch = 4
Test Loss=0.0102, Test accuracy=0.4170
Global Federated Learning epoch = 5
Test Loss=0.0102, Test accuracy=0.4184
Global Federated Learning epoch = 6
Test Loss=0.0102, Test accuracy=0.4202
Global Federated Learning epoch = 7
Test Loss=0.0102, Test accuracy=0.4216
Global Federated Learning epoch = 8
Test Loss=0.0101, Test accuracy=0.4241
Global Federated Learning epoch = 9
Test Loss=0.0101, Test accuracy=0.4259
Global Federated Learning epoch = 10
Test Loss=0.0101, Test accuracy=0.4266
Global Federated Learning epoch = 11
Test Loss=0.0101, Test accuracy=0.4274
Global Federated Learning epoch = 12
Test Loss=0.0101, Test accuracy=0.4282
Global Federated Learning epoch = 13
Test Loss=0.0100, Test accuracy=0.4289
Global Federated Learning epoch = 14
Test Loss=0.0100, Test accuracy=0.4301
Global Federated Learning epoch = 15
Test Loss=0.0100, Test accuracy=0.4309
Global Federated Learning epoch = 16
Test Loss=0.0100, Test accuracy=0.4309
Global Federated Learning epoch = 17
Test Loss=0.0100, Test accuracy=0.4322
Global Federated Learning epoch = 18
Test Loss=0.0100, Test accuracy=0.4324
Global Federated Learning epoch = 19
Test Loss=0.0100, Test accuracy=0.4342
#####  Federated Retraining End  #####
Retrain Time using = 234.29845595359802 seconds 3
Test Loss=0.0131, Test accuracy=0.2564
Test Loss=0.0100, Test accuracy=0.4342
Test Loss=0.0107, Test accuracy=0.3948
FL_params.unlearn_client:  [1, 9]
Traceback (most recent call last):
  File "/Users/wangjiayi/Desktop/fededgepruneeraser/fedEdgePruneEraser/Fed_Unlearn_main.py", line 278, in <module>
    Federated_Unlearning()
  File "/Users/wangjiayi/Desktop/fededgepruneeraser/fedEdgePruneEraser/Fed_Unlearn_main.py", line 205, in Federated_Unlearning
    target_loader = client_loaders[FL_params.forget_client_idx]
TypeError: list indices must be integers or slices, not list
