Files already downloaded and verified
Files already downloaded and verified
============================================================
Step1. Federated Learning Settings 
 We use dataset: cifar10 for our Federated Unlearning experiment.

============================================================
Step2. Client data loaded, testing data loaded!!!
       Initial Model loaded!!!
Files already downloaded and verified
Files already downloaded and verified
============================================================
Step3. Fedearated Learning and Unlearning Training...
Files already downloaded and verified
Files already downloaded and verified
len of selected client loader, 10
#####  Federated Learning Start#####
-------Using pre-trained model------
#####  Federated Learning End#####


#####  Federated Unlearning Start  #####
#### Client-level Unlearning ####
K, b:  2 5
split_clients [array([0, 1]), array([2, 3]), array([4, 5]), array([6, 7]), array([8, 9])]
Files already downloaded and verified
Files already downloaded and verified
Forget Client Index: [1, 9]
Client chosen by MoE:  [1, 9]
Initial model type <class 'moe.MoE'> MoE(
  (experts): ModuleList(
    (0-9): 10 x Net_cifar10(
      (conv1): Conv2d(3, 6, kernel_size=(5, 5), stride=(1, 1))
      (pool): MaxPool2d(kernel_size=2, stride=2, padding=0, dilation=1, ceil_mode=False)
      (conv2): Conv2d(6, 16, kernel_size=(5, 5), stride=(1, 1))
      (fc1): Linear(in_features=400, out_features=120, bias=True)
      (fc2): Linear(in_features=120, out_features=84, bias=True)
      (fc3): Linear(in_features=84, out_features=10, bias=True)
    )
  )
  (softplus): Softplus(beta=1.0, threshold=20.0)
  (softmax): Softmax(dim=1)
)
Remove one [0, 2, 3, 4, 5, 6, 7, 8]
Updated global [[MoE(
  (experts): ModuleList(
    (0-9): 10 x Net_cifar10(
      (conv1): Conv2d(3, 6, kernel_size=(5, 5), stride=(1, 1))
      (pool): MaxPool2d(kernel_size=2, stride=2, padding=0, dilation=1, ceil_mode=False)
      (conv2): Conv2d(6, 16, kernel_size=(5, 5), stride=(1, 1))
      (fc1): Linear(in_features=400, out_features=120, bias=True)
      (fc2): Linear(in_features=120, out_features=84, bias=True)
      (fc3): Linear(in_features=84, out_features=10, bias=True)
    )
  )
  (softplus): Softplus(beta=1.0, threshold=20.0)
  (softmax): Softmax(dim=1)
)]] <class 'list'> 1 <class 'list'>
#####  Federated Fine-tuning Start#####
Global Federated Learning epoch = 0
Test Loss=0.0135, Test accuracy=0.2251
Test Loss=0.0215, Test accuracy=0.1980
Global Federated Learning epoch = 1
Test Loss=0.0131, Test accuracy=0.2683
Test Loss=0.0210, Test accuracy=0.2520
Global Federated Learning epoch = 2
Test Loss=0.0129, Test accuracy=0.2691
Test Loss=0.0206, Test accuracy=0.2500
Global Federated Learning epoch = 3
Test Loss=0.0126, Test accuracy=0.2979
Test Loss=0.0201, Test accuracy=0.2740
Global Federated Learning epoch = 4
Test Loss=0.0123, Test accuracy=0.3230
Test Loss=0.0197, Test accuracy=0.2840
Global Federated Learning epoch = 5
Test Loss=0.0122, Test accuracy=0.3291
Test Loss=0.0194, Test accuracy=0.3100
Global Federated Learning epoch = 6
Test Loss=0.0119, Test accuracy=0.3334
Test Loss=0.0192, Test accuracy=0.3160
Global Federated Learning epoch = 7
Test Loss=0.0117, Test accuracy=0.3437
Test Loss=0.0188, Test accuracy=0.3120
Global Federated Learning epoch = 8
Test Loss=0.0115, Test accuracy=0.3528
Test Loss=0.0184, Test accuracy=0.3360
Global Federated Learning epoch = 9
Test Loss=0.0114, Test accuracy=0.3585
Test Loss=0.0179, Test accuracy=0.3540
Global Federated Learning epoch = 10
Test Loss=0.0113, Test accuracy=0.3611
Test Loss=0.0179, Test accuracy=0.3640
Global Federated Learning epoch = 11
Test Loss=0.0111, Test accuracy=0.3710
Test Loss=0.0175, Test accuracy=0.3960
Global Federated Learning epoch = 12
Test Loss=0.0110, Test accuracy=0.3831
Test Loss=0.0172, Test accuracy=0.3740
Global Federated Learning epoch = 13
Test Loss=0.0109, Test accuracy=0.3861
Test Loss=0.0167, Test accuracy=0.4220
Global Federated Learning epoch = 14
Test Loss=0.0109, Test accuracy=0.3849
Test Loss=0.0171, Test accuracy=0.3780
Global Federated Learning epoch = 15
Test Loss=0.0108, Test accuracy=0.3859
Test Loss=0.0166, Test accuracy=0.4120
Global Federated Learning epoch = 16
Test Loss=0.0105, Test accuracy=0.4021
Test Loss=0.0162, Test accuracy=0.4300
Global Federated Learning epoch = 17
Test Loss=0.0106, Test accuracy=0.4062
Test Loss=0.0162, Test accuracy=0.4280
Global Federated Learning epoch = 18
Test Loss=0.0105, Test accuracy=0.3994
Test Loss=0.0159, Test accuracy=0.4120
Global Federated Learning epoch = 19
Test Loss=0.0105, Test accuracy=0.4110
Test Loss=0.0158, Test accuracy=0.4440
Fine-tuning train acc:0.4440
Fine-tuning train epoch:19
#####  Federated Fine-tuning End#####
#####  Federated Unlearning End  #####


#####  Federated Unlearning without Calibration Start  #####
FL_params.forget_client_idx:  [1, 9]
Federated Unlearning without Clibration Global Epoch  = 0
Traceback (most recent call last):
  File "/Users/wangjiayi/Desktop/fededgepruneeraser/fedEdgePruneEraser/Fed_Unlearn_main.py", line 278, in <module>
    Federated_Unlearning()
  File "/Users/wangjiayi/Desktop/fededgepruneeraser/fedEdgePruneEraser/Fed_Unlearn_main.py", line 161, in Federated_Unlearning
    old_GMs, unlearn_GMs, uncali_unlearn_GMs, _ = federated_learning_unlearning(init_global_model,
  File "/Users/wangjiayi/Desktop/fededgepruneeraser/fedEdgePruneEraser/Fed_Unlearn_base.py", line 336, in federated_learning_unlearning
    uncali_unlearn_GMs = unlearning_without_cali(old_GMs, old_CMs, FL_params)
  File "/Users/wangjiayi/Desktop/fededgepruneeraser/fedEdgePruneEraser/Fed_Unlearn_base.py", line 604, in unlearning_without_cali
    temp.pop(k_client)
IndexError: pop index out of range
