Files already downloaded and verified
Files already downloaded and verified
============================================================
Step1. Federated Learning Settings 
 We use dataset: cifar10 for our Federated Unlearning experiment.

============================================================
Step2. Client data loaded, testing data loaded!!!
       Initial Model loaded!!!
Files already downloaded and verified
Files already downloaded and verified
============================================================
Step3. Fedearated Learning and Unlearning Training...
Files already downloaded and verified
Files already downloaded and verified
len of selected client loader, 10
#####  Federated Learning Start#####
-------Using pre-trained model------
#####  Federated Learning End#####


#####  Federated Unlearning Start  #####
#### Client-level Unlearning ####
K, b:  2 5
split_clients [array([0, 1]), array([2, 3]), array([4, 5]), array([6, 7]), array([8, 9])]
Files already downloaded and verified
Files already downloaded and verified
Forget Client Index: [1, 9]
Client chosen by MoE:  [1, 9]
Initial model type <class 'moe.MoE'> MoE(
  (experts): ModuleList(
    (0-9): 10 x Net_cifar10(
      (conv1): Conv2d(3, 6, kernel_size=(5, 5), stride=(1, 1))
      (pool): MaxPool2d(kernel_size=2, stride=2, padding=0, dilation=1, ceil_mode=False)
      (conv2): Conv2d(6, 16, kernel_size=(5, 5), stride=(1, 1))
      (fc1): Linear(in_features=400, out_features=120, bias=True)
      (fc2): Linear(in_features=120, out_features=84, bias=True)
      (fc3): Linear(in_features=84, out_features=10, bias=True)
    )
  )
  (softplus): Softplus(beta=1.0, threshold=20.0)
  (softmax): Softmax(dim=1)
)
Remove one [0, 2, 3, 4, 5, 6, 7, 8]
Updated global [[MoE(
  (experts): ModuleList(
    (0-9): 10 x Net_cifar10(
      (conv1): Conv2d(3, 6, kernel_size=(5, 5), stride=(1, 1))
      (pool): MaxPool2d(kernel_size=2, stride=2, padding=0, dilation=1, ceil_mode=False)
      (conv2): Conv2d(6, 16, kernel_size=(5, 5), stride=(1, 1))
      (fc1): Linear(in_features=400, out_features=120, bias=True)
      (fc2): Linear(in_features=120, out_features=84, bias=True)
      (fc3): Linear(in_features=84, out_features=10, bias=True)
    )
  )
  (softplus): Softplus(beta=1.0, threshold=20.0)
  (softmax): Softmax(dim=1)
)]] <class 'list'> 1 <class 'list'>
#####  Federated Fine-tuning Start#####
Global Federated Learning epoch = 0
Test Loss=0.0136, Test accuracy=0.2038
Test Loss=0.0212, Test accuracy=0.2180
Global Federated Learning epoch = 1
Test Loss=0.0133, Test accuracy=0.2397
Test Loss=0.0209, Test accuracy=0.2660
Global Federated Learning epoch = 2
Test Loss=0.0129, Test accuracy=0.2631
Test Loss=0.0205, Test accuracy=0.2600
Global Federated Learning epoch = 3
Test Loss=0.0126, Test accuracy=0.2897
Test Loss=0.0200, Test accuracy=0.2660
Global Federated Learning epoch = 4
Test Loss=0.0124, Test accuracy=0.3108
Test Loss=0.0197, Test accuracy=0.2760
Global Federated Learning epoch = 5
Test Loss=0.0121, Test accuracy=0.3188
Test Loss=0.0192, Test accuracy=0.2820
Global Federated Learning epoch = 6
Test Loss=0.0120, Test accuracy=0.3205
Test Loss=0.0191, Test accuracy=0.2960
Global Federated Learning epoch = 7
Test Loss=0.0118, Test accuracy=0.3255
Test Loss=0.0186, Test accuracy=0.3240
Global Federated Learning epoch = 8
Test Loss=0.0117, Test accuracy=0.3409
Test Loss=0.0184, Test accuracy=0.3000
Global Federated Learning epoch = 9
Test Loss=0.0115, Test accuracy=0.3446
Test Loss=0.0182, Test accuracy=0.3140
Global Federated Learning epoch = 10
Test Loss=0.0113, Test accuracy=0.3589
Test Loss=0.0178, Test accuracy=0.3340
Global Federated Learning epoch = 11
Test Loss=0.0113, Test accuracy=0.3526
Test Loss=0.0174, Test accuracy=0.3640
Global Federated Learning epoch = 12
Test Loss=0.0111, Test accuracy=0.3679
Test Loss=0.0173, Test accuracy=0.3540
Global Federated Learning epoch = 13
Test Loss=0.0110, Test accuracy=0.3792
Test Loss=0.0170, Test accuracy=0.3540
Global Federated Learning epoch = 14
Test Loss=0.0110, Test accuracy=0.3782
Test Loss=0.0168, Test accuracy=0.3740
Global Federated Learning epoch = 15
Test Loss=0.0108, Test accuracy=0.3935
Test Loss=0.0168, Test accuracy=0.3880
Global Federated Learning epoch = 16
Test Loss=0.0106, Test accuracy=0.4035
Test Loss=0.0164, Test accuracy=0.4160
Global Federated Learning epoch = 17
Test Loss=0.0106, Test accuracy=0.4014
Test Loss=0.0165, Test accuracy=0.4060
Global Federated Learning epoch = 18
Test Loss=0.0105, Test accuracy=0.4082
Test Loss=0.0162, Test accuracy=0.4080
Global Federated Learning epoch = 19
Test Loss=0.0104, Test accuracy=0.4087
Test Loss=0.0161, Test accuracy=0.4100
Fine-tuning train acc:0.4100
Fine-tuning train epoch:19
#####  Federated Fine-tuning End#####
#####  Federated Unlearning End  #####


#####  【Federated Retraining Start】  #####
Global Federated Learning epoch = 0
Test Loss=0.0103, Test accuracy=0.4139
Global Federated Learning epoch = 1
Test Loss=0.0102, Test accuracy=0.4150
Global Federated Learning epoch = 2
Test Loss=0.0102, Test accuracy=0.4166
Global Federated Learning epoch = 3
Test Loss=0.0101, Test accuracy=0.4191
Global Federated Learning epoch = 4
Test Loss=0.0101, Test accuracy=0.4207
Global Federated Learning epoch = 5
Test Loss=0.0101, Test accuracy=0.4236
Global Federated Learning epoch = 6
Test Loss=0.0101, Test accuracy=0.4251
Global Federated Learning epoch = 7
Test Loss=0.0100, Test accuracy=0.4256
Global Federated Learning epoch = 8
Test Loss=0.0100, Test accuracy=0.4254
Global Federated Learning epoch = 9
Test Loss=0.0100, Test accuracy=0.4286
Global Federated Learning epoch = 10
Test Loss=0.0100, Test accuracy=0.4284
Global Federated Learning epoch = 11
Test Loss=0.0100, Test accuracy=0.4308
Global Federated Learning epoch = 12
Test Loss=0.0100, Test accuracy=0.4308
Global Federated Learning epoch = 13
Test Loss=0.0100, Test accuracy=0.4315
Global Federated Learning epoch = 14
Test Loss=0.0099, Test accuracy=0.4321
Global Federated Learning epoch = 15
Test Loss=0.0099, Test accuracy=0.4329
Global Federated Learning epoch = 16
Test Loss=0.0099, Test accuracy=0.4344
Global Federated Learning epoch = 17
Test Loss=0.0099, Test accuracy=0.4356
Global Federated Learning epoch = 18
Test Loss=0.0099, Test accuracy=0.4367
Global Federated Learning epoch = 19
Test Loss=0.0099, Test accuracy=0.4360
#####  Federated Retraining End  #####
Retrain Time using = 238.2233669757843 seconds 3
Test Loss=0.0131, Test accuracy=0.2564
Test Loss=0.0099, Test accuracy=0.4360
Test Loss=0.0104, Test accuracy=0.4087
FL_params.unlearn_client:  [1, 9]
Test Loss=0.1920, Test accuracy=0.4260
Test Loss=0.1993, Test accuracy=0.4020
Test Loss=0.1809, Test accuracy=0.4800
Test Loss=0.2597, Test accuracy=0.2600
*****  Result Summary  *****
[FedPruner] Test set: Average loss = 1.64019869, Average acc = 0.4087
[FedRetrain] Test set: Average loss = 1.55310991, Average acc = 0.4360
[FedAvg] Test set: Average loss = 2.06125076, Average acc = 0.2564


[FedPruner] Target set: Average loss = 1.59449480, Average acc = 0.4020
[FedRetrain] Target set: Average loss = 1.44737218, Average acc = 0.4800
[FedAvg] Target set: Average loss = 2.07736337, Average acc = 0.2600
============================================================
Step4. Membership Inference Attack aganist GM...

Epoch  = -1
Attacking against FL Standard  
Traceback (most recent call last):
  File "/Users/wangjiayi/Desktop/fededgepruneeraser/fedEdgePruneEraser/Fed_Unlearn_main.py", line 279, in <module>
    Federated_Unlearning()
  File "/Users/wangjiayi/Desktop/fededgepruneeraser/fedEdgePruneEraser/Fed_Unlearn_main.py", line 255, in Federated_Unlearning
    (ACC_old, PRE_old) = attack(target_model, attack_model, client_loaders, test_loader, FL_params)
  File "/Users/wangjiayi/Desktop/fededgepruneeraser/fedEdgePruneEraser/membership_inference.py", line 187, in attack
    for batch_idx, (data, target) in enumerate(client_loaders[FL_params.forget_client_idx]):
TypeError: list indices must be integers or slices, not list
